
[1m[46m RUN [49m[22m [36mv3.2.4 [39m[90mC:/source/appraisal-management-backend[39m

[90mstdout[2m | tests/integration/code-execution.test.ts
[22m[39m≡ƒº¬ Setting up test environment...
Γ£à Test environment ready

 [32mΓ£ô[39m tests/integration/code-execution.test.ts[2m > [22mDynamic Code Execution Service[2m > [22mBasic Code Execution[2m > [22mshould execute simple arithmetic[32m 35[2mms[22m[39m
 [32mΓ£ô[39m tests/integration/code-execution.test.ts[2m > [22mDynamic Code Execution Service[2m > [22mBasic Code Execution[2m > [22mshould execute string operations[32m 22[2mms[22m[39m
 [32mΓ£ô[39m tests/integration/code-execution.test.ts[2m > [22mDynamic Code Execution Service[2m > [22mBasic Code Execution[2m > [22mshould execute array operations[32m 22[2mms[22m[39m
[90mstdout[2m | tests/unit/tape-evaluation.test.ts
[22m[39m≡ƒº¬ Setting up test environment...
Γ£à Test environment ready

 [32mΓ£ô[39m tests/integration/code-execution.test.ts[2m > [22mDynamic Code Execution Service[2m > [22mBasic Code Execution[2m > [22mshould execute object operations[32m 20[2mms[22m[39m
 [32mΓ£ô[39m tests/integration/code-execution.test.ts[2m > [22mDynamic Code Execution Service[2m > [22mContext Handling[2m > [22mshould execute code with simple context[32m 3[2mms[22m[39m
 [32mΓ£ô[39m tests/integration/code-execution.test.ts[2m > [22mDynamic Code Execution Service[2m > [22mContext Handling[2m > [22mshould execute code with complex context[32m 17[2mms[22m[39m
 [32mΓ£ô[39m tests/integration/code-execution.test.ts[2m > [22mDynamic Code Execution Service[2m > [22mContext Handling[2m > [22mshould handle missing context gracefully[32m 9[2mms[22m[39m
 [32mΓ£ô[39m tests/integration/code-execution.test.ts[2m > [22mDynamic Code Execution Service[2m > [22mMath and Financial Calculations[2m > [22mshould perform complex financial calculations[32m 17[2mms[22m[39m
node.exe : [90mstderr[2m | tests/integration/code-execution.test.ts[2m > 
[22m[2mDynamic Code Execution Service[2m > [22m[2mError Handling[2m > 
[22m[2mshould handle syntax errors
At C:\Program Files\nodejs\npx.ps1:29 char:3
+   & $NODE_EXE $NPX_CLI_JS $args
+   ~~~~~~~~~~~~~~~~~~~~~~~~~~~~~
    + CategoryInfo          : NotSpecified: ([90mstderr[2m...e syntax errors 
   :String) [], RemoteException
    + FullyQualifiedErrorId : NativeCommandError
 
[22m[39m2026-03-11T03:59:12.661Z ERROR [DynamicCodeExecutionService] Code 
execution failed {"error":"Unexpected token 
';'","executionTime":5,"codePreview":"return 2 +;"}

[90mstderr[2m | tests/integration/code-execution.test.ts[2m > 
[22m[2mDynamic Code Execution Service[2m > [22m[2mError Handling[2m > 
[22m[2mshould handle runtime errors
[22m[39m2026-03-11T03:59:12.694Z ERROR [DynamicCodeExecutionService] Code 
execution failed {"error":"Execution error: Test 
error","executionTime":29,"codePreview":"throw new Error(\"Test error\");"}

[90mstdout[2m | tests/unit/tape-evaluation.test.ts
[22m[39m≡ƒº╣ Cleaning up test environment...
Γ£à Test cleanup complete

[90mstderr[2m | tests/integration/code-execution.test.ts[2m > 
[22m[2mDynamic Code Execution Service[2m > [22m[2mError Handling[2m > 
[22m[2mshould handle undefined variables
[22m[39m2026-03-11T03:59:12.720Z ERROR [DynamicCodeExecutionService] Code 
execution failed {"error":"Execution error: undefinedVariable is not 
defined","executionTime":20,"codePreview":"return undefinedVariable;"}

 [32mΓ£ô[39m tests/unit/tape-evaluation.test.ts[2m > [22mTapeEvaluationService[2m > [22mcomputeCalculatedFields()[2m > [22mcomputes LTV = loanAmount / appraisedValue[32m 6[2mms[22m[39m
 [32mΓ£ô[39m tests/unit/tape-evaluation.test.ts[2m > [22mTapeEvaluationService[2m > [22mcomputeCalculatedFields()[2m > [22mcomputes CLTV = (firstLienBalance + secondLienBalance) / appraisedValue[32m 1[2mms[22m[39m
 [32mΓ£ô[39m tests/unit/tape-evaluation.test.ts[2m > [22mTapeEvaluationService[2m > [22mcomputeCalculatedFields()[2m > [22mcomputes CLTV using only firstLienBalance when secondLienBalance is absent[32m 1[2mms[22m[39m
 [32mΓ£ô[39m tests/unit/tape-evaluation.test.ts[2m > [22mTapeEvaluationService[2m > [22mcomputeCalculatedFields()[2m > [22mcomputes appreciation24m = (appraisedValue - priorSale24mPrice) / priorSale24mPrice[32m 1[2mms[22m[39m
 [32mΓ£ô[39m tests/unit/tape-evaluation.test.ts[2m > [22mTapeEvaluationService[2m > [22mcomputeCalculatedFields()[2m > [22mcomputes appreciation36m = (appraisedValue - priorSale36mPrice) / priorSale36mPrice[32m 1[2mms[22m[39m
 [32mΓ£ô[39m tests/unit/tape-evaluation.test.ts[2m > [22mTapeEvaluationService[2m > [22mcomputeCalculatedFields()[2m > [22mcomputes avmGapPct = |appraisedValue - avmValue| / avmValue[32m 1[2mms[22m[39m
 [32mΓ£ô[39m tests/unit/tape-evaluation.test.ts[2m > [22mTapeEvaluationService[2m > [22mcomputeCalculatedFields()[2m > [22mcomputes avmGapPct when appraised value is BELOW avm (absolute value)[32m 0[2mms[22m[39m
 [32mΓ£ô[39m tests/unit/tape-evaluation.test.ts[2m > [22mTapeEvaluationService[2m > [22mcomputeCalculatedFields()[2m > [22mcomputes nonMlsPct = nonMlsCount / numComps[32m 1[2mms[22m[39m
 [32mΓ£ô[39m tests/unit/tape-evaluation.test.ts[2m > [22mTapeEvaluationService[2m > [22mcomputeCalculatedFields()[2m > [22msets cashOutRefi = true when loanPurpose is Cash-Out Refi[32m 2[2mms[22m[39m
 [32mΓ£ô[39m tests/unit/tape-evaluation.test.ts[2m > [22mTapeEvaluationService[2m > [22mcomputeCalculatedFields()[2m > [22msets cashOutRefi = false for non-cash-out loan purposes[32m 2[2mms[22m[39m
 [32mΓ£ô[39m tests/unit/tape-evaluation.test.ts[2m > [22mTapeEvaluationService[2m > [22mcomputeCalculatedFields()[2m > [22mleaves ltv undefined when appraisedValue is absent[32m 1[2mms[22m[39m
 [32mΓ£ô[39m tests/unit/tape-evaluation.test.ts[2m > [22mTapeEvaluationService[2m > [22mcomputeCalculatedFields()[2m > [22mleaves ltv undefined when loanAmount is absent[32m 0[2mms[22m[39m
 [32mΓ£ô[39m tests/unit/tape-evaluation.test.ts[2m > [22mTapeEvaluationService[2m > [22mcomputeCalculatedFields()[2m > [22mleaves appreciation24m undefined when priorSale24mPrice is absent[32m 1[2mms[22m[39m
 [32mΓ£ô[39m tests/unit/tape-evaluation.test.ts[2m > [22mTapeEvaluationService[2m > [22mcomputeCalculatedFields()[2m > [22mleaves nonMlsPct undefined when numComps is 0[32m 2[2mms[22m[39m
 [32mΓ£ô[39m tests/unit/tape-evaluation.test.ts[2m > [22mTapeEvaluationService[2m > [22mHIGH_NET_GROSS_ADJ auto-flag[2m > [22mfires when avgNetAdjPct > 0.15 (netAdjustmentPct threshold)[32m 4[2mms[22m[39m
 [32mΓ£ô[39m tests/unit/tape-evaluation.test.ts[2m > [22mTapeEvaluationService[2m > [22mHIGH_NET_GROSS_ADJ auto-flag[2m > [22mfires when avgGrossAdjPct > 0.25 (grossAdjustmentPct threshold)[32m 1[2mms[22m[39m
 [32mΓ£ô[39m tests/unit/tape-evaluation.test.ts[2m > [22mTapeEvaluationService[2m > [22mHIGH_NET_GROSS_ADJ auto-flag[2m > [22mdoes NOT fire when both adjustments are at or below threshold[32m 1[2mms[22m[39m
 [32mΓ£ô[39m tests/unit/tape-evaluation.test.ts[2m > [22mTapeEvaluationService[2m > [22mUNUSUAL_APPRECIATION_24M auto-flag[2m > [22mfires when appreciation24m > 0.25 with a valid prior sale[32m 0[2mms[22m[39m
 [32mΓ£ô[39m tests/unit/tape-evaluation.test.ts[2m > [22mTapeEvaluationService[2m > [22mUNUSUAL_APPRECIATION_24M auto-flag[2m > [22mdoes NOT fire when appreciation24m <= 0.25[32m 6[2mms[22m[39m
 [32mΓ£ô[39m tests/unit/tape-evaluation.test.ts[2m > [22mTapeEvaluationService[2m > [22mUNUSUAL_APPRECIATION_24M auto-flag[2m > [22mdoes NOT fire when priorSale24mPrice is absent (no prior sale)[32m 1[2mms[22m[39m
 [32mΓ£ô[39m tests/unit/tape-evaluation.test.ts[2m > [22mTapeEvaluationService[2m > [22mUNUSUAL_APPRECIATION_36M auto-flag[2m > [22mfires when appreciation36m > 0.35 with a valid prior sale[32m 1[2mms[22m[39m
 [32mΓ£ô[39m tests/unit/tape-evaluation.test.ts[2m > [22mTapeEvaluationService[2m > [22mUNUSUAL_APPRECIATION_36M auto-flag[2m > [22mdoes NOT fire when appreciation36m <= 0.35[32m 1[2mms[22m[39m
 [32mΓ£ô[39m tests/unit/tape-evaluation.test.ts[2m > [22mTapeEvaluationService[2m > [22mDSCR_FLAG auto-flag[2m > [22mfires when dscr is present and < 1.0 (dscrMinimum)[32m 1[2mms[22m[39m
 [32mΓ£ô[39m tests/unit/tape-evaluation.test.ts[2m > [22mTapeEvaluationService[2m > [22mDSCR_FLAG auto-flag[2m > [22mdoes NOT fire when dscr >= 1.0[32m 0[2mms[22m[39m
 [32mΓ£ô[39m tests/unit/tape-evaluation.test.ts[2m > [22mTapeEvaluationService[2m > [22mDSCR_FLAG auto-flag[2m > [22mdoes NOT fire when dscr is absent (NOT_NULL rule)[32m 1[2mms[22m[39m
 [32mΓ£ô[39m tests/unit/tape-evaluation.test.ts[2m > [22mTapeEvaluationService[2m > [22mNON_PUBLIC_COMPS auto-flag[2m > [22mfires when nonMlsPct > 0.20 with numComps > 0[32m 0[2mms[22m[39m
 [32mΓ£ô[39m tests/unit/tape-evaluation.test.ts[2m > [22mTapeEvaluationService[2m > [22mNON_PUBLIC_COMPS auto-flag[2m > [22mdoes NOT fire when nonMlsPct <= 0.20[32m 0[2mms[22m[39m
 [32mΓ£ô[39m tests/unit/tape-evaluation.test.ts[2m > [22mTapeEvaluationService[2m > [22mAVM_GAP auto-flag[2m > [22mfires when |appraisedValue - avmValue| / avmValue > 0.10[32m 1[2mms[22m[39m
 [32mΓ£ô[39m tests/unit/tape-evaluation.test.ts[2m > [22mTapeEvaluationService[2m > [22mAVM_GAP auto-flag[2m > [22mdoes NOT fire when avmGapPct <= 0.10[32m 0[2mms[22m[39m
 [32mΓ£ô[39m tests/unit/tape-evaluation.test.ts[2m > [22mTapeEvaluationService[2m > [22mAVM_GAP auto-flag[2m > [22mdoes NOT fire when avmValue is absent[32m 0[2mms[22m[39m
 [32mΓ£ô[39m tests/unit/tape-evaluation.test.ts[2m > [22mTapeEvaluationService[2m > [22mHIGH_LTV auto-flag[2m > [22mfires when ltv > 0.80[32m 0[2mms[22m[39m
 [32mΓ£ô[39m tests/unit/tape-evaluation.test.ts[2m > [22mTapeEvaluationService[2m > [22mHIGH_LTV auto-flag[2m > [22mdoes NOT fire when ltv = 0.80 exactly (GT, not GTE)[32m 0[2mms[22m[39m
 [32mΓ£ô[39m tests/unit/tape-evaluation.test.ts[2m > [22mTapeEvaluationService[2m > [22mHIGH_LTV auto-flag[2m > [22mdoes NOT fire when ltv is missing (appraisedValue absent)[32m 1[2mms[22m[39m
 [32mΓ£ô[39m tests/unit/tape-evaluation.test.ts[2m > [22mTapeEvaluationService[2m > [22mHIGH_CLTV auto-flag[2m > [22mfires when cltv > 0.90[32m 0[2mms[22m[39m
 [32mΓ£ô[39m tests/unit/tape-evaluation.test.ts[2m > [22mTapeEvaluationService[2m > [22mHIGH_CLTV auto-flag[2m > [22mdoes NOT fire when cltv = 0.90 exactly[32m 0[2mms[22m[39m
 [32mΓ£ô[39m tests/unit/tape-evaluation.test.ts[2m > [22mTapeEvaluationService[2m > [22mCHAIN_OF_TITLE manual flag[2m > [22mfires when chainOfTitleRedFlags is true (boolean)[32m 0[2mms[22m[39m
 [32mΓ£ô[39m tests/unit/tape-evaluation.test.ts[2m > [22mTapeEvaluationService[2m > [22mCHAIN_OF_TITLE manual flag[2m > [22mfires when chainOfTitleRedFlags is "Yes" (string)[32m 0[2mms[22m[39m
 [32mΓ£ô[39m tests/unit/tape-evaluation.test.ts[2m > [22mTapeEvaluationService[2m > [22mCHAIN_OF_TITLE manual flag[2m > [22mdoes NOT fire when chainOfTitleRedFlags is false[32m 0[2mms[22m[39m
 [32mΓ£ô[39m tests/unit/tape-evaluation.test.ts[2m > [22mTapeEvaluationService[2m > [22mCHAIN_OF_TITLE manual flag[2m > [22mdoes NOT fire when chainOfTitleRedFlags is "No" (string)[32m 0[2mms[22m[39m
 [32mΓ£ô[39m tests/unit/tape-evaluation.test.ts[2m > [22mTapeEvaluationService[2m > [22mCHAIN_OF_TITLE manual flag[2m > [22mhas weight 40 and severity CRITICAL[32m 0[2mms[22m[39m
 [32mΓ£ô[39m tests/unit/tape-evaluation.test.ts[2m > [22mTapeEvaluationService[2m > [22mHIGH_RISK_GEOGRAPHY manual flag[2m > [22mfires when highRiskGeographyFlag is true[32m 0[2mms[22m[39m
 [32mΓ£ô[39m tests/unit/tape-evaluation.test.ts[2m > [22mTapeEvaluationService[2m > [22mHIGH_RISK_GEOGRAPHY manual flag[2m > [22mdoes NOT fire when highRiskGeographyFlag is false[32m 0[2mms[22m[39m
 [32mΓ£ô[39m tests/unit/tape-evaluation.test.ts[2m > [22mTapeEvaluationService[2m > [22mAPPRAISER_GEO_COMPETENCY manual flag[2m > [22mfires when appraiserGeoCompetency is false (lack of competency IS the risk)[32m 0[2mms[22m[39m
 [32mΓ£ô[39m tests/unit/tape-evaluation.test.ts[2m > [22mTapeEvaluationService[2m > [22mAPPRAISER_GEO_COMPETENCY manual flag[2m > [22mdoes NOT fire when appraiserGeoCompetency is true (appraiser IS competent)[32m 0[2mms[22m[39m
 [32mΓ£ô[39m tests/unit/tape-evaluation.test.ts[2m > [22mTapeEvaluationService[2m > [22mAPPRAISER_GEO_COMPETENCY manual flag[2m > [22mfires when appraiserGeoCompetency is "No" (not competent)[32m 0[2mms[22m[39m
 [32mΓ£ô[39m tests/unit/tape-evaluation.test.ts[2m > [22mTapeEvaluationService[2m > [22mAPPRAISER_GEO_COMPETENCY manual flag[2m > [22mdoes NOT fire when appraiserGeoCompetency is "Yes" (competent)[32m 0[2mms[22m[39m
 [32mΓ£ô[39m tests/unit/tape-evaluation.test.ts[2m > [22mTapeEvaluationService[2m > [22mrisk score computation[2m > [22mreturns 0 when no flags fire[32m 0[2mms[22m[39m
 [32mΓ£ô[39m tests/unit/tape-evaluation.test.ts[2m > [22mTapeEvaluationService[2m > [22mrisk score computation[2m > [22mreturns 40 when only CHAIN_OF_TITLE (weight 40) fires[32m 0[2mms[22m[39m
 [32mΓ£ô[39m tests/unit/tape-evaluation.test.ts[2m > [22mTapeEvaluationService[2m > [22mrisk score computation[2m > [22mreturns 60 when CHAIN_OF_TITLE(40) + HIGH_RISK_GEOGRAPHY(10) + APPRAISER_GEO_COMPETENCY(10) all fire[32m 0[2mms[22m[39m
 [32mΓ£ô[39m tests/unit/tape-evaluation.test.ts[2m > [22mTapeEvaluationService[2m > [22mrisk score computation[2m > [22mcaps score at 100 when total weights exceed 100[32m 0[2mms[22m[39m
 [32mΓ£ô[39m tests/unit/tape-evaluation.test.ts[2m > [22mTapeEvaluationService[2m > [22mdecision derivation[2m > [22mderives Accept when score < 35 (score=0)[32m 0[2mms[22m[39m
 [32mΓ£ô[39m tests/unit/tape-evaluation.test.ts[2m > [22mTapeEvaluationService[2m > [22mdecision derivation[2m > [22mderives Conditional when score is 40 (CHAIN_OF_TITLE alone)[32m 0[2mms[22m[39m
 [32mΓ£ô[39m tests/unit/tape-evaluation.test.ts[2m > [22mTapeEvaluationService[2m > [22mdecision derivation[2m > [22mderives Conditional when score is between 35 and 69 (score=60)[32m 0[2mms[22m[39m
 [32mΓ£ô[39m tests/unit/tape-evaluation.test.ts[2m > [22mTapeEvaluationService[2m > [22mdecision derivation[2m > [22mderives Reject when score >= 70 (score=80)[32m 0[2mms[22m[39m
 [32mΓ£ô[39m tests/unit/tape-evaluation.test.ts[2m > [22mTapeEvaluationService[2m > [22mdata quality issue reporting[2m > [22mreports missing appraisedValue as a data quality issue[32m 0[2mms[22m[39m
 [32mΓ£ô[39m tests/unit/tape-evaluation.test.ts[2m > [22mTapeEvaluationService[2m > [22mdata quality issue reporting[2m > [22mreports missing loanAmount as a data quality issue[32m 0[2mms[22m[39m
 [32mΓ£ô[39m tests/unit/tape-evaluation.test.ts[2m > [22mTapeEvaluationService[2m > [22mdata quality issue reporting[2m > [22mdoes NOT report a quality issue for dscr when absent (optional field)[32m 2[2mms[22m[39m
 [32mΓ£ô[39m tests/unit/tape-evaluation.test.ts[2m > [22mTapeEvaluationService[2m > [22mdata quality issue reporting[2m > [22mhas no data quality issues when all source fields are present[32m 1[2mms[22m[39m
 [32mΓ£ô[39m tests/unit/tape-evaluation.test.ts[2m > [22mTapeEvaluationService[2m > [22mevaluate() ΓÇö result shape[2m > [22mreturns one ReviewTapeResult per input item[32m 1[2mms[22m[39m
 [32mΓ£ô[39m tests/unit/tape-evaluation.test.ts[2m > [22mTapeEvaluationService[2m > [22mevaluate() ΓÇö result shape[2m > [22mresult includes all required ReviewTapeResult fields[32m 2[2mms[22m[39m
 [32mΓ£ô[39m tests/unit/tape-evaluation.test.ts[2m > [22mTapeEvaluationService[2m > [22mevaluate() ΓÇö result shape[2m > [22mautoFlagResults has one entry per auto-flag definition[32m 1[2mms[22m[39m
 [32mΓ£ô[39m tests/unit/tape-evaluation.test.ts[2m > [22mTapeEvaluationService[2m > [22mevaluate() ΓÇö result shape[2m > [22mmanualFlagResults has one entry per manual-flag definition[32m 1[2mms[22m[39m
 [32mΓ£ô[39m tests/unit/tape-evaluation.test.ts[2m > [22mTapeEvaluationService[2m > [22mevaluate() ΓÇö result shape[2m > [22mresult preserves source fields from input item[32m 0[2mms[22m[39m
 [32mΓ£ô[39m tests/unit/tape-evaluation.test.ts[2m > [22mTapeEvaluationService[2m > [22mevaluate() ΓÇö result shape[2m > [22mcomputed field ltv is present in result[32m 0[2mms[22m[39m
 [32mΓ£ô[39m tests/unit/tape-evaluation.test.ts[2m > [22mTapeEvaluationService[2m > [22mevaluate() ΓÇö result shape[2m > [22mevaluatedAt is a valid ISO timestamp[32m 3[2mms[22m[39m
 [32mΓ£ô[39m tests/unit/tape-evaluation.test.ts[2m > [22mTapeEvaluationService[2m > [22mevaluate() ΓÇö result shape[2m > [22mhandles an empty items array[32m 1[2mms[22m[39m
 [32mΓ£ô[39m tests/unit/tape-evaluation.test.ts[2m > [22mTapeEvaluationService[2m > [22mUNUSUAL_APPRECIATION_36M ΓÇö absent prior sale[2m > [22mdoes NOT fire when priorSale36mPrice is absent (no prior sale data)[32m 1[2mms[22m[39m
 [32mΓ£ô[39m tests/unit/tape-evaluation.test.ts[2m > [22mTapeEvaluationService[2m > [22mHIGH_CLTV ΓÇö absent firstLienBalance[2m > [22mdoes NOT fire when firstLienBalance is absent (cltv cannot be computed)[32m 1[2mms[22m[39m
 [32mΓ£ô[39m tests/unit/tape-evaluation.test.ts[2m > [22mTapeEvaluationService[2m > [22mderiveDecision() ΓÇö exact boundary values[2m > [22mreturns Accept at score 34 (one below conditional threshold of 35)[32m 0[2mms[22m[39m
 [32mΓ£ô[39m tests/unit/tape-evaluation.test.ts[2m > [22mTapeEvaluationService[2m > [22mderiveDecision() ΓÇö exact boundary values[2m > [22mreturns Conditional at score 35 (exactly at conditional threshold)[32m 0[2mms[22m[39m
 [32mΓ£ô[39m tests/unit/tape-evaluation.test.ts[2m > [22mTapeEvaluationService[2m > [22mderiveDecision() ΓÇö exact boundary values[2m > [22mreturns Conditional at score 69 (one below reject threshold of 70)[32m 0[2mms[22m[39m
 [32mΓ£ô[39m tests/unit/tape-evaluation.test.ts[2m > [22mTapeEvaluationService[2m > [22mderiveDecision() ΓÇö exact boundary values[2m > [22mreturns Reject at score 70 (exactly at reject threshold)[32m 0[2mms[22m[39m
 [32mΓ£ô[39m tests/unit/tape-evaluation.test.ts[2m > [22mTapeEvaluationService[2m > [22mdata quality ΓÇö zero and absent source field edge cases[2m > [22mreports appraisedValue = 0 as a data quality issue[32m 1[2mms[22m[39m
 [32mΓ£ô[39m tests/unit/tape-evaluation.test.ts[2m > [22mTapeEvaluationService[2m > [22mdata quality ΓÇö zero and absent source field edge cases[2m > [22mreports loanAmount = 0 as a data quality issue[32m 1[2mms[22m[39m
 [32mΓ£ô[39m tests/unit/tape-evaluation.test.ts[2m > [22mTapeEvaluationService[2m > [22mdata quality ΓÇö zero and absent source field edge cases[2m > [22mdoes NOT report firstLienBalance = 0 as a data quality issue (free-and-clear is valid)[32m 1[2mms[22m[39m
 [32mΓ£ô[39m tests/unit/tape-evaluation.test.ts[2m > [22mTapeEvaluationService[2m > [22mdata quality ΓÇö zero and absent source field edge cases[2m > [22mleaves ltv undefined when appraisedValue = 0 (division guard)[32m 0[2mms[22m[39m
 [32mΓ£ô[39m tests/unit/tape-evaluation.test.ts[2m > [22mTapeEvaluationService[2m > [22mdata quality ΓÇö zero and absent source field edge cases[2m > [22mleaves cashOutRefi unchanged when loanPurpose is absent[32m 0[2mms[22m[39m
 [32mΓ£ô[39m tests/unit/tape-evaluation.test.ts[2m > [22mTapeEvaluationService[2m > [22mdata quality ΓÇö zero and absent source field edge cases[2m > [22mleaves nonMlsPct undefined when nonMlsCount is absent but numComps > 0[32m 0[2mms[22m[39m
 [32mΓ£ô[39m tests/unit/tape-evaluation.test.ts[2m > [22mTapeEvaluationService[2m > [22mcustom threshold override[2m > [22mfires HIGH_LTV at ltv=0.71 when program threshold is 0.70[32m 1[2mms[22m[39m
 [32mΓ£ô[39m tests/unit/tape-evaluation.test.ts[2m > [22mTapeEvaluationService[2m > [22mcustom threshold override[2m > [22mdoes NOT fire HIGH_LTV at ltv=0.71 with the default 0.80 threshold[32m 0[2mms[22m[39m
 [32mΓ£ô[39m tests/unit/tape-evaluation.test.ts[2m > [22mTapeEvaluationService[2m > [22mat-threshold-exact values (GT operator boundary)[2m > [22mUNUSUAL_APPRECIATION_24M does NOT fire when appreciation24m is exactly 0.25[32m 0[2mms[22m[39m
 [32mΓ£ô[39m tests/unit/tape-evaluation.test.ts[2m > [22mTapeEvaluationService[2m > [22mat-threshold-exact values (GT operator boundary)[2m > [22mUNUSUAL_APPRECIATION_36M does NOT fire when appreciation36m is exactly 0.35[32m 0[2mms[22m[39m
 [32mΓ£ô[39m tests/unit/tape-evaluation.test.ts[2m > [22mTapeEvaluationService[2m > [22mat-threshold-exact values (GT operator boundary)[2m > [22mAVM_GAP does NOT fire when avmGapPct is exactly 0.10[32m 0[2mms[22m[39m
 [32mΓ£ô[39m tests/unit/tape-evaluation.test.ts[2m > [22mTapeEvaluationService[2m > [22mat-threshold-exact values (GT operator boundary)[2m > [22mNON_PUBLIC_COMPS does NOT fire when nonMlsPct is exactly 0.20[32m 0[2mms[22m[39m
 [32mΓ£ô[39m tests/unit/tape-evaluation.test.ts[2m > [22mTapeEvaluationService[2m > [22mfired flag display values[2m > [22mHIGH_LTV: thresholdValue is the ltv threshold (0.80), not null[32m 1[2mms[22m[39m
 [32mΓ£ô[39m tests/unit/tape-evaluation.test.ts[2m > [22mTapeEvaluationService[2m > [22mfired flag display values[2m > [22mHIGH_LTV: actualValue is the computed ltv, not a raw balance[32m 1[2mms[22m[39m
 [32mΓ£ô[39m tests/unit/tape-evaluation.test.ts[2m > [22mTapeEvaluationService[2m > [22mfired flag display values[2m > [22mAVM_GAP: actualValue is avmGapPct (< 1), not avmValue (a large dollar amount)[32m 1[2mms[22m[39m
 [32mΓ£ô[39m tests/unit/tape-evaluation.test.ts[2m > [22mTapeEvaluationService[2m > [22mfired flag display values[2m > [22mAVM_GAP: thresholdValue is the avmGapPct threshold (0.10), not 0[32m 1[2mms[22m[39m
[90mstderr[2m | tests/integration/code-execution.test.ts[2m > 
[22m[2mDynamic Code Execution Service[2m > [22m[2mError Handling[2m > 
[22m[2mshould respect timeout limits
[22m[39m2026-03-11T03:59:12.851Z ERROR [DynamicCodeExecutionService] Code 
execution failed {"error":"Code execution timeout after 
100ms","executionTime":129,"codePreview":"while(true) {}"}

 [32mΓ£ô[39m tests/integration/code-execution.test.ts[2m > [22mDynamic Code Execution Service[2m > [22mMath and Financial Calculations[2m > [22mshould calculate property valuation adjustments[32m 44[2mms[22m[39m
 [32mΓ£ô[39m tests/integration/code-execution.test.ts[2m > [22mDynamic Code Execution Service[2m > [22mError Handling[2m > [22mshould handle syntax errors[32m 9[2mms[22m[39m
 [32mΓ£ô[39m tests/integration/code-execution.test.ts[2m > [22mDynamic Code Execution Service[2m > [22mError Handling[2m > [22mshould handle runtime errors[32m 34[2mms[22m[39m
 [32mΓ£ô[39m tests/integration/code-execution.test.ts[2m > [22mDynamic Code Execution Service[2m > [22mError Handling[2m > [22mshould handle undefined variables[32m 23[2mms[22m[39m
[90mstderr[2m | tests/integration/code-execution.test.ts[2m > 
[22m[2mDynamic Code Execution Service[2m > [22m[2mSecurity 
Restrictions[2m > [22m[2mshould block file system access
[22m[39m2026-03-11T03:59:12.857Z ERROR [DynamicCodeExecutionService] Code 
execution failed {"error":"Execution error: require is not 
defined","executionTime":3,"codePreview":"\n        const fs = 
require('fs');\n        return fs.readFileSync('/etc/passwd', 'utf8');\n      
"}

[90mstderr[2m | tests/integration/code-execution.test.ts[2m > 
[22m[2mDynamic Code Execution Service[2m > [22m[2mSecurity 
Restrictions[2m > [22m[2mshould block network access
[22m[39m2026-03-11T03:59:12.887Z ERROR [DynamicCodeExecutionService] Code 
execution failed {"error":"Execution error: require is not 
defined","executionTime":13,"codePreview":"\n        const http = 
require('http');\n        return http.get('http://example.com');\n      "}

[90mstderr[2m | tests/integration/code-execution.test.ts[2m > 
[22m[2mDynamic Code Execution Service[2m > [22m[2mSecurity 
Restrictions[2m > [22m[2mshould block process access
[22m[39m2026-03-11T03:59:12.906Z ERROR [DynamicCodeExecutionService] Code 
execution failed {"error":"Execution error: process is not 
defined","executionTime":18,"codePreview":"return process.env;"}

[90mstdout[2m | tests/unit/engagement-service.test.ts
[22m[39m≡ƒº¬ Setting up test environment...
Γ£à Test environment ready

[90mstdout[2m | tests/unit/engagement-service.test.ts[2m > [22m[2mgenerateEngagementNumber[2m > [22m[2mproduces the ENG-YYYY-XXXXXXXX pattern (no sequential counter)
[22m[39m2026-03-11T03:59:12.943Z INFO [EngagementService] Engagement created {"id":"eng-1773201552942-wbsjyw","engagementNumber":"ENG-2026-LIF6SULP","engagementType":"SINGLE","loanCount":1}

[90mstdout[2m | tests/unit/engagement-service.test.ts[2m > [22m[2mgenerateEngagementNumber[2m > [22m[2mproduces distinct numbers on back-to-back calls (no shared counter)
[22m[39m2026-03-11T03:59:12.949Z INFO [EngagementService] Engagement created {"id":"eng-1773201552949-tdbcuz","engagementNumber":"ENG-2026-LIF6T1TX","engagementType":"SINGLE","loanCount":1}

[90mstdout[2m | tests/unit/engagement-service.test.ts[2m > [22m[2mgenerateEngagementNumber[2m > [22m[2mproduces distinct numbers on back-to-back calls (no shared counter)
[22m[39m2026-03-11T03:59:12.950Z INFO [EngagementService] Engagement created {"id":"eng-1773201552950-xeei4p","engagementNumber":"ENG-2026-LIF6T2J9","engagementType":"SINGLE","loanCount":1}

[90mstdout[2m | tests/unit/engagement-service.test.ts[2m > [22m[2mgenerateEngagementNumber[2m > [22m[2mproduces distinct numbers on back-to-back calls (no shared counter)
[22m[39m2026-03-11T03:59:12.952Z INFO [EngagementService] Engagement created {"id":"eng-1773201552951-7zyq54","engagementNumber":"ENG-2026-LIF6T32E","engagementType":"SINGLE","loanCount":1}

[90mstdout[2m | tests/unit/engagement-service.test.ts[2m > [22m[2mgenerateEngagementNumber[2m > [22m[2mproduces distinct numbers on back-to-back calls (no shared counter)
[22m[39m2026-03-11T03:59:12.953Z INFO [EngagementService] Engagement created {"id":"eng-1773201552952-4xbjnq","engagementNumber":"ENG-2026-LIF6T43Y","engagementType":"SINGLE","loanCount":1}

[90mstdout[2m | tests/unit/engagement-service.test.ts[2m > [22m[2mgenerateEngagementNumber[2m > [22m[2mproduces distinct numbers on back-to-back calls (no shared counter)
[22m[39m2026-03-11T03:59:12.954Z INFO [EngagementService] Engagement created {"id":"eng-1773201552954-ba7az5","engagementNumber":"ENG-2026-LIF6T6R4","engagementType":"SINGLE","loanCount":1}

[90mstdout[2m | tests/unit/engagement-service.test.ts[2m > [22m[2mcreateEngagement[2m > [22m[2mcreates engagement with correct loans[] structure
[22m[39m2026-03-11T03:59:12.957Z INFO [EngagementService] Engagement created {"id":"eng-1773201552957-ehihoo","engagementNumber":"ENG-2026-LIF6T94J","engagementType":"SINGLE","loanCount":1}

[90mstdout[2m | tests/unit/engagement-service.test.ts[2m > [22m[2mcreateEngagement[2m > [22m[2msets engagementType=SINGLE when 1 loan
[22m[39m2026-03-11T03:59:12.964Z INFO [EngagementService] Engagement created {"id":"eng-1773201552963-iy2336","engagementNumber":"ENG-2026-LIF6TF1P","engagementType":"SINGLE","loanCount":1}

[90mstdout[2m | tests/unit/engagement-service.test.ts[2m > [22m[2mcreateEngagement[2m > [22m[2msets engagementType=PORTFOLIO when 2+ loans
[22m[39m2026-03-11T03:59:12.967Z INFO [EngagementService] Engagement created {"id":"eng-1773201552967-wbvejh","engagementNumber":"ENG-2026-LIF6TJI5","engagementType":"PORTFOLIO","loanCount":2}

 [32mΓ£ô[39m tests/integration/code-execution.test.ts[2m > [22mDynamic Code Execution Service[2m > [22mError Handling[2m > [22mshould respect timeout limits[32m 132[2mms[22m[39m
 [32mΓ£ô[39m tests/integration/code-execution.test.ts[2m > [22mDynamic Code Execution Service[2m > [22mSecurity Restrictions[2m > [22mshould block file system access[32m 20[2mms[22m[39m
 [32mΓ£ô[39m tests/integration/code-execution.test.ts[2m > [22mDynamic Code Execution Service[2m > [22mSecurity Restrictions[2m > [22mshould block network access[32m 15[2mms[22m[39m
 [32mΓ£ô[39m tests/integration/code-execution.test.ts[2m > [22mDynamic Code Execution Service[2m > [22mSecurity Restrictions[2m > [22mshould block process access[32m 27[2mms[22m[39m
 [32mΓ£ô[39m tests/integration/code-execution.test.ts[2m > [22mDynamic Code Execution Service[2m > [22mSecurity Restrictions[2m > [22mshould allow safe built-in objects[32m 10[2mms[22m[39m
[90mstdout[2m | tests/unit/engagement-service.test.ts[2m > [22m[2mchangeStatus ΓÇö transition guard[2m > [22m[2mallows RECEIVED ΓåÆ ACCEPTED
[22m[39m2026-03-11T03:59:12.975Z INFO [EngagementService] Engagement updated {"id":"eng-test-001","updatedBy":"user-001"}

[90mstdout[2m | tests/unit/engagement-service.test.ts[2m > [22m[2mchangeStatus ΓÇö transition guard[2m > [22m[2mallows RECEIVED ΓåÆ CANCELLED
[22m[39m2026-03-11T03:59:12.977Z INFO [EngagementService] Engagement updated {"id":"eng-test-001","updatedBy":"user-001"}

[90mstdout[2m | tests/unit/engagement-service.test.ts[2m > [22m[2mchangeStatus ΓÇö transition guard[2m > [22m[2mallows RECEIVED ΓåÆ ON_HOLD
[22m[39m2026-03-11T03:59:12.979Z INFO [EngagementService] Engagement updated {"id":"eng-test-001","updatedBy":"user-001"}

[90mstdout[2m | tests/unit/engagement-service.test.ts[2m > [22m[2mchangeStatus ΓÇö transition guard[2m > [22m[2mallows ACCEPTED ΓåÆ IN_PROGRESS
[22m[39m2026-03-11T03:59:12.981Z INFO [EngagementService] Engagement updated {"id":"eng-test-001","updatedBy":"user-001"}

[90mstdout[2m | tests/unit/engagement-service.test.ts[2m > [22m[2mchangeStatus ΓÇö transition guard[2m > [22m[2mallows ACCEPTED ΓåÆ CANCELLED
[22m[39m2026-03-11T03:59:12.983Z INFO [EngagementService] Engagement updated {"id":"eng-test-001","updatedBy":"user-001"}

[90mstdout[2m | tests/unit/engagement-service.test.ts[2m > [22m[2mchangeStatus ΓÇö transition guard[2m > [22m[2mallows IN_PROGRESS ΓåÆ QC
[22m[39m2026-03-11T03:59:12.984Z INFO [EngagementService] Engagement updated {"id":"eng-test-001","updatedBy":"user-001"}

[90mstdout[2m | tests/unit/engagement-service.test.ts[2m > [22m[2mchangeStatus ΓÇö transition guard[2m > [22m[2mallows IN_PROGRESS ΓåÆ REVISION
[22m[39m2026-03-11T03:59:12.986Z INFO [EngagementService] Engagement updated {"id":"eng-test-001","updatedBy":"user-001"}

[90mstdout[2m | tests/unit/engagement-service.test.ts[2m > [22m[2mchangeStatus ΓÇö transition guard[2m > [22m[2mallows QC ΓåÆ DELIVERED
[22m[39m2026-03-11T03:59:12.987Z INFO [EngagementService] Engagement updated {"id":"eng-test-001","updatedBy":"user-001"}

[90mstdout[2m | tests/unit/engagement-service.test.ts[2m > [22m[2mchangeStatus ΓÇö transition guard[2m > [22m[2mallows QC ΓåÆ REVISION
[22m[39m2026-03-11T03:59:12.988Z INFO [EngagementService] Engagement updated {"id":"eng-test-001","updatedBy":"user-001"}

[90mstdout[2m | tests/unit/engagement-service.test.ts[2m > [22m[2mchangeStatus ΓÇö transition guard[2m > [22m[2mallows REVISION ΓåÆ IN_PROGRESS
[22m[39m2026-03-11T03:59:12.990Z INFO [EngagementService] Engagement updated {"id":"eng-test-001","updatedBy":"user-001"}

[90mstdout[2m | tests/unit/engagement-service.test.ts[2m > [22m[2mchangeStatus ΓÇö transition guard[2m > [22m[2mallows DELIVERED ΓåÆ REVISION
[22m[39m2026-03-11T03:59:12.992Z INFO [EngagementService] Engagement updated {"id":"eng-test-001","updatedBy":"user-001"}

[90mstdout[2m | tests/unit/engagement-service.test.ts[2m > [22m[2mchangeStatus ΓÇö transition guard[2m > [22m[2mallows ON_HOLD ΓåÆ IN_PROGRESS
[22m[39m2026-03-11T03:59:12.993Z INFO [EngagementService] Engagement updated {"id":"eng-test-001","updatedBy":"user-001"}

[90mstdout[2m | tests/unit/engagement-service.test.ts[2m > [22m[2maddLoanToEngagement[2m > [22m[2mappends a new loan and returns updated engagement
[22m[39m2026-03-11T03:59:13.017Z INFO [EngagementService] Engagement updated {"id":"eng-test-001","updatedBy":"user-001"}

[90mstdout[2m | tests/unit/engagement-service.test.ts[2m > [22m[2mupdateLoan[2m > [22m[2mpatches borrowerName on the matching loan
[22m[39m2026-03-11T03:59:13.024Z INFO [EngagementService] Engagement updated {"id":"eng-test-001","updatedBy":"user"}

[90mstdout[2m | tests/unit/engagement-service.test.ts[2m > [22m[2mremoveLoan[2m > [22m[2mremoves a loan that has no linked vendor orders
[22m[39m2026-03-11T03:59:13.027Z INFO [EngagementService] Engagement updated {"id":"eng-test-001","updatedBy":"user"}

 [32mΓ£ô[39m tests/unit/engagement-service.test.ts[2m > [22mgenerateEngagementNumber[2m > [22mproduces the ENG-YYYY-XXXXXXXX pattern (no sequential counter)[32m 14[2mms[22m[39m
 [32mΓ£ô[39m tests/unit/engagement-service.test.ts[2m > [22mgenerateEngagementNumber[2m > [22mproduces distinct numbers on back-to-back calls (no shared counter)[32m 8[2mms[22m[39m
 [32mΓ£ô[39m tests/unit/engagement-service.test.ts[2m > [22mcreateEngagement[2m > [22mcreates engagement with correct loans[] structure[32m 6[2mms[22m[39m
 [32mΓ£ô[39m tests/unit/engagement-service.test.ts[2m > [22mcreateEngagement[2m > [22msets engagementType=SINGLE when 1 loan[32m 3[2mms[22m[39m
 [32mΓ£ô[39m tests/unit/engagement-service.test.ts[2m > [22mcreateEngagement[2m > [22msets engagementType=PORTFOLIO when 2+ loans[32m 3[2mms[22m[39m
 [32mΓ£ô[39m tests/unit/engagement-service.test.ts[2m > [22mcreateEngagement[2m > [22mrejects with a clear error when loans is empty[32m 4[2mms[22m[39m
 [32mΓ£ô[39m tests/unit/engagement-service.test.ts[2m > [22mchangeStatus ΓÇö transition guard[2m > [22mallows RECEIVED ΓåÆ ACCEPTED[32m 3[2mms[22m[39m
 [32mΓ£ô[39m tests/unit/engagement-service.test.ts[2m > [22mchangeStatus ΓÇö transition guard[2m > [22mallows RECEIVED ΓåÆ CANCELLED[32m 2[2mms[22m[39m
 [32mΓ£ô[39m tests/unit/engagement-service.test.ts[2m > [22mchangeStatus ΓÇö transition guard[2m > [22mallows RECEIVED ΓåÆ ON_HOLD[32m 2[2mms[22m[39m
 [32mΓ£ô[39m tests/unit/engagement-service.test.ts[2m > [22mchangeStatus ΓÇö transition guard[2m > [22mallows ACCEPTED ΓåÆ IN_PROGRESS[32m 2[2mms[22m[39m
 [32mΓ£ô[39m tests/unit/engagement-service.test.ts[2m > [22mchangeStatus ΓÇö transition guard[2m > [22mallows ACCEPTED ΓåÆ CANCELLED[32m 2[2mms[22m[39m
 [32mΓ£ô[39m tests/unit/engagement-service.test.ts[2m > [22mchangeStatus ΓÇö transition guard[2m > [22mallows IN_PROGRESS ΓåÆ QC[32m 1[2mms[22m[39m
 [32mΓ£ô[39m tests/unit/engagement-service.test.ts[2m > [22mchangeStatus ΓÇö transition guard[2m > [22mallows IN_PROGRESS ΓåÆ REVISION[32m 1[2mms[22m[39m
 [32mΓ£ô[39m tests/unit/engagement-service.test.ts[2m > [22mchangeStatus ΓÇö transition guard[2m > [22mallows QC ΓåÆ DELIVERED[32m 1[2mms[22m[39m
 [32mΓ£ô[39m tests/unit/engagement-service.test.ts[2m > [22mchangeStatus ΓÇö transition guard[2m > [22mallows QC ΓåÆ REVISION[32m 2[2mms[22m[39m
 [32mΓ£ô[39m tests/unit/engagement-service.test.ts[2m > [22mchangeStatus ΓÇö transition guard[2m > [22mallows REVISION ΓåÆ IN_PROGRESS[32m 1[2mms[22m[39m
 [32mΓ£ô[39m tests/unit/engagement-service.test.ts[2m > [22mchangeStatus ΓÇö transition guard[2m > [22mallows DELIVERED ΓåÆ REVISION[32m 1[2mms[22m[39m
 [32mΓ£ô[39m tests/unit/engagement-service.test.ts[2m > [22mchangeStatus ΓÇö transition guard[2m > [22mallows ON_HOLD ΓåÆ IN_PROGRESS[32m 2[2mms[22m[39m
 [32mΓ£ô[39m tests/unit/engagement-service.test.ts[2m > [22mchangeStatus ΓÇö transition guard[2m > [22mrejects RECEIVED ΓåÆ QC with a clear error[32m 1[2mms[22m[39m
 [32mΓ£ô[39m tests/unit/engagement-service.test.ts[2m > [22mchangeStatus ΓÇö transition guard[2m > [22mrejects RECEIVED ΓåÆ DELIVERED with a clear error[32m 1[2mms[22m[39m
 [32mΓ£ô[39m tests/unit/engagement-service.test.ts[2m > [22mchangeStatus ΓÇö transition guard[2m > [22mrejects RECEIVED ΓåÆ IN_PROGRESS with a clear error[32m 1[2mms[22m[39m
 [32mΓ£ô[39m tests/unit/engagement-service.test.ts[2m > [22mchangeStatus ΓÇö transition guard[2m > [22mrejects DELIVERED ΓåÆ RECEIVED with a clear error[32m 1[2mms[22m[39m
 [32mΓ£ô[39m tests/unit/engagement-service.test.ts[2m > [22mchangeStatus ΓÇö transition guard[2m > [22mrejects DELIVERED ΓåÆ ACCEPTED with a clear error[32m 2[2mms[22m[39m
 [32mΓ£ô[39m tests/unit/engagement-service.test.ts[2m > [22mchangeStatus ΓÇö transition guard[2m > [22mrejects CANCELLED ΓåÆ RECEIVED with a clear error[32m 6[2mms[22m[39m
 [32mΓ£ô[39m tests/unit/engagement-service.test.ts[2m > [22mchangeStatus ΓÇö transition guard[2m > [22mrejects CANCELLED ΓåÆ IN_PROGRESS with a clear error[32m 3[2mms[22m[39m
 [32mΓ£ô[39m tests/unit/engagement-service.test.ts[2m > [22mchangeStatus ΓÇö transition guard[2m > [22mrejects QC ΓåÆ ACCEPTED with a clear error[32m 2[2mms[22m[39m
 [32mΓ£ô[39m tests/unit/engagement-service.test.ts[2m > [22mgetLoans[2m > [22mreturns the loans array from the engagement[32m 3[2mms[22m[39m
 [32mΓ£ô[39m tests/unit/engagement-service.test.ts[2m > [22maddLoanToEngagement[2m > [22mappends a new loan and returns updated engagement[32m 3[2mms[22m[39m
 [32mΓ£ô[39m tests/unit/engagement-service.test.ts[2m > [22maddLoanToEngagement[2m > [22mthrows when loan count would exceed 1000[32m 3[2mms[22m[39m
 [32mΓ£ô[39m tests/unit/engagement-service.test.ts[2m > [22mupdateLoan[2m > [22mpatches borrowerName on the matching loan[32m 2[2mms[22m[39m
 [32mΓ£ô[39m tests/unit/engagement-service.test.ts[2m > [22mupdateLoan[2m > [22mthrows when loan not found[32m 1[2mms[22m[39m
[90mstdout[2m | tests/unit/engagement-service.test.ts[2m > [22m[2mchangeLoanStatus[2m > [22m[2mallows loan PENDING ΓåÆ IN_PROGRESS
[22m[39m2026-03-11T03:59:13.034Z INFO [EngagementService] Engagement updated {"id":"eng-test-001","updatedBy":"user"}

[90mstdout[2m | tests/unit/engagement-service.test.ts[2m > [22m[2mchangeLoanStatus[2m > [22m[2mallows loan PENDING ΓåÆ CANCELLED
[22m[39m2026-03-11T03:59:13.035Z INFO [EngagementService] Engagement updated {"id":"eng-test-001","updatedBy":"user"}

 [32mΓ£ô[39m tests/integration/code-execution.test.ts[2m > [22mDynamic Code Execution Service[2m > [22mPerformance[2m > [22mshould execute simple code quickly[32m 45[2mms[22m[39m
 [32mΓ£ô[39m tests/integration/code-execution.test.ts[2m > [22mDynamic Code Execution Service[2m > [22mPerformance[2m > [22mshould handle multiple concurrent executions[32m 91[2mms[22m[39m
[90mstdout[2m | tests/unit/engagement-service.test.ts[2m > [22m[2mchangeLoanStatus[2m > [22m[2mallows loan IN_PROGRESS ΓåÆ QC
[22m[39m2026-03-11T03:59:13.036Z INFO [EngagementService] Engagement updated {"id":"eng-test-001","updatedBy":"user"}

[90mstdout[2m | tests/integration/code-execution.test.ts
[22m[39m≡ƒº╣ Cleaning up test environment...
Γ£à Test cleanup complete

[90mstdout[2m | tests/unit/engagement-service.test.ts[2m > [22m[2mchangeLoanStatus[2m > [22m[2mallows loan IN_PROGRESS ΓåÆ CANCELLED
[22m[39m2026-03-11T03:59:13.038Z INFO [EngagementService] Engagement updated {"id":"eng-test-001","updatedBy":"user"}

[90mstdout[2m | tests/unit/engagement-service.test.ts[2m > [22m[2mchangeLoanStatus[2m > [22m[2mallows loan QC ΓåÆ DELIVERED
[22m[39m2026-03-11T03:59:13.041Z INFO [EngagementService] Engagement updated {"id":"eng-test-001","updatedBy":"user"}

[90mstdout[2m | tests/unit/engagement-service.test.ts[2m > [22m[2mchangeLoanStatus[2m > [22m[2mallows loan QC ΓåÆ IN_PROGRESS
[22m[39m2026-03-11T03:59:13.043Z INFO [EngagementService] Engagement updated {"id":"eng-test-001","updatedBy":"user"}

[90mstdout[2m | tests/unit/engagement-service.test.ts[2m > [22m[2mchangeLoanStatus[2m > [22m[2mallows loan QC ΓåÆ CANCELLED
[22m[39m2026-03-11T03:59:13.047Z INFO [EngagementService] Engagement updated {"id":"eng-test-001","updatedBy":"user"}

[90mstdout[2m | tests/unit/engagement-service.test.ts[2m > [22m[2maddVendorOrderToProduct[2m > [22m[2madds vendorOrderId to the matching product within the correct loan
[22m[39m2026-03-11T03:59:13.064Z INFO [EngagementService] Engagement updated {"id":"eng-test-001","updatedBy":"user"}

[90mstderr[2m | tests/unit/engagement-service.test.ts[2m > 
[22m[2maddVendorOrderToProduct[2m > [22m[2madds vendorOrderId to the 
matching product within the correct loan
[22m[39m2026-03-11T03:59:13.065Z WARN [EngagementService] FK write-back to 
order failed (non-fatal) {"vendorOrderId":"ord-xyz","engagementId":"eng-test-00
1","loanId":"loan-001","err":{}}

[90mstdout[2m | tests/unit/engagement-service.test.ts[2m > [22m[2maddVendorOrderToProduct[2m > [22m[2mis idempotent ΓÇö does not add the same vendorOrderId twice
[22m[39m2026-03-11T03:59:13.068Z INFO [EngagementService] Engagement updated {"id":"eng-test-001","updatedBy":"user"}

[90mstderr[2m | tests/unit/engagement-service.test.ts[2m > 
[22m[2maddVendorOrderToProduct[2m > [22m[2mis idempotent ΓÇö does not add 
the same vendorOrderId twice
[22m[39m2026-03-11T03:59:13.069Z WARN [EngagementService] FK write-back to 
order failed (non-fatal) {"vendorOrderId":"ord-xyz","engagementId":"eng-test-00
1","loanId":"loan-001","err":{}}

[90mstdout[2m | tests/unit/engagement-service.test.ts
[22m[39m≡ƒº╣ Cleaning up test environment...
Γ£à Test cleanup complete

 [32mΓ£ô[39m tests/integration/code-execution.test.ts[2m > [22mDynamic Code Execution Service[2m > [22mPerformance[2m > [22mshould handle computational intensive tasks within timeout[32m 14[2mms[22m[39m
 [32mΓ£ô[39m tests/unit/engagement-service.test.ts[2m > [22mremoveLoan[2m > [22mremoves a loan that has no linked vendor orders[32m 4[2mms[22m[39m
 [32mΓ£ô[39m tests/unit/engagement-service.test.ts[2m > [22mremoveLoan[2m > [22mthrows when loan has linked vendor orders[32m 3[2mms[22m[39m
 [32mΓ£ô[39m tests/unit/engagement-service.test.ts[2m > [22mchangeLoanStatus[2m > [22mallows loan PENDING ΓåÆ IN_PROGRESS[32m 2[2mms[22m[39m
 [32mΓ£ô[39m tests/unit/engagement-service.test.ts[2m > [22mchangeLoanStatus[2m > [22mallows loan PENDING ΓåÆ CANCELLED[32m 1[2mms[22m[39m
 [32mΓ£ô[39m tests/unit/engagement-service.test.ts[2m > [22mchangeLoanStatus[2m > [22mallows loan IN_PROGRESS ΓåÆ QC[32m 1[2mms[22m[39m
 [32mΓ£ô[39m tests/unit/engagement-service.test.ts[2m > [22mchangeLoanStatus[2m > [22mallows loan IN_PROGRESS ΓåÆ CANCELLED[32m 2[2mms[22m[39m
 [32mΓ£ô[39m tests/unit/engagement-service.test.ts[2m > [22mchangeLoanStatus[2m > [22mallows loan QC ΓåÆ DELIVERED[32m 2[2mms[22m[39m
 [32mΓ£ô[39m tests/unit/engagement-service.test.ts[2m > [22mchangeLoanStatus[2m > [22mallows loan QC ΓåÆ IN_PROGRESS[32m 3[2mms[22m[39m
 [32mΓ£ô[39m tests/unit/engagement-service.test.ts[2m > [22mchangeLoanStatus[2m > [22mallows loan QC ΓåÆ CANCELLED[32m 3[2mms[22m[39m
 [32mΓ£ô[39m tests/unit/engagement-service.test.ts[2m > [22mchangeLoanStatus[2m > [22mrejects loan PENDING ΓåÆ QC with a clear error[32m 3[2mms[22m[39m
 [32mΓ£ô[39m tests/unit/engagement-service.test.ts[2m > [22mchangeLoanStatus[2m > [22mrejects loan PENDING ΓåÆ DELIVERED with a clear error[32m 7[2mms[22m[39m
 [32mΓ£ô[39m tests/unit/engagement-service.test.ts[2m > [22mchangeLoanStatus[2m > [22mrejects loan DELIVERED ΓåÆ PENDING with a clear error[32m 1[2mms[22m[39m
 [32mΓ£ô[39m tests/unit/engagement-service.test.ts[2m > [22mchangeLoanStatus[2m > [22mrejects loan CANCELLED ΓåÆ IN_PROGRESS with a clear error[32m 3[2mms[22m[39m
 [32mΓ£ô[39m tests/unit/engagement-service.test.ts[2m > [22maddVendorOrderToProduct[2m > [22madds vendorOrderId to the matching product within the correct loan[32m 4[2mms[22m[39m
 [32mΓ£ô[39m tests/unit/engagement-service.test.ts[2m > [22maddVendorOrderToProduct[2m > [22mis idempotent ΓÇö does not add the same vendorOrderId twice[32m 3[2mms[22m[39m
 [32mΓ£ô[39m tests/unit/engagement-service.test.ts[2m > [22maddVendorOrderToProduct[2m > [22mthrows a clear error when loanId does not exist[32m 1[2mms[22m[39m
 [32mΓ£ô[39m tests/unit/engagement-service.test.ts[2m > [22maddVendorOrderToProduct[2m > [22mthrows a clear error when productId does not exist within the loan[32m 1[2mms[22m[39m
[90mstdout[2m | tests/unit/final-report-append-pages.test.ts
[22m[39m≡ƒº¬ Setting up test environment...
Γ£à Test environment ready

[90mstdout[2m | tests/unit/final-report-append-pages.test.ts[2m > [22m[2mFinalReportService._appendCustomPages()[2m > [22m[2mappends a single 1-page addendum to a 1-page URAR ΓåÆ 2 pages total
[22m[39m2026-03-11T03:59:14.358Z INFO [FinalReportService] Custom addendum pages appended {"addendumCount":1}

[90mstdout[2m | tests/unit/final-report-append-pages.test.ts[2m > [22m[2mFinalReportService._appendCustomPages()[2m > [22m[2mappends a 3-page addendum to a 1-page URAR ΓåÆ 4 pages total
[22m[39m2026-03-11T03:59:14.391Z INFO [FinalReportService] Custom addendum pages appended {"addendumCount":1}

 [32mΓ£ô[39m tests/unit/final-report-append-pages.test.ts[2m > [22mFinalReportService._appendCustomPages()[2m > [22mappends a single 1-page addendum to a 1-page URAR ΓåÆ 2 pages total[32m 67[2mms[22m[39m
[90mstdout[2m | tests/unit/final-report-append-pages.test.ts[2m > [22m[2mFinalReportService._appendCustomPages()[2m > [22m[2mappends multiple addendum entries in array order
[22m[39m2026-03-11T03:59:14.434Z INFO [FinalReportService] Custom addendum pages appended {"addendumCount":3}

[90mstdout[2m | tests/unit/final-report-append-pages.test.ts[2m > [22m[2mFinalReportService._appendCustomPages()[2m > [22m[2mreturns the original page count when customPagePdfs is empty
[22m[39m2026-03-11T03:59:14.455Z INFO [FinalReportService] Custom addendum pages appended {"addendumCount":0}

[90mstdout[2m | tests/unit/final-report-append-pages.test.ts
[22m[39m≡ƒº╣ Cleaning up test environment...
Γ£à Test cleanup complete

 [32mΓ£ô[39m tests/unit/final-report-append-pages.test.ts[2m > [22mFinalReportService._appendCustomPages()[2m > [22mappends a 3-page addendum to a 1-page URAR ΓåÆ 4 pages total[32m 32[2mms[22m[39m
 [32mΓ£ô[39m tests/unit/final-report-append-pages.test.ts[2m > [22mFinalReportService._appendCustomPages()[2m > [22mappends multiple addendum entries in array order[32m 46[2mms[22m[39m
 [32mΓ£ô[39m tests/unit/final-report-append-pages.test.ts[2m > [22mFinalReportService._appendCustomPages()[2m > [22mreturns the original page count when customPagePdfs is empty[32m 13[2mms[22m[39m
 [32mΓ£ô[39m tests/unit/final-report-append-pages.test.ts[2m > [22mFinalReportService._appendCustomPages()[2m > [22mrejects with an error when a base64 string is not a valid PDF[32m 17[2mms[22m[39m
[90mstdout[2m | tests/integration/database.test.ts
[22m[39m≡ƒº¬ Setting up test environment...
Γ£à Test environment ready

[90mstdout[2m | tests/integration/database.test.ts[2m > [22m[2mCosmos DB Real Integration Tests
[22m[39m≡ƒÜÇ Initializing Cosmos DB Integration Tests...
≡ƒôí Connecting to: Azure Cosmos DB
2026-03-11T03:59:14.852Z INFO [App] Initializing Azure Cosmos DB connection with Managed Identity
2026-03-11T03:59:14.868Z INFO [App] Using Managed Identity for Cosmos DB authentication
2026-03-11T03:59:14.872Z INFO [App] Successfully connected to Azure Cosmos DB {"databaseId":"appraisal-management","endpoint":"https://appraisal-mgmt-staging-cosmos.documents.azure.com:443/"}

[90mstdout[2m | tests/unit/sample.test.ts
[22m[39m≡ƒº¬ Setting up test environment...
Γ£à Test environment ready

[90mstdout[2m | tests/unit/sample.test.ts
[22m[39m≡ƒº╣ Cleaning up test environment...
Γ£à Test cleanup complete

 [32mΓ£ô[39m tests/unit/sample.test.ts[2m > [22mSample Unit Test[2m > [22mshould pass basic arithmetic test[32m 4[2mms[22m[39m
 [32mΓ£ô[39m tests/unit/sample.test.ts[2m > [22mSample Unit Test[2m > [22mshould handle string operations[32m 1[2mms[22m[39m
 [32mΓ£ô[39m tests/unit/sample.test.ts[2m > [22mSample Unit Test[2m > [22mshould validate object properties[32m 1[2mms[22m[39m
[90mstdout[2m | src/functions/node_modules/strnum/strnum.test.js
[22m[39m≡ƒº¬ Setting up test environment...
Γ£à Test environment ready

[90mstdout[2m | src/functions/node_modules/strnum/strnum.test.js
[22m[39m≡ƒº╣ Cleaning up test environment...
Γ£à Test cleanup complete

 [32mΓ£ô[39m src/functions/node_modules/strnum/strnum.test.js[2m > [22mShould convert all the valid numeric strings to number[2m > [22mshould return undefined, null, empty string, or non-numeric as it is[32m 7[2mms[22m[39m
 [32mΓ£ô[39m src/functions/node_modules/strnum/strnum.test.js[2m > [22mShould convert all the valid numeric strings to number[2m > [22mshould not parse number with spaces or comma[32m 2[2mms[22m[39m
 [32mΓ£ô[39m src/functions/node_modules/strnum/strnum.test.js[2m > [22mShould convert all the valid numeric strings to number[2m > [22mshould consider + sign[32m 1[2mms[22m[39m
 [32mΓ£ô[39m src/functions/node_modules/strnum/strnum.test.js[2m > [22mShould convert all the valid numeric strings to number[2m > [22mshould parse hexadecimal values[32m 1[2mms[22m[39m
 [32mΓ£ô[39m src/functions/node_modules/strnum/strnum.test.js[2m > [22mShould convert all the valid numeric strings to number[2m > [22mshould not parse strings with 0x embedded[32m 1[2mms[22m[39m
 [32mΓ£ô[39m src/functions/node_modules/strnum/strnum.test.js[2m > [22mShould convert all the valid numeric strings to number[2m > [22mleading zeros[32m 2[2mms[22m[39m
 [32mΓ£ô[39m src/functions/node_modules/strnum/strnum.test.js[2m > [22mShould convert all the valid numeric strings to number[2m > [22minvalid floating number[32m 0[2mms[22m[39m
 [32mΓ£ô[39m src/functions/node_modules/strnum/strnum.test.js[2m > [22mShould convert all the valid numeric strings to number[2m > [22mfloating point and leading zeros[32m 1[2mms[22m[39m
 [32mΓ£ô[39m src/functions/node_modules/strnum/strnum.test.js[2m > [22mShould convert all the valid numeric strings to number[2m > [22mnegative number  leading zeros[32m 2[2mms[22m[39m
 [32mΓ£ô[39m src/functions/node_modules/strnum/strnum.test.js[2m > [22mShould convert all the valid numeric strings to number[2m > [22mlong number[32m 1[2mms[22m[39m
 [32mΓ£ô[39m src/functions/node_modules/strnum/strnum.test.js[2m > [22mShould convert all the valid numeric strings to number[2m > [22mscientific notation[32m 2[2mms[22m[39m
 [32mΓ£ô[39m src/functions/node_modules/strnum/strnum.test.js[2m > [22mShould convert all the valid numeric strings to number[2m > [22mscientific notation with upper E[32m 1[2mms[22m[39m
 [32mΓ£ô[39m src/functions/node_modules/strnum/strnum.test.js[2m > [22mShould convert all the valid numeric strings to number[2m > [22mshould skip matching pattern[32m 1[2mms[22m[39m
 [32mΓ£ô[39m src/functions/node_modules/strnum/strnum.test.js[2m > [22mShould convert all the valid numeric strings to number[2m > [22mshould not change string if not number[32m 0[2mms[22m[39m
 [32mΓ£ô[39m src/functions/node_modules/strnum/strnum.test.js[2m > [22mShould convert all the valid numeric strings to number[2m > [22mshould ignore sorrounded spaces [32m 0[2mms[22m[39m
 [32mΓ£ô[39m src/functions/node_modules/strnum/strnum.test.js[2m > [22mShould convert all the valid numeric strings to number[2m > [22mnegative numbers[32m 1[2mms[22m[39m
[90mstdout[2m | tests/integration/database-real.test.ts
[22m[39m≡ƒº¬ Setting up test environment...
Γ£à Test environment ready

[90mstdout[2m | tests/integration/database-real.test.ts[2m > [22m[2mCosmos DB Real Integration Tests
[22m[39m≡ƒÜÇ Initializing Cosmos DB Integration Tests...
≡ƒôí Connecting to: Azure Cosmos DB
2026-03-11T03:59:15.497Z INFO [App] Initializing Azure Cosmos DB connection with Managed Identity
2026-03-11T03:59:15.509Z INFO [App] Using Managed Identity for Cosmos DB authentication
2026-03-11T03:59:15.513Z INFO [App] Successfully connected to Azure Cosmos DB {"databaseId":"appraisal-management","endpoint":"https://appraisal-mgmt-staging-cosmos.documents.azure.com:443/"}

[90mstdout[2m | tests/auto-assignment-orchestrator.test.ts
[22m[39m≡ƒº¬ Setting up test environment...
Γ£à Test environment ready

[90mstdout[2m | tests/auto-assignment-orchestrator.test.ts[2m > [22m[2mAutoAssignmentOrchestratorService ΓÇö Vendor Assignment FSM[2m > [22m[2msends a bid to the top-ranked vendor when triggerVendorAssignment is called
[22m[39m2026-03-11T03:59:15.806Z INFO [AutoAssignmentOrchestrator] Processing engagement.order.created {"orderId":"order-68be176c-3ebc-4383-9b1b-3bb74a9a6d21","orderNumber":"ORD-9a6d21"}

[90mstdout[2m | tests/auto-assignment-orchestrator.test.ts[2m > [22m[2mAutoAssignmentOrchestratorService ΓÇö Vendor Assignment FSM[2m > [22m[2msends a bid to the top-ranked vendor when triggerVendorAssignment is called
[22m[39m2026-03-11T03:59:15.809Z INFO [AutoAssignmentOrchestrator] Bid invitation sent {"orderId":"order-68be176c-3ebc-4383-9b1b-3bb74a9a6d21","vendorId":"v1","vendorName":"Vendor One","attempt":1,"expiresAt":"2026-03-11T07:59:15.808Z"}

[90mstdout[2m | tests/auto-assignment-orchestrator.test.ts[2m > [22m[2mAutoAssignmentOrchestratorService ΓÇö Vendor Assignment FSM[2m > [22m[2mignores duplicate trigger when PENDING_BID is already in progress
[22m[39m2026-03-11T03:59:15.823Z INFO [AutoAssignmentOrchestrator] Processing engagement.order.created {"orderId":"order-0decd0f0-7955-4b3f-826c-4f8858f01a45","orderNumber":"ORD-f01a45"}

[90mstdout[2m | tests/auto-assignment-orchestrator.test.ts[2m > [22m[2mAutoAssignmentOrchestratorService ΓÇö Vendor Assignment FSM[2m > [22m[2mignores duplicate trigger when PENDING_BID is already in progress
[22m[39m2026-03-11T03:59:15.823Z INFO [AutoAssignmentOrchestrator] Auto vendor assignment already in progress ΓÇö skipping duplicate event {"orderId":"order-0decd0f0-7955-4b3f-826c-4f8858f01a45"}

[90mstdout[2m | tests/auto-assignment-orchestrator.test.ts[2m > [22m[2mAutoAssignmentOrchestratorService ΓÇö Vendor Assignment FSM[2m > [22m[2madvances to the next vendor when onVendorBidTimedOut is received
[22m[39m2026-03-11T03:59:15.826Z INFO [AutoAssignmentOrchestrator] Processing vendor.bid.timeout {"orderId":"order-c9aa979f-ff68-463a-9a3c-fe3882a84a81","attemptNumber":1}

[90mstdout[2m | tests/auto-assignment-orchestrator.test.ts[2m > [22m[2mAutoAssignmentOrchestratorService ΓÇö Vendor Assignment FSM[2m > [22m[2madvances to the next vendor when onVendorBidTimedOut is received
[22m[39m2026-03-11T03:59:15.827Z INFO [AutoAssignmentOrchestrator] Bid invitation sent {"orderId":"order-c9aa979f-ff68-463a-9a3c-fe3882a84a81","vendorId":"v2","vendorName":"Vendor Two","attempt":2,"expiresAt":"2026-03-11T07:59:15.827Z"}

[90mstdout[2m | tests/auto-assignment-orchestrator.test.ts[2m > [22m[2mAutoAssignmentOrchestratorService ΓÇö Vendor Assignment FSM[2m > [22m[2madvances to the next vendor when onVendorBidDeclined is received
[22m[39m2026-03-11T03:59:15.832Z INFO [AutoAssignmentOrchestrator] Processing vendor.bid.declined {"orderId":"order-0c3e4f00-e8fd-4fa4-8be8-ae73de8dc154","attemptNumber":1,"declineReason":"Not available in area"}

[90mstdout[2m | tests/auto-assignment-orchestrator.test.ts[2m > [22m[2mAutoAssignmentOrchestratorService ΓÇö Vendor Assignment FSM[2m > [22m[2madvances to the next vendor when onVendorBidDeclined is received
[22m[39m2026-03-11T03:59:15.833Z INFO [AutoAssignmentOrchestrator] Bid invitation sent {"orderId":"order-0c3e4f00-e8fd-4fa4-8be8-ae73de8dc154","vendorId":"v2","vendorName":"Vendor Two","attempt":2,"expiresAt":"2026-03-11T07:59:15.833Z"}

[90mstdout[2m | tests/auto-assignment-orchestrator.test.ts[2m > [22m[2mAutoAssignmentOrchestratorService ΓÇö Vendor Assignment FSM[2m > [22m[2mpublishes vendor.assignment.exhausted when all vendors have been contacted
[22m[39m2026-03-11T03:59:15.836Z INFO [AutoAssignmentOrchestrator] Processing vendor.bid.timeout {"orderId":"order-d63818fe-952c-47d5-92c1-c53e64f6ba0b","attemptNumber":2}

[90mstderr[2m | tests/auto-assignment-orchestrator.test.ts[2m > 
[22m[2mAutoAssignmentOrchestratorService ΓÇö Vendor Assignment FSM[2m > 
[22m[2mpublishes vendor.assignment.exhausted when all vendors have been 
contacted
[22m[39m2026-03-11T03:59:15.837Z WARN [AutoAssignmentOrchestrator] Vendor 
assignment exhausted ΓÇö human intervention required {"orderId":"order-d63818fe
-952c-47d5-92c1-c53e64f6ba0b","ordernNumber":"ORD-f6ba0b","attemptsCount":2}

[90mstdout[2m | tests/auto-assignment-orchestrator.test.ts[2m > [22m[2mAutoAssignmentOrchestratorService ΓÇö Vendor Assignment FSM[2m > [22m[2mimmediately escalates when matching engine returns no vendors
[22m[39m2026-03-11T03:59:15.841Z INFO [AutoAssignmentOrchestrator] Processing engagement.order.created {"orderId":"order-c8123c0d-be93-4c56-873b-c84bbef6b48d","orderNumber":"ORD-f6b48d"}

[90mstderr[2m | tests/auto-assignment-orchestrator.test.ts[2m > 
[22m[2mAutoAssignmentOrchestratorService ΓÇö Vendor Assignment FSM[2m > 
[22m[2mimmediately escalates when matching engine returns no vendors
[22m[39m2026-03-11T03:59:15.841Z WARN [AutoAssignmentOrchestrator] No 
matching vendors found ΓÇö escalating immediately 
{"orderId":"order-c8123c0d-be93-4c56-873b-c84bbef6b48d"}

[90mstderr[2m | tests/auto-assignment-orchestrator.test.ts[2m > 
[22m[2mAutoAssignmentOrchestratorService ΓÇö Vendor Assignment FSM[2m > 
[22m[2mimmediately escalates when matching engine returns no vendors
[22m[39m2026-03-11T03:59:15.842Z WARN [AutoAssignmentOrchestrator] Vendor 
assignment exhausted ΓÇö human intervention required {"orderId":"order-c8123c0d
-be93-4c56-873b-c84bbef6b48d","ordernNumber":"ORD-f6b48d","attemptsCount":0}

[90mstdout[2m | tests/auto-assignment-orchestrator.test.ts[2m > [22m[2mAutoAssignmentOrchestratorService ΓÇö Review Assignment FSM[2m > [22m[2massigns the lowest-workload reviewer when an order is SUBMITTED
[22m[39m2026-03-11T03:59:15.846Z INFO [AutoAssignmentOrchestrator] Order SUBMITTED ΓÇö initiating review assignment {"orderId":"order-178f9023-8793-4260-9abc-df7fee176c6b","tenantId":"tenant-test-001"}

[90mstdout[2m | tests/auto-assignment-orchestrator.test.ts[2m > [22m[2mAutoAssignmentOrchestratorService ΓÇö Review Assignment FSM[2m > [22m[2massigns the lowest-workload reviewer when an order is SUBMITTED
[22m[39m2026-03-11T03:59:15.847Z INFO [AutoAssignmentOrchestrator] Review assigned to staff member {"orderId":"order-178f9023-8793-4260-9abc-df7fee176c6b","qcReviewId":"qcr-001","reviewerId":"r1","reviewerName":"Sara Analyst","attempt":1,"expiresAt":"2026-03-11T11:59:15.847Z"}

[90mstdout[2m | tests/auto-assignment-orchestrator.test.ts[2m > [22m[2mAutoAssignmentOrchestratorService ΓÇö Review Assignment FSM[2m > [22m[2madvances to the next reviewer when review.assignment.timeout is received
[22m[39m2026-03-11T03:59:15.852Z INFO [AutoAssignmentOrchestrator] Processing review.assignment.timeout {"orderId":"order-6d26947a-e738-4b59-9bcc-92b018028ffc","qcReviewId":"qcr-001","attemptNumber":1}

[90mstdout[2m | tests/auto-assignment-orchestrator.test.ts[2m > [22m[2mAutoAssignmentOrchestratorService ΓÇö Review Assignment FSM[2m > [22m[2madvances to the next reviewer when review.assignment.timeout is received
[22m[39m2026-03-11T03:59:15.852Z INFO [AutoAssignmentOrchestrator] Review assigned to staff member {"orderId":"order-6d26947a-e738-4b59-9bcc-92b018028ffc","qcReviewId":"qcr-001","reviewerId":"r2","reviewerName":"Mike Reviewer","attempt":2,"expiresAt":"2026-03-11T11:59:15.852Z"}

[90mstdout[2m | tests/auto-assignment-orchestrator.test.ts[2m > [22m[2mAutoAssignmentOrchestratorService ΓÇö Review Assignment FSM[2m > [22m[2mpublishes review.assignment.exhausted when all reviewers have timed out
[22m[39m2026-03-11T03:59:15.858Z INFO [AutoAssignmentOrchestrator] Processing review.assignment.timeout {"orderId":"order-bee247b3-026a-4ba1-b9ac-599d2785fc34","qcReviewId":"qcr-001","attemptNumber":2}

[90mstderr[2m | tests/auto-assignment-orchestrator.test.ts[2m > 
[22m[2mAutoAssignmentOrchestratorService ΓÇö Review Assignment FSM[2m > 
[22m[2mpublishes review.assignment.exhausted when all reviewers have timed 
out
[22m[39m2026-03-11T03:59:15.859Z WARN [AutoAssignmentOrchestrator] Review 
assignment exhausted ΓÇö human intervention required {"orderId":"order-bee247b3
-026a-4ba1-b9ac-599d2785fc34","qcReviewId":"qcr-001","attemptsCount":2}

[90mstdout[2m | tests/auto-assignment-orchestrator.test.ts[2m > [22m[2mAutoAssignmentOrchestratorService ΓÇö Review Assignment FSM[2m > [22m[2mignores duplicate SUBMITTED event when review assignment already in progress
[22m[39m2026-03-11T03:59:15.864Z INFO [AutoAssignmentOrchestrator] Order SUBMITTED ΓÇö initiating review assignment {"orderId":"order-97497ac9-296b-48fe-9c8e-c812102569a3","tenantId":"tenant-test-001"}
2026-03-11T03:59:15.864Z INFO [AutoAssignmentOrchestrator] Review assignment already in progress ΓÇö skipping {"orderId":"order-97497ac9-296b-48fe-9c8e-c812102569a3"}

[90mstdout[2m | tests/auto-assignment-orchestrator.test.ts[2m > [22m[2mAutoAssignmentOrchestratorService ΓÇö Review Assignment FSM[2m > [22m[2mimmediately escalates review assignment when no analysts are available
[22m[39m2026-03-11T03:59:15.867Z INFO [AutoAssignmentOrchestrator] Order SUBMITTED ΓÇö initiating review assignment {"orderId":"order-0e09f02d-d476-4381-963c-d63f734fccdc","tenantId":"tenant-test-001"}

[90mstderr[2m | tests/auto-assignment-orchestrator.test.ts[2m > 
[22m[2mAutoAssignmentOrchestratorService ΓÇö Review Assignment FSM[2m > 
[22m[2mimmediately escalates review assignment when no analysts are available
[22m[39m2026-03-11T03:59:15.867Z WARN [AutoAssignmentOrchestrator] No 
available reviewers ΓÇö escalating immediately 
{"orderId":"order-0e09f02d-d476-4381-963c-d63f734fccdc"}

[90mstderr[2m | tests/auto-assignment-orchestrator.test.ts[2m > 
[22m[2mAutoAssignmentOrchestratorService ΓÇö Review Assignment FSM[2m > 
[22m[2mimmediately escalates review assignment when no analysts are available
[22m[39m2026-03-11T03:59:15.867Z WARN [AutoAssignmentOrchestrator] Review 
assignment exhausted ΓÇö human intervention required {"orderId":"order-0e09f02d
-d476-4381-963c-d63f734fccdc","qcReviewId":"qcr-001","attemptsCount":0}

[90mstdout[2m | tests/auto-assignment-orchestrator.test.ts[2m > [22m[2mAutoAssignmentOrchestratorService ΓÇö Full End-to-End Flow[2m > [22m[2mtraces the complete assignment lifecycle from order creation to escalation
[22m[39m2026-03-11T03:59:15.871Z INFO [AutoAssignmentOrchestrator] Processing engagement.order.created {"orderId":"order-e2e-bebdd10e-c820-47a4-81b7-20dda928be08","orderNumber":"ORD-28be08"}

[90mstdout[2m | tests/auto-assignment-orchestrator.test.ts[2m > [22m[2mAutoAssignmentOrchestratorService ΓÇö Full End-to-End Flow[2m > [22m[2mtraces the complete assignment lifecycle from order creation to escalation
[22m[39m2026-03-11T03:59:15.871Z INFO [AutoAssignmentOrchestrator] Bid invitation sent {"orderId":"order-e2e-bebdd10e-c820-47a4-81b7-20dda928be08","vendorId":"v1","vendorName":"Vendor One","attempt":1,"expiresAt":"2026-03-11T07:59:15.871Z"}

[90mstdout[2m | tests/auto-assignment-orchestrator.test.ts[2m > [22m[2mAutoAssignmentOrchestratorService ΓÇö Full End-to-End Flow[2m > [22m[2mtraces the complete assignment lifecycle from order creation to escalation
[22m[39m2026-03-11T03:59:15.872Z INFO [AutoAssignmentOrchestrator] Processing vendor.bid.declined {"orderId":"order-e2e-bebdd10e-c820-47a4-81b7-20dda928be08","attemptNumber":1,"declineReason":"Area not covered"}

[90mstdout[2m | tests/auto-assignment-orchestrator.test.ts[2m > [22m[2mAutoAssignmentOrchestratorService ΓÇö Full End-to-End Flow[2m > [22m[2mtraces the complete assignment lifecycle from order creation to escalation
[22m[39m2026-03-11T03:59:15.873Z INFO [AutoAssignmentOrchestrator] Bid invitation sent {"orderId":"order-e2e-bebdd10e-c820-47a4-81b7-20dda928be08","vendorId":"v2","vendorName":"Vendor Two","attempt":2,"expiresAt":"2026-03-11T07:59:15.872Z"}

[90mstdout[2m | tests/auto-assignment-orchestrator.test.ts[2m > [22m[2mAutoAssignmentOrchestratorService ΓÇö Full End-to-End Flow[2m > [22m[2mtraces the complete assignment lifecycle from order creation to escalation
[22m[39m2026-03-11T03:59:15.874Z INFO [AutoAssignmentOrchestrator] Order SUBMITTED ΓÇö initiating review assignment {"orderId":"order-e2e-bebdd10e-c820-47a4-81b7-20dda928be08","tenantId":"tenant-test-001"}

[90mstdout[2m | tests/auto-assignment-orchestrator.test.ts[2m > [22m[2mAutoAssignmentOrchestratorService ΓÇö Full End-to-End Flow[2m > [22m[2mtraces the complete assignment lifecycle from order creation to escalation
[22m[39m2026-03-11T03:59:15.874Z INFO [AutoAssignmentOrchestrator] Review assigned to staff member {"orderId":"order-e2e-bebdd10e-c820-47a4-81b7-20dda928be08","qcReviewId":"qcr-e2e","reviewerId":"r1","reviewerName":"Sara","attempt":1,"expiresAt":"2026-03-11T11:59:15.874Z"}

[90mstdout[2m | tests/auto-assignment-orchestrator.test.ts[2m > [22m[2mAutoAssignmentOrchestratorService ΓÇö Full End-to-End Flow[2m > [22m[2mtraces the complete assignment lifecycle from order creation to escalation
[22m[39m2026-03-11T03:59:15.875Z INFO [AutoAssignmentOrchestrator] Processing review.assignment.timeout {"orderId":"order-e2e-bebdd10e-c820-47a4-81b7-20dda928be08","qcReviewId":"qcr-e2e","attemptNumber":1}

[90mstdout[2m | tests/auto-assignment-orchestrator.test.ts[2m > [22m[2mAutoAssignmentOrchestratorService ΓÇö Full End-to-End Flow[2m > [22m[2mtraces the complete assignment lifecycle from order creation to escalation
[22m[39m2026-03-11T03:59:15.875Z INFO [AutoAssignmentOrchestrator] Review assigned to staff member {"orderId":"order-e2e-bebdd10e-c820-47a4-81b7-20dda928be08","qcReviewId":"qcr-e2e","reviewerId":"r2","reviewerName":"Mike","attempt":2,"expiresAt":"2026-03-11T11:59:15.875Z"}

[90mstdout[2m | tests/auto-assignment-orchestrator.test.ts[2m > [22m[2mAutoAssignmentOrchestratorService ΓÇö Full End-to-End Flow[2m > [22m[2mtraces the complete assignment lifecycle from order creation to escalation
[22m[39m2026-03-11T03:59:15.876Z INFO [AutoAssignmentOrchestrator] Processing review.assignment.timeout {"orderId":"order-e2e-bebdd10e-c820-47a4-81b7-20dda928be08","qcReviewId":"qcr-e2e","attemptNumber":2}

[90mstderr[2m | tests/auto-assignment-orchestrator.test.ts[2m > 
[22m[2mAutoAssignmentOrchestratorService ΓÇö Full End-to-End Flow[2m > 
[22m[2mtraces the complete assignment lifecycle from order creation to 
escalation
[22m[39m2026-03-11T03:59:15.876Z WARN [AutoAssignmentOrchestrator] Review 
assignment exhausted ΓÇö human intervention required {"orderId":"order-e2e-bebd
d10e-c820-47a4-81b7-20dda928be08","qcReviewId":"qcr-e2e","attemptsCount":2}

[90mstdout[2m | tests/auto-assignment-orchestrator.test.ts
[22m[39m≡ƒº╣ Cleaning up test environment...
Γ£à Test cleanup complete

 [32mΓ£ô[39m tests/auto-assignment-orchestrator.test.ts[2m > [22mAutoAssignmentOrchestratorService ΓÇö Vendor Assignment FSM[2m > [22msends a bid to the top-ranked vendor when triggerVendorAssignment is called[32m 24[2mms[22m[39m
 [32mΓ£ô[39m tests/auto-assignment-orchestrator.test.ts[2m > [22mAutoAssignmentOrchestratorService ΓÇö Vendor Assignment FSM[2m > [22mignores duplicate trigger when PENDING_BID is already in progress[32m 4[2mms[22m[39m
 [32mΓ£ô[39m tests/auto-assignment-orchestrator.test.ts[2m > [22mAutoAssignmentOrchestratorService ΓÇö Vendor Assignment FSM[2m > [22madvances to the next vendor when onVendorBidTimedOut is received[32m 5[2mms[22m[39m
 [32mΓ£ô[39m tests/auto-assignment-orchestrator.test.ts[2m > [22mAutoAssignmentOrchestratorService ΓÇö Vendor Assignment FSM[2m > [22madvances to the next vendor when onVendorBidDeclined is received[32m 4[2mms[22m[39m
 [32mΓ£ô[39m tests/auto-assignment-orchestrator.test.ts[2m > [22mAutoAssignmentOrchestratorService ΓÇö Vendor Assignment FSM[2m > [22mpublishes vendor.assignment.exhausted when all vendors have been contacted[32m 5[2mms[22m[39m
 [32mΓ£ô[39m tests/auto-assignment-orchestrator.test.ts[2m > [22mAutoAssignmentOrchestratorService ΓÇö Vendor Assignment FSM[2m > [22mimmediately escalates when matching engine returns no vendors[32m 4[2mms[22m[39m
 [32mΓ£ô[39m tests/auto-assignment-orchestrator.test.ts[2m > [22mAutoAssignmentOrchestratorService ΓÇö Review Assignment FSM[2m > [22massigns the lowest-workload reviewer when an order is SUBMITTED[32m 6[2mms[22m[39m
 [32mΓ£ô[39m tests/auto-assignment-orchestrator.test.ts[2m > [22mAutoAssignmentOrchestratorService ΓÇö Review Assignment FSM[2m > [22madvances to the next reviewer when review.assignment.timeout is received[32m 4[2mms[22m[39m
 [32mΓ£ô[39m tests/auto-assignment-orchestrator.test.ts[2m > [22mAutoAssignmentOrchestratorService ΓÇö Review Assignment FSM[2m > [22mpublishes review.assignment.exhausted when all reviewers have timed out[32m 8[2mms[22m[39m
 [32mΓ£ô[39m tests/auto-assignment-orchestrator.test.ts[2m > [22mAutoAssignmentOrchestratorService ΓÇö Review Assignment FSM[2m > [22mignores duplicate SUBMITTED event when review assignment already in progress[32m 3[2mms[22m[39m
 [32mΓ£ô[39m tests/auto-assignment-orchestrator.test.ts[2m > [22mAutoAssignmentOrchestratorService ΓÇö Review Assignment FSM[2m > [22mimmediately escalates review assignment when no analysts are available[32m 3[2mms[22m[39m
 [32mΓ£ô[39m tests/auto-assignment-orchestrator.test.ts[2m > [22mAutoAssignmentOrchestratorService ΓÇö Full End-to-End Flow[2m > [22mtraces the complete assignment lifecycle from order creation to escalation[32m 8[2mms[22m[39m
[90mstdout[2m | tests/integration/database.test.ts[2m > [22m[2mCosmos DB Real Integration Tests
[22m[39mΓ£à Database initialization complete

 [32mΓ£ô[39m tests/integration/database.test.ts[2m > [22mCosmos DB Real Integration Tests[2m > [22mDatabase Connection & Health[2m > [22mshould connect to Cosmos DB successfully[32m 5[2mms[22m[39m
[90mstdout[2m | tests/unit/bulk-portfolio-attach.test.ts
[22m[39m≡ƒº¬ Setting up test environment...
Γ£à Test environment ready

[90mstdout[2m | tests/unit/bulk-portfolio-attach.test.ts[2m > [22m[2mBulkPortfolioService.attachDocumentsToJob()[2m > [22m[2muploads a file whose stem matches a CREATED row loan number
[22m[39m2026-03-11T03:59:17.158Z INFO [App] attachDocumentsToJob complete {"jobId":"job-001","uploaded":1,"failed":0,"noOrder":0}

[90mstdout[2m | tests/unit/bulk-portfolio-attach.test.ts[2m > [22m[2mBulkPortfolioService.attachDocumentsToJob()[2m > [22m[2mrecords no-order (not failure) for a stem with no matching loan number
[22m[39m2026-03-11T03:59:17.181Z INFO [App] attachDocumentsToJob complete {"jobId":"job-001","uploaded":0,"failed":0,"noOrder":1}

[90mstdout[2m | tests/unit/bulk-portfolio-attach.test.ts[2m > [22m[2mBulkPortfolioService.attachDocumentsToJob()[2m > [22m[2mmatches stems to loan numbers case-insensitively (lowercase stem vs uppercase loan)
[22m[39m2026-03-11T03:59:17.186Z INFO [App] attachDocumentsToJob complete {"jobId":"job-001","uploaded":1,"failed":0,"noOrder":0}

[90mstdout[2m | tests/unit/bulk-portfolio-attach.test.ts[2m > [22m[2mBulkPortfolioService.attachDocumentsToJob()[2m > [22m[2mmatches stems to loan numbers case-insensitively (uppercase stem vs lowercase loan)
[22m[39m2026-03-11T03:59:17.188Z INFO [App] attachDocumentsToJob complete {"jobId":"job-001","uploaded":1,"failed":0,"noOrder":0}

[90mstdout[2m | tests/unit/bulk-portfolio-attach.test.ts[2m > [22m[2mBulkPortfolioService.attachDocumentsToJob()[2m > [22m[2mcorrectly counts matched, unmatched, and total across a mixed file batch
[22m[39m2026-03-11T03:59:17.190Z INFO [App] attachDocumentsToJob complete {"jobId":"job-001","uploaded":2,"failed":0,"noOrder":1}

[90mstdout[2m | tests/unit/bulk-portfolio-attach.test.ts[2m > [22m[2mBulkPortfolioService.attachDocumentsToJob()[2m > [22m[2mrecords error status when uploadDocument returns success: false
[22m[39m2026-03-11T03:59:17.200Z INFO [App] attachDocumentsToJob complete {"jobId":"job-001","uploaded":0,"failed":1,"noOrder":0}

[90mstdout[2m | tests/event-driven-architecture.test.ts
[22m[39m≡ƒº¬ Setting up test environment...
Γ£à Test environment ready

[90mstdout[2m | tests/unit/bulk-portfolio-attach.test.ts[2m > [22m[2mBulkPortfolioService.attachDocumentsToJob()[2m > [22m[2mtreats FAILED rows as unmatched because they have no orderId in the map
[22m[39m2026-03-11T03:59:17.202Z INFO [App] attachDocumentsToJob complete {"jobId":"job-001","uploaded":0,"failed":0,"noOrder":1}

[90mstdout[2m | tests/unit/bulk-portfolio-attach.test.ts
[22m[39m≡ƒº╣ Cleaning up test environment...
Γ£à Test cleanup complete

 [32mΓ£ô[39m tests/unit/bulk-portfolio-attach.test.ts[2m > [22mBulkPortfolioService.attachDocumentsToJob()[2m > [22muploads a file whose stem matches a CREATED row loan number[32m 31[2mms[22m[39m
 [32mΓ£ô[39m tests/unit/bulk-portfolio-attach.test.ts[2m > [22mBulkPortfolioService.attachDocumentsToJob()[2m > [22mrecords no-order (not failure) for a stem with no matching loan number[32m 5[2mms[22m[39m
 [32mΓ£ô[39m tests/unit/bulk-portfolio-attach.test.ts[2m > [22mBulkPortfolioService.attachDocumentsToJob()[2m > [22mmatches stems to loan numbers case-insensitively (lowercase stem vs uppercase loan)[32m 2[2mms[22m[39m
 [32mΓ£ô[39m tests/unit/bulk-portfolio-attach.test.ts[2m > [22mBulkPortfolioService.attachDocumentsToJob()[2m > [22mmatches stems to loan numbers case-insensitively (uppercase stem vs lowercase loan)[32m 2[2mms[22m[39m
 [32mΓ£ô[39m tests/unit/bulk-portfolio-attach.test.ts[2m > [22mBulkPortfolioService.attachDocumentsToJob()[2m > [22mcorrectly counts matched, unmatched, and total across a mixed file batch[32m 4[2mms[22m[39m
 [32mΓ£ô[39m tests/unit/bulk-portfolio-attach.test.ts[2m > [22mBulkPortfolioService.attachDocumentsToJob()[2m > [22mthrows when the job is not found[32m 4[2mms[22m[39m
 [32mΓ£ô[39m tests/unit/bulk-portfolio-attach.test.ts[2m > [22mBulkPortfolioService.attachDocumentsToJob()[2m > [22mthrows when the job is a TAPE_EVALUATION job (not ORDER_CREATION)[32m 1[2mms[22m[39m
 [32mΓ£ô[39m tests/unit/bulk-portfolio-attach.test.ts[2m > [22mBulkPortfolioService.attachDocumentsToJob()[2m > [22mrecords error status when uploadDocument returns success: false[32m 3[2mms[22m[39m
 [32mΓ£ô[39m tests/unit/bulk-portfolio-attach.test.ts[2m > [22mBulkPortfolioService.attachDocumentsToJob()[2m > [22mtreats FAILED rows as unmatched because they have no orderId in the map[32m 3[2mms[22m[39m
[90mstdout[2m | tests/event-driven-architecture.test.ts[2m > [22m[2mEvent-Driven Architecture
[22m[39m2026-03-11T03:59:17.205Z INFO [ServiceBusEventPublisher] No AZURE_SERVICE_BUS_NAMESPACE configured ΓÇö using mock Service Bus
2026-03-11T03:59:17.208Z INFO [ServiceBusEventSubscriber] No AZURE_SERVICE_BUS_NAMESPACE configured ΓÇö using mock Service Bus
2026-03-11T03:59:17.209Z INFO [ServiceBusEventSubscriber] No AZURE_SERVICE_BUS_NAMESPACE configured ΓÇö using mock Service Bus
2026-03-11T03:59:17.209Z INFO [ServiceBusEventPublisher] No AZURE_SERVICE_BUS_NAMESPACE configured ΓÇö using mock Service Bus
2026-03-11T03:59:17.210Z INFO [App] AzureCommunicationService: using API key credential
2026-03-11T03:59:17.224Z INFO [App] AzureCommunicationService: using API key credential
2026-03-11T03:59:17.231Z INFO [WebPubSubService] Initialized Web PubSub client for hub: appraisal-notifications (Managed Identity)
2026-03-11T03:59:17.231Z INFO [NotificationService] WebPubSub service initialized for real-time notifications
2026-03-11T03:59:17.232Z INFO [NotificationService] Added notification rule: order-created-notification for event type: order.created
2026-03-11T03:59:17.232Z INFO [NotificationService] Added notification rule: order-assigned-notification for event type: order.assigned
2026-03-11T03:59:17.232Z INFO [NotificationService] Added notification rule: qc-completed-notification for event type: qc.completed
2026-03-11T03:59:17.232Z INFO [NotificationService] Added notification rule: qc-critical-issue-notification for event type: qc.issue.detected
2026-03-11T03:59:17.232Z INFO [NotificationService] Added notification rule: system-alert-notification for event type: system.alert
2026-03-11T03:59:17.232Z INFO [NotificationService] Added notification rule: vendor-bid-sent-notification for event type: vendor.bid.sent
2026-03-11T03:59:17.233Z INFO [NotificationService] Added notification rule: vendor-assignment-exhausted-notification for event type: vendor.assignment.exhausted
2026-03-11T03:59:17.233Z INFO [NotificationService] Added notification rule: review-assignment-requested-notification for event type: review.assignment.requested
2026-03-11T03:59:17.233Z INFO [NotificationService] Added notification rule: review-assigned-notification for event type: review.assigned
2026-03-11T03:59:17.233Z INFO [NotificationService] Added notification rule: review-assignment-exhausted-notification for event type: review.assignment.exhausted
2026-03-11T03:59:17.233Z INFO [NotificationService] Set up 10 default notification rules
Initialized event-driven architecture components

[90mstdout[2m | tests/event-driven-architecture.test.ts[2m > [22m[2mEvent-Driven Architecture[2m > [22m[2mshould publish and process order created event
[22m[39m2026-03-11T03:59:17.238Z INFO [ServiceBusEventPublisher] Mock Service Bus: Creating sender for topic test-events

[90mstdout[2m | tests/event-driven-architecture.test.ts[2m > [22m[2mEvent-Driven Architecture[2m > [22m[2mshould publish and process order created event
[22m[39m2026-03-11T03:59:17.239Z INFO [ServiceBusEventPublisher] Mock Service Bus: Publishing 1 messages
2026-03-11T03:59:17.239Z INFO [ServiceBusEventPublisher] Mock Message 1: {"subject":"order.created","body":"{\"id\":\"test-order-1773201557238\",\"type\":\"order.created\",\"timestamp\":\"2026-03-11T03:59:17.238Z\",\"sour...","applicationProperties":{"eventType":"order.created","category":"order","priority":"normal","source":"order-service","correlationId":""}}

[90mstdout[2m | tests/event-driven-architecture.test.ts[2m > [22m[2mEvent-Driven Architecture[2m > [22m[2mshould publish and process order created event
[22m[39m2026-03-11T03:59:17.240Z INFO [ServiceBusEventPublisher] Published event: order.created {"eventId":"test-order-1773201557238"}

[90mstdout[2m | tests/event-driven-architecture.test.ts[2m > [22m[2mEvent-Driven Architecture[2m > [22m[2mshould publish and process order created event
[22m[39mPublished order created event: {
  id: [32m'test-order-1773201557238'[39m,
  type: [32m'order.created'[39m,
  orderId: [32m'ORD-12345'[39m
}

[90mstdout[2m | tests/integration/database-real.test.ts[2m > [22m[2mCosmos DB Real Integration Tests
[22m[39mΓ£à Database initialization complete

 [32mΓ£ô[39m tests/integration/database-real.test.ts[2m > [22mCosmos DB Real Integration Tests[2m > [22mDatabase Connection & Health[2m > [22mshould connect to Cosmos DB successfully[32m 5[2mms[22m[39m
[90mstdout[2m | tests/event-driven-architecture.test.ts[2m > [22m[2mEvent-Driven Architecture[2m > [22m[2mshould publish and process QC completed event
[22m[39m2026-03-11T03:59:18.306Z INFO [ServiceBusEventPublisher] Mock Service Bus: Publishing 1 messages
2026-03-11T03:59:18.306Z INFO [ServiceBusEventPublisher] Mock Message 1: {"subject":"qc.completed","body":"{\"id\":\"test-qc-1773201558305\",\"type\":\"qc.completed\",\"timestamp\":\"2026-03-11T03:59:18.305Z\",\"source\":...","applicationProperties":{"eventType":"qc.completed","category":"qc","priority":"high","source":"qc-service","correlationId":""}}

[90mstdout[2m | tests/event-driven-architecture.test.ts[2m > [22m[2mEvent-Driven Architecture[2m > [22m[2mshould publish and process QC completed event
[22m[39m2026-03-11T03:59:18.307Z INFO [ServiceBusEventPublisher] Published event: qc.completed {"eventId":"test-qc-1773201558305"}

[90mstdout[2m | tests/event-driven-architecture.test.ts[2m > [22m[2mEvent-Driven Architecture[2m > [22m[2mshould publish and process QC completed event
[22m[39mPublished QC completed event: {
  id: [32m'test-qc-1773201558305'[39m,
  type: [32m'qc.completed'[39m,
  result: [32m'passed'[39m,
  score: [33m95[39m
}

 [32mΓ£ô[39m tests/event-driven-architecture.test.ts[2m > [22mEvent-Driven Architecture[2m > [22mshould publish and process order created event[33m 1067[2mms[22m[39m
[90mstdout[2m | tests/event-driven-architecture.test.ts[2m > [22m[2mEvent-Driven Architecture[2m > [22m[2mshould publish batch of events
[22m[39m2026-03-11T03:59:19.314Z INFO [ServiceBusEventPublisher] Mock Service Bus: Publishing 2 messages
2026-03-11T03:59:19.314Z INFO [ServiceBusEventPublisher] Mock Message 1: {"subject":"system.alert","body":"{\"id\":\"test-system-1-1773201559313\",\"type\":\"system.alert\",\"timestamp\":\"2026-03-11T03:59:19.313Z\",\"so...","applicationProperties":{"eventType":"system.alert","category":"system","priority":"normal","source":"monitoring-service","correlationId":""}}
2026-03-11T03:59:19.314Z INFO [ServiceBusEventPublisher] Mock Message 2: {"subject":"system.alert","body":"{\"id\":\"test-system-2-1773201559313\",\"type\":\"system.alert\",\"timestamp\":\"2026-03-11T03:59:19.313Z\",\"so...","applicationProperties":{"eventType":"system.alert","category":"system","priority":"low","source":"database-service","correlationId":""}}

[90mstdout[2m | tests/event-driven-architecture.test.ts[2m > [22m[2mEvent-Driven Architecture[2m > [22m[2mshould publish batch of events
[22m[39m2026-03-11T03:59:19.315Z INFO [ServiceBusEventPublisher] Published batch of 2 events

[90mstdout[2m | tests/event-driven-architecture.test.ts[2m > [22m[2mEvent-Driven Architecture[2m > [22m[2mshould publish batch of events
[22m[39mPublished batch of system alert events: { eventCount: [33m2[39m, eventTypes: [ [32m'system.alert'[39m, [32m'system.alert'[39m ] }

 [32mΓ£ô[39m tests/event-driven-architecture.test.ts[2m > [22mEvent-Driven Architecture[2m > [22mshould publish and process QC completed event[33m 1010[2mms[22m[39m
[90mstdout[2m | tests/unit/bulk-portfolio-patch.test.ts
[22m[39m≡ƒº¬ Setting up test environment...
Γ£à Test environment ready

[90mstdout[2m | tests/unit/bulk-portfolio-patch.test.ts[2m > [22m[2mBulkPortfolioService.patchReviewResult()[2m > [22m[2msets reviewerNotes on the returned result
[22m[39m2026-03-11T03:59:19.559Z INFO [App] Review result patched {"jobId":"job-001","loanNumber":"LN-001","patchedBy":"reviewer-1","hasOverride":false}

[90mstdout[2m | tests/unit/bulk-portfolio-patch.test.ts[2m > [22m[2mBulkPortfolioService.patchReviewResult()[2m > [22m[2msets overrideDecision, overrideReason, overriddenAt, overriddenBy
[22m[39m2026-03-11T03:59:19.563Z INFO [App] Review result patched {"jobId":"job-001","loanNumber":"LN-001","patchedBy":"reviewer-1","hasOverride":true}

[90mstdout[2m | tests/unit/bulk-portfolio-patch.test.ts[2m > [22m[2mBulkPortfolioService.patchReviewResult()[2m > [22m[2mclears all override fields when overrideDecision is null
[22m[39m2026-03-11T03:59:19.565Z INFO [App] Review result patched {"jobId":"job-001","loanNumber":"LN-001","patchedBy":"reviewer-1","hasOverride":false}

[90mstdout[2m | tests/unit/bulk-portfolio-patch.test.ts[2m > [22m[2mBulkPortfolioService.patchReviewResult()[2m > [22m[2mleaves computedDecision unchanged when only reviewerNotes is patched
[22m[39m2026-03-11T03:59:19.567Z INFO [App] Review result patched {"jobId":"job-001","loanNumber":"LN-001","patchedBy":"reviewer-1","hasOverride":false}

[90mstdout[2m | tests/unit/bulk-portfolio-patch.test.ts[2m > [22m[2mBulkPortfolioService.patchReviewResult()[2m > [22m[2mwrites the patched result back to the in-memory store
[22m[39m2026-03-11T03:59:19.569Z INFO [App] Review result patched {"jobId":"job-001","loanNumber":"LN-001","patchedBy":"reviewer-1","hasOverride":true}

[90mstdout[2m | tests/unit/bulk-portfolio-patch.test.ts[2m > [22m[2mBulkPortfolioService.patchReviewResult()[2m > [22m[2mdoes NOT require overrideReason when clearing the override (overrideDecision: null)
[22m[39m2026-03-11T03:59:19.578Z INFO [App] Review result patched {"jobId":"job-001","loanNumber":"LN-001","patchedBy":"reviewer-1","hasOverride":false}

[90mstdout[2m | tests/unit/bulk-portfolio-patch.test.ts
[22m[39m≡ƒº╣ Cleaning up test environment...
Γ£à Test cleanup complete

 [32mΓ£ô[39m tests/unit/bulk-portfolio-patch.test.ts[2m > [22mBulkPortfolioService.patchReviewResult()[2m > [22msets reviewerNotes on the returned result[32m 8[2mms[22m[39m
 [32mΓ£ô[39m tests/unit/bulk-portfolio-patch.test.ts[2m > [22mBulkPortfolioService.patchReviewResult()[2m > [22msets overrideDecision, overrideReason, overriddenAt, overriddenBy[32m 3[2mms[22m[39m
 [32mΓ£ô[39m tests/unit/bulk-portfolio-patch.test.ts[2m > [22mBulkPortfolioService.patchReviewResult()[2m > [22mclears all override fields when overrideDecision is null[32m 3[2mms[22m[39m
 [32mΓ£ô[39m tests/unit/bulk-portfolio-patch.test.ts[2m > [22mBulkPortfolioService.patchReviewResult()[2m > [22mleaves computedDecision unchanged when only reviewerNotes is patched[32m 1[2mms[22m[39m
 [32mΓ£ô[39m tests/unit/bulk-portfolio-patch.test.ts[2m > [22mBulkPortfolioService.patchReviewResult()[2m > [22mwrites the patched result back to the in-memory store[32m 1[2mms[22m[39m
 [32mΓ£ô[39m tests/unit/bulk-portfolio-patch.test.ts[2m > [22mBulkPortfolioService.patchReviewResult()[2m > [22mthrows when overrideDecision is set but overrideReason is absent[32m 5[2mms[22m[39m
 [32mΓ£ô[39m tests/unit/bulk-portfolio-patch.test.ts[2m > [22mBulkPortfolioService.patchReviewResult()[2m > [22mthrows when overrideDecision is set but overrideReason is whitespace-only[32m 1[2mms[22m[39m
 [32mΓ£ô[39m tests/unit/bulk-portfolio-patch.test.ts[2m > [22mBulkPortfolioService.patchReviewResult()[2m > [22mdoes NOT require overrideReason when clearing the override (overrideDecision: null)[32m 3[2mms[22m[39m
 [32mΓ£ô[39m tests/unit/bulk-portfolio-patch.test.ts[2m > [22mBulkPortfolioService.patchReviewResult()[2m > [22mthrows when the job is not found[32m 1[2mms[22m[39m
 [32mΓ£ô[39m tests/unit/bulk-portfolio-patch.test.ts[2m > [22mBulkPortfolioService.patchReviewResult()[2m > [22mthrows when the job is not a tape evaluation job[32m 1[2mms[22m[39m
 [32mΓ£ô[39m tests/unit/bulk-portfolio-patch.test.ts[2m > [22mBulkPortfolioService.patchReviewResult()[2m > [22mthrows when the loan number is not present in the job[32m 3[2mms[22m[39m
[90mstdout[2m | tests/qc-workflow-e2e.test.ts
[22m[39m2026-03-11T03:59:20.228Z INFO [App] Universal AI Service initialized {"providers":["azure-openai","google-gemini","sambanova","certo"],"enabledProviders":["Azure OpenAI","Google Gemini"]}
2026-03-11T03:59:20.232Z INFO [App] AI Provider Routing Configuration {"textGeneration":"sambanova","vision":"google-gemini","embeddings":"azure-openai","qcAnalysis":"azure-openai","documentProcessing":"google-gemini","propertyDescription":"sambanova","marketInsights":"google-gemini"}
Γ£à Axiom live mode ΓÇö https://axiom-dev-api.ambitioushill-a89e4aa0.eastus.azurecontainerapps.io (no auth ΓÇö dev server)
2026-03-11T03:59:20.235Z INFO [WebPubSubService] Using local emulator mode for Web PubSub

[90mstdout[2m | tests/event-driven-architecture.test.ts[2m > [22m[2mEvent-Driven Architecture[2m > [22m[2mshould start and configure notification service
[22m[39m2026-03-11T03:59:20.329Z INFO [ServiceBusEventSubscriber] Subscribed to event type: order.created
2026-03-11T03:59:20.329Z INFO [ServiceBusEventSubscriber] Mock Service Bus: Creating receiver for topic appraisal-events, subscription notification-service

[90mstdout[2m | tests/event-driven-architecture.test.ts[2m > [22m[2mEvent-Driven Architecture[2m > [22m[2mshould start and configure notification service
[22m[39m2026-03-11T03:59:20.330Z INFO [ServiceBusEventSubscriber] Mock Service Bus: Started subscription
2026-03-11T03:59:20.330Z INFO [ServiceBusEventSubscriber] Started listening for Service Bus messages

[90mstdout[2m | tests/event-driven-architecture.test.ts[2m > [22m[2mEvent-Driven Architecture[2m > [22m[2mshould start and configure notification service
[22m[39m2026-03-11T03:59:20.330Z INFO [ServiceBusEventSubscriber] Subscribed to event type: order.assigned

[90mstdout[2m | tests/event-driven-architecture.test.ts[2m > [22m[2mEvent-Driven Architecture[2m > [22m[2mshould start and configure notification service
[22m[39m2026-03-11T03:59:20.331Z INFO [ServiceBusEventSubscriber] Subscribed to event type: qc.completed

[90mstdout[2m | tests/event-driven-architecture.test.ts[2m > [22m[2mEvent-Driven Architecture[2m > [22m[2mshould start and configure notification service
[22m[39m2026-03-11T03:59:20.331Z INFO [ServiceBusEventSubscriber] Subscribed to event type: qc.issue.detected

[90mstdout[2m | tests/event-driven-architecture.test.ts[2m > [22m[2mEvent-Driven Architecture[2m > [22m[2mshould start and configure notification service
[22m[39m2026-03-11T03:59:20.331Z INFO [ServiceBusEventSubscriber] Subscribed to event type: system.alert

[90mstdout[2m | tests/event-driven-architecture.test.ts[2m > [22m[2mEvent-Driven Architecture[2m > [22m[2mshould start and configure notification service
[22m[39m2026-03-11T03:59:20.331Z INFO [ServiceBusEventSubscriber] Subscribed to event type: vendor.bid.sent

[90mstdout[2m | tests/event-driven-architecture.test.ts[2m > [22m[2mEvent-Driven Architecture[2m > [22m[2mshould start and configure notification service
[22m[39m2026-03-11T03:59:20.331Z INFO [ServiceBusEventSubscriber] Subscribed to event type: vendor.assignment.exhausted

[90mstdout[2m | tests/event-driven-architecture.test.ts[2m > [22m[2mEvent-Driven Architecture[2m > [22m[2mshould start and configure notification service
[22m[39m2026-03-11T03:59:20.331Z INFO [ServiceBusEventSubscriber] Subscribed to event type: review.assignment.requested

[90mstdout[2m | tests/event-driven-architecture.test.ts[2m > [22m[2mEvent-Driven Architecture[2m > [22m[2mshould start and configure notification service
[22m[39m2026-03-11T03:59:20.331Z INFO [ServiceBusEventSubscriber] Subscribed to event type: review.assigned

[90mstdout[2m | tests/event-driven-architecture.test.ts[2m > [22m[2mEvent-Driven Architecture[2m > [22m[2mshould start and configure notification service
[22m[39m2026-03-11T03:59:20.332Z INFO [ServiceBusEventSubscriber] Subscribed to event type: review.assignment.exhausted

[90mstdout[2m | tests/event-driven-architecture.test.ts[2m > [22m[2mEvent-Driven Architecture[2m > [22m[2mshould start and configure notification service
[22m[39m2026-03-11T03:59:20.332Z INFO [NotificationService] Notification service started, subscribed to 10 event types

[90mstdout[2m | tests/event-driven-architecture.test.ts[2m > [22m[2mEvent-Driven Architecture[2m > [22m[2mshould start and configure notification service
[22m[39mNotification service subscription status: [
  { eventType: [32m'order.created'[39m, ruleCount: [33m1[39m },
  { eventType: [32m'order.assigned'[39m, ruleCount: [33m1[39m },
  { eventType: [32m'qc.completed'[39m, ruleCount: [33m1[39m },
  { eventType: [32m'qc.issue.detected'[39m, ruleCount: [33m1[39m },
  { eventType: [32m'system.alert'[39m, ruleCount: [33m1[39m },
  { eventType: [32m'vendor.bid.sent'[39m, ruleCount: [33m1[39m },
  { eventType: [32m'vendor.assignment.exhausted'[39m, ruleCount: [33m1[39m },
  { eventType: [32m'review.assignment.requested'[39m, ruleCount: [33m1[39m },
  { eventType: [32m'review.assigned'[39m, ruleCount: [33m1[39m },
  { eventType: [32m'review.assignment.exhausted'[39m, ruleCount: [33m1[39m }
]

[90mstdout[2m | tests/event-driven-architecture.test.ts[2m > [22m[2mEvent-Driven Architecture[2m > [22m[2mshould add and remove notification rules
[22m[39m2026-03-11T03:59:20.336Z INFO [NotificationService] Added notification rule: test-custom-rule for event type: order.status.changed
2026-03-11T03:59:20.337Z INFO [NotificationService] Removed notification rule: test-custom-rule
Successfully added and removed custom notification rule

[90mstdout[2m | tests/comprehensive-api.test.ts
[22m[39m2026-03-11T03:59:20.343Z INFO [App] Universal AI Service initialized {"providers":["azure-openai","google-gemini","sambanova","certo"],"enabledProviders":["Azure OpenAI","Google Gemini"]}
2026-03-11T03:59:20.347Z INFO [App] AI Provider Routing Configuration {"textGeneration":"sambanova","vision":"google-gemini","embeddings":"azure-openai","qcAnalysis":"azure-openai","documentProcessing":"google-gemini","propertyDescription":"sambanova","marketInsights":"google-gemini"}
Γ£à Axiom live mode ΓÇö https://axiom-dev-api.ambitioushill-a89e4aa0.eastus.azurecontainerapps.io (no auth ΓÇö dev server)
2026-03-11T03:59:20.350Z INFO [WebPubSubService] Using local emulator mode for Web PubSub

[90mstdout[2m | tests/integration/manual-api.test.ts
[22m[39m2026-03-11T03:59:20.342Z INFO [App] Universal AI Service initialized {"providers":["azure-openai","google-gemini","sambanova","certo"],"enabledProviders":["Azure OpenAI","Google Gemini"]}
2026-03-11T03:59:20.347Z INFO [App] AI Provider Routing Configuration {"textGeneration":"sambanova","vision":"google-gemini","embeddings":"azure-openai","qcAnalysis":"azure-openai","documentProcessing":"google-gemini","propertyDescription":"sambanova","marketInsights":"google-gemini"}
Γ£à Axiom live mode ΓÇö https://axiom-dev-api.ambitioushill-a89e4aa0.eastus.azurecontainerapps.io (no auth ΓÇö dev server)
2026-03-11T03:59:20.351Z INFO [WebPubSubService] Using local emulator mode for Web PubSub

[90mstdout[2m | tests/integration/live-api.test.ts
[22m[39m2026-03-11T03:59:20.354Z INFO [App] Universal AI Service initialized {"providers":["azure-openai","google-gemini","sambanova","certo"],"enabledProviders":["Azure OpenAI","Google Gemini"]}
2026-03-11T03:59:20.357Z INFO [App] AI Provider Routing Configuration {"textGeneration":"sambanova","vision":"google-gemini","embeddings":"azure-openai","qcAnalysis":"azure-openai","documentProcessing":"google-gemini","propertyDescription":"sambanova","marketInsights":"google-gemini"}
Γ£à Axiom live mode ΓÇö https://axiom-dev-api.ambitioushill-a89e4aa0.eastus.azurecontainerapps.io (no auth ΓÇö dev server)
2026-03-11T03:59:20.361Z INFO [WebPubSubService] Using local emulator mode for Web PubSub

[90mstdout[2m | tests/integration/real-api-validation.test.ts
[22m[39m2026-03-11T03:59:20.355Z INFO [App] Universal AI Service initialized {"providers":["azure-openai","google-gemini","sambanova","certo"],"enabledProviders":["Azure OpenAI","Google Gemini"]}
2026-03-11T03:59:20.359Z INFO [App] AI Provider Routing Configuration {"textGeneration":"sambanova","vision":"google-gemini","embeddings":"azure-openai","qcAnalysis":"azure-openai","documentProcessing":"google-gemini","propertyDescription":"sambanova","marketInsights":"google-gemini"}
Γ£à Axiom live mode ΓÇö https://axiom-dev-api.ambitioushill-a89e4aa0.eastus.azurecontainerapps.io (no auth ΓÇö dev server)
2026-03-11T03:59:20.362Z INFO [WebPubSubService] Using local emulator mode for Web PubSub

[90mstdout[2m | tests/integration/api.test.ts
[22m[39m2026-03-11T03:59:20.353Z INFO [App] Universal AI Service initialized {"providers":["azure-openai","google-gemini","sambanova","certo"],"enabledProviders":["Azure OpenAI","Google Gemini"]}
2026-03-11T03:59:20.357Z INFO [App] AI Provider Routing Configuration {"textGeneration":"sambanova","vision":"google-gemini","embeddings":"azure-openai","qcAnalysis":"azure-openai","documentProcessing":"google-gemini","propertyDescription":"sambanova","marketInsights":"google-gemini"}
Γ£à Axiom live mode ΓÇö https://axiom-dev-api.ambitioushill-a89e4aa0.eastus.azurecontainerapps.io (no auth ΓÇö dev server)
2026-03-11T03:59:20.361Z INFO [WebPubSubService] Using local emulator mode for Web PubSub

[90mstdout[2m | tests/integration/performance.test.ts
[22m[39m2026-03-11T03:59:20.359Z INFO [App] Universal AI Service initialized {"providers":["azure-openai","google-gemini","sambanova","certo"],"enabledProviders":["Azure OpenAI","Google Gemini"]}
2026-03-11T03:59:20.364Z INFO [App] AI Provider Routing Configuration {"textGeneration":"sambanova","vision":"google-gemini","embeddings":"azure-openai","qcAnalysis":"azure-openai","documentProcessing":"google-gemini","propertyDescription":"sambanova","marketInsights":"google-gemini"}
Γ£à Axiom live mode ΓÇö https://axiom-dev-api.ambitioushill-a89e4aa0.eastus.azurecontainerapps.io (no auth ΓÇö dev server)
2026-03-11T03:59:20.368Z INFO [WebPubSubService] Using local emulator mode for Web PubSub

[90mstdout[2m | tests/integration/external-services-fixed.test.ts
[22m[39m2026-03-11T03:59:20.367Z INFO [App] Universal AI Service initialized {"providers":["azure-openai","google-gemini","sambanova","certo"],"enabledProviders":["Azure OpenAI","Google Gemini"]}
2026-03-11T03:59:20.370Z INFO [App] AI Provider Routing Configuration {"textGeneration":"sambanova","vision":"google-gemini","embeddings":"azure-openai","qcAnalysis":"azure-openai","documentProcessing":"google-gemini","propertyDescription":"sambanova","marketInsights":"google-gemini"}
Γ£à Axiom live mode ΓÇö https://axiom-dev-api.ambitioushill-a89e4aa0.eastus.azurecontainerapps.io (no auth ΓÇö dev server)
2026-03-11T03:59:20.373Z INFO [WebPubSubService] Using local emulator mode for Web PubSub

[90mstdout[2m | tests/integration/production-api.test.ts
[22m[39m2026-03-11T03:59:20.362Z INFO [App] Universal AI Service initialized {"providers":["azure-openai","google-gemini","sambanova","certo"],"enabledProviders":["Azure OpenAI","Google Gemini"]}
2026-03-11T03:59:20.370Z INFO [App] AI Provider Routing Configuration {"textGeneration":"sambanova","vision":"google-gemini","embeddings":"azure-openai","qcAnalysis":"azure-openai","documentProcessing":"google-gemini","propertyDescription":"sambanova","marketInsights":"google-gemini"}
Γ£à Axiom live mode ΓÇö https://axiom-dev-api.ambitioushill-a89e4aa0.eastus.azurecontainerapps.io (no auth ΓÇö dev server)
2026-03-11T03:59:20.374Z INFO [WebPubSubService] Using local emulator mode for Web PubSub

[90mstdout[2m | tests/integration/minimal-server.test.ts
[22m[39m2026-03-11T03:59:20.366Z INFO [App] Universal AI Service initialized {"providers":["azure-openai","google-gemini","sambanova","certo"],"enabledProviders":["Azure OpenAI","Google Gemini"]}
2026-03-11T03:59:20.370Z INFO [App] AI Provider Routing Configuration {"textGeneration":"sambanova","vision":"google-gemini","embeddings":"azure-openai","qcAnalysis":"azure-openai","documentProcessing":"google-gemini","propertyDescription":"sambanova","marketInsights":"google-gemini"}
Γ£à Axiom live mode ΓÇö https://axiom-dev-api.ambitioushill-a89e4aa0.eastus.azurecontainerapps.io (no auth ΓÇö dev server)
2026-03-11T03:59:20.375Z INFO [WebPubSubService] Using local emulator mode for Web PubSub

[90mstdout[2m | tests/integration/comprehensive-api.test.ts
[22m[39m2026-03-11T03:59:20.374Z INFO [App] Universal AI Service initialized {"providers":["azure-openai","google-gemini","sambanova","certo"],"enabledProviders":["Azure OpenAI","Google Gemini"]}
2026-03-11T03:59:20.379Z INFO [App] AI Provider Routing Configuration {"textGeneration":"sambanova","vision":"google-gemini","embeddings":"azure-openai","qcAnalysis":"azure-openai","documentProcessing":"google-gemini","propertyDescription":"sambanova","marketInsights":"google-gemini"}
Γ£à Axiom live mode ΓÇö https://axiom-dev-api.ambitioushill-a89e4aa0.eastus.azurecontainerapps.io (no auth ΓÇö dev server)
2026-03-11T03:59:20.382Z INFO [WebPubSubService] Using local emulator mode for Web PubSub

[90mstdout[2m | tests/qc-api-integration.test.ts
[22m[39m2026-03-11T03:59:20.374Z INFO [App] Universal AI Service initialized {"providers":["azure-openai","google-gemini","sambanova","certo"],"enabledProviders":["Azure OpenAI","Google Gemini"]}
2026-03-11T03:59:20.380Z INFO [App] AI Provider Routing Configuration {"textGeneration":"sambanova","vision":"google-gemini","embeddings":"azure-openai","qcAnalysis":"azure-openai","documentProcessing":"google-gemini","propertyDescription":"sambanova","marketInsights":"google-gemini"}
Γ£à Axiom live mode ΓÇö https://axiom-dev-api.ambitioushill-a89e4aa0.eastus.azurecontainerapps.io (no auth ΓÇö dev server)
2026-03-11T03:59:20.385Z INFO [WebPubSubService] Using local emulator mode for Web PubSub

[90mstdout[2m | tests/integration/external-services.test.ts
[22m[39m2026-03-11T03:59:20.377Z INFO [App] Universal AI Service initialized {"providers":["azure-openai","google-gemini","sambanova","certo"],"enabledProviders":["Azure OpenAI","Google Gemini"]}
2026-03-11T03:59:20.382Z INFO [App] AI Provider Routing Configuration {"textGeneration":"sambanova","vision":"google-gemini","embeddings":"azure-openai","qcAnalysis":"azure-openai","documentProcessing":"google-gemini","propertyDescription":"sambanova","marketInsights":"google-gemini"}
Γ£à Axiom live mode ΓÇö https://axiom-dev-api.ambitioushill-a89e4aa0.eastus.azurecontainerapps.io (no auth ΓÇö dev server)
2026-03-11T03:59:20.385Z INFO [WebPubSubService] Using local emulator mode for Web PubSub

 [32mΓ£ô[39m tests/event-driven-architecture.test.ts[2m > [22mEvent-Driven Architecture[2m > [22mshould publish batch of events[33m 1016[2mms[22m[39m
 [32mΓ£ô[39m tests/event-driven-architecture.test.ts[2m > [22mEvent-Driven Architecture[2m > [22mshould start and configure notification service[32m 7[2mms[22m[39m
 [32mΓ£ô[39m tests/event-driven-architecture.test.ts[2m > [22mEvent-Driven Architecture[2m > [22mshould add and remove notification rules[32m 3[2mms[22m[39m
[90mstdout[2m | tests/comprehensive-crud.test.ts
[22m[39m≡ƒº¬ Setting up test environment...
Γ£à Test environment ready

[90mstdout[2m | tests/comprehensive-crud.test.ts[2m > [22m[2mComprehensive CRUD API Tests
[22m[39m2026-03-11T03:59:20.817Z INFO [App] Initializing Azure Cosmos DB connection with Managed Identity
2026-03-11T03:59:20.839Z INFO [App] Using Managed Identity for Cosmos DB authentication
2026-03-11T03:59:20.843Z INFO [App] Successfully connected to Azure Cosmos DB {"databaseId":"appraisal-management","endpoint":"https://appraisal-mgmt-staging-cosmos.documents.azure.com:443/"}

[90mstdout[2m | tests/comprehensive-crud.test.ts[2m > [22m[2mComprehensive CRUD API Tests[2m > [22m[2mProperty Management API[2m > [22m[2mshould create a new property
[22m[39m2026-03-11T03:59:20.853Z INFO [App] AzureCommunicationService: using API key credential
2026-03-11T03:59:20.855Z INFO [App] AzureCommunicationService: using API key credential
Γ£à Axiom live mode ΓÇö https://axiom-dev-api.ambitioushill-a89e4aa0.eastus.azurecontainerapps.io (no auth ΓÇö dev server)
2026-03-11T03:59:20.860Z INFO [WebPubSubService] Using local emulator mode for Web PubSub
2026-03-11T03:59:20.860Z INFO [App] AzureCommunicationService: using API key credential
2026-03-11T03:59:20.862Z INFO [App] AzureCommunicationService: using API key credential
2026-03-11T03:59:20.864Z INFO [App] AzureCommunicationService: using API key credential
2026-03-11T03:59:20.870Z INFO [App] Teams service initialized with Managed Identity
2026-03-11T03:59:20.884Z INFO [ServiceBusEventPublisher] Using Managed Identity for Service Bus authentication {"namespace":"appraisal-mgmt-staging-servicebus.servicebus.windows.net"}
2026-03-11T03:59:20.889Z INFO [ServiceBusEventPublisher] Using Managed Identity for Service Bus authentication {"namespace":"appraisal-mgmt-staging-servicebus.servicebus.windows.net"}
2026-03-11T03:59:20.892Z INFO [ServiceBusEventSubscriber] Using Managed Identity for Service Bus authentication {"namespace":"appraisal-mgmt-staging-servicebus.servicebus.windows.net"}
2026-03-11T03:59:20.927Z INFO [App] Property management routes configured

[90mstderr[2m | tests/comprehensive-crud.test.ts[2m > 
[22m[2mComprehensive CRUD API Tests[2m > [22m[2mProperty Management 
API[2m > [22m[2mshould create a new property
[22m[39m2026-03-11T03:59:20.851Z WARN [App] Azure Service Bus connection 
string not provided, using mock implementation

[90mstdout[2m | tests/comprehensive-crud.test.ts[2m > [22m[2mComprehensive CRUD API Tests[2m > [22m[2mProperty Management API[2m > [22m[2mshould create a new property
[22m[39m2026-03-11T03:59:21.008Z INFO [App] Creating new property {"body":{"address":{"streetAddress":"456 Test Avenue","city":"San Francisco","state":"CA","zipCode":"94103","county":"San Francisco","coordinates":{"latitude":37.7849,"longitude":-122.4094}},"details":{"propertyType":"single_family_residential","occupancy":"owner_occupied","yearBuilt":2020,"grossLivingArea":2800,"lotSize":7000,"bedrooms":4,"bathrooms":3.5,"stories":2,"garage":true,"pool":true,"features":["modern kitchen","hardwood floors","solar panels"],"condition":"excellent","viewType":"water","constructionType":"frame"},"metadata":{"notes":"Test property for API validation"}}}
2026-03-11T03:59:21.009Z INFO [App] Creating new property {"address":"456 Test Avenue, San Francisco","propertyType":"single_family_residential"}

[90mstdout[2m | tests/comprehensive-crud.test.ts[2m > [22m[2mComprehensive CRUD API Tests[2m > [22m[2mProperty Management API[2m > [22m[2mshould create a new property
[22m[39m2026-03-11T03:59:21.012Z INFO [App] Property created successfully {"propertyId":"prop_1773201561009_65a5ebplp"}

[90mstdout[2m | tests/comprehensive-crud.test.ts[2m > [22m[2mComprehensive CRUD API Tests[2m > [22m[2mProperty Management API[2m > [22m[2mshould create a new property
[22m[39m2026-03-11T03:59:21.013Z INFO [App] Property created successfully {"propertyId":"prop_1773201561009_65a5ebplp"}

[90mstdout[2m | tests/comprehensive-crud.test.ts[2m > [22m[2mComprehensive CRUD API Tests[2m > [22m[2mProperty Management API[2m > [22m[2mshould validate required fields when creating property
[22m[39m2026-03-11T03:59:21.039Z INFO [App] AzureCommunicationService: using API key credential
2026-03-11T03:59:21.040Z INFO [App] AzureCommunicationService: using API key credential
Γ£à Axiom live mode ΓÇö https://axiom-dev-api.ambitioushill-a89e4aa0.eastus.azurecontainerapps.io (no auth ΓÇö dev server)
2026-03-11T03:59:21.041Z INFO [WebPubSubService] Using local emulator mode for Web PubSub
2026-03-11T03:59:21.042Z INFO [App] AzureCommunicationService: using API key credential
2026-03-11T03:59:21.042Z INFO [App] AzureCommunicationService: using API key credential
2026-03-11T03:59:21.043Z INFO [App] AzureCommunicationService: using API key credential
2026-03-11T03:59:21.044Z INFO [App] Teams service initialized with Managed Identity
2026-03-11T03:59:21.046Z INFO [ServiceBusEventPublisher] Using Managed Identity for Service Bus authentication {"namespace":"appraisal-mgmt-staging-servicebus.servicebus.windows.net"}
2026-03-11T03:59:21.062Z INFO [ServiceBusEventPublisher] Using Managed Identity for Service Bus authentication {"namespace":"appraisal-mgmt-staging-servicebus.servicebus.windows.net"}
2026-03-11T03:59:21.064Z INFO [ServiceBusEventSubscriber] Using Managed Identity for Service Bus authentication {"namespace":"appraisal-mgmt-staging-servicebus.servicebus.windows.net"}
2026-03-11T03:59:21.088Z INFO [App] Property management routes configured

[90mstderr[2m | tests/comprehensive-crud.test.ts[2m > 
[22m[2mComprehensive CRUD API Tests[2m > [22m[2mProperty Management 
API[2m > [22m[2mshould validate required fields when creating property
[22m[39m2026-03-11T03:59:21.039Z WARN [App] Azure Service Bus connection 
string not provided, using mock implementation

[90mstdout[2m | tests/comprehensive-crud.test.ts[2m > [22m[2mComprehensive CRUD API Tests[2m > [22m[2mProperty Management API[2m > [22m[2mshould validate required fields when creating property
[22m[39m2026-03-11T03:59:21.116Z INFO [App] Creating new property {"body":{"address":{"streetAddress":"Test Street"},"details":{}}}

[90mstdout[2m | tests/comprehensive-crud.test.ts[2m > [22m[2mComprehensive CRUD API Tests[2m > [22m[2mProperty Management API[2m > [22m[2mshould retrieve property by ID
[22m[39m2026-03-11T03:59:21.132Z INFO [App] AzureCommunicationService: using API key credential
2026-03-11T03:59:21.132Z INFO [App] AzureCommunicationService: using API key credential
Γ£à Axiom live mode ΓÇö https://axiom-dev-api.ambitioushill-a89e4aa0.eastus.azurecontainerapps.io (no auth ΓÇö dev server)
2026-03-11T03:59:21.133Z INFO [WebPubSubService] Using local emulator mode for Web PubSub
2026-03-11T03:59:21.133Z INFO [App] AzureCommunicationService: using API key credential
2026-03-11T03:59:21.134Z INFO [App] AzureCommunicationService: using API key credential
2026-03-11T03:59:21.134Z INFO [App] AzureCommunicationService: using API key credential
2026-03-11T03:59:21.135Z INFO [App] Teams service initialized with Managed Identity
2026-03-11T03:59:21.136Z INFO [ServiceBusEventPublisher] Using Managed Identity for Service Bus authentication {"namespace":"appraisal-mgmt-staging-servicebus.servicebus.windows.net"}
2026-03-11T03:59:21.138Z INFO [ServiceBusEventPublisher] Using Managed Identity for Service Bus authentication {"namespace":"appraisal-mgmt-staging-servicebus.servicebus.windows.net"}
2026-03-11T03:59:21.141Z INFO [ServiceBusEventSubscriber] Using Managed Identity for Service Bus authentication {"namespace":"appraisal-mgmt-staging-servicebus.servicebus.windows.net"}
2026-03-11T03:59:21.168Z INFO [App] Property management routes configured

[90mstderr[2m | tests/comprehensive-crud.test.ts[2m > 
[22m[2mComprehensive CRUD API Tests[2m > [22m[2mProperty Management 
API[2m > [22m[2mshould retrieve property by ID
[22m[39m2026-03-11T03:59:21.131Z WARN [App] Azure Service Bus connection 
string not provided, using mock implementation

 [32mΓ£ô[39m tests/comprehensive-crud.test.ts[2m > [22mComprehensive CRUD API Tests[2m > [22mProperty Management API[2m > [22mshould create a new property[32m 192[2mms[22m[39m
 [32mΓ£ô[39m tests/comprehensive-crud.test.ts[2m > [22mComprehensive CRUD API Tests[2m > [22mProperty Management API[2m > [22mshould validate required fields when creating property[32m 93[2mms[22m[39m
[90mstdout[2m | tests/comprehensive-crud.test.ts[2m > [22m[2mComprehensive CRUD API Tests[2m > [22m[2mProperty Management API[2m > [22m[2mshould retrieve property by ID
[22m[39m2026-03-11T03:59:21.180Z INFO [App] Creating new property {"body":{"address":{"streetAddress":"456 Test Avenue","city":"San Francisco","state":"CA","zipCode":"94103","county":"San Francisco","coordinates":{"latitude":37.7849,"longitude":-122.4094}},"details":{"propertyType":"single_family_residential","occupancy":"owner_occupied","yearBuilt":2020,"grossLivingArea":2800,"lotSize":7000,"bedrooms":4,"bathrooms":3.5,"stories":2,"garage":true,"pool":true,"features":["modern kitchen","hardwood floors","solar panels"],"condition":"excellent","viewType":"water","constructionType":"frame"},"metadata":{"notes":"Test property for API validation"}}}
2026-03-11T03:59:21.180Z INFO [App] Creating new property {"address":"456 Test Avenue, San Francisco","propertyType":"single_family_residential"}

[90mstdout[2m | tests/comprehensive-crud.test.ts[2m > [22m[2mComprehensive CRUD API Tests[2m > [22m[2mProperty Management API[2m > [22m[2mshould retrieve property by ID
[22m[39m2026-03-11T03:59:21.180Z INFO [App] Property created successfully {"propertyId":"prop_1773201561180_dnhhf1i28"}

[90mstdout[2m | tests/comprehensive-crud.test.ts[2m > [22m[2mComprehensive CRUD API Tests[2m > [22m[2mProperty Management API[2m > [22m[2mshould retrieve property by ID
[22m[39m2026-03-11T03:59:21.181Z INFO [App] Property created successfully {"propertyId":"prop_1773201561180_dnhhf1i28"}

[90mstdout[2m | tests/comprehensive-crud.test.ts[2m > [22m[2mComprehensive CRUD API Tests[2m > [22m[2mProperty Management API[2m > [22m[2mshould retrieve property by ID
[22m[39m2026-03-11T03:59:21.201Z INFO [App] Retrieving property by ID {"propertyId":"prop_1773201561180_dnhhf1i28","includeHistory":false}
2026-03-11T03:59:21.202Z INFO [App] Retrieving property by ID {"propertyId":"prop_1773201561180_dnhhf1i28","includeHistory":false}

[90mstdout[2m | tests/comprehensive-crud.test.ts[2m > [22m[2mComprehensive CRUD API Tests[2m > [22m[2mProperty Management API[2m > [22m[2mshould retrieve property by ID
[22m[39m2026-03-11T03:59:21.203Z INFO [App] Property retrieved successfully {"propertyId":"prop_1773201561180_dnhhf1i28"}

[90mstdout[2m | tests/comprehensive-crud.test.ts[2m > [22m[2mComprehensive CRUD API Tests[2m > [22m[2mProperty Management API[2m > [22m[2mshould update property details
[22m[39m2026-03-11T03:59:21.217Z INFO [App] AzureCommunicationService: using API key credential
2026-03-11T03:59:21.220Z INFO [App] AzureCommunicationService: using API key credential
Γ£à Axiom live mode ΓÇö https://axiom-dev-api.ambitioushill-a89e4aa0.eastus.azurecontainerapps.io (no auth ΓÇö dev server)
2026-03-11T03:59:21.222Z INFO [WebPubSubService] Using local emulator mode for Web PubSub
2026-03-11T03:59:21.223Z INFO [App] AzureCommunicationService: using API key credential
2026-03-11T03:59:21.223Z INFO [App] AzureCommunicationService: using API key credential
2026-03-11T03:59:21.224Z INFO [App] AzureCommunicationService: using API key credential
2026-03-11T03:59:21.225Z INFO [App] Teams service initialized with Managed Identity
2026-03-11T03:59:21.227Z INFO [ServiceBusEventPublisher] Using Managed Identity for Service Bus authentication {"namespace":"appraisal-mgmt-staging-servicebus.servicebus.windows.net"}
2026-03-11T03:59:21.228Z INFO [ServiceBusEventPublisher] Using Managed Identity for Service Bus authentication {"namespace":"appraisal-mgmt-staging-servicebus.servicebus.windows.net"}
2026-03-11T03:59:21.229Z INFO [ServiceBusEventSubscriber] Using Managed Identity for Service Bus authentication {"namespace":"appraisal-mgmt-staging-servicebus.servicebus.windows.net"}
2026-03-11T03:59:21.248Z INFO [App] Property management routes configured

[90mstderr[2m | tests/comprehensive-crud.test.ts[2m > 
[22m[2mComprehensive CRUD API Tests[2m > [22m[2mProperty Management 
API[2m > [22m[2mshould update property details
[22m[39m2026-03-11T03:59:21.217Z WARN [App] Azure Service Bus connection 
string not provided, using mock implementation

[90mstdout[2m | tests/comprehensive-crud.test.ts[2m > [22m[2mComprehensive CRUD API Tests[2m > [22m[2mProperty Management API[2m > [22m[2mshould update property details
[22m[39m2026-03-11T03:59:21.258Z INFO [App] Creating new property {"body":{"address":{"streetAddress":"456 Test Avenue","city":"San Francisco","state":"CA","zipCode":"94103","county":"San Francisco","coordinates":{"latitude":37.7849,"longitude":-122.4094}},"details":{"propertyType":"single_family_residential","occupancy":"owner_occupied","yearBuilt":2020,"grossLivingArea":2800,"lotSize":7000,"bedrooms":4,"bathrooms":3.5,"stories":2,"garage":true,"pool":true,"features":["modern kitchen","hardwood floors","solar panels"],"condition":"excellent","viewType":"water","constructionType":"frame"},"metadata":{"notes":"Test property for API validation"}}}
2026-03-11T03:59:21.258Z INFO [App] Creating new property {"address":"456 Test Avenue, San Francisco","propertyType":"single_family_residential"}

[90mstdout[2m | tests/comprehensive-crud.test.ts[2m > [22m[2mComprehensive CRUD API Tests[2m > [22m[2mProperty Management API[2m > [22m[2mshould update property details
[22m[39m2026-03-11T03:59:21.259Z INFO [App] Property created successfully {"propertyId":"prop_1773201561258_2326ihxww"}

[90mstdout[2m | tests/comprehensive-crud.test.ts[2m > [22m[2mComprehensive CRUD API Tests[2m > [22m[2mProperty Management API[2m > [22m[2mshould update property details
[22m[39m2026-03-11T03:59:21.259Z INFO [App] Property created successfully {"propertyId":"prop_1773201561258_2326ihxww"}

[90mstdout[2m | tests/comprehensive-crud.test.ts[2m > [22m[2mComprehensive CRUD API Tests[2m > [22m[2mProperty Management API[2m > [22m[2mshould update property details
[22m[39m2026-03-11T03:59:21.274Z INFO [App] Updating property {"propertyId":"prop_1773201561258_2326ihxww","updates":{"details":{"yearBuilt":2021,"features":["updated kitchen","new flooring"]}}}
2026-03-11T03:59:21.274Z INFO [App] Updating property {"propertyId":"prop_1773201561258_2326ihxww","updateKeys":["details"]}

[90mstdout[2m | tests/comprehensive-crud.test.ts[2m > [22m[2mComprehensive CRUD API Tests[2m > [22m[2mProperty Management API[2m > [22m[2mshould update property details
[22m[39m2026-03-11T03:59:21.275Z INFO [App] Property updated successfully {"propertyId":"prop_1773201561258_2326ihxww"}

[90mstdout[2m | tests/comprehensive-crud.test.ts[2m > [22m[2mComprehensive CRUD API Tests[2m > [22m[2mProperty Management API[2m > [22m[2mshould update property details
[22m[39m2026-03-11T03:59:21.275Z INFO [App] Property updated successfully {"propertyId":"prop_1773201561258_2326ihxww"}

 [32mΓ£ô[39m tests/comprehensive-crud.test.ts[2m > [22mComprehensive CRUD API Tests[2m > [22mProperty Management API[2m > [22mshould retrieve property by ID[32m 85[2mms[22m[39m
[90mstdout[2m | tests/comprehensive-crud.test.ts[2m > [22m[2mComprehensive CRUD API Tests[2m > [22m[2mProperty Management API[2m > [22m[2mshould delete property
[22m[39m2026-03-11T03:59:21.283Z INFO [App] AzureCommunicationService: using API key credential
2026-03-11T03:59:21.283Z INFO [App] AzureCommunicationService: using API key credential
Γ£à Axiom live mode ΓÇö https://axiom-dev-api.ambitioushill-a89e4aa0.eastus.azurecontainerapps.io (no auth ΓÇö dev server)
2026-03-11T03:59:21.286Z INFO [WebPubSubService] Using local emulator mode for Web PubSub
2026-03-11T03:59:21.286Z INFO [App] AzureCommunicationService: using API key credential
2026-03-11T03:59:21.287Z INFO [App] AzureCommunicationService: using API key credential
2026-03-11T03:59:21.288Z INFO [App] AzureCommunicationService: using API key credential
2026-03-11T03:59:21.289Z INFO [App] Teams service initialized with Managed Identity
2026-03-11T03:59:21.292Z INFO [ServiceBusEventPublisher] Using Managed Identity for Service Bus authentication {"namespace":"appraisal-mgmt-staging-servicebus.servicebus.windows.net"}
2026-03-11T03:59:21.294Z INFO [ServiceBusEventPublisher] Using Managed Identity for Service Bus authentication {"namespace":"appraisal-mgmt-staging-servicebus.servicebus.windows.net"}
2026-03-11T03:59:21.295Z INFO [ServiceBusEventSubscriber] Using Managed Identity for Service Bus authentication {"namespace":"appraisal-mgmt-staging-servicebus.servicebus.windows.net"}
2026-03-11T03:59:21.312Z INFO [App] Property management routes configured

[90mstderr[2m | tests/comprehensive-crud.test.ts[2m > 
[22m[2mComprehensive CRUD API Tests[2m > [22m[2mProperty Management 
API[2m > [22m[2mshould delete property
[22m[39m2026-03-11T03:59:21.282Z WARN [App] Azure Service Bus connection 
string not provided, using mock implementation

[90mstdout[2m | tests/comprehensive-crud.test.ts[2m > [22m[2mComprehensive CRUD API Tests[2m > [22m[2mProperty Management API[2m > [22m[2mshould delete property
[22m[39m2026-03-11T03:59:21.327Z INFO [App] Creating new property {"body":{"address":{"streetAddress":"456 Test Avenue","city":"San Francisco","state":"CA","zipCode":"94103","county":"San Francisco","coordinates":{"latitude":37.7849,"longitude":-122.4094}},"details":{"propertyType":"single_family_residential","occupancy":"owner_occupied","yearBuilt":2020,"grossLivingArea":2800,"lotSize":7000,"bedrooms":4,"bathrooms":3.5,"stories":2,"garage":true,"pool":true,"features":["modern kitchen","hardwood floors","solar panels"],"condition":"excellent","viewType":"water","constructionType":"frame"},"metadata":{"notes":"Test property for API validation"}}}
2026-03-11T03:59:21.327Z INFO [App] Creating new property {"address":"456 Test Avenue, San Francisco","propertyType":"single_family_residential"}

[90mstdout[2m | tests/comprehensive-crud.test.ts[2m > [22m[2mComprehensive CRUD API Tests[2m > [22m[2mProperty Management API[2m > [22m[2mshould delete property
[22m[39m2026-03-11T03:59:21.327Z INFO [App] Property created successfully {"propertyId":"prop_1773201561327_iuaq3mq0b"}

[90mstdout[2m | tests/comprehensive-crud.test.ts[2m > [22m[2mComprehensive CRUD API Tests[2m > [22m[2mProperty Management API[2m > [22m[2mshould delete property
[22m[39m2026-03-11T03:59:21.328Z INFO [App] Property created successfully {"propertyId":"prop_1773201561327_iuaq3mq0b"}

[90mstdout[2m | tests/comprehensive-crud.test.ts[2m > [22m[2mComprehensive CRUD API Tests[2m > [22m[2mProperty Management API[2m > [22m[2mshould delete property
[22m[39m2026-03-11T03:59:21.341Z INFO [App] Deleting property {"propertyId":"prop_1773201561327_iuaq3mq0b"}
2026-03-11T03:59:21.341Z INFO [App] Deleting property {"propertyId":"prop_1773201561327_iuaq3mq0b"}

[90mstdout[2m | tests/comprehensive-crud.test.ts[2m > [22m[2mComprehensive CRUD API Tests[2m > [22m[2mProperty Management API[2m > [22m[2mshould delete property
[22m[39m2026-03-11T03:59:21.342Z INFO [App] Property deleted successfully {"propertyId":"prop_1773201561327_iuaq3mq0b"}

[90mstdout[2m | tests/comprehensive-crud.test.ts[2m > [22m[2mComprehensive CRUD API Tests[2m > [22m[2mProperty Management API[2m > [22m[2mshould delete property
[22m[39m2026-03-11T03:59:21.343Z INFO [App] Property deleted successfully {"propertyId":"prop_1773201561327_iuaq3mq0b"}

[90mstdout[2m | tests/comprehensive-crud.test.ts[2m > [22m[2mComprehensive CRUD API Tests[2m > [22m[2mProperty Management API[2m > [22m[2mshould delete property
[22m[39m2026-03-11T03:59:21.357Z INFO [App] Retrieving property by ID {"propertyId":"prop_1773201561327_iuaq3mq0b","includeHistory":false}
2026-03-11T03:59:21.358Z INFO [App] Retrieving property by ID {"propertyId":"prop_1773201561327_iuaq3mq0b","includeHistory":false}

[90mstderr[2m | tests/comprehensive-crud.test.ts[2m > 
[22m[2mComprehensive CRUD API Tests[2m > [22m[2mProperty Management 
API[2m > [22m[2mshould delete property
[22m[39m2026-03-11T03:59:21.359Z ERROR [App] Failed to retrieve property 
{"propertyId":"prop_1773201561327_iuaq3mq0b","error":{}}

[90mstderr[2m | tests/comprehensive-crud.test.ts[2m > 
[22m[2mComprehensive CRUD API Tests[2m > [22m[2mProperty Management 
API[2m > [22m[2mshould delete property
[22m[39m2026-03-11T03:59:21.360Z ERROR [App] Failed to retrieve property 
{"propertyId":"prop_1773201561327_iuaq3mq0b","error":{}}

[90mstdout[2m | tests/comprehensive-crud.test.ts[2m > [22m[2mComprehensive CRUD API Tests[2m > [22m[2mProperty Management API[2m > [22m[2mshould list properties with pagination
[22m[39m2026-03-11T03:59:21.366Z INFO [App] AzureCommunicationService: using API key credential
2026-03-11T03:59:21.367Z INFO [App] AzureCommunicationService: using API key credential
Γ£à Axiom live mode ΓÇö https://axiom-dev-api.ambitioushill-a89e4aa0.eastus.azurecontainerapps.io (no auth ΓÇö dev server)
2026-03-11T03:59:21.368Z INFO [WebPubSubService] Using local emulator mode for Web PubSub
2026-03-11T03:59:21.368Z INFO [App] AzureCommunicationService: using API key credential
2026-03-11T03:59:21.369Z INFO [App] AzureCommunicationService: using API key credential
2026-03-11T03:59:21.369Z INFO [App] AzureCommunicationService: using API key credential
2026-03-11T03:59:21.370Z INFO [App] Teams service initialized with Managed Identity
2026-03-11T03:59:21.372Z INFO [ServiceBusEventPublisher] Using Managed Identity for Service Bus authentication {"namespace":"appraisal-mgmt-staging-servicebus.servicebus.windows.net"}
2026-03-11T03:59:21.373Z INFO [ServiceBusEventPublisher] Using Managed Identity for Service Bus authentication {"namespace":"appraisal-mgmt-staging-servicebus.servicebus.windows.net"}
2026-03-11T03:59:21.374Z INFO [ServiceBusEventSubscriber] Using Managed Identity for Service Bus authentication {"namespace":"appraisal-mgmt-staging-servicebus.servicebus.windows.net"}
2026-03-11T03:59:21.392Z INFO [App] Property management routes configured

[90mstderr[2m | tests/comprehensive-crud.test.ts[2m > 
[22m[2mComprehensive CRUD API Tests[2m > [22m[2mProperty Management 
API[2m > [22m[2mshould list properties with pagination
[22m[39m2026-03-11T03:59:21.366Z WARN [App] Azure Service Bus connection 
string not provided, using mock implementation

 [32mΓ£ô[39m tests/comprehensive-crud.test.ts[2m > [22mComprehensive CRUD API Tests[2m > [22mProperty Management API[2m > [22mshould update property details[32m 65[2mms[22m[39m
 [32mΓ£ô[39m tests/comprehensive-crud.test.ts[2m > [22mComprehensive CRUD API Tests[2m > [22mProperty Management API[2m > [22mshould delete property[32m 84[2mms[22m[39m
[90mstdout[2m | tests/comprehensive-crud.test.ts[2m > [22m[2mComprehensive CRUD API Tests[2m > [22m[2mProperty Management API[2m > [22m[2mshould list properties with pagination
[22m[39m2026-03-11T03:59:21.403Z INFO [App] Creating new property {"body":{"address":{"streetAddress":"100 Test Street","city":"San Francisco","state":"CA","zipCode":"94103","county":"San Francisco","coordinates":{"latitude":37.7849,"longitude":-122.4094}},"details":{"propertyType":"single_family_residential","occupancy":"owner_occupied","yearBuilt":2020,"grossLivingArea":2800,"lotSize":7000,"bedrooms":4,"bathrooms":3.5,"stories":2,"garage":true,"pool":true,"features":["modern kitchen","hardwood floors","solar panels"],"condition":"excellent","viewType":"water","constructionType":"frame"},"metadata":{"notes":"Test property for API validation"}}}
2026-03-11T03:59:21.403Z INFO [App] Creating new property {"address":"100 Test Street, San Francisco","propertyType":"single_family_residential"}

[90mstdout[2m | tests/comprehensive-crud.test.ts[2m > [22m[2mComprehensive CRUD API Tests[2m > [22m[2mProperty Management API[2m > [22m[2mshould list properties with pagination
[22m[39m2026-03-11T03:59:21.404Z INFO [App] Property created successfully {"propertyId":"prop_1773201561403_f9rnfp14y"}

[90mstdout[2m | tests/comprehensive-crud.test.ts[2m > [22m[2mComprehensive CRUD API Tests[2m > [22m[2mProperty Management API[2m > [22m[2mshould list properties with pagination
[22m[39m2026-03-11T03:59:21.404Z INFO [App] Property created successfully {"propertyId":"prop_1773201561403_f9rnfp14y"}

[90mstdout[2m | tests/comprehensive-crud.test.ts[2m > [22m[2mComprehensive CRUD API Tests[2m > [22m[2mProperty Management API[2m > [22m[2mshould list properties with pagination
[22m[39m2026-03-11T03:59:21.413Z INFO [App] Creating new property {"body":{"address":{"streetAddress":"101 Test Street","city":"San Francisco","state":"CA","zipCode":"94103","county":"San Francisco","coordinates":{"latitude":37.7849,"longitude":-122.4094}},"details":{"propertyType":"single_family_residential","occupancy":"owner_occupied","yearBuilt":2020,"grossLivingArea":2800,"lotSize":7000,"bedrooms":4,"bathrooms":3.5,"stories":2,"garage":true,"pool":true,"features":["modern kitchen","hardwood floors","solar panels"],"condition":"excellent","viewType":"water","constructionType":"frame"},"metadata":{"notes":"Test property for API validation"}}}
2026-03-11T03:59:21.414Z INFO [App] Creating new property {"address":"101 Test Street, San Francisco","propertyType":"single_family_residential"}

[90mstdout[2m | tests/comprehensive-crud.test.ts[2m > [22m[2mComprehensive CRUD API Tests[2m > [22m[2mProperty Management API[2m > [22m[2mshould list properties with pagination
[22m[39m2026-03-11T03:59:21.414Z INFO [App] Property created successfully {"propertyId":"prop_1773201561414_yeqcb78q5"}

[90mstdout[2m | tests/comprehensive-crud.test.ts[2m > [22m[2mComprehensive CRUD API Tests[2m > [22m[2mProperty Management API[2m > [22m[2mshould list properties with pagination
[22m[39m2026-03-11T03:59:21.415Z INFO [App] Property created successfully {"propertyId":"prop_1773201561414_yeqcb78q5"}

[90mstdout[2m | tests/comprehensive-crud.test.ts[2m > [22m[2mComprehensive CRUD API Tests[2m > [22m[2mProperty Management API[2m > [22m[2mshould list properties with pagination
[22m[39m2026-03-11T03:59:21.424Z INFO [App] Creating new property {"body":{"address":{"streetAddress":"102 Test Street","city":"San Francisco","state":"CA","zipCode":"94103","county":"San Francisco","coordinates":{"latitude":37.7849,"longitude":-122.4094}},"details":{"propertyType":"single_family_residential","occupancy":"owner_occupied","yearBuilt":2020,"grossLivingArea":2800,"lotSize":7000,"bedrooms":4,"bathrooms":3.5,"stories":2,"garage":true,"pool":true,"features":["modern kitchen","hardwood floors","solar panels"],"condition":"excellent","viewType":"water","constructionType":"frame"},"metadata":{"notes":"Test property for API validation"}}}
2026-03-11T03:59:21.424Z INFO [App] Creating new property {"address":"102 Test Street, San Francisco","propertyType":"single_family_residential"}

[90mstdout[2m | tests/comprehensive-crud.test.ts[2m > [22m[2mComprehensive CRUD API Tests[2m > [22m[2mProperty Management API[2m > [22m[2mshould list properties with pagination
[22m[39m2026-03-11T03:59:21.425Z INFO [App] Property created successfully {"propertyId":"prop_1773201561424_vzzdg3pre"}

[90mstdout[2m | tests/comprehensive-crud.test.ts[2m > [22m[2mComprehensive CRUD API Tests[2m > [22m[2mProperty Management API[2m > [22m[2mshould list properties with pagination
[22m[39m2026-03-11T03:59:21.426Z INFO [App] Property created successfully {"propertyId":"prop_1773201561424_vzzdg3pre"}

[90mstdout[2m | tests/comprehensive-crud.test.ts[2m > [22m[2mComprehensive CRUD API Tests[2m > [22m[2mProperty Management API[2m > [22m[2mshould list properties with pagination
[22m[39m2026-03-11T03:59:21.441Z INFO [App] Listing properties {"query":{"limit":"2","offset":"0"}}
2026-03-11T03:59:21.442Z INFO [App] Searching properties {"criteria":{"limit":2,"offset":0}}

[90mstdout[2m | tests/comprehensive-crud.test.ts[2m > [22m[2mComprehensive CRUD API Tests[2m > [22m[2mProperty Management API[2m > [22m[2mshould list properties with pagination
[22m[39m2026-03-11T03:59:21.444Z INFO [App] Property search completed {"resultsCount":2,"total":3,"filtersApplied":1}

[90mstdout[2m | tests/comprehensive-crud.test.ts[2m > [22m[2mComprehensive CRUD API Tests[2m > [22m[2mProperty Management API[2m > [22m[2mshould search properties with filters
[22m[39m2026-03-11T03:59:21.450Z INFO [App] AzureCommunicationService: using API key credential
2026-03-11T03:59:21.451Z INFO [App] AzureCommunicationService: using API key credential
Γ£à Axiom live mode ΓÇö https://axiom-dev-api.ambitioushill-a89e4aa0.eastus.azurecontainerapps.io (no auth ΓÇö dev server)
2026-03-11T03:59:21.452Z INFO [WebPubSubService] Using local emulator mode for Web PubSub
2026-03-11T03:59:21.452Z INFO [App] AzureCommunicationService: using API key credential
2026-03-11T03:59:21.453Z INFO [App] AzureCommunicationService: using API key credential
2026-03-11T03:59:21.453Z INFO [App] AzureCommunicationService: using API key credential
2026-03-11T03:59:21.455Z INFO [App] Teams service initialized with Managed Identity
2026-03-11T03:59:21.456Z INFO [ServiceBusEventPublisher] Using Managed Identity for Service Bus authentication {"namespace":"appraisal-mgmt-staging-servicebus.servicebus.windows.net"}
2026-03-11T03:59:21.457Z INFO [ServiceBusEventPublisher] Using Managed Identity for Service Bus authentication {"namespace":"appraisal-mgmt-staging-servicebus.servicebus.windows.net"}
2026-03-11T03:59:21.457Z INFO [ServiceBusEventSubscriber] Using Managed Identity for Service Bus authentication {"namespace":"appraisal-mgmt-staging-servicebus.servicebus.windows.net"}
2026-03-11T03:59:21.476Z INFO [App] Property management routes configured

[90mstderr[2m | tests/comprehensive-crud.test.ts[2m > 
[22m[2mComprehensive CRUD API Tests[2m > [22m[2mProperty Management 
API[2m > [22m[2mshould search properties with filters
[22m[39m2026-03-11T03:59:21.450Z WARN [App] Azure Service Bus connection 
string not provided, using mock implementation

[90mstdout[2m | tests/comprehensive-crud.test.ts[2m > [22m[2mComprehensive CRUD API Tests[2m > [22m[2mProperty Management API[2m > [22m[2mshould search properties with filters
[22m[39m2026-03-11T03:59:21.483Z INFO [App] Creating new property {"body":{"address":{"streetAddress":"456 Test Avenue","city":"Oakland","state":"CA","zipCode":"94103","county":"San Francisco","coordinates":{"latitude":37.7849,"longitude":-122.4094}},"details":{"propertyType":"condominium","occupancy":"owner_occupied","yearBuilt":2020,"grossLivingArea":2800,"lotSize":7000,"bedrooms":4,"bathrooms":3.5,"stories":2,"garage":true,"pool":true,"features":["modern kitchen","hardwood floors","solar panels"],"condition":"excellent","viewType":"water","constructionType":"frame"},"metadata":{"notes":"Test property for API validation"}}}
2026-03-11T03:59:21.484Z INFO [App] Creating new property {"address":"456 Test Avenue, Oakland","propertyType":"condominium"}

[90mstdout[2m | tests/comprehensive-crud.test.ts[2m > [22m[2mComprehensive CRUD API Tests[2m > [22m[2mProperty Management API[2m > [22m[2mshould search properties with filters
[22m[39m2026-03-11T03:59:21.485Z INFO [App] Property created successfully {"propertyId":"prop_1773201561484_53scluxdk"}

[90mstdout[2m | tests/comprehensive-crud.test.ts[2m > [22m[2mComprehensive CRUD API Tests[2m > [22m[2mProperty Management API[2m > [22m[2mshould search properties with filters
[22m[39m2026-03-11T03:59:21.485Z INFO [App] Property created successfully {"propertyId":"prop_1773201561484_53scluxdk"}

[90mstdout[2m | tests/comprehensive-crud.test.ts[2m > [22m[2mComprehensive CRUD API Tests[2m > [22m[2mProperty Management API[2m > [22m[2mshould search properties with filters
[22m[39m2026-03-11T03:59:21.494Z INFO [App] Listing properties {"query":{"city":"Oakland","propertyType":"condominium"}}
2026-03-11T03:59:21.494Z INFO [App] Searching properties {"criteria":{"address":{"city":"Oakland"},"propertyType":"condominium"}}

[90mstdout[2m | tests/comprehensive-crud.test.ts[2m > [22m[2mComprehensive CRUD API Tests[2m > [22m[2mProperty Management API[2m > [22m[2mshould search properties with filters
[22m[39m2026-03-11T03:59:21.495Z INFO [App] Property search completed {"resultsCount":1,"total":1,"filtersApplied":3}

 [32mΓ£ô[39m tests/comprehensive-crud.test.ts[2m > [22mComprehensive CRUD API Tests[2m > [22mProperty Management API[2m > [22mshould list properties with pagination[32m 83[2mms[22m[39m
[90mstdout[2m | tests/comprehensive-crud.test.ts[2m > [22m[2mComprehensive CRUD API Tests[2m > [22m[2mProperty Management API[2m > [22m[2mshould get property analytics
[22m[39m2026-03-11T03:59:21.507Z INFO [App] AzureCommunicationService: using API key credential
2026-03-11T03:59:21.507Z INFO [App] AzureCommunicationService: using API key credential
Γ£à Axiom live mode ΓÇö https://axiom-dev-api.ambitioushill-a89e4aa0.eastus.azurecontainerapps.io (no auth ΓÇö dev server)
2026-03-11T03:59:21.509Z INFO [WebPubSubService] Using local emulator mode for Web PubSub
2026-03-11T03:59:21.509Z INFO [App] AzureCommunicationService: using API key credential
2026-03-11T03:59:21.510Z INFO [App] AzureCommunicationService: using API key credential
2026-03-11T03:59:21.510Z INFO [App] AzureCommunicationService: using API key credential
2026-03-11T03:59:21.511Z INFO [App] Teams service initialized with Managed Identity
2026-03-11T03:59:21.514Z INFO [ServiceBusEventPublisher] Using Managed Identity for Service Bus authentication {"namespace":"appraisal-mgmt-staging-servicebus.servicebus.windows.net"}
2026-03-11T03:59:21.516Z INFO [ServiceBusEventPublisher] Using Managed Identity for Service Bus authentication {"namespace":"appraisal-mgmt-staging-servicebus.servicebus.windows.net"}
2026-03-11T03:59:21.517Z INFO [ServiceBusEventSubscriber] Using Managed Identity for Service Bus authentication {"namespace":"appraisal-mgmt-staging-servicebus.servicebus.windows.net"}
2026-03-11T03:59:21.533Z INFO [App] Property management routes configured

[90mstderr[2m | tests/comprehensive-crud.test.ts[2m > 
[22m[2mComprehensive CRUD API Tests[2m > [22m[2mProperty Management 
API[2m > [22m[2mshould get property analytics
[22m[39m2026-03-11T03:59:21.506Z WARN [App] Azure Service Bus connection 
string not provided, using mock implementation

[90mstdout[2m | tests/comprehensive-crud.test.ts[2m > [22m[2mComprehensive CRUD API Tests[2m > [22m[2mProperty Management API[2m > [22m[2mshould get property analytics
[22m[39m2026-03-11T03:59:21.540Z INFO [App] Creating new property {"body":{"address":{"streetAddress":"456 Test Avenue","city":"San Francisco","state":"CA","zipCode":"94103","county":"San Francisco","coordinates":{"latitude":37.7849,"longitude":-122.4094}},"details":{"propertyType":"single_family_residential","occupancy":"owner_occupied","yearBuilt":2020,"grossLivingArea":2800,"lotSize":7000,"bedrooms":4,"bathrooms":3.5,"stories":2,"garage":true,"pool":true,"features":["modern kitchen","hardwood floors","solar panels"],"condition":"excellent","viewType":"water","constructionType":"frame"},"metadata":{"notes":"Test property for API validation"}}}
2026-03-11T03:59:21.540Z INFO [App] Creating new property {"address":"456 Test Avenue, San Francisco","propertyType":"single_family_residential"}

[90mstdout[2m | tests/comprehensive-crud.test.ts[2m > [22m[2mComprehensive CRUD API Tests[2m > [22m[2mProperty Management API[2m > [22m[2mshould get property analytics
[22m[39m2026-03-11T03:59:21.542Z INFO [App] Property created successfully {"propertyId":"prop_1773201561541_1z6hmlqq3"}

[90mstdout[2m | tests/comprehensive-crud.test.ts[2m > [22m[2mComprehensive CRUD API Tests[2m > [22m[2mProperty Management API[2m > [22m[2mshould get property analytics
[22m[39m2026-03-11T03:59:21.542Z INFO [App] Property created successfully {"propertyId":"prop_1773201561541_1z6hmlqq3"}

[90mstdout[2m | tests/comprehensive-crud.test.ts[2m > [22m[2mComprehensive CRUD API Tests[2m > [22m[2mProperty Management API[2m > [22m[2mshould get property analytics
[22m[39m2026-03-11T03:59:21.552Z INFO [App] Getting property analytics {"propertyId":"prop_1773201561541_1z6hmlqq3"}
2026-03-11T03:59:21.553Z INFO [App] Generating property analytics {"propertyId":"prop_1773201561541_1z6hmlqq3"}
2026-03-11T03:59:21.553Z INFO [App] Retrieving property by ID {"propertyId":"prop_1773201561541_1z6hmlqq3","includeHistory":true}

[90mstdout[2m | tests/comprehensive-crud.test.ts[2m > [22m[2mComprehensive CRUD API Tests[2m > [22m[2mProperty Management API[2m > [22m[2mshould get property analytics
[22m[39m2026-03-11T03:59:21.554Z INFO [App] Property retrieved successfully {"propertyId":"prop_1773201561541_1z6hmlqq3"}

[90mstdout[2m | tests/comprehensive-crud.test.ts[2m > [22m[2mComprehensive CRUD API Tests[2m > [22m[2mProperty Management API[2m > [22m[2mshould get property analytics
[22m[39m2026-03-11T03:59:21.555Z INFO [App] Property analytics generated {"propertyId":"prop_1773201561541_1z6hmlqq3"}

[90mstdout[2m | tests/comprehensive-crud.test.ts[2m > [22m[2mComprehensive CRUD API Tests[2m > [22m[2mProperty Management API[2m > [22m[2mshould validate property data
[22m[39m2026-03-11T03:59:21.561Z INFO [App] AzureCommunicationService: using API key credential
2026-03-11T03:59:21.562Z INFO [App] AzureCommunicationService: using API key credential
Γ£à Axiom live mode ΓÇö https://axiom-dev-api.ambitioushill-a89e4aa0.eastus.azurecontainerapps.io (no auth ΓÇö dev server)
2026-03-11T03:59:21.563Z INFO [WebPubSubService] Using local emulator mode for Web PubSub
2026-03-11T03:59:21.563Z INFO [App] AzureCommunicationService: using API key credential
2026-03-11T03:59:21.563Z INFO [App] AzureCommunicationService: using API key credential
2026-03-11T03:59:21.564Z INFO [App] AzureCommunicationService: using API key credential
2026-03-11T03:59:21.566Z INFO [App] Teams service initialized with Managed Identity
2026-03-11T03:59:21.569Z INFO [ServiceBusEventPublisher] Using Managed Identity for Service Bus authentication {"namespace":"appraisal-mgmt-staging-servicebus.servicebus.windows.net"}
2026-03-11T03:59:21.570Z INFO [ServiceBusEventPublisher] Using Managed Identity for Service Bus authentication {"namespace":"appraisal-mgmt-staging-servicebus.servicebus.windows.net"}
2026-03-11T03:59:21.574Z INFO [ServiceBusEventSubscriber] Using Managed Identity for Service Bus authentication {"namespace":"appraisal-mgmt-staging-servicebus.servicebus.windows.net"}
2026-03-11T03:59:21.595Z INFO [App] Property management routes configured

[90mstderr[2m | tests/comprehensive-crud.test.ts[2m > 
[22m[2mComprehensive CRUD API Tests[2m > [22m[2mProperty Management 
API[2m > [22m[2mshould validate property data
[22m[39m2026-03-11T03:59:21.561Z WARN [App] Azure Service Bus connection 
string not provided, using mock implementation

[90mstdout[2m | tests/comprehensive-crud.test.ts[2m > [22m[2mComprehensive CRUD API Tests[2m > [22m[2mProperty Management API[2m > [22m[2mshould validate property data
[22m[39m2026-03-11T03:59:21.606Z INFO [App] Validating property data {"body":{"address":{"streetAddress":"456 Test Avenue","city":"San Francisco","state":"CA","zipCode":"94103","county":"San Francisco","coordinates":{"latitude":37.7849,"longitude":-122.4094}},"details":{"propertyType":"single_family_residential","occupancy":"owner_occupied","yearBuilt":2020,"grossLivingArea":2800,"lotSize":7000,"bedrooms":4,"bathrooms":3.5,"stories":2,"garage":true,"pool":true,"features":["modern kitchen","hardwood floors","solar panels"],"condition":"excellent","viewType":"water","constructionType":"frame"}}}

 [32mΓ£ô[39m tests/comprehensive-crud.test.ts[2m > [22mComprehensive CRUD API Tests[2m > [22mProperty Management API[2m > [22mshould search properties with filters[32m 57[2mms[22m[39m
 [32mΓ£ô[39m tests/comprehensive-crud.test.ts[2m > [22mComprehensive CRUD API Tests[2m > [22mProperty Management API[2m > [22mshould get property analytics[32m 54[2mms[22m[39m
[90mstdout[2m | tests/comprehensive-crud.test.ts[2m > [22m[2mComprehensive CRUD API Tests[2m > [22m[2mProperty Management API[2m > [22m[2mshould get property enums
[22m[39m2026-03-11T03:59:21.612Z INFO [App] AzureCommunicationService: using API key credential
2026-03-11T03:59:21.613Z INFO [App] AzureCommunicationService: using API key credential
Γ£à Axiom live mode ΓÇö https://axiom-dev-api.ambitioushill-a89e4aa0.eastus.azurecontainerapps.io (no auth ΓÇö dev server)
2026-03-11T03:59:21.615Z INFO [WebPubSubService] Using local emulator mode for Web PubSub
2026-03-11T03:59:21.615Z INFO [App] AzureCommunicationService: using API key credential
2026-03-11T03:59:21.616Z INFO [App] AzureCommunicationService: using API key credential
2026-03-11T03:59:21.616Z INFO [App] AzureCommunicationService: using API key credential
2026-03-11T03:59:21.618Z INFO [App] Teams service initialized with Managed Identity
2026-03-11T03:59:21.619Z INFO [ServiceBusEventPublisher] Using Managed Identity for Service Bus authentication {"namespace":"appraisal-mgmt-staging-servicebus.servicebus.windows.net"}
2026-03-11T03:59:21.620Z INFO [ServiceBusEventPublisher] Using Managed Identity for Service Bus authentication {"namespace":"appraisal-mgmt-staging-servicebus.servicebus.windows.net"}
2026-03-11T03:59:21.621Z INFO [ServiceBusEventSubscriber] Using Managed Identity for Service Bus authentication {"namespace":"appraisal-mgmt-staging-servicebus.servicebus.windows.net"}
2026-03-11T03:59:21.641Z INFO [App] Property management routes configured

[90mstderr[2m | tests/comprehensive-crud.test.ts[2m > 
[22m[2mComprehensive CRUD API Tests[2m > [22m[2mProperty Management 
API[2m > [22m[2mshould get property enums
[22m[39m2026-03-11T03:59:21.612Z WARN [App] Azure Service Bus connection 
string not provided, using mock implementation

[90mstdout[2m | tests/comprehensive-crud.test.ts[2m > [22m[2mComprehensive CRUD API Tests[2m > [22m[2mVendor Management API[2m > [22m[2mshould create a new vendor
[22m[39m2026-03-11T03:59:21.661Z INFO [App] AzureCommunicationService: using API key credential
2026-03-11T03:59:21.662Z INFO [App] AzureCommunicationService: using API key credential
Γ£à Axiom live mode ΓÇö https://axiom-dev-api.ambitioushill-a89e4aa0.eastus.azurecontainerapps.io (no auth ΓÇö dev server)
2026-03-11T03:59:21.662Z INFO [WebPubSubService] Using local emulator mode for Web PubSub
2026-03-11T03:59:21.663Z INFO [App] AzureCommunicationService: using API key credential
2026-03-11T03:59:21.663Z INFO [App] AzureCommunicationService: using API key credential
2026-03-11T03:59:21.663Z INFO [App] AzureCommunicationService: using API key credential
2026-03-11T03:59:21.664Z INFO [App] Teams service initialized with Managed Identity
2026-03-11T03:59:21.665Z INFO [ServiceBusEventPublisher] Using Managed Identity for Service Bus authentication {"namespace":"appraisal-mgmt-staging-servicebus.servicebus.windows.net"}
2026-03-11T03:59:21.666Z INFO [ServiceBusEventPublisher] Using Managed Identity for Service Bus authentication {"namespace":"appraisal-mgmt-staging-servicebus.servicebus.windows.net"}
2026-03-11T03:59:21.667Z INFO [ServiceBusEventSubscriber] Using Managed Identity for Service Bus authentication {"namespace":"appraisal-mgmt-staging-servicebus.servicebus.windows.net"}
2026-03-11T03:59:21.684Z INFO [App] Property management routes configured

[90mstderr[2m | tests/comprehensive-crud.test.ts[2m > 
[22m[2mComprehensive CRUD API Tests[2m > [22m[2mVendor Management API[2m 
> [22m[2mshould create a new vendor
[22m[39m2026-03-11T03:59:21.661Z WARN [App] Azure Service Bus connection 
string not provided, using mock implementation

[90mstdout[2m | tests/qc-workflow-e2e.test.ts
[22m[39m2026-03-11T03:59:21.735Z INFO [App] Universal AI Service initialized {"providers":["azure-openai","google-gemini","sambanova","certo"],"enabledProviders":["Azure OpenAI","Google Gemini"]}
2026-03-11T03:59:21.735Z INFO [App] AI Provider Routing Configuration {"textGeneration":"sambanova","vision":"google-gemini","embeddings":"azure-openai","qcAnalysis":"azure-openai","documentProcessing":"google-gemini","propertyDescription":"sambanova","marketInsights":"google-gemini"}

[90mstdout[2m | tests/integration/external-services.test.ts
[22m[39m2026-03-11T03:59:21.736Z INFO [App] Universal AI Service initialized {"providers":["azure-openai","google-gemini","sambanova","certo"],"enabledProviders":["Azure OpenAI","Google Gemini"]}
2026-03-11T03:59:21.737Z INFO [App] AI Provider Routing Configuration {"textGeneration":"sambanova","vision":"google-gemini","embeddings":"azure-openai","qcAnalysis":"azure-openai","documentProcessing":"google-gemini","propertyDescription":"sambanova","marketInsights":"google-gemini"}

[90mstdout[2m | tests/integration/external-services-fixed.test.ts
[22m[39m2026-03-11T03:59:21.735Z INFO [App] Universal AI Service initialized {"providers":["azure-openai","google-gemini","sambanova","certo"],"enabledProviders":["Azure OpenAI","Google Gemini"]}
2026-03-11T03:59:21.735Z INFO [App] AI Provider Routing Configuration {"textGeneration":"sambanova","vision":"google-gemini","embeddings":"azure-openai","qcAnalysis":"azure-openai","documentProcessing":"google-gemini","propertyDescription":"sambanova","marketInsights":"google-gemini"}

[90mstdout[2m | tests/integration/api.test.ts
[22m[39m2026-03-11T03:59:21.734Z INFO [App] Universal AI Service initialized {"providers":["azure-openai","google-gemini","sambanova","certo"],"enabledProviders":["Azure OpenAI","Google Gemini"]}
2026-03-11T03:59:21.735Z INFO [App] AI Provider Routing Configuration {"textGeneration":"sambanova","vision":"google-gemini","embeddings":"azure-openai","qcAnalysis":"azure-openai","documentProcessing":"google-gemini","propertyDescription":"sambanova","marketInsights":"google-gemini"}

[90mstdout[2m | tests/integration/production-api.test.ts
[22m[39m2026-03-11T03:59:21.737Z INFO [App] Universal AI Service initialized {"providers":["azure-openai","google-gemini","sambanova","certo"],"enabledProviders":["Azure OpenAI","Google Gemini"]}
2026-03-11T03:59:21.737Z INFO [App] AI Provider Routing Configuration {"textGeneration":"sambanova","vision":"google-gemini","embeddings":"azure-openai","qcAnalysis":"azure-openai","documentProcessing":"google-gemini","propertyDescription":"sambanova","marketInsights":"google-gemini"}

[90mstdout[2m | tests/integration/real-api-validation.test.ts
[22m[39m2026-03-11T03:59:21.737Z INFO [App] Universal AI Service initialized {"providers":["azure-openai","google-gemini","sambanova","certo"],"enabledProviders":["Azure OpenAI","Google Gemini"]}
2026-03-11T03:59:21.737Z INFO [App] AI Provider Routing Configuration {"textGeneration":"sambanova","vision":"google-gemini","embeddings":"azure-openai","qcAnalysis":"azure-openai","documentProcessing":"google-gemini","propertyDescription":"sambanova","marketInsights":"google-gemini"}

[90mstdout[2m | tests/integration/manual-api.test.ts
[22m[39m2026-03-11T03:59:21.736Z INFO [App] Universal AI Service initialized {"providers":["azure-openai","google-gemini","sambanova","certo"],"enabledProviders":["Azure OpenAI","Google Gemini"]}
2026-03-11T03:59:21.736Z INFO [App] AI Provider Routing Configuration {"textGeneration":"sambanova","vision":"google-gemini","embeddings":"azure-openai","qcAnalysis":"azure-openai","documentProcessing":"google-gemini","propertyDescription":"sambanova","marketInsights":"google-gemini"}

[90mstdout[2m | tests/qc-api-integration.test.ts
[22m[39m2026-03-11T03:59:21.737Z INFO [App] Universal AI Service initialized {"providers":["azure-openai","google-gemini","sambanova","certo"],"enabledProviders":["Azure OpenAI","Google Gemini"]}
2026-03-11T03:59:21.737Z INFO [App] AI Provider Routing Configuration {"textGeneration":"sambanova","vision":"google-gemini","embeddings":"azure-openai","qcAnalysis":"azure-openai","documentProcessing":"google-gemini","propertyDescription":"sambanova","marketInsights":"google-gemini"}

[90mstdout[2m | tests/integration/live-api.test.ts
[22m[39m2026-03-11T03:59:21.737Z INFO [App] Universal AI Service initialized {"providers":["azure-openai","google-gemini","sambanova","certo"],"enabledProviders":["Azure OpenAI","Google Gemini"]}
2026-03-11T03:59:21.737Z INFO [App] AI Provider Routing Configuration {"textGeneration":"sambanova","vision":"google-gemini","embeddings":"azure-openai","qcAnalysis":"azure-openai","documentProcessing":"google-gemini","propertyDescription":"sambanova","marketInsights":"google-gemini"}

[90mstdout[2m | tests/integration/comprehensive-api.test.ts
[22m[39m2026-03-11T03:59:21.737Z INFO [App] Universal AI Service initialized {"providers":["azure-openai","google-gemini","sambanova","certo"],"enabledProviders":["Azure OpenAI","Google Gemini"]}
2026-03-11T03:59:21.737Z INFO [App] AI Provider Routing Configuration {"textGeneration":"sambanova","vision":"google-gemini","embeddings":"azure-openai","qcAnalysis":"azure-openai","documentProcessing":"google-gemini","propertyDescription":"sambanova","marketInsights":"google-gemini"}

[90mstdout[2m | tests/integration/minimal-server.test.ts
[22m[39m2026-03-11T03:59:21.735Z INFO [App] Universal AI Service initialized {"providers":["azure-openai","google-gemini","sambanova","certo"],"enabledProviders":["Azure OpenAI","Google Gemini"]}
2026-03-11T03:59:21.736Z INFO [App] AI Provider Routing Configuration {"textGeneration":"sambanova","vision":"google-gemini","embeddings":"azure-openai","qcAnalysis":"azure-openai","documentProcessing":"google-gemini","propertyDescription":"sambanova","marketInsights":"google-gemini"}

[90mstdout[2m | tests/comprehensive-api.test.ts
[22m[39m2026-03-11T03:59:21.735Z INFO [App] Universal AI Service initialized {"providers":["azure-openai","google-gemini","sambanova","certo"],"enabledProviders":["Azure OpenAI","Google Gemini"]}
2026-03-11T03:59:21.735Z INFO [App] AI Provider Routing Configuration {"textGeneration":"sambanova","vision":"google-gemini","embeddings":"azure-openai","qcAnalysis":"azure-openai","documentProcessing":"google-gemini","propertyDescription":"sambanova","marketInsights":"google-gemini"}

[90mstdout[2m | tests/integration/performance.test.ts
[22m[39m2026-03-11T03:59:21.736Z INFO [App] Universal AI Service initialized {"providers":["azure-openai","google-gemini","sambanova","certo"],"enabledProviders":["Azure OpenAI","Google Gemini"]}
2026-03-11T03:59:21.737Z INFO [App] AI Provider Routing Configuration {"textGeneration":"sambanova","vision":"google-gemini","embeddings":"azure-openai","qcAnalysis":"azure-openai","documentProcessing":"google-gemini","propertyDescription":"sambanova","marketInsights":"google-gemini"}

 [32mΓ£ô[39m tests/comprehensive-crud.test.ts[2m > [22mComprehensive CRUD API Tests[2m > [22mProperty Management API[2m > [22mshould validate property data[32m 52[2mms[22m[39m
 [32mΓ£ô[39m tests/comprehensive-crud.test.ts[2m > [22mComprehensive CRUD API Tests[2m > [22mProperty Management API[2m > [22mshould get property enums[32m 48[2mms[22m[39m
[90mstdout[2m | tests/integration/database.test.ts[2m > [22m[2mCosmos DB Real Integration Tests[2m > [22m[2mDatabase Connection & Health[2m > [22m[2mshould pass health check with valid latency
[22m[39m≡ƒÆÜ Health check passed - Latency: 7538ms

[90mstderr[2m | tests/event-driven-architecture.test.ts[2m > 
[22m[2mEvent-Driven Architecture[2m > [22m[2mshould handle event 
processing with notification service
[22m[39m2026-03-11T03:59:24.487Z ERROR [App] Failed to initialize in-app 
notification container 
{"error":{"code":404,"body":{"code":"NotFound","message":"Message: 
{\"Errors\":[\"Resource Not Found. Learn more: 
https://aka.ms/cosmosdb-tsg-not-found\"]}\r\nActivityId: 
819a80bc-5391-4f74-9649-96fe16312bcd, Request URI: /apps/15f80cde-f23e-446c-adf
0-f5bd2f1e1d61/services/14253c30-1807-4ae7-a246-374ddcb162e4/partitions/7d4c3dc
2-9a8b-4839-894e-62601b55db63/replicas/134113041028334366s, RequestStats: , 
SDK: Microsoft.Azure.Documents.Common/2.14.0"},"headers":{"content-length":"423
","date":"Wed, 11 Mar 2026 03:59:22 GMT","content-type":"application/json","ser
ver":"Microsoft-HTTPAPI/2.0","x-ms-gatewayversion":"version=2.14.0","x-ms-aad-a
pplied-role-assignment":"91b3cbd8-8749-4fb5-9f8d-fcd8ac5b10d8","x-ms-activity-i
d":"819a80bc-5391-4f74-9649-96fe16312bcd","x-ms-last-state-change-utc":"Mon, 
02 Mar 2026 22:31:01.248 GMT","x-ms-schemaversion":"1.21","lsn":"671","x-ms-req
uest-charge":"2","x-ms-xp-role":"1","x-ms-global-committed-lsn":"671","x-ms-num
ber-of-read-regions":"0","x-ms-transport-request-id":"54237","x-ms-cosmos-llsn"
:"671","x-ms-session-token":"0:-1#671","x-ms-request-duration-ms":"24.708","x-m
s-serviceversion":"version=2.14.0.0","x-ms-cosmos-internal-partition-id":"7d4c3
dc2-9a8b-4839-894e-62601b55db63","strict-transport-security":"max-age=31536000"
,"content-location":"https://appraisal-mgmt-staging-cosmos-eastus.documents.azu
re.com/dbs/appraisal-management/colls/in-app-notifications","x-ms-throttle-retr
y-count":0,"x-ms-throttle-retry-wait-time-ms":0},"activityId":"819a80bc-5391-4f
74-9649-96fe16312bcd","diagnostics":{"clientSideRequestStatistics":{"requestSta
rtTimeUTCInMs":1773201560349,"requestDurationInMs":4138,"totalRequestPayloadLen
gthInBytes":0,"totalResponsePayloadLengthInBytes":2256,"locationEndpointsContac
ted":["https://appraisal-mgmt-staging-cosmos.documents.azure.com:443/","https:/
/appraisal-mgmt-staging-cosmos-eastus.documents.azure.com:443/"],"metadataDiagn
ostics":{"metadataLookups":[{"requestPayloadLengthInBytes":0,"responsePayloadLe
ngthInBytes":1833,"startTimeUTCInMs":1773201560362,"operationType":"read","reso
urceType":"","durationInMs":3936,"metaDataType":"DATABASE_ACCOUNT_LOOK_UP"}]},"
retryDiagnostics":{"failedAttempts":[]},"gatewayStatistics":[{"activityId":"819
a80bc-5391-4f74-9649-96fe16312bcd","startTimeUTCInMs":1773201564300,"durationIn
Ms":185,"statusCode":404,"requestPayloadLengthInBytes":0,"responsePayloadLength
InBytes":423,"operationType":"read","resourceType":"colls"}]}}}}

[90mstderr[2m | tests/event-driven-architecture.test.ts[2m > 
[22m[2mEvent-Driven Architecture[2m > [22m[2mshould handle event 
processing with notification service
[22m[39m2026-03-11T03:59:24.488Z ERROR [NotificationService] Failed to 
persist in-app notification 
{"error":{"code":404,"body":{"code":"NotFound","message":"Message: 
{\"Errors\":[\"Resource Not Found. Learn more: 
https://aka.ms/cosmosdb-tsg-not-found\"]}\r\nActivityId: 
819a80bc-5391-4f74-9649-96fe16312bcd, Request URI: /apps/15f80cde-f23e-446c-adf
0-f5bd2f1e1d61/services/14253c30-1807-4ae7-a246-374ddcb162e4/partitions/7d4c3dc
2-9a8b-4839-894e-62601b55db63/replicas/134113041028334366s, RequestStats: , 
SDK: Microsoft.Azure.Documents.Common/2.14.0"},"headers":{"content-length":"423
","date":"Wed, 11 Mar 2026 03:59:22 GMT","content-type":"application/json","ser
ver":"Microsoft-HTTPAPI/2.0","x-ms-gatewayversion":"version=2.14.0","x-ms-aad-a
pplied-role-assignment":"91b3cbd8-8749-4fb5-9f8d-fcd8ac5b10d8","x-ms-activity-i
d":"819a80bc-5391-4f74-9649-96fe16312bcd","x-ms-last-state-change-utc":"Mon, 
02 Mar 2026 22:31:01.248 GMT","x-ms-schemaversion":"1.21","lsn":"671","x-ms-req
uest-charge":"2","x-ms-xp-role":"1","x-ms-global-committed-lsn":"671","x-ms-num
ber-of-read-regions":"0","x-ms-transport-request-id":"54237","x-ms-cosmos-llsn"
:"671","x-ms-session-token":"0:-1#671","x-ms-request-duration-ms":"24.708","x-m
s-serviceversion":"version=2.14.0.0","x-ms-cosmos-internal-partition-id":"7d4c3
dc2-9a8b-4839-894e-62601b55db63","strict-transport-security":"max-age=31536000"
,"content-location":"https://appraisal-mgmt-staging-cosmos-eastus.documents.azu
re.com/dbs/appraisal-management/colls/in-app-notifications","x-ms-throttle-retr
y-count":0,"x-ms-throttle-retry-wait-time-ms":0},"activityId":"819a80bc-5391-4f
74-9649-96fe16312bcd","diagnostics":{"clientSideRequestStatistics":{"requestSta
rtTimeUTCInMs":1773201560349,"requestDurationInMs":4138,"totalRequestPayloadLen
gthInBytes":0,"totalResponsePayloadLengthInBytes":2256,"locationEndpointsContac
ted":["https://appraisal-mgmt-staging-cosmos.documents.azure.com:443/","https:/
/appraisal-mgmt-staging-cosmos-eastus.documents.azure.com:443/"],"metadataDiagn
ostics":{"metadataLookups":[{"requestPayloadLengthInBytes":0,"responsePayloadLe
ngthInBytes":1833,"startTimeUTCInMs":1773201560362,"operationType":"read","reso
urceType":"","durationInMs":3936,"metaDataType":"DATABASE_ACCOUNT_LOOK_UP"}]},"
retryDiagnostics":{"failedAttempts":[]},"gatewayStatistics":[{"activityId":"819
a80bc-5391-4f74-9649-96fe16312bcd","startTimeUTCInMs":1773201564300,"durationIn
Ms":185,"statusCode":404,"requestPayloadLengthInBytes":0,"responsePayloadLength
InBytes":423,"operationType":"read","resourceType":"colls"}]}}},"notificationId
":"notification-1773201560341-z385zf1jr"}

 [32mΓ£ô[39m tests/integration/database.test.ts[2m > [22mCosmos DB Real Integration Tests[2m > [22mDatabase Connection & Health[2m > [22mshould pass health check with valid latency[33m 7542[2mms[22m[39m
[90mstdout[2m | tests/integration/database.test.ts[2m > [22m[2mCosmos DB Real Integration Tests[2m > [22m[2mAppraisal Order CRUD Operations[2m > [22m[2mshould create a new appraisal order
[22m[39m2026-03-11T03:59:24.584Z INFO [App] Order created successfully {"orderId":"1773201564430-fbx9h4zpb"}

[90mstdout[2m | tests/integration/database.test.ts[2m > [22m[2mCosmos DB Real Integration Tests[2m > [22m[2mAppraisal Order CRUD Operations[2m > [22m[2mshould create a new appraisal order
[22m[39mΓ£à Created order with ID: 1773201564430-fbx9h4zpb

 [32mΓ£ô[39m tests/integration/database.test.ts[2m > [22mCosmos DB Real Integration Tests[2m > [22mAppraisal Order CRUD Operations[2m > [22mshould create a new appraisal order[32m 157[2mms[22m[39m
[90mstdout[2m | tests/integration/database.test.ts[2m > [22m[2mCosmos DB Real Integration Tests[2m > [22m[2mAppraisal Order CRUD Operations[2m > [22m[2mshould retrieve the created order by ID
[22m[39mΓ£à Retrieved order: TEST-ORDER-1773201564430

 [32mΓ£ô[39m tests/integration/database.test.ts[2m > [22mCosmos DB Real Integration Tests[2m > [22mAppraisal Order CRUD Operations[2m > [22mshould retrieve the created order by ID[32m 156[2mms[22m[39m
[90mstdout[2m | tests/integration/database.test.ts[2m > [22m[2mCosmos DB Real Integration Tests[2m > [22m[2mAppraisal Order CRUD Operations[2m > [22m[2mshould update the order status
[22m[39mΓ£à Updated order status to: in_progress

 [32mΓ£ô[39m tests/integration/database.test.ts[2m > [22mCosmos DB Real Integration Tests[2m > [22mAppraisal Order CRUD Operations[2m > [22mshould update the order status[32m 155[2mms[22m[39m
[90mstdout[2m | tests/integration/database.test.ts[2m > [22m[2mCosmos DB Real Integration Tests[2m > [22m[2mAppraisal Order CRUD Operations[2m > [22m[2mshould list orders with filters
[22m[39mΓ£à Found 10 orders with status 'in_progress'

 [31m├ù[39m tests/integration/database-real.test.ts[2m > [22mCosmos DB Real Integration Tests[2m > [22mDatabase Connection & Health[2m > [22mshould pass health check with valid latency[33m 7404[2mms[22m[39m
[31m   ΓåÆ expected 7397 to be less than 5000[39m
[90mstdout[2m | tests/integration/database-real.test.ts[2m > [22m[2mCosmos DB Real Integration Tests[2m > [22m[2mAppraisal Order CRUD Operations[2m > [22m[2mshould create a new appraisal order
[22m[39m2026-03-11T03:59:25.109Z INFO [App] Order created successfully {"orderId":"1773201564938-7txiicfip"}

[90mstdout[2m | tests/integration/database-real.test.ts[2m > [22m[2mCosmos DB Real Integration Tests[2m > [22m[2mAppraisal Order CRUD Operations[2m > [22m[2mshould create a new appraisal order
[22m[39mΓ£à Created order with ID: 1773201564938-7txiicfip

 [32mΓ£ô[39m tests/integration/database.test.ts[2m > [22mCosmos DB Real Integration Tests[2m > [22mAppraisal Order CRUD Operations[2m > [22mshould list orders with filters[32m 125[2mms[22m[39m
[90mstdout[2m | tests/integration/database.test.ts[2m > [22m[2mCosmos DB Real Integration Tests[2m > [22m[2mVendor CRUD Operations[2m > [22m[2mshould create a new vendor
[22m[39m2026-03-11T03:59:25.160Z INFO [App] Vendor created successfully {"vendorId":"1773201565023-dk1u7s62w"}

[90mstdout[2m | tests/integration/database.test.ts[2m > [22m[2mCosmos DB Real Integration Tests[2m > [22m[2mVendor CRUD Operations[2m > [22m[2mshould create a new vendor
[22m[39mΓ£à Created vendor with ID: 1773201565023-dk1u7s62w

[90mstdout[2m | tests/integration/database.test.ts[2m > [22m[2mCosmos DB Real Integration Tests[2m > [22m[2mVendor CRUD Operations[2m > [22m[2mshould retrieve vendor by ID
[22m[39m

=== FIND VENDOR BY ID ===
Looking for vendor ID: 1773201565023-dk1u7s62w
Container: initialized
Query: {
  "query": "SELECT * FROM c WHERE c.id = @id",
  "parameters": [
    {
      "name": "@id",
      "value": "1773201565023-dk1u7s62w"
    }
  ]
}

[90mstdout[2m | tests/integration/database.test.ts[2m > [22m[2mCosmos DB Real Integration Tests[2m > [22m[2mVendor CRUD Operations[2m > [22m[2mshould retrieve vendor by ID
[22m[39mQuery returned resources count: [33m1[39m
Found vendor: 1773201565023-dk1u7s62w Test Appraisal Company
Vendor has certifications: [33mfalse[39m length: [90mundefined[39m
Vendor has paymentHistory: [33mfalse[39m length: [90mundefined[39m
=== END FIND VENDOR ===



[90mstdout[2m | tests/integration/database.test.ts[2m > [22m[2mCosmos DB Real Integration Tests[2m > [22m[2mVendor CRUD Operations[2m > [22m[2mshould retrieve vendor by ID
[22m[39mΓ£à Retrieved vendor: Test Appraisal Company

 [32mΓ£ô[39m tests/integration/database-real.test.ts[2m > [22mCosmos DB Real Integration Tests[2m > [22mAppraisal Order CRUD Operations[2m > [22mshould create a new appraisal order[32m 175[2mms[22m[39m
[90mstdout[2m | tests/integration/database.test.ts[2m > [22m[2mCosmos DB Real Integration Tests[2m > [22m[2mVendor CRUD Operations[2m > [22m[2mshould update vendor performance metrics
[22m[39m

=== FIND VENDOR BY ID ===
Looking for vendor ID: 1773201565023-dk1u7s62w
Container: initialized
Query: {
  "query": "SELECT * FROM c WHERE c.id = @id",
  "parameters": [
    {
      "name": "@id",
      "value": "1773201565023-dk1u7s62w"
    }
  ]
}

[90mstdout[2m | tests/integration/database-real.test.ts[2m > [22m[2mCosmos DB Real Integration Tests[2m > [22m[2mAppraisal Order CRUD Operations[2m > [22m[2mshould retrieve the created order by ID
[22m[39mΓ£à Retrieved order: TEST-ORDER-1773201564937

[90mstdout[2m | tests/integration/database.test.ts[2m > [22m[2mCosmos DB Real Integration Tests[2m > [22m[2mVendor CRUD Operations[2m > [22m[2mshould update vendor performance metrics
[22m[39mQuery returned resources count: [33m1[39m
Found vendor: 1773201565023-dk1u7s62w Test Appraisal Company
Vendor has certifications: [33mfalse[39m length: [90mundefined[39m
Vendor has paymentHistory: [33mfalse[39m length: [90mundefined[39m
=== END FIND VENDOR ===



 [32mΓ£ô[39m tests/integration/database.test.ts[2m > [22mCosmos DB Real Integration Tests[2m > [22mVendor CRUD Operations[2m > [22mshould create a new vendor[32m 139[2mms[22m[39m
 [32mΓ£ô[39m tests/integration/database.test.ts[2m > [22mCosmos DB Real Integration Tests[2m > [22mVendor CRUD Operations[2m > [22mshould retrieve vendor by ID[32m 53[2mms[22m[39m
[90mstdout[2m | tests/integration/database.test.ts[2m > [22m[2mCosmos DB Real Integration Tests[2m > [22m[2mVendor CRUD Operations[2m > [22m[2mshould update vendor performance metrics
[22m[39mΓ£à Updated vendor performance - Rating: 4.8

 [32mΓ£ô[39m tests/integration/database-real.test.ts[2m > [22mCosmos DB Real Integration Tests[2m > [22mAppraisal Order CRUD Operations[2m > [22mshould retrieve the created order by ID[32m 141[2mms[22m[39m
[90mstdout[2m | tests/integration/database-real.test.ts[2m > [22m[2mCosmos DB Real Integration Tests[2m > [22m[2mAppraisal Order CRUD Operations[2m > [22m[2mshould update the order status
[22m[39mΓ£à Updated order status to: IN_PROGRESS

 [32mΓ£ô[39m tests/integration/database.test.ts[2m > [22mCosmos DB Real Integration Tests[2m > [22mVendor CRUD Operations[2m > [22mshould update vendor performance metrics[32m 107[2mms[22m[39m
 [32mΓ£ô[39m tests/integration/database-real.test.ts[2m > [22mCosmos DB Real Integration Tests[2m > [22mAppraisal Order CRUD Operations[2m > [22mshould update the order status[32m 160[2mms[22m[39m
[90mstdout[2m | tests/integration/database-real.test.ts[2m > [22m[2mCosmos DB Real Integration Tests[2m > [22m[2mAppraisal Order CRUD Operations[2m > [22m[2mshould list orders with filters
[22m[39mΓ£à Found 10 orders with status 'new'

 [32mΓ£ô[39m tests/integration/database-real.test.ts[2m > [22mCosmos DB Real Integration Tests[2m > [22mAppraisal Order CRUD Operations[2m > [22mshould list orders with filters[32m 114[2mms[22m[39m
[90mstdout[2m | tests/integration/database-real.test.ts[2m > [22m[2mCosmos DB Real Integration Tests[2m > [22m[2mVendor CRUD Operations[2m > [22m[2mshould create a new vendor
[22m[39m2026-03-11T03:59:25.698Z INFO [App] Vendor created successfully {"vendorId":"1773201565529-5e7oozi4m"}

[90mstdout[2m | tests/integration/database-real.test.ts[2m > [22m[2mCosmos DB Real Integration Tests[2m > [22m[2mVendor CRUD Operations[2m > [22m[2mshould create a new vendor
[22m[39mΓ£à Created vendor with ID: 1773201565529-5e7oozi4m

[90mstdout[2m | tests/integration/database-real.test.ts[2m > [22m[2mCosmos DB Real Integration Tests[2m > [22m[2mVendor CRUD Operations[2m > [22m[2mshould retrieve vendor by ID
[22m[39m

=== FIND VENDOR BY ID ===
Looking for vendor ID: 1773201565529-5e7oozi4m
Container: initialized
Query: {
  "query": "SELECT * FROM c WHERE c.id = @id",
  "parameters": [
    {
      "name": "@id",
      "value": "1773201565529-5e7oozi4m"
    }
  ]
}

[90mstdout[2m | tests/integration/database-real.test.ts[2m > [22m[2mCosmos DB Real Integration Tests[2m > [22m[2mVendor CRUD Operations[2m > [22m[2mshould retrieve vendor by ID
[22m[39mQuery returned resources count: [33m1[39m
Found vendor: 1773201565529-5e7oozi4m Test Appraisal Company
Vendor has certifications: [33mtrue[39m length: [33m2[39m
Vendor has paymentHistory: [33mfalse[39m length: [90mundefined[39m
=== END FIND VENDOR ===



[90mstdout[2m | tests/integration/database-real.test.ts[2m > [22m[2mCosmos DB Real Integration Tests[2m > [22m[2mVendor CRUD Operations[2m > [22m[2mshould retrieve vendor by ID
[22m[39mΓ£à Retrieved vendor: Test Appraisal Company

 [32mΓ£ô[39m tests/integration/database-real.test.ts[2m > [22mCosmos DB Real Integration Tests[2m > [22mVendor CRUD Operations[2m > [22mshould create a new vendor[32m 172[2mms[22m[39m
[90mstdout[2m | tests/integration/database-real.test.ts[2m > [22m[2mCosmos DB Real Integration Tests[2m > [22m[2mVendor CRUD Operations[2m > [22m[2mshould update vendor performance metrics
[22m[39m

=== FIND VENDOR BY ID ===
Looking for vendor ID: 1773201565529-5e7oozi4m
Container: initialized
Query: {
  "query": "SELECT * FROM c WHERE c.id = @id",
  "parameters": [
    {
      "name": "@id",
      "value": "1773201565529-5e7oozi4m"
    }
  ]
}

[90mstdout[2m | tests/integration/comprehensive-api.test.ts
[22m[39m2026-03-11T03:59:25.714Z INFO [App] AzureCommunicationService: using API key credential
2026-03-11T03:59:25.725Z INFO [App] AzureCommunicationService: using API key credential
2026-03-11T03:59:25.727Z INFO [App] AzureCommunicationService: using API key credential
2026-03-11T03:59:25.730Z INFO [App] AzureCommunicationService: using API key credential
Γ£à Axiom live mode ΓÇö https://axiom-dev-api.ambitioushill-a89e4aa0.eastus.azurecontainerapps.io (no auth ΓÇö dev server)
2026-03-11T03:59:25.732Z INFO [WebPubSubService] Using local emulator mode for Web PubSub

[90mstdout[2m | tests/integration/manual-api.test.ts
[22m[39m2026-03-11T03:59:25.733Z INFO [App] AzureCommunicationService: using API key credential
2026-03-11T03:59:25.745Z INFO [App] AzureCommunicationService: using API key credential
2026-03-11T03:59:25.747Z INFO [App] AzureCommunicationService: using API key credential
2026-03-11T03:59:25.750Z INFO [App] AzureCommunicationService: using API key credential
Γ£à Axiom live mode ΓÇö https://axiom-dev-api.ambitioushill-a89e4aa0.eastus.azurecontainerapps.io (no auth ΓÇö dev server)
2026-03-11T03:59:25.752Z INFO [WebPubSubService] Using local emulator mode for Web PubSub

[90mstdout[2m | tests/integration/production-api.test.ts
[22m[39m2026-03-11T03:59:25.750Z INFO [App] AzureCommunicationService: using API key credential
2026-03-11T03:59:25.759Z INFO [App] AzureCommunicationService: using API key credential
2026-03-11T03:59:25.761Z INFO [App] AzureCommunicationService: using API key credential
2026-03-11T03:59:25.763Z INFO [App] AzureCommunicationService: using API key credential
Γ£à Axiom live mode ΓÇö https://axiom-dev-api.ambitioushill-a89e4aa0.eastus.azurecontainerapps.io (no auth ΓÇö dev server)
2026-03-11T03:59:25.765Z INFO [WebPubSubService] Using local emulator mode for Web PubSub

[90mstdout[2m | tests/integration/real-api-validation.test.ts
[22m[39m2026-03-11T03:59:25.733Z INFO [App] AzureCommunicationService: using API key credential
2026-03-11T03:59:25.749Z INFO [App] AzureCommunicationService: using API key credential
2026-03-11T03:59:25.751Z INFO [App] AzureCommunicationService: using API key credential
2026-03-11T03:59:25.753Z INFO [App] AzureCommunicationService: using API key credential
Γ£à Axiom live mode ΓÇö https://axiom-dev-api.ambitioushill-a89e4aa0.eastus.azurecontainerapps.io (no auth ΓÇö dev server)
2026-03-11T03:59:25.755Z INFO [WebPubSubService] Using local emulator mode for Web PubSub

[90mstdout[2m | tests/integration/database-real.test.ts[2m > [22m[2mCosmos DB Real Integration Tests[2m > [22m[2mVendor CRUD Operations[2m > [22m[2mshould update vendor performance metrics
[22m[39mQuery returned resources count: [33m1[39m
Found vendor: 1773201565529-5e7oozi4m Test Appraisal Company
Vendor has certifications: [33mtrue[39m length: [33m2[39m
Vendor has paymentHistory: [33mfalse[39m length: [90mundefined[39m
=== END FIND VENDOR ===



[90mstdout[2m | tests/integration/performance.test.ts
[22m[39m2026-03-11T03:59:25.763Z INFO [App] AzureCommunicationService: using API key credential
2026-03-11T03:59:25.773Z INFO [App] AzureCommunicationService: using API key credential
2026-03-11T03:59:25.775Z INFO [App] AzureCommunicationService: using API key credential
2026-03-11T03:59:25.779Z INFO [App] AzureCommunicationService: using API key credential
Γ£à Axiom live mode ΓÇö https://axiom-dev-api.ambitioushill-a89e4aa0.eastus.azurecontainerapps.io (no auth ΓÇö dev server)
2026-03-11T03:59:25.781Z INFO [WebPubSubService] Using local emulator mode for Web PubSub

[90mstdout[2m | tests/qc-api-integration.test.ts
[22m[39m2026-03-11T03:59:25.769Z INFO [App] AzureCommunicationService: using API key credential
2026-03-11T03:59:25.778Z INFO [App] AzureCommunicationService: using API key credential
2026-03-11T03:59:25.780Z INFO [App] AzureCommunicationService: using API key credential
2026-03-11T03:59:25.783Z INFO [App] AzureCommunicationService: using API key credential
Γ£à Axiom live mode ΓÇö https://axiom-dev-api.ambitioushill-a89e4aa0.eastus.azurecontainerapps.io (no auth ΓÇö dev server)
2026-03-11T03:59:25.785Z INFO [WebPubSubService] Using local emulator mode for Web PubSub

[90mstdout[2m | tests/integration/external-services.test.ts
[22m[39m2026-03-11T03:59:25.781Z INFO [App] AzureCommunicationService: using API key credential
2026-03-11T03:59:25.791Z INFO [App] AzureCommunicationService: using API key credential
2026-03-11T03:59:25.792Z INFO [App] AzureCommunicationService: using API key credential
2026-03-11T03:59:25.794Z INFO [App] AzureCommunicationService: using API key credential
Γ£à Axiom live mode ΓÇö https://axiom-dev-api.ambitioushill-a89e4aa0.eastus.azurecontainerapps.io (no auth ΓÇö dev server)
2026-03-11T03:59:25.795Z INFO [WebPubSubService] Using local emulator mode for Web PubSub

[90mstdout[2m | tests/integration/api.test.ts
[22m[39m2026-03-11T03:59:25.792Z INFO [App] AzureCommunicationService: using API key credential
2026-03-11T03:59:25.804Z INFO [App] AzureCommunicationService: using API key credential
2026-03-11T03:59:25.806Z INFO [App] AzureCommunicationService: using API key credential
2026-03-11T03:59:25.810Z INFO [App] AzureCommunicationService: using API key credential
Γ£à Axiom live mode ΓÇö https://axiom-dev-api.ambitioushill-a89e4aa0.eastus.azurecontainerapps.io (no auth ΓÇö dev server)
2026-03-11T03:59:25.815Z INFO [WebPubSubService] Using local emulator mode for Web PubSub

 [32mΓ£ô[39m tests/integration/database-real.test.ts[2m > [22mCosmos DB Real Integration Tests[2m > [22mVendor CRUD Operations[2m > [22mshould retrieve vendor by ID[32m 55[2mms[22m[39m
[90mstdout[2m | tests/integration/live-api.test.ts
[22m[39m2026-03-11T03:59:25.805Z INFO [App] AzureCommunicationService: using API key credential
2026-03-11T03:59:25.816Z INFO [App] AzureCommunicationService: using API key credential
2026-03-11T03:59:25.819Z INFO [App] AzureCommunicationService: using API key credential
2026-03-11T03:59:25.822Z INFO [App] AzureCommunicationService: using API key credential
Γ£à Axiom live mode ΓÇö https://axiom-dev-api.ambitioushill-a89e4aa0.eastus.azurecontainerapps.io (no auth ΓÇö dev server)
2026-03-11T03:59:25.824Z INFO [WebPubSubService] Using local emulator mode for Web PubSub

[90mstdout[2m | tests/integration/minimal-server.test.ts
[22m[39m2026-03-11T03:59:25.816Z INFO [App] AzureCommunicationService: using API key credential
2026-03-11T03:59:25.825Z INFO [App] AzureCommunicationService: using API key credential
2026-03-11T03:59:25.827Z INFO [App] AzureCommunicationService: using API key credential
2026-03-11T03:59:25.828Z INFO [App] AzureCommunicationService: using API key credential
Γ£à Axiom live mode ΓÇö https://axiom-dev-api.ambitioushill-a89e4aa0.eastus.azurecontainerapps.io (no auth ΓÇö dev server)
2026-03-11T03:59:25.830Z INFO [WebPubSubService] Using local emulator mode for Web PubSub

[90mstdout[2m | tests/qc-workflow-e2e.test.ts
[22m[39m2026-03-11T03:59:25.819Z INFO [App] AzureCommunicationService: using API key credential
2026-03-11T03:59:25.828Z INFO [App] AzureCommunicationService: using API key credential
2026-03-11T03:59:25.830Z INFO [App] AzureCommunicationService: using API key credential
2026-03-11T03:59:25.831Z INFO [App] AzureCommunicationService: using API key credential
Γ£à Axiom live mode ΓÇö https://axiom-dev-api.ambitioushill-a89e4aa0.eastus.azurecontainerapps.io (no auth ΓÇö dev server)
2026-03-11T03:59:25.833Z INFO [WebPubSubService] Using local emulator mode for Web PubSub

[90mstdout[2m | tests/integration/database-real.test.ts[2m > [22m[2mCosmos DB Real Integration Tests[2m > [22m[2mVendor CRUD Operations[2m > [22m[2mshould update vendor performance metrics
[22m[39mΓ£à Updated vendor performance - Quality Score: 4.8

[90mstdout[2m | tests/integration/external-services-fixed.test.ts
[22m[39m2026-03-11T03:59:25.840Z INFO [App] AzureCommunicationService: using API key credential
2026-03-11T03:59:25.851Z INFO [App] AzureCommunicationService: using API key credential
2026-03-11T03:59:25.852Z INFO [App] AzureCommunicationService: using API key credential
2026-03-11T03:59:25.855Z INFO [App] AzureCommunicationService: using API key credential
Γ£à Axiom live mode ΓÇö https://axiom-dev-api.ambitioushill-a89e4aa0.eastus.azurecontainerapps.io (no auth ΓÇö dev server)
2026-03-11T03:59:25.857Z INFO [WebPubSubService] Using local emulator mode for Web PubSub

[90mstdout[2m | tests/comprehensive-api.test.ts
[22m[39m2026-03-11T03:59:25.821Z INFO [App] AzureCommunicationService: using API key credential
2026-03-11T03:59:25.850Z INFO [App] AzureCommunicationService: using API key credential
2026-03-11T03:59:25.857Z INFO [App] AzureCommunicationService: using API key credential
2026-03-11T03:59:25.860Z INFO [App] AzureCommunicationService: using API key credential
Γ£à Axiom live mode ΓÇö https://axiom-dev-api.ambitioushill-a89e4aa0.eastus.azurecontainerapps.io (no auth ΓÇö dev server)
2026-03-11T03:59:25.865Z INFO [WebPubSubService] Using local emulator mode for Web PubSub

 [32mΓ£ô[39m tests/integration/database-real.test.ts[2m > [22mCosmos DB Real Integration Tests[2m > [22mVendor CRUD Operations[2m > [22mshould update vendor performance metrics[32m 115[2mms[22m[39m
[90mstdout[2m | tests/comprehensive-crud.test.ts[2m > [22m[2mComprehensive CRUD API Tests[2m > [22m[2mVendor Management API[2m > [22m[2mshould create a new vendor
[22m[39m2026-03-11T03:59:26.265Z INFO [App] Vendor created successfully {"vendorId":"1773201561717-5pq7ag71y"}

[90mstdout[2m | tests/comprehensive-crud.test.ts[2m > [22m[2mComprehensive CRUD API Tests[2m > [22m[2mVendor Management API[2m > [22m[2mshould create a new vendor
[22m[39m2026-03-11T03:59:26.265Z INFO [VendorController] Vendor created {"vendorId":"1773201561717-5pq7ag71y"}

[90mstdout[2m | tests/comprehensive-crud.test.ts[2m > [22m[2mComprehensive CRUD API Tests[2m > [22m[2mVendor Management API[2m > [22m[2mshould validate required vendor fields
[22m[39m2026-03-11T03:59:26.272Z INFO [App] AzureCommunicationService: using API key credential
2026-03-11T03:59:26.273Z INFO [App] AzureCommunicationService: using API key credential
Γ£à Axiom live mode ΓÇö https://axiom-dev-api.ambitioushill-a89e4aa0.eastus.azurecontainerapps.io (no auth ΓÇö dev server)
2026-03-11T03:59:26.274Z INFO [WebPubSubService] Using local emulator mode for Web PubSub
2026-03-11T03:59:26.274Z INFO [App] AzureCommunicationService: using API key credential
2026-03-11T03:59:26.275Z INFO [App] AzureCommunicationService: using API key credential
2026-03-11T03:59:26.275Z INFO [App] AzureCommunicationService: using API key credential
2026-03-11T03:59:26.276Z INFO [App] Teams service initialized with Managed Identity
2026-03-11T03:59:26.277Z INFO [ServiceBusEventPublisher] Using Managed Identity for Service Bus authentication {"namespace":"appraisal-mgmt-staging-servicebus.servicebus.windows.net"}
2026-03-11T03:59:26.278Z INFO [ServiceBusEventPublisher] Using Managed Identity for Service Bus authentication {"namespace":"appraisal-mgmt-staging-servicebus.servicebus.windows.net"}
2026-03-11T03:59:26.280Z INFO [ServiceBusEventSubscriber] Using Managed Identity for Service Bus authentication {"namespace":"appraisal-mgmt-staging-servicebus.servicebus.windows.net"}
2026-03-11T03:59:26.293Z INFO [App] Property management routes configured

[90mstderr[2m | tests/comprehensive-crud.test.ts[2m > 
[22m[2mComprehensive CRUD API Tests[2m > [22m[2mVendor Management API[2m 
> [22m[2mshould validate required vendor fields
[22m[39m2026-03-11T03:59:26.271Z WARN [App] Azure Service Bus connection 
string not provided, using mock implementation

[90mstdout[2m | tests/comprehensive-crud.test.ts[2m > [22m[2mComprehensive CRUD API Tests[2m > [22m[2mVendor Management API[2m > [22m[2mshould retrieve vendor by ID
[22m[39m2026-03-11T03:59:26.317Z INFO [App] AzureCommunicationService: using API key credential
2026-03-11T03:59:26.318Z INFO [App] AzureCommunicationService: using API key credential
Γ£à Axiom live mode ΓÇö https://axiom-dev-api.ambitioushill-a89e4aa0.eastus.azurecontainerapps.io (no auth ΓÇö dev server)
2026-03-11T03:59:26.319Z INFO [WebPubSubService] Using local emulator mode for Web PubSub
2026-03-11T03:59:26.320Z INFO [App] AzureCommunicationService: using API key credential
2026-03-11T03:59:26.321Z INFO [App] AzureCommunicationService: using API key credential
2026-03-11T03:59:26.321Z INFO [App] AzureCommunicationService: using API key credential
2026-03-11T03:59:26.322Z INFO [App] Teams service initialized with Managed Identity
2026-03-11T03:59:26.323Z INFO [ServiceBusEventPublisher] Using Managed Identity for Service Bus authentication {"namespace":"appraisal-mgmt-staging-servicebus.servicebus.windows.net"}
2026-03-11T03:59:26.324Z INFO [ServiceBusEventPublisher] Using Managed Identity for Service Bus authentication {"namespace":"appraisal-mgmt-staging-servicebus.servicebus.windows.net"}
2026-03-11T03:59:26.325Z INFO [ServiceBusEventSubscriber] Using Managed Identity for Service Bus authentication {"namespace":"appraisal-mgmt-staging-servicebus.servicebus.windows.net"}
2026-03-11T03:59:26.343Z INFO [App] Property management routes configured

[90mstderr[2m | tests/comprehensive-crud.test.ts[2m > 
[22m[2mComprehensive CRUD API Tests[2m > [22m[2mVendor Management API[2m 
> [22m[2mshould retrieve vendor by ID
[22m[39m2026-03-11T03:59:26.317Z WARN [App] Azure Service Bus connection 
string not provided, using mock implementation

[90mstdout[2m | tests/comprehensive-crud.test.ts[2m > [22m[2mComprehensive CRUD API Tests[2m > [22m[2mVendor Management API[2m > [22m[2mshould retrieve vendor by ID
[22m[39m2026-03-11T03:59:26.410Z INFO [App] Vendor created successfully {"vendorId":"1773201566356-b7eftmir7"}

[90mstdout[2m | tests/comprehensive-crud.test.ts[2m > [22m[2mComprehensive CRUD API Tests[2m > [22m[2mVendor Management API[2m > [22m[2mshould retrieve vendor by ID
[22m[39m2026-03-11T03:59:26.410Z INFO [VendorController] Vendor created {"vendorId":"1773201566356-b7eftmir7"}

[90mstdout[2m | tests/comprehensive-crud.test.ts[2m > [22m[2mComprehensive CRUD API Tests[2m > [22m[2mVendor Management API[2m > [22m[2mshould retrieve vendor by ID
[22m[39m

=== FIND VENDOR BY ID ===
Looking for vendor ID: 1773201566356-b7eftmir7
Container: initialized
Query: {
  "query": "SELECT * FROM c WHERE c.id = @id",
  "parameters": [
    {
      "name": "@id",
      "value": "1773201566356-b7eftmir7"
    }
  ]
}

[90mstdout[2m | tests/comprehensive-crud.test.ts[2m > [22m[2mComprehensive CRUD API Tests[2m > [22m[2mVendor Management API[2m > [22m[2mshould retrieve vendor by ID
[22m[39mQuery returned resources count: [33m1[39m
Found vendor: 1773201566356-b7eftmir7 Test Appraisal Services
Vendor has certifications: [33mfalse[39m length: [90mundefined[39m
Vendor has paymentHistory: [33mfalse[39m length: [90mundefined[39m
=== END FIND VENDOR ===



 [32mΓ£ô[39m tests/comprehensive-crud.test.ts[2m > [22mComprehensive CRUD API Tests[2m > [22mVendor Management API[2m > [22mshould create a new vendor[33m 4610[2mms[22m[39m
 [32mΓ£ô[39m tests/comprehensive-crud.test.ts[2m > [22mComprehensive CRUD API Tests[2m > [22mVendor Management API[2m > [22mshould validate required vendor fields[32m 46[2mms[22m[39m
[90mstdout[2m | tests/comprehensive-crud.test.ts[2m > [22m[2mComprehensive CRUD API Tests[2m > [22m[2mVendor Management API[2m > [22m[2mshould update vendor information
[22m[39m2026-03-11T03:59:26.576Z INFO [App] AzureCommunicationService: using API key credential
2026-03-11T03:59:26.577Z INFO [App] AzureCommunicationService: using API key credential
Γ£à Axiom live mode ΓÇö https://axiom-dev-api.ambitioushill-a89e4aa0.eastus.azurecontainerapps.io (no auth ΓÇö dev server)
2026-03-11T03:59:26.577Z INFO [WebPubSubService] Using local emulator mode for Web PubSub
2026-03-11T03:59:26.577Z INFO [App] AzureCommunicationService: using API key credential
2026-03-11T03:59:26.578Z INFO [App] AzureCommunicationService: using API key credential
2026-03-11T03:59:26.578Z INFO [App] AzureCommunicationService: using API key credential
2026-03-11T03:59:26.578Z INFO [App] Teams service initialized with Managed Identity
2026-03-11T03:59:26.579Z INFO [ServiceBusEventPublisher] Using Managed Identity for Service Bus authentication {"namespace":"appraisal-mgmt-staging-servicebus.servicebus.windows.net"}
2026-03-11T03:59:26.580Z INFO [ServiceBusEventPublisher] Using Managed Identity for Service Bus authentication {"namespace":"appraisal-mgmt-staging-servicebus.servicebus.windows.net"}
2026-03-11T03:59:26.581Z INFO [ServiceBusEventSubscriber] Using Managed Identity for Service Bus authentication {"namespace":"appraisal-mgmt-staging-servicebus.servicebus.windows.net"}
2026-03-11T03:59:26.594Z INFO [App] Property management routes configured

[90mstderr[2m | tests/comprehensive-crud.test.ts[2m > 
[22m[2mComprehensive CRUD API Tests[2m > [22m[2mVendor Management API[2m 
> [22m[2mshould update vendor information
[22m[39m2026-03-11T03:59:26.576Z WARN [App] Azure Service Bus connection 
string not provided, using mock implementation

[90mstdout[2m | tests/comprehensive-crud.test.ts[2m > [22m[2mComprehensive CRUD API Tests[2m > [22m[2mVendor Management API[2m > [22m[2mshould update vendor information
[22m[39m2026-03-11T03:59:26.659Z INFO [App] Vendor created successfully {"vendorId":"1773201566602-few0ig7ts"}

[90mstdout[2m | tests/comprehensive-crud.test.ts[2m > [22m[2mComprehensive CRUD API Tests[2m > [22m[2mVendor Management API[2m > [22m[2mshould update vendor information
[22m[39m2026-03-11T03:59:26.660Z INFO [VendorController] Vendor created {"vendorId":"1773201566602-few0ig7ts"}

[90mstdout[2m | tests/comprehensive-crud.test.ts[2m > [22m[2mComprehensive CRUD API Tests[2m > [22m[2mVendor Management API[2m > [22m[2mshould update vendor information
[22m[39m

=== FIND VENDOR BY ID ===
Looking for vendor ID: 1773201566602-few0ig7ts
Container: initialized
Query: {
  "query": "SELECT * FROM c WHERE c.id = @id",
  "parameters": [
    {
      "name": "@id",
      "value": "1773201566602-few0ig7ts"
    }
  ]
}

 [32mΓ£ô[39m tests/comprehensive-crud.test.ts[2m > [22mComprehensive CRUD API Tests[2m > [22mVendor Management API[2m > [22mshould retrieve vendor by ID[32m 259[2mms[22m[39m
[90mstdout[2m | tests/comprehensive-crud.test.ts[2m > [22m[2mComprehensive CRUD API Tests[2m > [22m[2mVendor Management API[2m > [22m[2mshould update vendor information
[22m[39mQuery returned resources count: [33m1[39m
Found vendor: 1773201566602-few0ig7ts Test Appraisal Services
Vendor has certifications: [33mfalse[39m length: [90mundefined[39m
Vendor has paymentHistory: [33mfalse[39m length: [90mundefined[39m
=== END FIND VENDOR ===



[90mstdout[2m | tests/comprehensive-crud.test.ts[2m > [22m[2mComprehensive CRUD API Tests[2m > [22m[2mVendor Management API[2m > [22m[2mshould update vendor information
[22m[39m2026-03-11T03:59:26.851Z INFO [VendorController] Vendor updated {"vendorId":"1773201566602-few0ig7ts"}

[90mstdout[2m | tests/comprehensive-crud.test.ts[2m > [22m[2mComprehensive CRUD API Tests[2m > [22m[2mVendor Management API[2m > [22m[2mshould list vendors with filtering
[22m[39m2026-03-11T03:59:26.856Z INFO [App] AzureCommunicationService: using API key credential
2026-03-11T03:59:26.856Z INFO [App] AzureCommunicationService: using API key credential
Γ£à Axiom live mode ΓÇö https://axiom-dev-api.ambitioushill-a89e4aa0.eastus.azurecontainerapps.io (no auth ΓÇö dev server)
2026-03-11T03:59:26.857Z INFO [WebPubSubService] Using local emulator mode for Web PubSub
2026-03-11T03:59:26.857Z INFO [App] AzureCommunicationService: using API key credential
2026-03-11T03:59:26.857Z INFO [App] AzureCommunicationService: using API key credential
2026-03-11T03:59:26.858Z INFO [App] AzureCommunicationService: using API key credential
2026-03-11T03:59:26.858Z INFO [App] Teams service initialized with Managed Identity
2026-03-11T03:59:26.859Z INFO [ServiceBusEventPublisher] Using Managed Identity for Service Bus authentication {"namespace":"appraisal-mgmt-staging-servicebus.servicebus.windows.net"}
2026-03-11T03:59:26.860Z INFO [ServiceBusEventPublisher] Using Managed Identity for Service Bus authentication {"namespace":"appraisal-mgmt-staging-servicebus.servicebus.windows.net"}
2026-03-11T03:59:26.860Z INFO [ServiceBusEventSubscriber] Using Managed Identity for Service Bus authentication {"namespace":"appraisal-mgmt-staging-servicebus.servicebus.windows.net"}
2026-03-11T03:59:26.874Z INFO [App] Property management routes configured

[90mstderr[2m | tests/comprehensive-crud.test.ts[2m > 
[22m[2mComprehensive CRUD API Tests[2m > [22m[2mVendor Management API[2m 
> [22m[2mshould list vendors with filtering
[22m[39m2026-03-11T03:59:26.855Z WARN [App] Azure Service Bus connection 
string not provided, using mock implementation

[90mstdout[2m | tests/comprehensive-crud.test.ts[2m > [22m[2mComprehensive CRUD API Tests[2m > [22m[2mVendor Management API[2m > [22m[2mshould list vendors with filtering
[22m[39m2026-03-11T03:59:26.939Z INFO [App] Vendor created successfully {"vendorId":"1773201566889-y17reax7p"}

[90mstdout[2m | tests/comprehensive-crud.test.ts[2m > [22m[2mComprehensive CRUD API Tests[2m > [22m[2mVendor Management API[2m > [22m[2mshould list vendors with filtering
[22m[39m2026-03-11T03:59:26.940Z INFO [VendorController] Vendor created {"vendorId":"1773201566889-y17reax7p"}

[90mstdout[2m | tests/comprehensive-crud.test.ts[2m > [22m[2mComprehensive CRUD API Tests[2m > [22m[2mVendor Management API[2m > [22m[2mshould list vendors with filtering
[22m[39m2026-03-11T03:59:26.999Z INFO [App] Vendor created successfully {"vendorId":"1773201566948-um6b1qmch"}

[90mstdout[2m | tests/comprehensive-crud.test.ts[2m > [22m[2mComprehensive CRUD API Tests[2m > [22m[2mVendor Management API[2m > [22m[2mshould list vendors with filtering
[22m[39m2026-03-11T03:59:26.999Z INFO [VendorController] Vendor created {"vendorId":"1773201566948-um6b1qmch"}

[90mstdout[2m | tests/integration/external-services.test.ts
[22m[39m2026-03-11T03:59:27.963Z INFO [ServiceBusEventPublisher] Using Managed Identity for Service Bus authentication {"namespace":"appraisal-mgmt-staging-servicebus.servicebus.windows.net"}

[90mstdout[2m | tests/integration/external-services-fixed.test.ts
[22m[39m2026-03-11T03:59:27.983Z INFO [ServiceBusEventPublisher] Using Managed Identity for Service Bus authentication {"namespace":"appraisal-mgmt-staging-servicebus.servicebus.windows.net"}

[90mstdout[2m | tests/qc-api-integration.test.ts
[22m[39m2026-03-11T03:59:27.988Z INFO [ServiceBusEventPublisher] Using Managed Identity for Service Bus authentication {"namespace":"appraisal-mgmt-staging-servicebus.servicebus.windows.net"}

[90mstdout[2m | tests/qc-workflow-e2e.test.ts
[22m[39m2026-03-11T03:59:28.002Z INFO [ServiceBusEventPublisher] Using Managed Identity for Service Bus authentication {"namespace":"appraisal-mgmt-staging-servicebus.servicebus.windows.net"}

[90mstdout[2m | tests/integration/manual-api.test.ts
[22m[39m2026-03-11T03:59:28.003Z INFO [ServiceBusEventPublisher] Using Managed Identity for Service Bus authentication {"namespace":"appraisal-mgmt-staging-servicebus.servicebus.windows.net"}

[90mstdout[2m | tests/comprehensive-api.test.ts
[22m[39m2026-03-11T03:59:28.004Z INFO [ServiceBusEventPublisher] Using Managed Identity for Service Bus authentication {"namespace":"appraisal-mgmt-staging-servicebus.servicebus.windows.net"}

[90mstdout[2m | tests/integration/api.test.ts
[22m[39m2026-03-11T03:59:28.004Z INFO [ServiceBusEventPublisher] Using Managed Identity for Service Bus authentication {"namespace":"appraisal-mgmt-staging-servicebus.servicebus.windows.net"}

[90mstdout[2m | tests/integration/live-api.test.ts
[22m[39m2026-03-11T03:59:28.006Z INFO [ServiceBusEventPublisher] Using Managed Identity for Service Bus authentication {"namespace":"appraisal-mgmt-staging-servicebus.servicebus.windows.net"}

[90mstdout[2m | tests/integration/minimal-server.test.ts
[22m[39m2026-03-11T03:59:28.006Z INFO [ServiceBusEventPublisher] Using Managed Identity for Service Bus authentication {"namespace":"appraisal-mgmt-staging-servicebus.servicebus.windows.net"}

[90mstdout[2m | tests/integration/real-api-validation.test.ts
[22m[39m2026-03-11T03:59:28.009Z INFO [ServiceBusEventPublisher] Using Managed Identity for Service Bus authentication {"namespace":"appraisal-mgmt-staging-servicebus.servicebus.windows.net"}

[90mstdout[2m | tests/integration/production-api.test.ts
[22m[39m2026-03-11T03:59:28.023Z INFO [ServiceBusEventPublisher] Using Managed Identity for Service Bus authentication {"namespace":"appraisal-mgmt-staging-servicebus.servicebus.windows.net"}

[90mstdout[2m | tests/integration/performance.test.ts
[22m[39m2026-03-11T03:59:28.024Z INFO [ServiceBusEventPublisher] Using Managed Identity for Service Bus authentication {"namespace":"appraisal-mgmt-staging-servicebus.servicebus.windows.net"}

[90mstdout[2m | tests/integration/comprehensive-api.test.ts
[22m[39m2026-03-11T03:59:28.030Z INFO [ServiceBusEventPublisher] Using Managed Identity for Service Bus authentication {"namespace":"appraisal-mgmt-staging-servicebus.servicebus.windows.net"}

[90mstdout[2m | tests/integration/api.test.ts
[22m[39m2026-03-11T03:59:28.239Z INFO [BlobStorageService] Blob storage initialized with DefaultAzureCredential {"accountUrl":"https://apprstaginglqxl5vst.blob.core.windows.net"}
2026-03-11T03:59:28.239Z INFO [WebPubSubService] Using local emulator mode for Web PubSub

[90mstdout[2m | tests/integration/minimal-server.test.ts
[22m[39m2026-03-11T03:59:28.240Z INFO [BlobStorageService] Blob storage initialized with DefaultAzureCredential {"accountUrl":"https://apprstaginglqxl5vst.blob.core.windows.net"}
2026-03-11T03:59:28.240Z INFO [WebPubSubService] Using local emulator mode for Web PubSub

[90mstdout[2m | tests/integration/external-services.test.ts
[22m[39m2026-03-11T03:59:28.240Z INFO [BlobStorageService] Blob storage initialized with DefaultAzureCredential {"accountUrl":"https://apprstaginglqxl5vst.blob.core.windows.net"}
2026-03-11T03:59:28.241Z INFO [WebPubSubService] Using local emulator mode for Web PubSub

[90mstdout[2m | tests/integration/live-api.test.ts
[22m[39m2026-03-11T03:59:28.241Z INFO [BlobStorageService] Blob storage initialized with DefaultAzureCredential {"accountUrl":"https://apprstaginglqxl5vst.blob.core.windows.net"}
2026-03-11T03:59:28.242Z INFO [WebPubSubService] Using local emulator mode for Web PubSub

[90mstdout[2m | tests/integration/real-api-validation.test.ts
[22m[39m2026-03-11T03:59:28.241Z INFO [BlobStorageService] Blob storage initialized with DefaultAzureCredential {"accountUrl":"https://apprstaginglqxl5vst.blob.core.windows.net"}
2026-03-11T03:59:28.241Z INFO [WebPubSubService] Using local emulator mode for Web PubSub

[90mstdout[2m | tests/integration/manual-api.test.ts
[22m[39m2026-03-11T03:59:28.241Z INFO [BlobStorageService] Blob storage initialized with DefaultAzureCredential {"accountUrl":"https://apprstaginglqxl5vst.blob.core.windows.net"}
2026-03-11T03:59:28.241Z INFO [WebPubSubService] Using local emulator mode for Web PubSub

[90mstdout[2m | tests/qc-api-integration.test.ts
[22m[39m2026-03-11T03:59:28.242Z INFO [BlobStorageService] Blob storage initialized with DefaultAzureCredential {"accountUrl":"https://apprstaginglqxl5vst.blob.core.windows.net"}
2026-03-11T03:59:28.242Z INFO [WebPubSubService] Using local emulator mode for Web PubSub

[90mstdout[2m | tests/integration/production-api.test.ts
[22m[39m2026-03-11T03:59:28.242Z INFO [BlobStorageService] Blob storage initialized with DefaultAzureCredential {"accountUrl":"https://apprstaginglqxl5vst.blob.core.windows.net"}
2026-03-11T03:59:28.242Z INFO [WebPubSubService] Using local emulator mode for Web PubSub

[90mstdout[2m | tests/qc-workflow-e2e.test.ts
[22m[39m2026-03-11T03:59:28.242Z INFO [BlobStorageService] Blob storage initialized with DefaultAzureCredential {"accountUrl":"https://apprstaginglqxl5vst.blob.core.windows.net"}
2026-03-11T03:59:28.242Z INFO [WebPubSubService] Using local emulator mode for Web PubSub

[90mstdout[2m | tests/integration/comprehensive-api.test.ts
[22m[39m2026-03-11T03:59:28.243Z INFO [BlobStorageService] Blob storage initialized with DefaultAzureCredential {"accountUrl":"https://apprstaginglqxl5vst.blob.core.windows.net"}
2026-03-11T03:59:28.243Z INFO [WebPubSubService] Using local emulator mode for Web PubSub

[90mstdout[2m | tests/comprehensive-api.test.ts
[22m[39m2026-03-11T03:59:28.243Z INFO [BlobStorageService] Blob storage initialized with DefaultAzureCredential {"accountUrl":"https://apprstaginglqxl5vst.blob.core.windows.net"}
2026-03-11T03:59:28.243Z INFO [WebPubSubService] Using local emulator mode for Web PubSub

[90mstdout[2m | tests/integration/external-services-fixed.test.ts
[22m[39m2026-03-11T03:59:28.243Z INFO [BlobStorageService] Blob storage initialized with DefaultAzureCredential {"accountUrl":"https://apprstaginglqxl5vst.blob.core.windows.net"}
2026-03-11T03:59:28.243Z INFO [WebPubSubService] Using local emulator mode for Web PubSub

[90mstdout[2m | tests/integration/performance.test.ts
[22m[39m2026-03-11T03:59:28.244Z INFO [BlobStorageService] Blob storage initialized with DefaultAzureCredential {"accountUrl":"https://apprstaginglqxl5vst.blob.core.windows.net"}
2026-03-11T03:59:28.244Z INFO [WebPubSubService] Using local emulator mode for Web PubSub

[90mstdout[2m | tests/integration/production-api.test.ts
[22m[39m2026-03-11T03:59:28.962Z INFO [App] AzureCommunicationService: using API key credential
2026-03-11T03:59:28.963Z INFO [App] AzureCommunicationService: using API key credential
2026-03-11T03:59:28.967Z INFO [WebPubSubService] Initialized Web PubSub client for hub: appraisal-notifications (Managed Identity)

[90mstdout[2m | tests/qc-api-integration.test.ts
[22m[39m2026-03-11T03:59:28.964Z INFO [App] AzureCommunicationService: using API key credential
2026-03-11T03:59:28.965Z INFO [App] AzureCommunicationService: using API key credential
2026-03-11T03:59:28.970Z INFO [WebPubSubService] Initialized Web PubSub client for hub: appraisal-notifications (Managed Identity)

[90mstdout[2m | tests/integration/api.test.ts
[22m[39m2026-03-11T03:59:28.964Z INFO [App] AzureCommunicationService: using API key credential
2026-03-11T03:59:28.965Z INFO [App] AzureCommunicationService: using API key credential
2026-03-11T03:59:28.969Z INFO [WebPubSubService] Initialized Web PubSub client for hub: appraisal-notifications (Managed Identity)

[90mstdout[2m | tests/integration/performance.test.ts
[22m[39m2026-03-11T03:59:28.965Z INFO [App] AzureCommunicationService: using API key credential
2026-03-11T03:59:28.967Z INFO [App] AzureCommunicationService: using API key credential
2026-03-11T03:59:28.970Z INFO [WebPubSubService] Initialized Web PubSub client for hub: appraisal-notifications (Managed Identity)

[90mstdout[2m | tests/integration/manual-api.test.ts
[22m[39m2026-03-11T03:59:28.966Z INFO [App] AzureCommunicationService: using API key credential
2026-03-11T03:59:28.967Z INFO [App] AzureCommunicationService: using API key credential
2026-03-11T03:59:28.970Z INFO [WebPubSubService] Initialized Web PubSub client for hub: appraisal-notifications (Managed Identity)

[90mstdout[2m | tests/qc-workflow-e2e.test.ts
[22m[39m2026-03-11T03:59:28.968Z INFO [App] AzureCommunicationService: using API key credential
2026-03-11T03:59:28.969Z INFO [App] AzureCommunicationService: using API key credential
2026-03-11T03:59:28.973Z INFO [WebPubSubService] Initialized Web PubSub client for hub: appraisal-notifications (Managed Identity)

[90mstdout[2m | tests/integration/minimal-server.test.ts
[22m[39m2026-03-11T03:59:28.969Z INFO [App] AzureCommunicationService: using API key credential
2026-03-11T03:59:28.969Z INFO [App] AzureCommunicationService: using API key credential
2026-03-11T03:59:28.973Z INFO [WebPubSubService] Initialized Web PubSub client for hub: appraisal-notifications (Managed Identity)

[90mstdout[2m | tests/integration/comprehensive-api.test.ts
[22m[39m2026-03-11T03:59:28.970Z INFO [App] AzureCommunicationService: using API key credential
2026-03-11T03:59:28.971Z INFO [App] AzureCommunicationService: using API key credential
2026-03-11T03:59:28.974Z INFO [WebPubSubService] Initialized Web PubSub client for hub: appraisal-notifications (Managed Identity)

[90mstdout[2m | tests/integration/external-services-fixed.test.ts
[22m[39m2026-03-11T03:59:28.969Z INFO [App] AzureCommunicationService: using API key credential
2026-03-11T03:59:28.970Z INFO [App] AzureCommunicationService: using API key credential
2026-03-11T03:59:28.974Z INFO [WebPubSubService] Initialized Web PubSub client for hub: appraisal-notifications (Managed Identity)

[90mstdout[2m | tests/integration/external-services.test.ts
[22m[39m2026-03-11T03:59:28.971Z INFO [App] AzureCommunicationService: using API key credential
2026-03-11T03:59:28.972Z INFO [App] AzureCommunicationService: using API key credential
2026-03-11T03:59:28.976Z INFO [WebPubSubService] Initialized Web PubSub client for hub: appraisal-notifications (Managed Identity)

[90mstdout[2m | tests/integration/live-api.test.ts
[22m[39m2026-03-11T03:59:28.972Z INFO [App] AzureCommunicationService: using API key credential
2026-03-11T03:59:28.973Z INFO [App] AzureCommunicationService: using API key credential
2026-03-11T03:59:28.977Z INFO [WebPubSubService] Initialized Web PubSub client for hub: appraisal-notifications (Managed Identity)

[90mstdout[2m | tests/comprehensive-api.test.ts
[22m[39m2026-03-11T03:59:28.973Z INFO [App] AzureCommunicationService: using API key credential
2026-03-11T03:59:28.974Z INFO [App] AzureCommunicationService: using API key credential
2026-03-11T03:59:28.977Z INFO [WebPubSubService] Initialized Web PubSub client for hub: appraisal-notifications (Managed Identity)

[90mstdout[2m | tests/integration/real-api-validation.test.ts
[22m[39m2026-03-11T03:59:28.973Z INFO [App] AzureCommunicationService: using API key credential
2026-03-11T03:59:28.974Z INFO [App] AzureCommunicationService: using API key credential
2026-03-11T03:59:28.978Z INFO [WebPubSubService] Initialized Web PubSub client for hub: appraisal-notifications (Managed Identity)

[90mstdout[2m | tests/integration/external-services-fixed.test.ts
[22m[39m2026-03-11T03:59:29.475Z INFO [App] AzureCommunicationService: using API key credential
2026-03-11T03:59:29.477Z INFO [App] Cosmos DB initialized successfully for ACS Identity mappings
2026-03-11T03:59:29.477Z INFO [App] Initializing ACS with API key authentication
2026-03-11T03:59:29.480Z INFO [App] ACS Identity Service initialized with API key
2026-03-11T03:59:29.480Z INFO [App] AzureCommunicationService: using API key credential
2026-03-11T03:59:29.482Z INFO [App] Teams service initialized with Managed Identity

[90mstdout[2m | tests/integration/api.test.ts
[22m[39m2026-03-11T03:59:29.479Z INFO [App] AzureCommunicationService: using API key credential
2026-03-11T03:59:29.480Z INFO [App] Cosmos DB initialized successfully for ACS Identity mappings
2026-03-11T03:59:29.480Z INFO [App] Initializing ACS with API key authentication
2026-03-11T03:59:29.482Z INFO [App] ACS Identity Service initialized with API key
2026-03-11T03:59:29.482Z INFO [App] AzureCommunicationService: using API key credential
2026-03-11T03:59:29.485Z INFO [App] Teams service initialized with Managed Identity

[90mstdout[2m | tests/qc-api-integration.test.ts
[22m[39m2026-03-11T03:59:29.491Z INFO [App] AzureCommunicationService: using API key credential
2026-03-11T03:59:29.492Z INFO [App] Cosmos DB initialized successfully for ACS Identity mappings
2026-03-11T03:59:29.492Z INFO [App] Initializing ACS with API key authentication
2026-03-11T03:59:29.494Z INFO [App] ACS Identity Service initialized with API key
2026-03-11T03:59:29.494Z INFO [App] AzureCommunicationService: using API key credential
2026-03-11T03:59:29.496Z INFO [App] Teams service initialized with Managed Identity

[90mstdout[2m | tests/comprehensive-api.test.ts
[22m[39m2026-03-11T03:59:29.494Z INFO [App] AzureCommunicationService: using API key credential
2026-03-11T03:59:29.495Z INFO [App] Cosmos DB initialized successfully for ACS Identity mappings
2026-03-11T03:59:29.495Z INFO [App] Initializing ACS with API key authentication
2026-03-11T03:59:29.496Z INFO [App] ACS Identity Service initialized with API key
2026-03-11T03:59:29.497Z INFO [App] AzureCommunicationService: using API key credential
2026-03-11T03:59:29.499Z INFO [App] Teams service initialized with Managed Identity

[90mstdout[2m | tests/integration/minimal-server.test.ts
[22m[39m2026-03-11T03:59:29.508Z INFO [App] AzureCommunicationService: using API key credential
2026-03-11T03:59:29.509Z INFO [App] Cosmos DB initialized successfully for ACS Identity mappings
2026-03-11T03:59:29.509Z INFO [App] Initializing ACS with API key authentication
2026-03-11T03:59:29.511Z INFO [App] ACS Identity Service initialized with API key
2026-03-11T03:59:29.511Z INFO [App] AzureCommunicationService: using API key credential
2026-03-11T03:59:29.514Z INFO [App] Teams service initialized with Managed Identity

[90mstdout[2m | tests/integration/performance.test.ts
[22m[39m2026-03-11T03:59:29.512Z INFO [App] AzureCommunicationService: using API key credential
2026-03-11T03:59:29.513Z INFO [App] Cosmos DB initialized successfully for ACS Identity mappings
2026-03-11T03:59:29.513Z INFO [App] Initializing ACS with API key authentication
2026-03-11T03:59:29.515Z INFO [App] ACS Identity Service initialized with API key
2026-03-11T03:59:29.515Z INFO [App] AzureCommunicationService: using API key credential
2026-03-11T03:59:29.517Z INFO [App] Teams service initialized with Managed Identity

[90mstdout[2m | tests/integration/production-api.test.ts
[22m[39m2026-03-11T03:59:29.513Z INFO [App] AzureCommunicationService: using API key credential
2026-03-11T03:59:29.514Z INFO [App] Cosmos DB initialized successfully for ACS Identity mappings
2026-03-11T03:59:29.514Z INFO [App] Initializing ACS with API key authentication
2026-03-11T03:59:29.515Z INFO [App] ACS Identity Service initialized with API key
2026-03-11T03:59:29.515Z INFO [App] AzureCommunicationService: using API key credential
2026-03-11T03:59:29.518Z INFO [App] Teams service initialized with Managed Identity

[90mstdout[2m | tests/integration/manual-api.test.ts
[22m[39m2026-03-11T03:59:29.516Z INFO [App] AzureCommunicationService: using API key credential
2026-03-11T03:59:29.518Z INFO [App] Cosmos DB initialized successfully for ACS Identity mappings
2026-03-11T03:59:29.518Z INFO [App] Initializing ACS with API key authentication
2026-03-11T03:59:29.521Z INFO [App] ACS Identity Service initialized with API key
2026-03-11T03:59:29.522Z INFO [App] AzureCommunicationService: using API key credential
2026-03-11T03:59:29.524Z INFO [App] Teams service initialized with Managed Identity

[90mstdout[2m | tests/integration/real-api-validation.test.ts
[22m[39m2026-03-11T03:59:29.524Z INFO [App] AzureCommunicationService: using API key credential
2026-03-11T03:59:29.525Z INFO [App] Cosmos DB initialized successfully for ACS Identity mappings
2026-03-11T03:59:29.525Z INFO [App] Initializing ACS with API key authentication
2026-03-11T03:59:29.526Z INFO [App] ACS Identity Service initialized with API key
2026-03-11T03:59:29.527Z INFO [App] AzureCommunicationService: using API key credential
2026-03-11T03:59:29.529Z INFO [App] Teams service initialized with Managed Identity

[90mstdout[2m | tests/integration/comprehensive-api.test.ts
[22m[39m2026-03-11T03:59:29.525Z INFO [App] AzureCommunicationService: using API key credential
2026-03-11T03:59:29.526Z INFO [App] Cosmos DB initialized successfully for ACS Identity mappings
2026-03-11T03:59:29.526Z INFO [App] Initializing ACS with API key authentication
2026-03-11T03:59:29.528Z INFO [App] ACS Identity Service initialized with API key
2026-03-11T03:59:29.528Z INFO [App] AzureCommunicationService: using API key credential
2026-03-11T03:59:29.530Z INFO [App] Teams service initialized with Managed Identity

[90mstdout[2m | tests/integration/external-services.test.ts
[22m[39m2026-03-11T03:59:29.534Z INFO [App] AzureCommunicationService: using API key credential
2026-03-11T03:59:29.535Z INFO [App] Cosmos DB initialized successfully for ACS Identity mappings
2026-03-11T03:59:29.535Z INFO [App] Initializing ACS with API key authentication
2026-03-11T03:59:29.537Z INFO [App] ACS Identity Service initialized with API key
2026-03-11T03:59:29.538Z INFO [App] AzureCommunicationService: using API key credential
2026-03-11T03:59:29.540Z INFO [App] Teams service initialized with Managed Identity

[90mstdout[2m | tests/integration/live-api.test.ts
[22m[39m2026-03-11T03:59:29.550Z INFO [App] AzureCommunicationService: using API key credential
2026-03-11T03:59:29.551Z INFO [App] Cosmos DB initialized successfully for ACS Identity mappings
2026-03-11T03:59:29.551Z INFO [App] Initializing ACS with API key authentication
2026-03-11T03:59:29.552Z INFO [App] ACS Identity Service initialized with API key
2026-03-11T03:59:29.553Z INFO [App] AzureCommunicationService: using API key credential
2026-03-11T03:59:29.555Z INFO [App] Teams service initialized with Managed Identity

[90mstdout[2m | tests/qc-workflow-e2e.test.ts
[22m[39m2026-03-11T03:59:29.551Z INFO [App] AzureCommunicationService: using API key credential
2026-03-11T03:59:29.552Z INFO [App] Cosmos DB initialized successfully for ACS Identity mappings
2026-03-11T03:59:29.552Z INFO [App] Initializing ACS with API key authentication
2026-03-11T03:59:29.554Z INFO [App] ACS Identity Service initialized with API key
2026-03-11T03:59:29.554Z INFO [App] AzureCommunicationService: using API key credential
2026-03-11T03:59:29.557Z INFO [App] Teams service initialized with Managed Identity

[90mstdout[2m | tests/integration/external-services.test.ts
[22m[39m2026-03-11T03:59:29.558Z INFO [App] Cosmos DB initialized successfully for ACS Identity mappings
2026-03-11T03:59:29.558Z INFO [App] Initializing ACS with API key authentication
2026-03-11T03:59:29.558Z INFO [App] ACS Identity Service initialized with API key

[90mstdout[2m | tests/integration/comprehensive-api.test.ts
[22m[39m2026-03-11T03:59:29.561Z INFO [App] Cosmos DB initialized successfully for ACS Identity mappings
2026-03-11T03:59:29.562Z INFO [App] Initializing ACS with API key authentication
2026-03-11T03:59:29.562Z INFO [App] ACS Identity Service initialized with API key

[90mstdout[2m | tests/integration/real-api-validation.test.ts
[22m[39m2026-03-11T03:59:29.561Z INFO [App] Cosmos DB initialized successfully for ACS Identity mappings
2026-03-11T03:59:29.561Z INFO [App] Initializing ACS with API key authentication
2026-03-11T03:59:29.562Z INFO [App] ACS Identity Service initialized with API key

[90mstdout[2m | tests/integration/manual-api.test.ts
[22m[39m2026-03-11T03:59:29.561Z INFO [App] Cosmos DB initialized successfully for ACS Identity mappings
2026-03-11T03:59:29.562Z INFO [App] Initializing ACS with API key authentication
2026-03-11T03:59:29.562Z INFO [App] ACS Identity Service initialized with API key

[90mstdout[2m | tests/integration/production-api.test.ts
[22m[39m2026-03-11T03:59:29.563Z INFO [App] Cosmos DB initialized successfully for ACS Identity mappings
2026-03-11T03:59:29.563Z INFO [App] Initializing ACS with API key authentication
2026-03-11T03:59:29.563Z INFO [App] ACS Identity Service initialized with API key

[90mstdout[2m | tests/comprehensive-api.test.ts
[22m[39m2026-03-11T03:59:29.563Z INFO [App] Cosmos DB initialized successfully for ACS Identity mappings
2026-03-11T03:59:29.564Z INFO [App] Initializing ACS with API key authentication
2026-03-11T03:59:29.564Z INFO [App] ACS Identity Service initialized with API key

[90mstdout[2m | tests/integration/performance.test.ts
[22m[39m2026-03-11T03:59:29.564Z INFO [App] Cosmos DB initialized successfully for ACS Identity mappings
2026-03-11T03:59:29.565Z INFO [App] Initializing ACS with API key authentication
2026-03-11T03:59:29.565Z INFO [App] ACS Identity Service initialized with API key

[90mstdout[2m | tests/integration/minimal-server.test.ts
[22m[39m2026-03-11T03:59:29.566Z INFO [App] Cosmos DB initialized successfully for ACS Identity mappings
2026-03-11T03:59:29.566Z INFO [App] Initializing ACS with API key authentication
2026-03-11T03:59:29.567Z INFO [App] ACS Identity Service initialized with API key

[90mstdout[2m | tests/qc-api-integration.test.ts
[22m[39m2026-03-11T03:59:29.567Z INFO [App] Cosmos DB initialized successfully for ACS Identity mappings
2026-03-11T03:59:29.567Z INFO [App] Initializing ACS with API key authentication
2026-03-11T03:59:29.568Z INFO [App] ACS Identity Service initialized with API key

[90mstdout[2m | tests/integration/external-services-fixed.test.ts
[22m[39m2026-03-11T03:59:29.567Z INFO [App] Cosmos DB initialized successfully for ACS Identity mappings
2026-03-11T03:59:29.567Z INFO [App] Initializing ACS with API key authentication
2026-03-11T03:59:29.568Z INFO [App] ACS Identity Service initialized with API key

[90mstdout[2m | tests/integration/live-api.test.ts
[22m[39m2026-03-11T03:59:29.568Z INFO [App] Cosmos DB initialized successfully for ACS Identity mappings
2026-03-11T03:59:29.568Z INFO [App] Initializing ACS with API key authentication
2026-03-11T03:59:29.568Z INFO [App] ACS Identity Service initialized with API key

[90mstdout[2m | tests/integration/api.test.ts
[22m[39m2026-03-11T03:59:29.567Z INFO [App] Cosmos DB initialized successfully for ACS Identity mappings
2026-03-11T03:59:29.568Z INFO [App] Initializing ACS with API key authentication
2026-03-11T03:59:29.568Z INFO [App] ACS Identity Service initialized with API key

[90mstdout[2m | tests/qc-workflow-e2e.test.ts
[22m[39m2026-03-11T03:59:29.572Z INFO [App] Cosmos DB initialized successfully for ACS Identity mappings
2026-03-11T03:59:29.572Z INFO [App] Initializing ACS with API key authentication
2026-03-11T03:59:29.573Z INFO [App] ACS Identity Service initialized with API key

[90mstdout[2m | tests/integration/database.test.ts[2m > [22m[2mCosmos DB Real Integration Tests[2m > [22m[2mVendor CRUD Operations[2m > [22m[2mshould list all vendors and find test vendor
[22m[39mΓ£à Found 833 total vendors

[90mstdout[2m | tests/integration/api.test.ts
[22m[39m2026-03-11T03:59:29.666Z INFO [App] AzureCommunicationService: using API key credential
2026-03-11T03:59:29.667Z INFO [App] Teams service initialized with Managed Identity

[90mstdout[2m | tests/integration/live-api.test.ts
[22m[39m2026-03-11T03:59:29.667Z INFO [App] AzureCommunicationService: using API key credential
2026-03-11T03:59:29.668Z INFO [App] Teams service initialized with Managed Identity

[90mstdout[2m | tests/integration/production-api.test.ts
[22m[39m2026-03-11T03:59:29.668Z INFO [App] AzureCommunicationService: using API key credential
2026-03-11T03:59:29.669Z INFO [App] Teams service initialized with Managed Identity

[90mstdout[2m | tests/comprehensive-api.test.ts
[22m[39m2026-03-11T03:59:29.667Z INFO [App] AzureCommunicationService: using API key credential
2026-03-11T03:59:29.669Z INFO [App] Teams service initialized with Managed Identity

[90mstdout[2m | tests/integration/real-api-validation.test.ts
[22m[39m2026-03-11T03:59:29.669Z INFO [App] AzureCommunicationService: using API key credential
2026-03-11T03:59:29.670Z INFO [App] Teams service initialized with Managed Identity

[90mstdout[2m | tests/qc-workflow-e2e.test.ts
[22m[39m2026-03-11T03:59:29.670Z INFO [App] AzureCommunicationService: using API key credential
2026-03-11T03:59:29.671Z INFO [App] Teams service initialized with Managed Identity

[90mstdout[2m | tests/integration/external-services-fixed.test.ts
[22m[39m2026-03-11T03:59:29.669Z INFO [App] AzureCommunicationService: using API key credential
2026-03-11T03:59:29.670Z INFO [App] Teams service initialized with Managed Identity

[90mstdout[2m | tests/integration/performance.test.ts
[22m[39m2026-03-11T03:59:29.669Z INFO [App] AzureCommunicationService: using API key credential
2026-03-11T03:59:29.671Z INFO [App] Teams service initialized with Managed Identity

[90mstdout[2m | tests/qc-api-integration.test.ts
[22m[39m2026-03-11T03:59:29.671Z INFO [App] AzureCommunicationService: using API key credential
2026-03-11T03:59:29.672Z INFO [App] Teams service initialized with Managed Identity

[90mstdout[2m | tests/integration/manual-api.test.ts
[22m[39m2026-03-11T03:59:29.671Z INFO [App] AzureCommunicationService: using API key credential
2026-03-11T03:59:29.672Z INFO [App] Teams service initialized with Managed Identity

[90mstdout[2m | tests/integration/minimal-server.test.ts
[22m[39m2026-03-11T03:59:29.672Z INFO [App] AzureCommunicationService: using API key credential
2026-03-11T03:59:29.673Z INFO [App] Teams service initialized with Managed Identity

[90mstdout[2m | tests/integration/comprehensive-api.test.ts
[22m[39m2026-03-11T03:59:29.673Z INFO [App] AzureCommunicationService: using API key credential
2026-03-11T03:59:29.674Z INFO [App] Teams service initialized with Managed Identity

[90mstdout[2m | tests/integration/external-services.test.ts
[22m[39m2026-03-11T03:59:29.674Z INFO [App] AzureCommunicationService: using API key credential
2026-03-11T03:59:29.675Z INFO [App] Teams service initialized with Managed Identity

 [32mΓ£ô[39m tests/integration/database.test.ts[2m > [22mCosmos DB Real Integration Tests[2m > [22mVendor CRUD Operations[2m > [22mshould list all vendors and find test vendor[33m 4294[2mms[22m[39m
[90mstdout[2m | tests/integration/database.test.ts[2m > [22m[2mCosmos DB Real Integration Tests[2m > [22m[2mProperty Summary CRUD Operations[2m > [22m[2mshould create a property summary
[22m[39m2026-03-11T03:59:29.744Z INFO [App] Property summary created successfully {"propertyId":"1773201569618-5kn6xkcfg"}

[90mstdout[2m | tests/integration/database.test.ts[2m > [22m[2mCosmos DB Real Integration Tests[2m > [22m[2mProperty Summary CRUD Operations[2m > [22m[2mshould create a property summary
[22m[39mΓ£à Created property summary with ID: 1773201569618-5kn6xkcfg

 [32mΓ£ô[39m tests/integration/database.test.ts[2m > [22mCosmos DB Real Integration Tests[2m > [22mProperty Summary CRUD Operations[2m > [22mshould create a property summary[32m 128[2mms[22m[39m
[90mstdout[2m | tests/integration/database.test.ts[2m > [22m[2mCosmos DB Real Integration Tests[2m > [22m[2mProperty Summary CRUD Operations[2m > [22m[2mshould search properties by location
[22m[39mΓ£à Found 50 properties matching search criteria

[90mstderr[2m | tests/event-driven-architecture.test.ts[2m > 
[22m[2mEvent-Driven Architecture[2m > [22m[2mshould handle event 
processing with notification service
[22m[39m2026-03-11T03:59:29.886Z ERROR [WebPubSubService] Failed to send 
message to all clients {"error":{"statusCode":400,"details":{"errorCode":"Error
.BadRequest","date":"Wed, 11 Mar 2026 03:59:28 
GMT","content-type":"application/problem+json; charset=utf-8","content-length":
"372","connection":"keep-alive","strict-transport-security":"max-age=31536000; 
includeSubDomains"},"name":"RestError"},"messageId":"ws-1773201564489-kvjhlrkg3
"}

[90mstdout[2m | tests/event-driven-architecture.test.ts[2m > [22m[2mEvent-Driven Architecture[2m > [22m[2mshould handle event processing with notification service
[22m[39m2026-03-11T03:59:29.886Z INFO [NotificationService] Processed 1 WebSocket notifications

[90mstderr[2m | tests/event-driven-architecture.test.ts[2m > 
[22m[2mEvent-Driven Architecture[2m > [22m[2mshould handle event 
processing with notification service
[22m[39m2026-03-11T03:59:29.886Z ERROR [NotificationService] Failed to send 
WebSocket notification {"error":{"statusCode":400,"details":{"errorCode":"Error
.BadRequest","date":"Wed, 11 Mar 2026 03:59:28 
GMT","content-type":"application/problem+json; charset=utf-8","content-length":
"372","connection":"keep-alive","strict-transport-security":"max-age=31536000; 
includeSubDomains"},"name":"RestError"},"notificationId":"notification-17732015
60341-z385zf1jr"}

[90mstdout[2m | tests/event-driven-architecture.test.ts[2m > [22m[2mEvent-Driven Architecture[2m > [22m[2mshould handle event processing with notification service
[22m[39m2026-03-11T03:59:29.887Z INFO [NotificationService] Processed 1 email notifications

[90mstdout[2m | tests/event-driven-architecture.test.ts[2m > [22m[2mEvent-Driven Architecture[2m > [22m[2mshould handle event processing with notification service
[22m[39m2026-03-11T03:59:29.887Z INFO [NotificationService] Processed 1 notifications for event: system.alert

[90mstdout[2m | tests/event-driven-architecture.test.ts[2m > [22m[2mEvent-Driven Architecture[2m > [22m[2mshould handle event processing with notification service
[22m[39mProcessed critical system alert event: {
  id: [32m'test-critical-1773201560339'[39m,
  severity: [32m'critical'[39m,
  requiresAction: [33mtrue[39m
}

[90mstdout[2m | tests/event-driven-architecture.test.ts[2m > [22m[2mEvent-Driven Architecture[2m > [22m[2mshould demonstrate end-to-end event flow
[22m[39m
=== Demonstrating End-to-End Event Flow ===
Step 1: Publishing order created event...

[90mstdout[2m | tests/event-driven-architecture.test.ts[2m > [22m[2mEvent-Driven Architecture[2m > [22m[2mshould demonstrate end-to-end event flow
[22m[39m2026-03-11T03:59:29.889Z INFO [ServiceBusEventPublisher] Mock Service Bus: Publishing 1 messages
2026-03-11T03:59:29.889Z INFO [ServiceBusEventPublisher] Mock Message 1: {"subject":"order.created","body":"{\"id\":\"demo-order-1773201569889\",\"type\":\"order.created\",\"timestamp\":\"2026-03-11T03:59:29.889Z\",\"sour...","applicationProperties":{"eventType":"order.created","category":"order","priority":"high","source":"order-management-service","correlationId":""}}

[90mstdout[2m | tests/event-driven-architecture.test.ts[2m > [22m[2mEvent-Driven Architecture[2m > [22m[2mshould demonstrate end-to-end event flow
[22m[39m2026-03-11T03:59:29.890Z INFO [ServiceBusEventPublisher] Published event: order.created {"eventId":"demo-order-1773201569889"}

 [32mΓ£ô[39m tests/event-driven-architecture.test.ts[2m > [22mEvent-Driven Architecture[2m > [22mshould handle event processing with notification service[33m 9550[2mms[22m[39m
 [32mΓ£ô[39m tests/integration/database.test.ts[2m > [22mCosmos DB Real Integration Tests[2m > [22mProperty Summary CRUD Operations[2m > [22mshould search properties by location[32m 128[2mms[22m[39m
 [2m[90mΓåô[39m[22m tests/integration/database.test.ts[2m > [22mCosmos DB Real Integration Tests[2m > [22mProperty Summary CRUD Operations[2m > [22mshould calculate property statistics (getPropertyStatistics removed from CosmosDbService)
[90mstdout[2m | tests/comprehensive-api.test.ts
[22m[39m2026-03-11T03:59:30.076Z INFO [App] Cosmos DB initialized successfully for ACS Identity mappings
2026-03-11T03:59:30.076Z INFO [App] Initializing ACS with API key authentication
2026-03-11T03:59:30.076Z INFO [App] ACS Identity Service initialized with API key
2026-03-11T03:59:30.077Z INFO [App] ACS Chat Service initialized successfully
2026-03-11T03:59:30.077Z INFO [App] Cosmos DB initialized successfully for ACS Identity mappings
2026-03-11T03:59:30.077Z INFO [App] Initializing ACS with API key authentication
2026-03-11T03:59:30.077Z INFO [App] ACS Identity Service initialized with API key
2026-03-11T03:59:30.077Z INFO [App] AzureCommunicationService: using API key credential
2026-03-11T03:59:30.078Z INFO [App] Teams service initialized with Managed Identity

[90mstdout[2m | tests/integration/comprehensive-api.test.ts
[22m[39m2026-03-11T03:59:30.077Z INFO [App] Cosmos DB initialized successfully for ACS Identity mappings
2026-03-11T03:59:30.077Z INFO [App] Initializing ACS with API key authentication
2026-03-11T03:59:30.077Z INFO [App] ACS Identity Service initialized with API key
2026-03-11T03:59:30.077Z INFO [App] ACS Chat Service initialized successfully
2026-03-11T03:59:30.078Z INFO [App] Cosmos DB initialized successfully for ACS Identity mappings
2026-03-11T03:59:30.078Z INFO [App] Initializing ACS with API key authentication
2026-03-11T03:59:30.078Z INFO [App] ACS Identity Service initialized with API key
2026-03-11T03:59:30.078Z INFO [App] AzureCommunicationService: using API key credential
2026-03-11T03:59:30.079Z INFO [App] Teams service initialized with Managed Identity

[90mstdout[2m | tests/integration/external-services.test.ts
[22m[39m2026-03-11T03:59:30.076Z INFO [App] Cosmos DB initialized successfully for ACS Identity mappings
2026-03-11T03:59:30.076Z INFO [App] Initializing ACS with API key authentication
2026-03-11T03:59:30.077Z INFO [App] ACS Identity Service initialized with API key
2026-03-11T03:59:30.077Z INFO [App] ACS Chat Service initialized successfully
2026-03-11T03:59:30.077Z INFO [App] Cosmos DB initialized successfully for ACS Identity mappings
2026-03-11T03:59:30.077Z INFO [App] Initializing ACS with API key authentication
2026-03-11T03:59:30.078Z INFO [App] ACS Identity Service initialized with API key
2026-03-11T03:59:30.078Z INFO [App] AzureCommunicationService: using API key credential
2026-03-11T03:59:30.079Z INFO [App] Teams service initialized with Managed Identity

[90mstdout[2m | tests/integration/live-api.test.ts
[22m[39m2026-03-11T03:59:30.077Z INFO [App] Cosmos DB initialized successfully for ACS Identity mappings
2026-03-11T03:59:30.077Z INFO [App] Initializing ACS with API key authentication
2026-03-11T03:59:30.078Z INFO [App] ACS Identity Service initialized with API key
2026-03-11T03:59:30.078Z INFO [App] ACS Chat Service initialized successfully
2026-03-11T03:59:30.078Z INFO [App] Cosmos DB initialized successfully for ACS Identity mappings
2026-03-11T03:59:30.078Z INFO [App] Initializing ACS with API key authentication
2026-03-11T03:59:30.078Z INFO [App] ACS Identity Service initialized with API key
2026-03-11T03:59:30.078Z INFO [App] AzureCommunicationService: using API key credential
2026-03-11T03:59:30.079Z INFO [App] Teams service initialized with Managed Identity

[90mstdout[2m | tests/qc-api-integration.test.ts
[22m[39m2026-03-11T03:59:30.077Z INFO [App] Cosmos DB initialized successfully for ACS Identity mappings
2026-03-11T03:59:30.077Z INFO [App] Initializing ACS with API key authentication
2026-03-11T03:59:30.078Z INFO [App] ACS Identity Service initialized with API key
2026-03-11T03:59:30.078Z INFO [App] ACS Chat Service initialized successfully
2026-03-11T03:59:30.078Z INFO [App] Cosmos DB initialized successfully for ACS Identity mappings
2026-03-11T03:59:30.078Z INFO [App] Initializing ACS with API key authentication
2026-03-11T03:59:30.078Z INFO [App] ACS Identity Service initialized with API key
2026-03-11T03:59:30.078Z INFO [App] AzureCommunicationService: using API key credential
2026-03-11T03:59:30.079Z INFO [App] Teams service initialized with Managed Identity

[90mstdout[2m | tests/integration/performance.test.ts
[22m[39m2026-03-11T03:59:30.077Z INFO [App] Cosmos DB initialized successfully for ACS Identity mappings
2026-03-11T03:59:30.077Z INFO [App] Initializing ACS with API key authentication
2026-03-11T03:59:30.078Z INFO [App] ACS Identity Service initialized with API key
2026-03-11T03:59:30.078Z INFO [App] ACS Chat Service initialized successfully
2026-03-11T03:59:30.078Z INFO [App] Cosmos DB initialized successfully for ACS Identity mappings
2026-03-11T03:59:30.078Z INFO [App] Initializing ACS with API key authentication
2026-03-11T03:59:30.078Z INFO [App] ACS Identity Service initialized with API key
2026-03-11T03:59:30.078Z INFO [App] AzureCommunicationService: using API key credential
2026-03-11T03:59:30.079Z INFO [App] Teams service initialized with Managed Identity

[90mstdout[2m | tests/integration/production-api.test.ts
[22m[39m2026-03-11T03:59:30.079Z INFO [App] Cosmos DB initialized successfully for ACS Identity mappings
2026-03-11T03:59:30.079Z INFO [App] Initializing ACS with API key authentication
2026-03-11T03:59:30.079Z INFO [App] ACS Identity Service initialized with API key
2026-03-11T03:59:30.079Z INFO [App] ACS Chat Service initialized successfully
2026-03-11T03:59:30.079Z INFO [App] Cosmos DB initialized successfully for ACS Identity mappings
2026-03-11T03:59:30.079Z INFO [App] Initializing ACS with API key authentication
2026-03-11T03:59:30.080Z INFO [App] ACS Identity Service initialized with API key
2026-03-11T03:59:30.080Z INFO [App] AzureCommunicationService: using API key credential
2026-03-11T03:59:30.081Z INFO [App] Teams service initialized with Managed Identity

[90mstdout[2m | tests/integration/minimal-server.test.ts
[22m[39m2026-03-11T03:59:30.078Z INFO [App] Cosmos DB initialized successfully for ACS Identity mappings
2026-03-11T03:59:30.078Z INFO [App] Initializing ACS with API key authentication
2026-03-11T03:59:30.079Z INFO [App] ACS Identity Service initialized with API key
2026-03-11T03:59:30.079Z INFO [App] ACS Chat Service initialized successfully
2026-03-11T03:59:30.079Z INFO [App] Cosmos DB initialized successfully for ACS Identity mappings
2026-03-11T03:59:30.079Z INFO [App] Initializing ACS with API key authentication
2026-03-11T03:59:30.080Z INFO [App] ACS Identity Service initialized with API key
2026-03-11T03:59:30.080Z INFO [App] AzureCommunicationService: using API key credential
2026-03-11T03:59:30.082Z INFO [App] Teams service initialized with Managed Identity

[90mstdout[2m | tests/integration/external-services-fixed.test.ts
[22m[39m2026-03-11T03:59:30.080Z INFO [App] Cosmos DB initialized successfully for ACS Identity mappings
2026-03-11T03:59:30.080Z INFO [App] Initializing ACS with API key authentication
2026-03-11T03:59:30.080Z INFO [App] ACS Identity Service initialized with API key
2026-03-11T03:59:30.080Z INFO [App] ACS Chat Service initialized successfully
2026-03-11T03:59:30.080Z INFO [App] Cosmos DB initialized successfully for ACS Identity mappings
2026-03-11T03:59:30.080Z INFO [App] Initializing ACS with API key authentication
2026-03-11T03:59:30.081Z INFO [App] ACS Identity Service initialized with API key
2026-03-11T03:59:30.081Z INFO [App] AzureCommunicationService: using API key credential
2026-03-11T03:59:30.082Z INFO [App] Teams service initialized with Managed Identity

[90mstdout[2m | tests/integration/api.test.ts
[22m[39m2026-03-11T03:59:30.080Z INFO [App] Cosmos DB initialized successfully for ACS Identity mappings
2026-03-11T03:59:30.080Z INFO [App] Initializing ACS with API key authentication
2026-03-11T03:59:30.080Z INFO [App] ACS Identity Service initialized with API key
2026-03-11T03:59:30.080Z INFO [App] ACS Chat Service initialized successfully
2026-03-11T03:59:30.080Z INFO [App] Cosmos DB initialized successfully for ACS Identity mappings
2026-03-11T03:59:30.081Z INFO [App] Initializing ACS with API key authentication
2026-03-11T03:59:30.081Z INFO [App] ACS Identity Service initialized with API key
2026-03-11T03:59:30.081Z INFO [App] AzureCommunicationService: using API key credential
2026-03-11T03:59:30.082Z INFO [App] Teams service initialized with Managed Identity

[90mstdout[2m | tests/qc-workflow-e2e.test.ts
[22m[39m2026-03-11T03:59:30.080Z INFO [App] Cosmos DB initialized successfully for ACS Identity mappings
2026-03-11T03:59:30.081Z INFO [App] Initializing ACS with API key authentication
2026-03-11T03:59:30.081Z INFO [App] ACS Identity Service initialized with API key
2026-03-11T03:59:30.081Z INFO [App] ACS Chat Service initialized successfully
2026-03-11T03:59:30.081Z INFO [App] Cosmos DB initialized successfully for ACS Identity mappings
2026-03-11T03:59:30.081Z INFO [App] Initializing ACS with API key authentication
2026-03-11T03:59:30.082Z INFO [App] ACS Identity Service initialized with API key
2026-03-11T03:59:30.082Z INFO [App] AzureCommunicationService: using API key credential
2026-03-11T03:59:30.083Z INFO [App] Teams service initialized with Managed Identity

[90mstdout[2m | tests/integration/real-api-validation.test.ts
[22m[39m2026-03-11T03:59:30.080Z INFO [App] Cosmos DB initialized successfully for ACS Identity mappings
2026-03-11T03:59:30.080Z INFO [App] Initializing ACS with API key authentication
2026-03-11T03:59:30.081Z INFO [App] ACS Identity Service initialized with API key
2026-03-11T03:59:30.081Z INFO [App] ACS Chat Service initialized successfully
2026-03-11T03:59:30.081Z INFO [App] Cosmos DB initialized successfully for ACS Identity mappings
2026-03-11T03:59:30.081Z INFO [App] Initializing ACS with API key authentication
2026-03-11T03:59:30.082Z INFO [App] ACS Identity Service initialized with API key
2026-03-11T03:59:30.082Z INFO [App] AzureCommunicationService: using API key credential
2026-03-11T03:59:30.084Z INFO [App] Teams service initialized with Managed Identity

[90mstdout[2m | tests/integration/manual-api.test.ts
[22m[39m2026-03-11T03:59:30.080Z INFO [App] Cosmos DB initialized successfully for ACS Identity mappings
2026-03-11T03:59:30.081Z INFO [App] Initializing ACS with API key authentication
2026-03-11T03:59:30.081Z INFO [App] ACS Identity Service initialized with API key
2026-03-11T03:59:30.081Z INFO [App] ACS Chat Service initialized successfully
2026-03-11T03:59:30.081Z INFO [App] Cosmos DB initialized successfully for ACS Identity mappings
2026-03-11T03:59:30.081Z INFO [App] Initializing ACS with API key authentication
2026-03-11T03:59:30.082Z INFO [App] ACS Identity Service initialized with API key
2026-03-11T03:59:30.082Z INFO [App] AzureCommunicationService: using API key credential
2026-03-11T03:59:30.083Z INFO [App] Teams service initialized with Managed Identity

[90mstdout[2m | tests/integration/database-real.test.ts[2m > [22m[2mCosmos DB Real Integration Tests[2m > [22m[2mVendor CRUD Operations[2m > [22m[2mshould list all vendors
[22m[39mΓ£à Found 834 total vendors

[90mstdout[2m | tests/integration/database.test.ts[2m > [22m[2mCosmos DB Real Integration Tests[2m > [22m[2mPerformance and Concurrency[2m > [22m[2mshould handle concurrent read operations
[22m[39mΓ£à Completed 5 concurrent reads in 292ms

[90mstdout[2m | tests/integration/database.test.ts[2m > [22m[2mCosmos DB Real Integration Tests[2m > [22m[2mPerformance and Concurrency[2m > [22m[2mshould handle batch operations efficiently
[22m[39m2026-03-11T03:59:30.212Z INFO [App] Order created successfully {"orderId":"1773201570167-w4p499wly"}

[90mstdout[2m | tests/integration/database.test.ts[2m > [22m[2mCosmos DB Real Integration Tests[2m > [22m[2mPerformance and Concurrency[2m > [22m[2mshould handle batch operations efficiently
[22m[39m2026-03-11T03:59:30.214Z INFO [App] Order created successfully {"orderId":"1773201570167-5kjhqhp77"}

[90mstdout[2m | tests/integration/database.test.ts[2m > [22m[2mCosmos DB Real Integration Tests[2m > [22m[2mPerformance and Concurrency[2m > [22m[2mshould handle batch operations efficiently
[22m[39m2026-03-11T03:59:30.229Z INFO [App] Order created successfully {"orderId":"1773201570167-rt8ojpgvk"}

 [32mΓ£ô[39m tests/integration/database-real.test.ts[2m > [22mCosmos DB Real Integration Tests[2m > [22mVendor CRUD Operations[2m > [22mshould list all vendors[33m 4256[2mms[22m[39m
[90mstderr[2m | tests/integration/database.test.ts[2m > [22m[2mCosmos DB 
Real Integration Tests[2m > [22m[2mPerformance and Concurrency[2m > 
[22m[2mshould handle batch operations efficiently
[22m[39m2026-03-11T03:59:30.252Z ERROR [App] Failed to delete order 
{"error":{"code":404,"body":{"code":"NotFound","message":"Entity with the 
specified id does not exist in the system. More info: 
https://aka.ms/cosmosdb-tsg-not-found, {\"Summary\":{\"DirectCalls\":{\"(404, 
0)\":1}},\"name\":\"HandleDocumentRequest\",\"start 
datetime\":\"2026-03-11T03:59:28.571Z\",\"duration in 
milliseconds\":1.2127,\"data\":{\"Client Side Request Stats\":{\"Id\":\"Aggrega
tedClientSideRequestStatistics\",\"ContactedReplicas\":[{\"Count\":1,\"Uri\":\"
rntbd://cdb-ms-prod-eastus1-be22.documents.azure.com:14325/apps/c2ca9251-4cc1-4
19c-ad5f-06dd769fff79/services/8e840def-d1fb-4ec7-8725-0f87a7ce4e53/partitions/
a784becb-3c9f-42e2-afbc-2750f58482db/replicas/134139818961086986p/\"},{\"Count\
":1,\"Uri\":\"rntbd://cdb-ms-prod-eastus1-be22.documents.azure.com:14095/apps/c
2ca9251-4cc1-419c-ad5f-06dd769fff79/services/8e840def-d1fb-4ec7-8725-0f87a7ce4e
53/partitions/a784becb-3c9f-42e2-afbc-2750f58482db/replicas/134159426640745463s
/\"},{\"Count\":1,\"Uri\":\"rntbd://cdb-ms-prod-eastus1-be22.documents.azure.co
m:14172/apps/c2ca9251-4cc1-419c-ad5f-06dd769fff79/services/8e840def-d1fb-4ec7-8
725-0f87a7ce4e53/partitions/a784becb-3c9f-42e2-afbc-2750f58482db/replicas/13416
0358048744044s/\"},{\"Count\":1,\"Uri\":\"rntbd://cdb-ms-prod-eastus1-be22.docu
ments.azure.com:14343/apps/c2ca9251-4cc1-419c-ad5f-06dd769fff79/services/8e840d
ef-d1fb-4ec7-8725-0f87a7ce4e53/partitions/a784becb-3c9f-42e2-afbc-2750f58482db/
replicas/134161627989995661s/\"}],\"RegionsContacted\":[],\"FailedReplicas\":[]
,\"AddressResolutionStatistics\":[],\"StoreResponseStatistics\":[{\"ResponseTim
eUTC\":\"2026-03-11T03:59:28.5724803Z\",\"DurationInMs\":1.11,\"ResourceType\":
\"Document\",\"OperationType\":\"Delete\",\"LocationEndpoint\":\"https://apprai
sal-mgmt-staging-cosmos-eastus.sql.cosmos.azure.com/\",\"StoreResult\":{\"Activ
ityId\":\"b556a2af-a632-40d0-9fd8-22f723445254\",\"StatusCode\":\"NotFound\",\"
SubStatusCode\":\"Unknown\",\"LSN\":2235,\"PartitionKeyRangeId\":\"0\",\"Global
CommittedLSN\":2235,\"ItemLSN\":-1,\"UsingLocalLSN\":false,\"QuorumAckedLSN\":2
235,\"SessionToken\":\"-1#2235\",\"CurrentWriteQuorum\":3,\"CurrentReplicaSetSi
ze\":4,\"NumberOfReadRegions\":0,\"IsValid\":true,\"StorePhysicalAddress\":\"rn
tbd://cdb-ms-prod-eastus1-be22.documents.azure.com:14325/apps/c2ca9251-4cc1-419
c-ad5f-06dd769fff79/services/8e840def-d1fb-4ec7-8725-0f87a7ce4e53/partitions/a7
84becb-3c9f-42e2-afbc-2750f58482db/replicas/134139818961086986p/\",\"RequestCha
rge\":1.24,\"RetryAfterInMs\":null,\"BELatencyInMs\":\"0.457\",\"ReplicaHealthS
tatuses\":[\"(port: 14325 | status: Unknown | lkt: 3/11/2026 1:51:05 
AM)\"],\"transportRequestTimeline\":{\"requestTimeline\":[{\"event\": 
\"Created\", \"startTimeUtc\": \"2026-03-11T03:59:28.5713924Z\", 
\"durationInMs\": 0.0021},{\"event\": \"ChannelAcquisitionStarted\", 
\"startTimeUtc\": \"2026-03-11T03:59:28.5713945Z\", \"durationInMs\": 
0.0024},{\"event\": \"Pipelined\", \"startTimeUtc\": 
\"2026-03-11T03:59:28.5713969Z\", \"durationInMs\": 0.049},{\"event\": 
\"Transit Time\", \"startTimeUtc\": \"2026-03-11T03:59:28.5714459Z\", 
\"durationInMs\": 0.9974},{\"event\": \"Received\", \"startTimeUtc\": 
\"2026-03-11T03:59:28.5724433Z\", \"durationInMs\": 0.027},{\"event\": 
\"Completed\", \"startTimeUtc\": \"2026-03-11T03:59:28.5724703Z\", 
\"durationInMs\": 0}],\"serviceEndpointStats\":{\"inflightRequests\":1,\"openCo
nnections\":1},\"connectionStats\":{\"waitforConnectionInit\":\"False\",\"calls
PendingReceive\":0,\"lastSendAttempt\":\"2026-03-11T03:59:28.5153657Z\",\"lastS
end\":\"2026-03-11T03:59:28.5153937Z\",\"lastReceive\":\"2026-03-11T03:59:28.54
29442Z\"},\"requestSizeInBytes\":2686,\"responseMetadataSizeInBytes\":226,\"res
ponseBodySizeInBytes\":84},\"TransportException\":null}}]}}}, 
Windows/10.0.20348 cosmos-netstandard-sdk/3.18.0"},"headers":{"content-length":
"3748","date":"Wed, 11 Mar 2026 03:59:28 GMT","content-type":"application/json"
,"server":"Compute","x-ms-gatewayversion":"2.0.0","x-ms-activity-id":"b556a2af-
a632-40d0-9fd8-22f723445254","x-ms-last-state-change-utc":"Tue, 03 Mar 2026 
10:46:06.599 GMT","x-ms-schemaversion":"1.21","lsn":"2235","x-ms-request-charge
":"1.24","x-ms-quorum-acked-lsn":"2235","x-ms-current-write-quorum":"3","x-ms-c
urrent-replica-set-size":"4","x-ms-documentdb-partitionkeyrangeid":"0","x-ms-xp
-role":"1","x-ms-global-committed-lsn":"2235","x-ms-number-of-read-regions":"0"
,"x-ms-transport-request-id":"760","x-ms-cosmos-llsn":"2235","x-ms-cosmos-quoru
m-acked-llsn":"2235","x-ms-session-token":"0:-1#2235","x-ms-request-duration-ms
":"0.457","x-ms-serviceversion":"version=2.14.0.0","x-ms-aad-applied-role-assig
nment":"a8a683a0-4317-4a4c-a81c-61b29f401805","x-ms-cosmos-physical-partition-i
d":"0","x-ms-cosmos-internal-partition-id":"a784becb-3c9f-42e2-afbc-2750f58482d
b","x-ms-throttle-retry-count":0,"x-ms-throttle-retry-wait-time-ms":0},"activit
yId":"b556a2af-a632-40d0-9fd8-22f723445254","diagnostics":{"clientSideRequestSt
atistics":{"requestStartTimeUTCInMs":1773201570230,"requestDurationInMs":22,"to
talRequestPayloadLengthInBytes":0,"totalResponsePayloadLengthInBytes":3748,"loc
ationEndpointsContacted":["https://appraisal-mgmt-staging-cosmos-eastus.documen
ts.azure.com:443/"],"metadataDiagnostics":{"metadataLookups":[]},"retryDiagnost
ics":{"failedAttempts":[]},"gatewayStatistics":[{"activityId":"b556a2af-a632-40
d0-9fd8-22f723445254","startTimeUTCInMs":1773201570230,"durationInMs":21,"statu
sCode":404,"requestPayloadLengthInBytes":0,"responsePayloadLengthInBytes":3748,
"operationType":"delete","resourceType":"docs"}]}}},"id":"1773201570167-w4p499w
ly"}

[90mstderr[2m | tests/integration/database.test.ts[2m > [22m[2mCosmos DB 
Real Integration Tests[2m > [22m[2mPerformance and Concurrency[2m > 
[22m[2mshould handle batch operations efficiently
[22m[39m2026-03-11T03:59:30.255Z ERROR [App] Failed to delete order 
{"error":{"code":404,"body":{"code":"NotFound","message":"Entity with the 
specified id does not exist in the system. More info: 
https://aka.ms/cosmosdb-tsg-not-found, {\"Summary\":{\"DirectCalls\":{\"(404, 
0)\":1}},\"name\":\"HandleDocumentRequest\",\"start 
datetime\":\"2026-03-11T03:59:28.570Z\",\"duration in 
milliseconds\":1.7124,\"data\":{\"Client Side Request Stats\":{\"Id\":\"Aggrega
tedClientSideRequestStatistics\",\"ContactedReplicas\":[{\"Count\":1,\"Uri\":\"
rntbd://cdb-ms-prod-eastus1-be22.documents.azure.com:14325/apps/c2ca9251-4cc1-4
19c-ad5f-06dd769fff79/services/8e840def-d1fb-4ec7-8725-0f87a7ce4e53/partitions/
a784becb-3c9f-42e2-afbc-2750f58482db/replicas/134139818961086986p/\"},{\"Count\
":1,\"Uri\":\"rntbd://cdb-ms-prod-eastus1-be22.documents.azure.com:14095/apps/c
2ca9251-4cc1-419c-ad5f-06dd769fff79/services/8e840def-d1fb-4ec7-8725-0f87a7ce4e
53/partitions/a784becb-3c9f-42e2-afbc-2750f58482db/replicas/134159426640745463s
/\"},{\"Count\":1,\"Uri\":\"rntbd://cdb-ms-prod-eastus1-be22.documents.azure.co
m:14172/apps/c2ca9251-4cc1-419c-ad5f-06dd769fff79/services/8e840def-d1fb-4ec7-8
725-0f87a7ce4e53/partitions/a784becb-3c9f-42e2-afbc-2750f58482db/replicas/13416
0358048744044s/\"},{\"Count\":1,\"Uri\":\"rntbd://cdb-ms-prod-eastus1-be22.docu
ments.azure.com:14343/apps/c2ca9251-4cc1-419c-ad5f-06dd769fff79/services/8e840d
ef-d1fb-4ec7-8725-0f87a7ce4e53/partitions/a784becb-3c9f-42e2-afbc-2750f58482db/
replicas/134161627989995661s/\"}],\"RegionsContacted\":[],\"FailedReplicas\":[]
,\"AddressResolutionStatistics\":[],\"StoreResponseStatistics\":[{\"ResponseTim
eUTC\":\"2026-03-11T03:59:28.5723850Z\",\"DurationInMs\":1.6133,\"ResourceType\
":\"Document\",\"OperationType\":\"Delete\",\"LocationEndpoint\":\"https://appr
aisal-mgmt-staging-cosmos-eastus.sql.cosmos.azure.com/\",\"StoreResult\":{\"Act
ivityId\":\"060dd418-ab8e-4325-9959-d74a4c1d7c11\",\"StatusCode\":\"NotFound\",
\"SubStatusCode\":\"Unknown\",\"LSN\":2235,\"PartitionKeyRangeId\":\"0\",\"Glob
alCommittedLSN\":2235,\"ItemLSN\":-1,\"UsingLocalLSN\":false,\"QuorumAckedLSN\"
:2235,\"SessionToken\":\"-1#2235\",\"CurrentWriteQuorum\":3,\"CurrentReplicaSet
Size\":4,\"NumberOfReadRegions\":0,\"IsValid\":true,\"StorePhysicalAddress\":\"
rntbd://cdb-ms-prod-eastus1-be22.documents.azure.com:14325/apps/c2ca9251-4cc1-4
19c-ad5f-06dd769fff79/services/8e840def-d1fb-4ec7-8725-0f87a7ce4e53/partitions/
a784becb-3c9f-42e2-afbc-2750f58482db/replicas/134139818961086986p/\",\"RequestC
harge\":1.24,\"RetryAfterInMs\":null,\"BELatencyInMs\":\"0.898\",\"ReplicaHealt
hStatuses\":[\"(port: 14325 | status: Unknown | lkt: 3/11/2026 3:59:28 
AM)\"],\"transportRequestTimeline\":{\"requestTimeline\":[{\"event\": 
\"Created\", \"startTimeUtc\": \"2026-03-11T03:59:28.5707889Z\", 
\"durationInMs\": 0.0019},{\"event\": \"ChannelAcquisitionStarted\", 
\"startTimeUtc\": \"2026-03-11T03:59:28.5707908Z\", \"durationInMs\": 
0.0015},{\"event\": \"Pipelined\", \"startTimeUtc\": 
\"2026-03-11T03:59:28.5707923Z\", \"durationInMs\": 0.0436},{\"event\": 
\"Transit Time\", \"startTimeUtc\": \"2026-03-11T03:59:28.5708359Z\", 
\"durationInMs\": 1.5108},{\"event\": \"Received\", \"startTimeUtc\": 
\"2026-03-11T03:59:28.5723467Z\", \"durationInMs\": 0.0276},{\"event\": 
\"Completed\", \"startTimeUtc\": \"2026-03-11T03:59:28.5723743Z\", 
\"durationInMs\": 0}],\"serviceEndpointStats\":{\"inflightRequests\":1,\"openCo
nnections\":1},\"connectionStats\":{\"waitforConnectionInit\":\"False\",\"calls
PendingReceive\":0,\"lastSendAttempt\":\"2026-03-11T03:59:28.5114222Z\",\"lastS
end\":\"2026-03-11T03:59:28.5114517Z\",\"lastReceive\":\"2026-03-11T03:59:28.53
29020Z\"},\"requestSizeInBytes\":2688,\"responseMetadataSizeInBytes\":226,\"res
ponseBodySizeInBytes\":84},\"TransportException\":null}}]}}}, 
Windows/10.0.20348 cosmos-netstandard-sdk/3.18.0"},"headers":{"content-length":
"3752","date":"Wed, 11 Mar 2026 03:59:28 GMT","content-type":"application/json"
,"server":"Compute","x-ms-gatewayversion":"2.0.0","x-ms-activity-id":"060dd418-
ab8e-4325-9959-d74a4c1d7c11","x-ms-last-state-change-utc":"Tue, 03 Mar 2026 
10:46:06.599 GMT","x-ms-schemaversion":"1.21","lsn":"2235","x-ms-request-charge
":"1.24","x-ms-quorum-acked-lsn":"2235","x-ms-current-write-quorum":"3","x-ms-c
urrent-replica-set-size":"4","x-ms-documentdb-partitionkeyrangeid":"0","x-ms-xp
-role":"1","x-ms-global-committed-lsn":"2235","x-ms-number-of-read-regions":"0"
,"x-ms-transport-request-id":"11","x-ms-cosmos-llsn":"2235","x-ms-cosmos-quorum
-acked-llsn":"2235","x-ms-session-token":"0:-1#2235","x-ms-request-duration-ms"
:"0.898","x-ms-serviceversion":"version=2.14.0.0","x-ms-aad-applied-role-assign
ment":"a8a683a0-4317-4a4c-a81c-61b29f401805","x-ms-cosmos-physical-partition-id
":"0","x-ms-cosmos-internal-partition-id":"a784becb-3c9f-42e2-afbc-2750f58482db
","x-ms-throttle-retry-count":0,"x-ms-throttle-retry-wait-time-ms":0},"activity
Id":"060dd418-ab8e-4325-9959-d74a4c1d7c11","diagnostics":{"clientSideRequestSta
tistics":{"requestStartTimeUTCInMs":1773201570230,"requestDurationInMs":25,"tot
alRequestPayloadLengthInBytes":0,"totalResponsePayloadLengthInBytes":3752,"loca
tionEndpointsContacted":["https://appraisal-mgmt-staging-cosmos-eastus.document
s.azure.com:443/"],"metadataDiagnostics":{"metadataLookups":[]},"retryDiagnosti
cs":{"failedAttempts":[]},"gatewayStatistics":[{"activityId":"060dd418-ab8e-432
5-9959-d74a4c1d7c11","startTimeUTCInMs":1773201570231,"durationInMs":23,"status
Code":404,"requestPayloadLengthInBytes":0,"responsePayloadLengthInBytes":3752,"
operationType":"delete","resourceType":"docs"}]}}},"id":"1773201570167-5kjhqhp7
7"}

[90mstderr[2m | tests/integration/database.test.ts[2m > [22m[2mCosmos DB 
Real Integration Tests[2m > [22m[2mPerformance and Concurrency[2m > 
[22m[2mshould handle batch operations efficiently
[22m[39m2026-03-11T03:59:30.256Z ERROR [App] Failed to delete order 
{"error":{"code":404,"body":{"code":"NotFound","message":"Entity with the 
specified id does not exist in the system. More info: 
https://aka.ms/cosmosdb-tsg-not-found, {\"Summary\":{\"DirectCalls\":{\"(404, 
0)\":1}},\"name\":\"HandleDocumentRequest\",\"start 
datetime\":\"2026-03-11T03:59:28.571Z\",\"duration in 
milliseconds\":1.1607,\"data\":{\"Client Side Request Stats\":{\"Id\":\"Aggrega
tedClientSideRequestStatistics\",\"ContactedReplicas\":[{\"Count\":1,\"Uri\":\"
rntbd://cdb-ms-prod-eastus1-be22.documents.azure.com:14325/apps/c2ca9251-4cc1-4
19c-ad5f-06dd769fff79/services/8e840def-d1fb-4ec7-8725-0f87a7ce4e53/partitions/
a784becb-3c9f-42e2-afbc-2750f58482db/replicas/134139818961086986p/\"},{\"Count\
":1,\"Uri\":\"rntbd://cdb-ms-prod-eastus1-be22.documents.azure.com:14095/apps/c
2ca9251-4cc1-419c-ad5f-06dd769fff79/services/8e840def-d1fb-4ec7-8725-0f87a7ce4e
53/partitions/a784becb-3c9f-42e2-afbc-2750f58482db/replicas/134159426640745463s
/\"},{\"Count\":1,\"Uri\":\"rntbd://cdb-ms-prod-eastus1-be22.documents.azure.co
m:14172/apps/c2ca9251-4cc1-419c-ad5f-06dd769fff79/services/8e840def-d1fb-4ec7-8
725-0f87a7ce4e53/partitions/a784becb-3c9f-42e2-afbc-2750f58482db/replicas/13416
0358048744044s/\"},{\"Count\":1,\"Uri\":\"rntbd://cdb-ms-prod-eastus1-be22.docu
ments.azure.com:14343/apps/c2ca9251-4cc1-419c-ad5f-06dd769fff79/services/8e840d
ef-d1fb-4ec7-8725-0f87a7ce4e53/partitions/a784becb-3c9f-42e2-afbc-2750f58482db/
replicas/134161627989995661s/\"}],\"RegionsContacted\":[],\"FailedReplicas\":[]
,\"AddressResolutionStatistics\":[],\"StoreResponseStatistics\":[{\"ResponseTim
eUTC\":\"2026-03-11T03:59:28.5730205Z\",\"DurationInMs\":1.0638,\"ResourceType\
":\"Document\",\"OperationType\":\"Delete\",\"LocationEndpoint\":\"https://appr
aisal-mgmt-staging-cosmos-eastus.sql.cosmos.azure.com/\",\"StoreResult\":{\"Act
ivityId\":\"b3969054-2015-41c9-908a-bbfb5f2aeab0\",\"StatusCode\":\"NotFound\",
\"SubStatusCode\":\"Unknown\",\"LSN\":2235,\"PartitionKeyRangeId\":\"0\",\"Glob
alCommittedLSN\":2235,\"ItemLSN\":-1,\"UsingLocalLSN\":false,\"QuorumAckedLSN\"
:2235,\"SessionToken\":\"-1#2235\",\"CurrentWriteQuorum\":3,\"CurrentReplicaSet
Size\":4,\"NumberOfReadRegions\":0,\"IsValid\":true,\"StorePhysicalAddress\":\"
rntbd://cdb-ms-prod-eastus1-be22.documents.azure.com:14325/apps/c2ca9251-4cc1-4
19c-ad5f-06dd769fff79/services/8e840def-d1fb-4ec7-8725-0f87a7ce4e53/partitions/
a784becb-3c9f-42e2-afbc-2750f58482db/replicas/134139818961086986p/\",\"RequestC
harge\":1.24,\"RetryAfterInMs\":null,\"BELatencyInMs\":\"0.38\",\"ReplicaHealth
Statuses\":[\"(port: 14325 | status: Unknown | lkt: 3/11/2026 3:59:28 
AM)\"],\"transportRequestTimeline\":{\"requestTimeline\":[{\"event\": 
\"Created\", \"startTimeUtc\": \"2026-03-11T03:59:28.5719742Z\", 
\"durationInMs\": 0.0017},{\"event\": \"ChannelAcquisitionStarted\", 
\"startTimeUtc\": \"2026-03-11T03:59:28.5719759Z\", \"durationInMs\": 
0.0013},{\"event\": \"Pipelined\", \"startTimeUtc\": 
\"2026-03-11T03:59:28.5719772Z\", \"durationInMs\": 0.0429},{\"event\": 
\"Transit Time\", \"startTimeUtc\": \"2026-03-11T03:59:28.5720201Z\", 
\"durationInMs\": 0.9612},{\"event\": \"Received\", \"startTimeUtc\": 
\"2026-03-11T03:59:28.5729813Z\", \"durationInMs\": 0.0293},{\"event\": 
\"Completed\", \"startTimeUtc\": \"2026-03-11T03:59:28.5730106Z\", 
\"durationInMs\": 0}],\"serviceEndpointStats\":{\"inflightRequests\":1,\"openCo
nnections\":1},\"connectionStats\":{\"waitforConnectionInit\":\"False\",\"calls
PendingReceive\":0,\"lastSendAttempt\":\"2026-03-11T03:59:28.5103726Z\",\"lastS
end\":\"2026-03-11T03:59:28.5104061Z\",\"lastReceive\":\"2026-03-11T03:59:28.53
24054Z\"},\"requestSizeInBytes\":2688,\"responseMetadataSizeInBytes\":226,\"res
ponseBodySizeInBytes\":84},\"TransportException\":null}}]}}}, 
Windows/10.0.20348 cosmos-netstandard-sdk/3.18.0"},"headers":{"content-length":
"3751","date":"Wed, 11 Mar 2026 03:59:28 GMT","content-type":"application/json"
,"server":"Compute","x-ms-gatewayversion":"2.0.0","x-ms-activity-id":"b3969054-
2015-41c9-908a-bbfb5f2aeab0","x-ms-last-state-change-utc":"Tue, 03 Mar 2026 
10:46:06.599 GMT","x-ms-schemaversion":"1.21","lsn":"2235","x-ms-request-charge
":"1.24","x-ms-quorum-acked-lsn":"2235","x-ms-current-write-quorum":"3","x-ms-c
urrent-replica-set-size":"4","x-ms-documentdb-partitionkeyrangeid":"0","x-ms-xp
-role":"1","x-ms-global-committed-lsn":"2235","x-ms-number-of-read-regions":"0"
,"x-ms-transport-request-id":"32","x-ms-cosmos-llsn":"2235","x-ms-cosmos-quorum
-acked-llsn":"2235","x-ms-session-token":"0:-1#2235","x-ms-request-duration-ms"
:"0.38","x-ms-serviceversion":"version=2.14.0.0","x-ms-aad-applied-role-assignm
ent":"a8a683a0-4317-4a4c-a81c-61b29f401805","x-ms-cosmos-physical-partition-id"
:"0","x-ms-cosmos-internal-partition-id":"a784becb-3c9f-42e2-afbc-2750f58482db"
,"x-ms-throttle-retry-count":0,"x-ms-throttle-retry-wait-time-ms":0},"activityI
d":"b3969054-2015-41c9-908a-bbfb5f2aeab0","diagnostics":{"clientSideRequestStat
istics":{"requestStartTimeUTCInMs":1773201570230,"requestDurationInMs":26,"tota
lRequestPayloadLengthInBytes":0,"totalResponsePayloadLengthInBytes":3751,"locat
ionEndpointsContacted":["https://appraisal-mgmt-staging-cosmos-eastus.documents
.azure.com:443/"],"metadataDiagnostics":{"metadataLookups":[]},"retryDiagnostic
s":{"failedAttempts":[]},"gatewayStatistics":[{"activityId":"b3969054-2015-41c9
-908a-bbfb5f2aeab0","startTimeUTCInMs":1773201570231,"durationInMs":25,"statusC
ode":404,"requestPayloadLengthInBytes":0,"responsePayloadLengthInBytes":3751,"o
perationType":"delete","resourceType":"docs"}]}}},"id":"1773201570167-rt8ojpgvk
"}

[90mstdout[2m | tests/integration/database.test.ts[2m > [22m[2mCosmos DB Real Integration Tests[2m > [22m[2mPerformance and Concurrency[2m > [22m[2mshould handle batch operations efficiently
[22m[39mΓ£à Created and cleaned up 3 orders in 61ms

[90mstdout[2m | tests/integration/database-real.test.ts[2m > [22m[2mCosmos DB Real Integration Tests[2m > [22m[2mProperty Summary Operations[2m > [22m[2mshould create a property summary
[22m[39m2026-03-11T03:59:30.267Z INFO [App] Property summary created successfully {"propertyId":"1773201570128-heqc6vk16"}

 [32mΓ£ô[39m tests/integration/database.test.ts[2m > [22mCosmos DB Real Integration Tests[2m > [22mPerformance and Concurrency[2m > [22mshould handle concurrent read operations[32m 294[2mms[22m[39m
 [32mΓ£ô[39m tests/integration/database.test.ts[2m > [22mCosmos DB Real Integration Tests[2m > [22mPerformance and Concurrency[2m > [22mshould handle batch operations efficiently[32m 90[2mms[22m[39m
[90mstdout[2m | tests/integration/database-real.test.ts[2m > [22m[2mCosmos DB Real Integration Tests[2m > [22m[2mProperty Summary Operations[2m > [22m[2mshould create a property summary
[22m[39mΓ£à Created property summary with ID: 1773201570128-heqc6vk16

[90mstdout[2m | tests/integration/database-real.test.ts[2m > [22m[2mCosmos DB Real Integration Tests[2m > [22m[2mProperty Summary Operations[2m > [22m[2mshould search properties by criteria
[22m[39mΓ£à Found 10 properties matching search criteria

[90mstdout[2m | tests/integration/database.test.ts[2m > [22m[2mCosmos DB Real Integration Tests[2m > [22m[2mError Handling[2m > [22m[2mshould validate required fields on order creation
[22m[39m2026-03-11T03:59:30.351Z INFO [App] Order created successfully {"orderId":"1773201570306-n8m4nxqd8"}

[90mstdout[2m | tests/integration/database.test.ts[2m > [22m[2mCosmos DB Real Integration Tests[2m > [22m[2mError Handling[2m > [22m[2mshould validate required fields on order creation
[22m[39mΓ£à Properly rejected incomplete order data

 [32mΓ£ô[39m tests/integration/database-real.test.ts[2m > [22mCosmos DB Real Integration Tests[2m > [22mProperty Summary Operations[2m > [22mshould create a property summary[32m 141[2mms[22m[39m
 [32mΓ£ô[39m tests/integration/database-real.test.ts[2m > [22mCosmos DB Real Integration Tests[2m > [22mProperty Summary Operations[2m > [22mshould search properties by criteria[32m 61[2mms[22m[39m
 [32mΓ£ô[39m tests/integration/database.test.ts[2m > [22mCosmos DB Real Integration Tests[2m > [22mError Handling[2m > [22mshould handle non-existent order lookup gracefully[32m 49[2mms[22m[39m
 [32mΓ£ô[39m tests/integration/database.test.ts[2m > [22mCosmos DB Real Integration Tests[2m > [22mError Handling[2m > [22mshould validate required fields on order creation[32m 48[2mms[22m[39m
[90mstdout[2m | tests/integration/database.test.ts[2m > [22m[2mCosmos DB Real Integration Tests[2m > [22m[2mError Handling[2m > [22m[2mshould handle duplicate vendor email gracefully
[22m[39m2026-03-11T03:59:30.490Z INFO [App] Vendor created successfully {"vendorId":"1773201570355-zzc74ab2p"}

[90mstdout[2m | tests/integration/database.test.ts[2m > [22m[2mCosmos DB Real Integration Tests[2m > [22m[2mError Handling[2m > [22m[2mshould handle duplicate vendor email gracefully
[22m[39mΓä╣∩╕Å  Duplicate vendor creation handled

[90mstderr[2m | tests/integration/database.test.ts[2m > [22m[2mCosmos DB 
Real Integration Tests
[22m[39m2026-03-11T03:59:30.517Z ERROR [App] Failed to delete order 
{"error":{"code":404,"body":{"code":"NotFound","message":"Entity with the 
specified id does not exist in the system. More info: 
https://aka.ms/cosmosdb-tsg-not-found, {\"Summary\":{\"DirectCalls\":{\"(404, 
0)\":1}},\"name\":\"HandleDocumentRequest\",\"start 
datetime\":\"2026-03-11T03:59:28.833Z\",\"duration in 
milliseconds\":1.4838,\"data\":{\"Client Side Request Stats\":{\"Id\":\"Aggrega
tedClientSideRequestStatistics\",\"ContactedReplicas\":[{\"Count\":1,\"Uri\":\"
rntbd://cdb-ms-prod-eastus1-be22.documents.azure.com:14325/apps/c2ca9251-4cc1-4
19c-ad5f-06dd769fff79/services/8e840def-d1fb-4ec7-8725-0f87a7ce4e53/partitions/
a784becb-3c9f-42e2-afbc-2750f58482db/replicas/134139818961086986p/\"},{\"Count\
":1,\"Uri\":\"rntbd://cdb-ms-prod-eastus1-be22.documents.azure.com:14095/apps/c
2ca9251-4cc1-419c-ad5f-06dd769fff79/services/8e840def-d1fb-4ec7-8725-0f87a7ce4e
53/partitions/a784becb-3c9f-42e2-afbc-2750f58482db/replicas/134159426640745463s
/\"},{\"Count\":1,\"Uri\":\"rntbd://cdb-ms-prod-eastus1-be22.documents.azure.co
m:14172/apps/c2ca9251-4cc1-419c-ad5f-06dd769fff79/services/8e840def-d1fb-4ec7-8
725-0f87a7ce4e53/partitions/a784becb-3c9f-42e2-afbc-2750f58482db/replicas/13416
0358048744044s/\"},{\"Count\":1,\"Uri\":\"rntbd://cdb-ms-prod-eastus1-be22.docu
ments.azure.com:14343/apps/c2ca9251-4cc1-419c-ad5f-06dd769fff79/services/8e840d
ef-d1fb-4ec7-8725-0f87a7ce4e53/partitions/a784becb-3c9f-42e2-afbc-2750f58482db/
replicas/134161627989995661s/\"}],\"RegionsContacted\":[],\"FailedReplicas\":[]
,\"AddressResolutionStatistics\":[],\"StoreResponseStatistics\":[{\"ResponseTim
eUTC\":\"2026-03-11T03:59:28.8348754Z\",\"DurationInMs\":1.3945,\"ResourceType\
":\"Document\",\"OperationType\":\"Delete\",\"LocationEndpoint\":\"https://appr
aisal-mgmt-staging-cosmos-eastus.sql.cosmos.azure.com/\",\"StoreResult\":{\"Act
ivityId\":\"148a1f65-735a-45c9-9562-591629c1f1cd\",\"StatusCode\":\"NotFound\",
\"SubStatusCode\":\"Unknown\",\"LSN\":2236,\"PartitionKeyRangeId\":\"0\",\"Glob
alCommittedLSN\":2236,\"ItemLSN\":-1,\"UsingLocalLSN\":false,\"QuorumAckedLSN\"
:2236,\"SessionToken\":\"-1#2236\",\"CurrentWriteQuorum\":3,\"CurrentReplicaSet
Size\":4,\"NumberOfReadRegions\":0,\"IsValid\":true,\"StorePhysicalAddress\":\"
rntbd://cdb-ms-prod-eastus1-be22.documents.azure.com:14325/apps/c2ca9251-4cc1-4
19c-ad5f-06dd769fff79/services/8e840def-d1fb-4ec7-8725-0f87a7ce4e53/partitions/
a784becb-3c9f-42e2-afbc-2750f58482db/replicas/134139818961086986p/\",\"RequestC
harge\":1.24,\"RetryAfterInMs\":null,\"BELatencyInMs\":\"0.637\",\"ReplicaHealt
hStatuses\":[\"(port: 14325 | status: Unknown | lkt: 3/11/2026 3:59:28 
AM)\"],\"transportRequestTimeline\":{\"requestTimeline\":[{\"event\": 
\"Created\", \"startTimeUtc\": \"2026-03-11T03:59:28.8334988Z\", 
\"durationInMs\": 0.0025},{\"event\": \"ChannelAcquisitionStarted\", 
\"startTimeUtc\": \"2026-03-11T03:59:28.8335013Z\", \"durationInMs\": 
0.0015},{\"event\": \"Pipelined\", \"startTimeUtc\": 
\"2026-03-11T03:59:28.8335028Z\", \"durationInMs\": 0.0438},{\"event\": 
\"Transit Time\", \"startTimeUtc\": \"2026-03-11T03:59:28.8335466Z\", 
\"durationInMs\": 1.2896},{\"event\": \"Received\", \"startTimeUtc\": 
\"2026-03-11T03:59:28.8348362Z\", \"durationInMs\": 0.0278},{\"event\": 
\"Completed\", \"startTimeUtc\": \"2026-03-11T03:59:28.8348640Z\", 
\"durationInMs\": 0}],\"serviceEndpointStats\":{\"inflightRequests\":1,\"openCo
nnections\":1},\"connectionStats\":{\"waitforConnectionInit\":\"False\",\"calls
PendingReceive\":0,\"lastSendAttempt\":\"2026-03-11T03:59:28.6438301Z\",\"lastS
end\":\"2026-03-11T03:59:28.6438593Z\",\"lastReceive\":\"2026-03-11T03:59:28.67
18706Z\"},\"requestSizeInBytes\":2693,\"responseMetadataSizeInBytes\":226,\"res
ponseBodySizeInBytes\":84},\"TransportException\":null}}]}}}, 
Windows/10.0.20348 cosmos-netstandard-sdk/3.18.0"},"headers":{"content-length":
"3752","date":"Wed, 11 Mar 2026 03:59:28 GMT","content-type":"application/json"
,"server":"Compute","x-ms-gatewayversion":"2.0.0","x-ms-activity-id":"148a1f65-
735a-45c9-9562-591629c1f1cd","x-ms-last-state-change-utc":"Tue, 03 Mar 2026 
10:46:06.599 GMT","x-ms-schemaversion":"1.21","lsn":"2236","x-ms-request-charge
":"1.24","x-ms-quorum-acked-lsn":"2236","x-ms-current-write-quorum":"3","x-ms-c
urrent-replica-set-size":"4","x-ms-documentdb-partitionkeyrangeid":"0","x-ms-xp
-role":"1","x-ms-global-committed-lsn":"2236","x-ms-number-of-read-regions":"0"
,"x-ms-transport-request-id":"14","x-ms-cosmos-llsn":"2236","x-ms-cosmos-quorum
-acked-llsn":"2236","x-ms-session-token":"0:-1#2236","x-ms-request-duration-ms"
:"0.637","x-ms-serviceversion":"version=2.14.0.0","x-ms-aad-applied-role-assign
ment":"a8a683a0-4317-4a4c-a81c-61b29f401805","x-ms-cosmos-physical-partition-id
":"0","x-ms-cosmos-internal-partition-id":"a784becb-3c9f-42e2-afbc-2750f58482db
","x-ms-throttle-retry-count":0,"x-ms-throttle-retry-wait-time-ms":0},"activity
Id":"148a1f65-735a-45c9-9562-591629c1f1cd","diagnostics":{"clientSideRequestSta
tistics":{"requestStartTimeUTCInMs":1773201570491,"requestDurationInMs":26,"tot
alRequestPayloadLengthInBytes":0,"totalResponsePayloadLengthInBytes":3752,"loca
tionEndpointsContacted":["https://appraisal-mgmt-staging-cosmos-eastus.document
s.azure.com:443/"],"metadataDiagnostics":{"metadataLookups":[]},"retryDiagnosti
cs":{"failedAttempts":[]},"gatewayStatistics":[{"activityId":"148a1f65-735a-45c
9-9562-591629c1f1cd","startTimeUTCInMs":1773201570491,"durationInMs":26,"status
Code":404,"requestPayloadLengthInBytes":0,"responsePayloadLengthInBytes":3752,"
operationType":"delete","resourceType":"docs"}]}}},"id":"1773201564430-fbx9h4zp
b"}

[90mstdout[2m | tests/integration/database.test.ts[2m > [22m[2mCosmos DB Real Integration Tests
[22m[39m2026-03-11T03:59:30.518Z INFO [App] Disconnected from Azure Cosmos DB

[90mstdout[2m | tests/integration/database.test.ts[2m > [22m[2mCosmos DB Real Integration Tests
[22m[39m≡ƒöî Database disconnected

 [32mΓ£ô[39m tests/integration/database.test.ts[2m > [22mCosmos DB Real Integration Tests[2m > [22mError Handling[2m > [22mshould handle duplicate vendor email gracefully[32m 136[2mms[22m[39m
[90mstdout[2m | tests/integration/database.test.ts
[22m[39m≡ƒº╣ Cleaning up test environment...
Γ£à Test cleanup complete

[90mstdout[2m | tests/integration/database-real.test.ts[2m > [22m[2mCosmos DB Real Integration Tests[2m > [22m[2mPerformance and Concurrency[2m > [22m[2mshould handle concurrent read operations
[22m[39mΓ£à Completed 5 concurrent reads in 320ms

 [32mΓ£ô[39m tests/integration/database-real.test.ts[2m > [22mCosmos DB Real Integration Tests[2m > [22mPerformance and Concurrency[2m > [22mshould handle concurrent read operations[33m 323[2mms[22m[39m
 [32mΓ£ô[39m tests/integration/database-real.test.ts[2m > [22mCosmos DB Real Integration Tests[2m > [22mError Handling[2m > [22mshould handle non-existent order lookup gracefully[32m 63[2mms[22m[39m
[90mstdout[2m | tests/integration/database-real.test.ts[2m > [22m[2mCosmos DB Real Integration Tests[2m > [22m[2mError Handling[2m > [22m[2mshould validate required fields on order creation
[22m[39m2026-03-11T03:59:30.764Z INFO [App] Order created successfully {"orderId":"1773201570716-8zi17qie8"}

[90mstdout[2m | tests/integration/database-real.test.ts[2m > [22m[2mCosmos DB Real Integration Tests[2m > [22m[2mError Handling[2m > [22m[2mshould validate required fields on order creation
[22m[39mΓä╣∩╕Å  Incomplete order creation handled

[90mstderr[2m | tests/integration/database-real.test.ts[2m > 
[22m[2mCosmos DB Real Integration Tests
[22m[39m2026-03-11T03:59:30.791Z ERROR [App] Failed to delete order 
{"error":{"code":404,"body":{"code":"NotFound","message":"Entity with the 
specified id does not exist in the system. More info: 
https://aka.ms/cosmosdb-tsg-not-found, {\"Summary\":{\"DirectCalls\":{\"(404, 
0)\":1}},\"name\":\"HandleDocumentRequest\",\"start 
datetime\":\"2026-03-11T03:59:29.104Z\",\"duration in 
milliseconds\":1.2127,\"data\":{\"Client Side Request Stats\":{\"Id\":\"Aggrega
tedClientSideRequestStatistics\",\"ContactedReplicas\":[{\"Count\":1,\"Uri\":\"
rntbd://cdb-ms-prod-eastus1-be22.documents.azure.com:14325/apps/c2ca9251-4cc1-4
19c-ad5f-06dd769fff79/services/8e840def-d1fb-4ec7-8725-0f87a7ce4e53/partitions/
a784becb-3c9f-42e2-afbc-2750f58482db/replicas/134139818961086986p/\"},{\"Count\
":1,\"Uri\":\"rntbd://cdb-ms-prod-eastus1-be22.documents.azure.com:14095/apps/c
2ca9251-4cc1-419c-ad5f-06dd769fff79/services/8e840def-d1fb-4ec7-8725-0f87a7ce4e
53/partitions/a784becb-3c9f-42e2-afbc-2750f58482db/replicas/134159426640745463s
/\"},{\"Count\":1,\"Uri\":\"rntbd://cdb-ms-prod-eastus1-be22.documents.azure.co
m:14172/apps/c2ca9251-4cc1-419c-ad5f-06dd769fff79/services/8e840def-d1fb-4ec7-8
725-0f87a7ce4e53/partitions/a784becb-3c9f-42e2-afbc-2750f58482db/replicas/13416
0358048744044s/\"},{\"Count\":1,\"Uri\":\"rntbd://cdb-ms-prod-eastus1-be22.docu
ments.azure.com:14343/apps/c2ca9251-4cc1-419c-ad5f-06dd769fff79/services/8e840d
ef-d1fb-4ec7-8725-0f87a7ce4e53/partitions/a784becb-3c9f-42e2-afbc-2750f58482db/
replicas/134161627989995661s/\"}],\"RegionsContacted\":[],\"FailedReplicas\":[]
,\"AddressResolutionStatistics\":[],\"StoreResponseStatistics\":[{\"ResponseTim
eUTC\":\"2026-03-11T03:59:29.1059357Z\",\"DurationInMs\":1.1245,\"ResourceType\
":\"Document\",\"OperationType\":\"Delete\",\"LocationEndpoint\":\"https://appr
aisal-mgmt-staging-cosmos-eastus.sql.cosmos.azure.com/\",\"StoreResult\":{\"Act
ivityId\":\"53ed59c9-99f3-494b-a893-5eeffcc1d457\",\"StatusCode\":\"NotFound\",
\"SubStatusCode\":\"Unknown\",\"LSN\":2237,\"PartitionKeyRangeId\":\"0\",\"Glob
alCommittedLSN\":2237,\"ItemLSN\":-1,\"UsingLocalLSN\":false,\"QuorumAckedLSN\"
:2237,\"SessionToken\":\"-1#2237\",\"CurrentWriteQuorum\":3,\"CurrentReplicaSet
Size\":4,\"NumberOfReadRegions\":0,\"IsValid\":true,\"StorePhysicalAddress\":\"
rntbd://cdb-ms-prod-eastus1-be22.documents.azure.com:14325/apps/c2ca9251-4cc1-4
19c-ad5f-06dd769fff79/services/8e840def-d1fb-4ec7-8725-0f87a7ce4e53/partitions/
a784becb-3c9f-42e2-afbc-2750f58482db/replicas/134139818961086986p/\",\"RequestC
harge\":1.24,\"RetryAfterInMs\":null,\"BELatencyInMs\":\"0.443\",\"ReplicaHealt
hStatuses\":[\"(port: 14325 | status: Unknown | lkt: 3/11/2026 3:59:28 
AM)\"],\"transportRequestTimeline\":{\"requestTimeline\":[{\"event\": 
\"Created\", \"startTimeUtc\": \"2026-03-11T03:59:29.1048312Z\", 
\"durationInMs\": 0.0019},{\"event\": \"ChannelAcquisitionStarted\", 
\"startTimeUtc\": \"2026-03-11T03:59:29.1048331Z\", \"durationInMs\": 
0.0022},{\"event\": \"Pipelined\", \"startTimeUtc\": 
\"2026-03-11T03:59:29.1048353Z\", \"durationInMs\": 0.0432},{\"event\": 
\"Transit Time\", \"startTimeUtc\": \"2026-03-11T03:59:29.1048785Z\", 
\"durationInMs\": 1.0159},{\"event\": \"Received\", \"startTimeUtc\": 
\"2026-03-11T03:59:29.1058944Z\", \"durationInMs\": 0.0316},{\"event\": 
\"Completed\", \"startTimeUtc\": \"2026-03-11T03:59:29.1059260Z\", 
\"durationInMs\": 0}],\"serviceEndpointStats\":{\"inflightRequests\":1,\"openCo
nnections\":1},\"connectionStats\":{\"waitforConnectionInit\":\"False\",\"calls
PendingReceive\":0,\"lastSendAttempt\":\"2026-03-11T03:59:29.0576587Z\",\"lastS
end\":\"2026-03-11T03:59:29.0576888Z\",\"lastReceive\":\"2026-03-11T03:59:29.08
19839Z\"},\"requestSizeInBytes\":2713,\"responseMetadataSizeInBytes\":226,\"res
ponseBodySizeInBytes\":84},\"TransportException\":null}}]}}}, 
Windows/10.0.20348 cosmos-netstandard-sdk/3.18.0"},"headers":{"content-length":
"3752","date":"Wed, 11 Mar 2026 03:59:28 GMT","content-type":"application/json"
,"server":"Compute","x-ms-gatewayversion":"2.0.0","x-ms-activity-id":"53ed59c9-
99f3-494b-a893-5eeffcc1d457","x-ms-last-state-change-utc":"Tue, 03 Mar 2026 
10:46:06.599 GMT","x-ms-schemaversion":"1.21","lsn":"2237","x-ms-request-charge
":"1.24","x-ms-quorum-acked-lsn":"2237","x-ms-current-write-quorum":"3","x-ms-c
urrent-replica-set-size":"4","x-ms-documentdb-partitionkeyrangeid":"0","x-ms-xp
-role":"1","x-ms-global-committed-lsn":"2237","x-ms-number-of-read-regions":"0"
,"x-ms-transport-request-id":"6","x-ms-cosmos-llsn":"2237","x-ms-cosmos-quorum-
acked-llsn":"2237","x-ms-session-token":"0:-1#2237","x-ms-request-duration-ms":
"0.443","x-ms-serviceversion":"version=2.14.0.0","x-ms-aad-applied-role-assignm
ent":"a8a683a0-4317-4a4c-a81c-61b29f401805","x-ms-cosmos-physical-partition-id"
:"0","x-ms-cosmos-internal-partition-id":"a784becb-3c9f-42e2-afbc-2750f58482db"
,"x-ms-throttle-retry-count":0,"x-ms-throttle-retry-wait-time-ms":0},"activityI
d":"53ed59c9-99f3-494b-a893-5eeffcc1d457","diagnostics":{"clientSideRequestStat
istics":{"requestStartTimeUTCInMs":1773201570765,"requestDurationInMs":25,"tota
lRequestPayloadLengthInBytes":0,"totalResponsePayloadLengthInBytes":3752,"locat
ionEndpointsContacted":["https://appraisal-mgmt-staging-cosmos-eastus.documents
.azure.com:443/"],"metadataDiagnostics":{"metadataLookups":[]},"retryDiagnostic
s":{"failedAttempts":[]},"gatewayStatistics":[{"activityId":"53ed59c9-99f3-494b
-a893-5eeffcc1d457","startTimeUTCInMs":1773201570766,"durationInMs":24,"statusC
ode":404,"requestPayloadLengthInBytes":0,"responsePayloadLengthInBytes":3752,"o
perationType":"delete","resourceType":"docs"}]}}},"id":"1773201564938-7txiicfip
"}

[90mstdout[2m | tests/integration/database-real.test.ts[2m > [22m[2mCosmos DB Real Integration Tests
[22m[39m2026-03-11T03:59:30.792Z INFO [App] Disconnected from Azure Cosmos DB

[90mstdout[2m | tests/integration/database-real.test.ts[2m > [22m[2mCosmos DB Real Integration Tests
[22m[39m≡ƒöî Database disconnected

[90mstdout[2m | tests/integration/database-real.test.ts
[22m[39m≡ƒº╣ Cleaning up test environment...
Γ£à Test cleanup complete

 [32mΓ£ô[39m tests/integration/database-real.test.ts[2m > [22mCosmos DB Real Integration Tests[2m > [22mError Handling[2m > [22mshould validate required fields on order creation[32m 49[2mms[22m[39m
 [32mΓ£ô[39m tests/comprehensive-crud.test.ts[2m > [22mComprehensive CRUD API Tests[2m > [22mVendor Management API[2m > [22mshould update vendor information[32m 280[2mms[22m[39m
[90mstdout[2m | tests/comprehensive-crud.test.ts[2m > [22m[2mComprehensive CRUD API Tests[2m > [22m[2mVendor Management API[2m > [22m[2mshould search vendors
[22m[39m2026-03-11T03:59:31.210Z INFO [App] AzureCommunicationService: using API key credential
2026-03-11T03:59:31.210Z INFO [App] AzureCommunicationService: using API key credential
Γ£à Axiom live mode ΓÇö https://axiom-dev-api.ambitioushill-a89e4aa0.eastus.azurecontainerapps.io (no auth ΓÇö dev server)
2026-03-11T03:59:31.211Z INFO [WebPubSubService] Using local emulator mode for Web PubSub
2026-03-11T03:59:31.211Z INFO [App] AzureCommunicationService: using API key credential
2026-03-11T03:59:31.211Z INFO [App] AzureCommunicationService: using API key credential
2026-03-11T03:59:31.211Z INFO [App] AzureCommunicationService: using API key credential
2026-03-11T03:59:31.212Z INFO [App] Teams service initialized with Managed Identity
2026-03-11T03:59:31.212Z INFO [ServiceBusEventPublisher] Using Managed Identity for Service Bus authentication {"namespace":"appraisal-mgmt-staging-servicebus.servicebus.windows.net"}
2026-03-11T03:59:31.213Z INFO [ServiceBusEventPublisher] Using Managed Identity for Service Bus authentication {"namespace":"appraisal-mgmt-staging-servicebus.servicebus.windows.net"}
2026-03-11T03:59:31.214Z INFO [ServiceBusEventSubscriber] Using Managed Identity for Service Bus authentication {"namespace":"appraisal-mgmt-staging-servicebus.servicebus.windows.net"}
2026-03-11T03:59:31.223Z INFO [App] Property management routes configured

[90mstderr[2m | tests/comprehensive-crud.test.ts[2m > 
[22m[2mComprehensive CRUD API Tests[2m > [22m[2mVendor Management API[2m 
> [22m[2mshould search vendors
[22m[39m2026-03-11T03:59:31.210Z WARN [App] Azure Service Bus connection 
string not provided, using mock implementation

[90mstdout[2m | tests/comprehensive-crud.test.ts[2m > [22m[2mComprehensive CRUD API Tests[2m > [22m[2mVendor Management API[2m > [22m[2mshould search vendors
[22m[39m2026-03-11T03:59:31.280Z INFO [App] Vendor created successfully {"vendorId":"1773201571230-jmyyo5jx3"}

[90mstdout[2m | tests/comprehensive-crud.test.ts[2m > [22m[2mComprehensive CRUD API Tests[2m > [22m[2mVendor Management API[2m > [22m[2mshould search vendors
[22m[39m2026-03-11T03:59:31.280Z INFO [VendorController] Vendor created {"vendorId":"1773201571230-jmyyo5jx3"}

 [32mΓ£ô[39m tests/comprehensive-crud.test.ts[2m > [22mComprehensive CRUD API Tests[2m > [22mVendor Management API[2m > [22mshould list vendors with filtering[33m 4354[2mms[22m[39m
[90mstdout[2m | tests/integration/real-api-validation.test.ts
[22m[39m2026-03-11T03:59:31.700Z INFO [BlobStorageService] Blob storage initialized with DefaultAzureCredential {"accountUrl":"https://apprstaginglqxl5vst.blob.core.windows.net"}
2026-03-11T03:59:31.700Z INFO [App] AzureCommunicationService: using API key credential

[90mstdout[2m | tests/integration/manual-api.test.ts
[22m[39m2026-03-11T03:59:31.700Z INFO [BlobStorageService] Blob storage initialized with DefaultAzureCredential {"accountUrl":"https://apprstaginglqxl5vst.blob.core.windows.net"}
2026-03-11T03:59:31.700Z INFO [App] AzureCommunicationService: using API key credential

[90mstdout[2m | tests/integration/external-services.test.ts
[22m[39m2026-03-11T03:59:31.700Z INFO [BlobStorageService] Blob storage initialized with DefaultAzureCredential {"accountUrl":"https://apprstaginglqxl5vst.blob.core.windows.net"}
2026-03-11T03:59:31.701Z INFO [App] AzureCommunicationService: using API key credential

[90mstdout[2m | tests/integration/minimal-server.test.ts
[22m[39m2026-03-11T03:59:31.701Z INFO [BlobStorageService] Blob storage initialized with DefaultAzureCredential {"accountUrl":"https://apprstaginglqxl5vst.blob.core.windows.net"}
2026-03-11T03:59:31.701Z INFO [App] AzureCommunicationService: using API key credential

[90mstdout[2m | tests/qc-api-integration.test.ts
[22m[39m2026-03-11T03:59:31.701Z INFO [BlobStorageService] Blob storage initialized with DefaultAzureCredential {"accountUrl":"https://apprstaginglqxl5vst.blob.core.windows.net"}
2026-03-11T03:59:31.701Z INFO [App] AzureCommunicationService: using API key credential

[90mstdout[2m | tests/integration/comprehensive-api.test.ts
[22m[39m2026-03-11T03:59:31.701Z INFO [BlobStorageService] Blob storage initialized with DefaultAzureCredential {"accountUrl":"https://apprstaginglqxl5vst.blob.core.windows.net"}
2026-03-11T03:59:31.701Z INFO [App] AzureCommunicationService: using API key credential

[90mstdout[2m | tests/integration/production-api.test.ts
[22m[39m2026-03-11T03:59:31.701Z INFO [BlobStorageService] Blob storage initialized with DefaultAzureCredential {"accountUrl":"https://apprstaginglqxl5vst.blob.core.windows.net"}
2026-03-11T03:59:31.701Z INFO [App] AzureCommunicationService: using API key credential

[90mstdout[2m | tests/integration/api.test.ts
[22m[39m2026-03-11T03:59:31.701Z INFO [BlobStorageService] Blob storage initialized with DefaultAzureCredential {"accountUrl":"https://apprstaginglqxl5vst.blob.core.windows.net"}
2026-03-11T03:59:31.701Z INFO [App] AzureCommunicationService: using API key credential

[90mstdout[2m | tests/integration/live-api.test.ts
[22m[39m2026-03-11T03:59:31.703Z INFO [BlobStorageService] Blob storage initialized with DefaultAzureCredential {"accountUrl":"https://apprstaginglqxl5vst.blob.core.windows.net"}
2026-03-11T03:59:31.703Z INFO [App] AzureCommunicationService: using API key credential

[90mstdout[2m | tests/comprehensive-api.test.ts
[22m[39m2026-03-11T03:59:31.701Z INFO [BlobStorageService] Blob storage initialized with DefaultAzureCredential {"accountUrl":"https://apprstaginglqxl5vst.blob.core.windows.net"}
2026-03-11T03:59:31.702Z INFO [App] AzureCommunicationService: using API key credential

[90mstdout[2m | tests/integration/performance.test.ts
[22m[39m2026-03-11T03:59:31.702Z INFO [BlobStorageService] Blob storage initialized with DefaultAzureCredential {"accountUrl":"https://apprstaginglqxl5vst.blob.core.windows.net"}
2026-03-11T03:59:31.702Z INFO [App] AzureCommunicationService: using API key credential

[90mstdout[2m | tests/qc-workflow-e2e.test.ts
[22m[39m2026-03-11T03:59:31.703Z INFO [BlobStorageService] Blob storage initialized with DefaultAzureCredential {"accountUrl":"https://apprstaginglqxl5vst.blob.core.windows.net"}
2026-03-11T03:59:31.703Z INFO [App] AzureCommunicationService: using API key credential

[90mstdout[2m | tests/integration/external-services-fixed.test.ts
[22m[39m2026-03-11T03:59:31.703Z INFO [BlobStorageService] Blob storage initialized with DefaultAzureCredential {"accountUrl":"https://apprstaginglqxl5vst.blob.core.windows.net"}
2026-03-11T03:59:31.703Z INFO [App] AzureCommunicationService: using API key credential

[90mstdout[2m | tests/integration/real-api-validation.test.ts
[22m[39m2026-03-11T03:59:31.858Z INFO [App] AzureCommunicationService: using API key credential
2026-03-11T03:59:31.859Z INFO [App] AzureCommunicationService: using API key credential
2026-03-11T03:59:31.859Z INFO [App] Teams service initialized with Managed Identity

[90mstdout[2m | tests/integration/external-services.test.ts
[22m[39m2026-03-11T03:59:31.859Z INFO [App] AzureCommunicationService: using API key credential
2026-03-11T03:59:31.859Z INFO [App] AzureCommunicationService: using API key credential
2026-03-11T03:59:31.860Z INFO [App] Teams service initialized with Managed Identity

[90mstdout[2m | tests/integration/minimal-server.test.ts
[22m[39m2026-03-11T03:59:31.859Z INFO [App] AzureCommunicationService: using API key credential
2026-03-11T03:59:31.860Z INFO [App] AzureCommunicationService: using API key credential
2026-03-11T03:59:31.861Z INFO [App] Teams service initialized with Managed Identity

[90mstdout[2m | tests/integration/api.test.ts
[22m[39m2026-03-11T03:59:31.859Z INFO [App] AzureCommunicationService: using API key credential
2026-03-11T03:59:31.859Z INFO [App] AzureCommunicationService: using API key credential
2026-03-11T03:59:31.860Z INFO [App] Teams service initialized with Managed Identity

[90mstdout[2m | tests/integration/manual-api.test.ts
[22m[39m2026-03-11T03:59:31.860Z INFO [App] AzureCommunicationService: using API key credential
2026-03-11T03:59:31.861Z INFO [App] AzureCommunicationService: using API key credential
2026-03-11T03:59:31.862Z INFO [App] Teams service initialized with Managed Identity

[90mstdout[2m | tests/qc-workflow-e2e.test.ts
[22m[39m2026-03-11T03:59:31.860Z INFO [App] AzureCommunicationService: using API key credential
2026-03-11T03:59:31.861Z INFO [App] AzureCommunicationService: using API key credential
2026-03-11T03:59:31.862Z INFO [App] Teams service initialized with Managed Identity

[90mstdout[2m | tests/integration/production-api.test.ts
[22m[39m2026-03-11T03:59:31.861Z INFO [App] AzureCommunicationService: using API key credential
2026-03-11T03:59:31.862Z INFO [App] AzureCommunicationService: using API key credential
2026-03-11T03:59:31.862Z INFO [App] Teams service initialized with Managed Identity

[90mstdout[2m | tests/integration/live-api.test.ts
[22m[39m2026-03-11T03:59:31.862Z INFO [App] AzureCommunicationService: using API key credential
2026-03-11T03:59:31.862Z INFO [App] AzureCommunicationService: using API key credential
2026-03-11T03:59:31.863Z INFO [App] Teams service initialized with Managed Identity

[90mstdout[2m | tests/integration/comprehensive-api.test.ts
[22m[39m2026-03-11T03:59:31.863Z INFO [App] AzureCommunicationService: using API key credential
2026-03-11T03:59:31.863Z INFO [App] AzureCommunicationService: using API key credential
2026-03-11T03:59:31.864Z INFO [App] Teams service initialized with Managed Identity

[90mstdout[2m | tests/integration/external-services-fixed.test.ts
[22m[39m2026-03-11T03:59:31.861Z INFO [App] AzureCommunicationService: using API key credential
2026-03-11T03:59:31.862Z INFO [App] AzureCommunicationService: using API key credential
2026-03-11T03:59:31.863Z INFO [App] Teams service initialized with Managed Identity

[90mstdout[2m | tests/comprehensive-api.test.ts
[22m[39m2026-03-11T03:59:31.861Z INFO [App] AzureCommunicationService: using API key credential
2026-03-11T03:59:31.862Z INFO [App] AzureCommunicationService: using API key credential
2026-03-11T03:59:31.863Z INFO [App] Teams service initialized with Managed Identity

[90mstdout[2m | tests/integration/performance.test.ts
[22m[39m2026-03-11T03:59:31.862Z INFO [App] AzureCommunicationService: using API key credential
2026-03-11T03:59:31.863Z INFO [App] AzureCommunicationService: using API key credential
2026-03-11T03:59:31.864Z INFO [App] Teams service initialized with Managed Identity

[90mstdout[2m | tests/qc-api-integration.test.ts
[22m[39m2026-03-11T03:59:31.863Z INFO [App] AzureCommunicationService: using API key credential
2026-03-11T03:59:31.864Z INFO [App] AzureCommunicationService: using API key credential
2026-03-11T03:59:31.864Z INFO [App] Teams service initialized with Managed Identity

[90mstdout[2m | tests/event-driven-architecture.test.ts[2m > [22m[2mEvent-Driven Architecture[2m > [22m[2mshould demonstrate end-to-end event flow
[22m[39mStep 2: Publishing QC completed event...

[90mstdout[2m | tests/event-driven-architecture.test.ts[2m > [22m[2mEvent-Driven Architecture[2m > [22m[2mshould demonstrate end-to-end event flow
[22m[39m2026-03-11T03:59:31.903Z INFO [ServiceBusEventPublisher] Mock Service Bus: Publishing 1 messages
2026-03-11T03:59:31.903Z INFO [ServiceBusEventPublisher] Mock Message 1: {"subject":"qc.completed","body":"{\"id\":\"demo-qc-1773201571903\",\"type\":\"qc.completed\",\"timestamp\":\"2026-03-11T03:59:31.903Z\",\"source\":...","applicationProperties":{"eventType":"qc.completed","category":"qc","priority":"high","source":"qc-validation-service","correlationId":""}}

[90mstdout[2m | tests/event-driven-architecture.test.ts[2m > [22m[2mEvent-Driven Architecture[2m > [22m[2mshould demonstrate end-to-end event flow
[22m[39m2026-03-11T03:59:31.903Z INFO [ServiceBusEventPublisher] Published event: qc.completed {"eventId":"demo-qc-1773201571903"}

[90mstdout[2m | tests/event-driven-architecture.test.ts[2m > [22m[2mEvent-Driven Architecture[2m > [22m[2mshould demonstrate end-to-end event flow
[22m[39mStep 3: End-to-end event flow completed successfully!
=== Event Flow Demo Complete ===


[90mstdout[2m | tests/event-driven-architecture.test.ts[2m > [22m[2mEvent-Driven Architecture
[22m[39m2026-03-11T03:59:33.919Z INFO [ServiceBusEventPublisher] Mock Service Bus sender closed

[90mstdout[2m | tests/event-driven-architecture.test.ts[2m > [22m[2mEvent-Driven Architecture
[22m[39m2026-03-11T03:59:33.919Z INFO [ServiceBusEventPublisher] Closed sender for topic: test-events
2026-03-11T03:59:33.920Z INFO [ServiceBusEventPublisher] Mock Service Bus client closed

[90mstdout[2m | tests/event-driven-architecture.test.ts[2m > [22m[2mEvent-Driven Architecture
[22m[39m2026-03-11T03:59:33.920Z INFO [ServiceBusEventPublisher] Service Bus client closed

[90mstdout[2m | tests/event-driven-architecture.test.ts[2m > [22m[2mEvent-Driven Architecture
[22m[39m2026-03-11T03:59:33.920Z INFO [ServiceBusEventSubscriber] Mock Service Bus client closed

[90mstdout[2m | tests/event-driven-architecture.test.ts[2m > [22m[2mEvent-Driven Architecture
[22m[39m2026-03-11T03:59:33.920Z INFO [ServiceBusEventSubscriber] Service Bus subscriber closed

[90mstdout[2m | tests/event-driven-architecture.test.ts[2m > [22m[2mEvent-Driven Architecture
[22m[39m2026-03-11T03:59:33.920Z INFO [ServiceBusEventSubscriber] Mock Service Bus receiver closed

[90mstdout[2m | tests/event-driven-architecture.test.ts[2m > [22m[2mEvent-Driven Architecture
[22m[39m2026-03-11T03:59:33.920Z INFO [ServiceBusEventSubscriber] Closed receiver: default
2026-03-11T03:59:33.920Z INFO [ServiceBusEventSubscriber] Mock Service Bus client closed

[90mstdout[2m | tests/event-driven-architecture.test.ts[2m > [22m[2mEvent-Driven Architecture
[22m[39m2026-03-11T03:59:33.921Z INFO [ServiceBusEventSubscriber] Service Bus subscriber closed

[90mstdout[2m | tests/event-driven-architecture.test.ts[2m > [22m[2mEvent-Driven Architecture
[22m[39m2026-03-11T03:59:33.921Z INFO [ServiceBusEventPublisher] Mock Service Bus client closed

[90mstdout[2m | tests/event-driven-architecture.test.ts[2m > [22m[2mEvent-Driven Architecture
[22m[39m2026-03-11T03:59:33.921Z INFO [ServiceBusEventPublisher] Service Bus client closed

[90mstdout[2m | tests/event-driven-architecture.test.ts[2m > [22m[2mEvent-Driven Architecture
[22m[39m2026-03-11T03:59:33.921Z INFO [NotificationService] Notification service stopped

[90mstdout[2m | tests/event-driven-architecture.test.ts[2m > [22m[2mEvent-Driven Architecture
[22m[39mCleaned up event-driven architecture components

[90mstdout[2m | tests/event-driven-architecture.test.ts
[22m[39m≡ƒº╣ Cleaning up test environment...
Γ£à Test cleanup complete

 [32mΓ£ô[39m tests/event-driven-architecture.test.ts[2m > [22mEvent-Driven Architecture[2m > [22mshould demonstrate end-to-end event flow[33m 4031[2mms[22m[39m
[90mstdout[2m | tests/qc-workflow-e2e.test.ts
[22m[39m≡ƒº¬ Setting up test environment...
Γ£à Test environment ready

[90mstdout[2m | tests/integration/real-api-validation.test.ts
[22m[39m≡ƒº¬ Setting up test environment...
Γ£à Test environment ready

[90mstdout[2m | tests/integration/minimal-server.test.ts
[22m[39m≡ƒº¬ Setting up test environment...
Γ£à Test environment ready

[90mstdout[2m | tests/integration/manual-api.test.ts
[22m[39m≡ƒº¬ Setting up test environment...
Γ£à Test environment ready

[90mstdout[2m | tests/integration/performance.test.ts
[22m[39m≡ƒº¬ Setting up test environment...
Γ£à Test environment ready

[90mstdout[2m | tests/integration/live-api.test.ts
[22m[39m≡ƒº¬ Setting up test environment...
Γ£à Test environment ready

[90mstdout[2m | tests/integration/external-services-fixed.test.ts
[22m[39m≡ƒº¬ Setting up test environment...
Γ£à Test environment ready

[90mstdout[2m | tests/integration/production-api.test.ts
[22m[39m≡ƒº¬ Setting up test environment...
Γ£à Test environment ready

[90mstdout[2m | tests/integration/api.test.ts
[22m[39m≡ƒº¬ Setting up test environment...
Γ£à Test environment ready

[90mstdout[2m | tests/integration/external-services.test.ts
[22m[39m≡ƒº¬ Setting up test environment...
Γ£à Test environment ready

[90mstdout[2m | tests/comprehensive-api.test.ts
[22m[39m≡ƒº¬ Setting up test environment...
Γ£à Test environment ready

[90mstdout[2m | tests/integration/comprehensive-api.test.ts
[22m[39m≡ƒº¬ Setting up test environment...
Γ£à Test environment ready

[90mstdout[2m | tests/qc-api-integration.test.ts
[22m[39m≡ƒº¬ Setting up test environment...
Γ£à Test environment ready

[90mstdout[2m | tests/integration/real-api-validation.test.ts[2m > [22m[2mReal API Validation Tests
[22m[39m2026-03-11T03:59:35.067Z INFO [App] Universal AI Service initialized {"providers":["azure-openai","google-gemini","sambanova","certo"],"enabledProviders":["Azure OpenAI","Google Gemini"]}
2026-03-11T03:59:35.067Z INFO [App] AI Provider Routing Configuration {"textGeneration":"sambanova","vision":"google-gemini","embeddings":"azure-openai","qcAnalysis":"azure-openai","documentProcessing":"google-gemini","propertyDescription":"sambanova","marketInsights":"google-gemini"}
2026-03-11T03:59:35.068Z INFO [App] Creating NEW Azure Entra auth instance with JWKS cache
2026-03-11T03:59:35.069Z INFO [App] Azure Entra ID authentication initialized {"tenantId":"885097ba-35ea-48db-be7a-a0aa7ff451bd","clientId":"dd3e7944-ecf3-4cd9-bf1d-ba1a4e857e8a"}
2026-03-11T03:59:35.069Z INFO [App] Role mapping configured {"groupId":"admin-group-id","role":"admin","permissions":["*"]}
2026-03-11T03:59:35.070Z INFO [App] Role mapping configured {"groupId":"manager-group-id","role":"manager","permissions":["order_manage","vendor_manage","vendor_assign","analytics_view","qc_metrics","qc_validate"]}
2026-03-11T03:59:35.070Z INFO [App] Role mapping configured {"groupId":"qc-analyst-group-id","role":"qc_analyst","permissions":["qc_validate","qc_execute","qc_metrics"]}
2026-03-11T03:59:35.070Z INFO [App] Role mapping configured {"groupId":"appraiser-group-id","role":"appraiser","permissions":["order_view","order_update"]}
2026-03-11T03:59:35.070Z INFO [App] Azure AD role mappings configured
2026-03-11T03:59:35.070Z INFO [App] Reusing existing Azure Entra auth instance (JWKS cache preserved)
2026-03-11T03:59:35.099Z INFO [App] AzureCommunicationService: using API key credential
2026-03-11T03:59:35.099Z INFO [App] AzureCommunicationService: using API key credential
Γ£à Axiom live mode ΓÇö https://axiom-dev-api.ambitioushill-a89e4aa0.eastus.azurecontainerapps.io (no auth ΓÇö dev server)
2026-03-11T03:59:35.100Z INFO [WebPubSubService] Using local emulator mode for Web PubSub
2026-03-11T03:59:35.100Z INFO [App] AzureCommunicationService: using API key credential
2026-03-11T03:59:35.100Z INFO [App] AzureCommunicationService: using API key credential
2026-03-11T03:59:35.101Z INFO [App] AzureCommunicationService: using API key credential
2026-03-11T03:59:35.101Z INFO [App] Teams service initialized with Managed Identity
2026-03-11T03:59:35.103Z INFO [ServiceBusEventPublisher] Using Managed Identity for Service Bus authentication {"namespace":"appraisal-mgmt-staging-servicebus.servicebus.windows.net"}
2026-03-11T03:59:35.104Z INFO [ServiceBusEventPublisher] Using Managed Identity for Service Bus authentication {"namespace":"appraisal-mgmt-staging-servicebus.servicebus.windows.net"}
2026-03-11T03:59:35.105Z INFO [ServiceBusEventSubscriber] Using Managed Identity for Service Bus authentication {"namespace":"appraisal-mgmt-staging-servicebus.servicebus.windows.net"}
2026-03-11T03:59:35.188Z INFO [App] Universal AI Service initialized {"providers":["azure-openai","google-gemini","sambanova","certo"],"enabledProviders":["Azure OpenAI","Google Gemini"]}
2026-03-11T03:59:35.189Z INFO [App] AI Provider Routing Configuration {"textGeneration":"sambanova","vision":"google-gemini","embeddings":"azure-openai","qcAnalysis":"azure-openai","documentProcessing":"google-gemini","propertyDescription":"sambanova","marketInsights":"google-gemini"}
2026-03-11T03:59:35.191Z INFO [App] Initializing Azure Cosmos DB connection with Managed Identity
2026-03-11T03:59:35.192Z INFO [App] Using Managed Identity for Cosmos DB authentication
2026-03-11T03:59:35.192Z INFO [App] Successfully connected to Azure Cosmos DB {"databaseId":"appraisal-management","endpoint":"https://appraisal-mgmt-staging-cosmos.documents.azure.com:443/"}

[90mstderr[2m | tests/integration/real-api-validation.test.ts[2m > 
[22m[2mReal API Validation Tests
[22m[39m2026-03-11T03:59:35.070Z WARN [App] ΓÜá∩╕Å  Test tokens are ENABLED 
- DO NOT USE IN PRODUCTION
2026-03-11T03:59:35.099Z WARN [App] Azure Service Bus connection string not 
provided, using mock implementation
2026-03-11T03:59:35.176Z WARN [App] Authorization middleware not initialized - 
allowing request
2026-03-11T03:59:35.176Z WARN [App] Authorization middleware not initialized - 
allowing request
2026-03-11T03:59:35.176Z WARN [App] Authorization middleware not initialized - 
allowing request
2026-03-11T03:59:35.176Z WARN [App] Authorization middleware not initialized - 
allowing request
2026-03-11T03:59:35.180Z WARN [App] Authorization middleware not initialized - 
allowing request
2026-03-11T03:59:35.181Z WARN [App] Authorization middleware not initialized - 
allowing request
2026-03-11T03:59:35.182Z WARN [App] Authorization middleware not initialized - 
allowing request
2026-03-11T03:59:35.182Z WARN [App] Authorization middleware not initialized - 
allowing request
2026-03-11T03:59:35.186Z WARN [App] Authorization middleware not initialized - 
allowing request
2026-03-11T03:59:35.189Z WARN [App] Authorization middleware not initialized - 
allowing request
2026-03-11T03:59:35.189Z WARN [App] Authorization middleware not initialized - 
allowing request

[90mstdout[2m | tests/integration/minimal-server.test.ts[2m > [22m[2mMinimal Server Integration Tests
[22m[39m≡ƒº¬ Setting up test environment...
2026-03-11T03:59:35.074Z INFO [App] Universal AI Service initialized {"providers":["azure-openai","google-gemini","sambanova","certo"],"enabledProviders":["Azure OpenAI","Google Gemini"]}
2026-03-11T03:59:35.075Z INFO [App] AI Provider Routing Configuration {"textGeneration":"sambanova","vision":"google-gemini","embeddings":"azure-openai","qcAnalysis":"azure-openai","documentProcessing":"google-gemini","propertyDescription":"sambanova","marketInsights":"google-gemini"}
2026-03-11T03:59:35.075Z INFO [App] Creating NEW Azure Entra auth instance with JWKS cache
2026-03-11T03:59:35.077Z INFO [App] Azure Entra ID authentication initialized {"tenantId":"885097ba-35ea-48db-be7a-a0aa7ff451bd","clientId":"dd3e7944-ecf3-4cd9-bf1d-ba1a4e857e8a"}
2026-03-11T03:59:35.077Z INFO [App] Role mapping configured {"groupId":"admin-group-id","role":"admin","permissions":["*"]}
2026-03-11T03:59:35.077Z INFO [App] Role mapping configured {"groupId":"manager-group-id","role":"manager","permissions":["order_manage","vendor_manage","vendor_assign","analytics_view","qc_metrics","qc_validate"]}
2026-03-11T03:59:35.077Z INFO [App] Role mapping configured {"groupId":"qc-analyst-group-id","role":"qc_analyst","permissions":["qc_validate","qc_execute","qc_metrics"]}
2026-03-11T03:59:35.077Z INFO [App] Role mapping configured {"groupId":"appraiser-group-id","role":"appraiser","permissions":["order_view","order_update"]}
2026-03-11T03:59:35.077Z INFO [App] Azure AD role mappings configured
2026-03-11T03:59:35.077Z INFO [App] Reusing existing Azure Entra auth instance (JWKS cache preserved)
2026-03-11T03:59:35.105Z INFO [App] AzureCommunicationService: using API key credential
2026-03-11T03:59:35.106Z INFO [App] AzureCommunicationService: using API key credential
Γ£à Axiom live mode ΓÇö https://axiom-dev-api.ambitioushill-a89e4aa0.eastus.azurecontainerapps.io (no auth ΓÇö dev server)
2026-03-11T03:59:35.106Z INFO [WebPubSubService] Using local emulator mode for Web PubSub
2026-03-11T03:59:35.107Z INFO [App] AzureCommunicationService: using API key credential
2026-03-11T03:59:35.107Z INFO [App] AzureCommunicationService: using API key credential
2026-03-11T03:59:35.107Z INFO [App] AzureCommunicationService: using API key credential
2026-03-11T03:59:35.108Z INFO [App] Teams service initialized with Managed Identity
2026-03-11T03:59:35.109Z INFO [ServiceBusEventPublisher] Using Managed Identity for Service Bus authentication {"namespace":"appraisal-mgmt-staging-servicebus.servicebus.windows.net"}
2026-03-11T03:59:35.111Z INFO [ServiceBusEventPublisher] Using Managed Identity for Service Bus authentication {"namespace":"appraisal-mgmt-staging-servicebus.servicebus.windows.net"}
2026-03-11T03:59:35.112Z INFO [ServiceBusEventSubscriber] Using Managed Identity for Service Bus authentication {"namespace":"appraisal-mgmt-staging-servicebus.servicebus.windows.net"}
2026-03-11T03:59:35.191Z INFO [App] Universal AI Service initialized {"providers":["azure-openai","google-gemini","sambanova","certo"],"enabledProviders":["Azure OpenAI","Google Gemini"]}
2026-03-11T03:59:35.191Z INFO [App] AI Provider Routing Configuration {"textGeneration":"sambanova","vision":"google-gemini","embeddings":"azure-openai","qcAnalysis":"azure-openai","documentProcessing":"google-gemini","propertyDescription":"sambanova","marketInsights":"google-gemini"}
2026-03-11T03:59:35.194Z INFO [App] Initializing Azure Cosmos DB connection with Managed Identity
2026-03-11T03:59:35.194Z INFO [App] Using Managed Identity for Cosmos DB authentication
2026-03-11T03:59:35.195Z INFO [App] Successfully connected to Azure Cosmos DB {"databaseId":"appraisal-management","endpoint":"https://appraisal-mgmt-staging-cosmos.documents.azure.com:443/"}

[90mstderr[2m | tests/integration/minimal-server.test.ts[2m > 
[22m[2mMinimal Server Integration Tests
[22m[39m2026-03-11T03:59:35.078Z WARN [App] ΓÜá∩╕Å  Test tokens are ENABLED 
- DO NOT USE IN PRODUCTION
2026-03-11T03:59:35.104Z WARN [App] Azure Service Bus connection string not 
provided, using mock implementation
2026-03-11T03:59:35.178Z WARN [App] Authorization middleware not initialized - 
allowing request
2026-03-11T03:59:35.178Z WARN [App] Authorization middleware not initialized - 
allowing request
2026-03-11T03:59:35.178Z WARN [App] Authorization middleware not initialized - 
allowing request
2026-03-11T03:59:35.178Z WARN [App] Authorization middleware not initialized - 
allowing request
2026-03-11T03:59:35.181Z WARN [App] Authorization middleware not initialized - 
allowing request
2026-03-11T03:59:35.182Z WARN [App] Authorization middleware not initialized - 
allowing request
2026-03-11T03:59:35.183Z WARN [App] Authorization middleware not initialized - 
allowing request
2026-03-11T03:59:35.184Z WARN [App] Authorization middleware not initialized - 
allowing request
2026-03-11T03:59:35.189Z WARN [App] Authorization middleware not initialized - 
allowing request
2026-03-11T03:59:35.192Z WARN [App] Authorization middleware not initialized - 
allowing request
2026-03-11T03:59:35.192Z WARN [App] Authorization middleware not initialized - 
allowing request

[90mstdout[2m | tests/qc-workflow-e2e.test.ts[2m > [22m[2mQC Workflow E2E Tests
[22m[39m2026-03-11T03:59:35.066Z INFO [App] Universal AI Service initialized {"providers":["azure-openai","google-gemini","sambanova","certo"],"enabledProviders":["Azure OpenAI","Google Gemini"]}
2026-03-11T03:59:35.066Z INFO [App] AI Provider Routing Configuration {"textGeneration":"sambanova","vision":"google-gemini","embeddings":"azure-openai","qcAnalysis":"azure-openai","documentProcessing":"google-gemini","propertyDescription":"sambanova","marketInsights":"google-gemini"}
2026-03-11T03:59:35.066Z INFO [App] Creating NEW Azure Entra auth instance with JWKS cache
2026-03-11T03:59:35.068Z INFO [App] Azure Entra ID authentication initialized {"tenantId":"885097ba-35ea-48db-be7a-a0aa7ff451bd","clientId":"dd3e7944-ecf3-4cd9-bf1d-ba1a4e857e8a"}
2026-03-11T03:59:35.068Z INFO [App] Role mapping configured {"groupId":"admin-group-id","role":"admin","permissions":["*"]}
2026-03-11T03:59:35.068Z INFO [App] Role mapping configured {"groupId":"manager-group-id","role":"manager","permissions":["order_manage","vendor_manage","vendor_assign","analytics_view","qc_metrics","qc_validate"]}
2026-03-11T03:59:35.068Z INFO [App] Role mapping configured {"groupId":"qc-analyst-group-id","role":"qc_analyst","permissions":["qc_validate","qc_execute","qc_metrics"]}
2026-03-11T03:59:35.068Z INFO [App] Role mapping configured {"groupId":"appraiser-group-id","role":"appraiser","permissions":["order_view","order_update"]}
2026-03-11T03:59:35.068Z INFO [App] Azure AD role mappings configured
2026-03-11T03:59:35.069Z INFO [App] Reusing existing Azure Entra auth instance (JWKS cache preserved)
2026-03-11T03:59:35.097Z INFO [App] AzureCommunicationService: using API key credential
2026-03-11T03:59:35.097Z INFO [App] AzureCommunicationService: using API key credential
Γ£à Axiom live mode ΓÇö https://axiom-dev-api.ambitioushill-a89e4aa0.eastus.azurecontainerapps.io (no auth ΓÇö dev server)
2026-03-11T03:59:35.098Z INFO [WebPubSubService] Using local emulator mode for Web PubSub
2026-03-11T03:59:35.098Z INFO [App] AzureCommunicationService: using API key credential
2026-03-11T03:59:35.098Z INFO [App] AzureCommunicationService: using API key credential
2026-03-11T03:59:35.099Z INFO [App] AzureCommunicationService: using API key credential
2026-03-11T03:59:35.099Z INFO [App] Teams service initialized with Managed Identity
2026-03-11T03:59:35.101Z INFO [ServiceBusEventPublisher] Using Managed Identity for Service Bus authentication {"namespace":"appraisal-mgmt-staging-servicebus.servicebus.windows.net"}
2026-03-11T03:59:35.102Z INFO [ServiceBusEventPublisher] Using Managed Identity for Service Bus authentication {"namespace":"appraisal-mgmt-staging-servicebus.servicebus.windows.net"}
2026-03-11T03:59:35.103Z INFO [ServiceBusEventSubscriber] Using Managed Identity for Service Bus authentication {"namespace":"appraisal-mgmt-staging-servicebus.servicebus.windows.net"}
2026-03-11T03:59:35.198Z INFO [App] Universal AI Service initialized {"providers":["azure-openai","google-gemini","sambanova","certo"],"enabledProviders":["Azure OpenAI","Google Gemini"]}
2026-03-11T03:59:35.198Z INFO [App] AI Provider Routing Configuration {"textGeneration":"sambanova","vision":"google-gemini","embeddings":"azure-openai","qcAnalysis":"azure-openai","documentProcessing":"google-gemini","propertyDescription":"sambanova","marketInsights":"google-gemini"}
2026-03-11T03:59:35.201Z INFO [App] Initializing Azure Cosmos DB connection with Managed Identity
2026-03-11T03:59:35.202Z INFO [App] Using Managed Identity for Cosmos DB authentication
2026-03-11T03:59:35.202Z INFO [App] Successfully connected to Azure Cosmos DB {"databaseId":"appraisal-management","endpoint":"https://appraisal-mgmt-staging-cosmos.documents.azure.com:443/"}

[90mstderr[2m | tests/qc-workflow-e2e.test.ts[2m > [22m[2mQC Workflow E2E 
Tests
[22m[39m2026-03-11T03:59:35.069Z WARN [App] ΓÜá∩╕Å  Test tokens are ENABLED 
- DO NOT USE IN PRODUCTION
2026-03-11T03:59:35.096Z WARN [App] Azure Service Bus connection string not 
provided, using mock implementation
2026-03-11T03:59:35.176Z WARN [App] Authorization middleware not initialized - 
allowing request
2026-03-11T03:59:35.176Z WARN [App] Authorization middleware not initialized - 
allowing request
2026-03-11T03:59:35.178Z WARN [App] Authorization middleware not initialized - 
allowing request
2026-03-11T03:59:35.178Z WARN [App] Authorization middleware not initialized - 
allowing request
2026-03-11T03:59:35.182Z WARN [App] Authorization middleware not initialized - 
allowing request
2026-03-11T03:59:35.184Z WARN [App] Authorization middleware not initialized - 
allowing request
2026-03-11T03:59:35.186Z WARN [App] Authorization middleware not initialized - 
allowing request
2026-03-11T03:59:35.188Z WARN [App] Authorization middleware not initialized - 
allowing request
2026-03-11T03:59:35.195Z WARN [App] Authorization middleware not initialized - 
allowing request
2026-03-11T03:59:35.198Z WARN [App] Authorization middleware not initialized - 
allowing request
2026-03-11T03:59:35.198Z WARN [App] Authorization middleware not initialized - 
allowing request

[90mstdout[2m | tests/integration/real-api-validation.test.ts[2m > [22m[2mReal API Validation Tests
[22m[39m2026-03-11T03:59:35.203Z INFO [App] QC Results controller initialized with shared database service
2026-03-11T03:59:35.204Z INFO [App] Γ£à Authorization ENFORCEMENT ENABLED - Casbin policies will be enforced
2026-03-11T03:59:35.204Z INFO [App] Initializing authorization service
2026-03-11T03:59:35.205Z INFO [App] Initializing Casbin enforcer {"modelPath":"C:\\source\\appraisal-management-backend\\config\\casbin\\model.conf","policyPath":"C:\\source\\appraisal-management-backend\\config\\casbin\\policy.csv"}

[90mstdout[2m | tests/integration/minimal-server.test.ts[2m > [22m[2mMinimal Server Integration Tests
[22m[39m2026-03-11T03:59:35.208Z INFO [App] QC Results controller initialized with shared database service
2026-03-11T03:59:35.208Z INFO [App] Γ£à Authorization ENFORCEMENT ENABLED - Casbin policies will be enforced
2026-03-11T03:59:35.209Z INFO [App] Initializing authorization service
2026-03-11T03:59:35.209Z INFO [App] Initializing Casbin enforcer {"modelPath":"C:\\source\\appraisal-management-backend\\config\\casbin\\model.conf","policyPath":"C:\\source\\appraisal-management-backend\\config\\casbin\\policy.csv"}

[90mstdout[2m | tests/integration/live-api.test.ts[2m > [22m[2mLive Production API Integration Tests
[22m[39m2026-03-11T03:59:35.078Z INFO [App] Universal AI Service initialized {"providers":["azure-openai","google-gemini","sambanova","certo"],"enabledProviders":["Azure OpenAI","Google Gemini"]}
2026-03-11T03:59:35.078Z INFO [App] AI Provider Routing Configuration {"textGeneration":"sambanova","vision":"google-gemini","embeddings":"azure-openai","qcAnalysis":"azure-openai","documentProcessing":"google-gemini","propertyDescription":"sambanova","marketInsights":"google-gemini"}
2026-03-11T03:59:35.078Z INFO [App] Creating NEW Azure Entra auth instance with JWKS cache
2026-03-11T03:59:35.080Z INFO [App] Azure Entra ID authentication initialized {"tenantId":"885097ba-35ea-48db-be7a-a0aa7ff451bd","clientId":"dd3e7944-ecf3-4cd9-bf1d-ba1a4e857e8a"}
2026-03-11T03:59:35.080Z INFO [App] Role mapping configured {"groupId":"admin-group-id","role":"admin","permissions":["*"]}
2026-03-11T03:59:35.081Z INFO [App] Role mapping configured {"groupId":"manager-group-id","role":"manager","permissions":["order_manage","vendor_manage","vendor_assign","analytics_view","qc_metrics","qc_validate"]}
2026-03-11T03:59:35.081Z INFO [App] Role mapping configured {"groupId":"qc-analyst-group-id","role":"qc_analyst","permissions":["qc_validate","qc_execute","qc_metrics"]}
2026-03-11T03:59:35.081Z INFO [App] Role mapping configured {"groupId":"appraiser-group-id","role":"appraiser","permissions":["order_view","order_update"]}
2026-03-11T03:59:35.081Z INFO [App] Azure AD role mappings configured
2026-03-11T03:59:35.081Z INFO [App] Reusing existing Azure Entra auth instance (JWKS cache preserved)
2026-03-11T03:59:35.113Z INFO [App] AzureCommunicationService: using API key credential
2026-03-11T03:59:35.113Z INFO [App] AzureCommunicationService: using API key credential
Γ£à Axiom live mode ΓÇö https://axiom-dev-api.ambitioushill-a89e4aa0.eastus.azurecontainerapps.io (no auth ΓÇö dev server)
2026-03-11T03:59:35.114Z INFO [WebPubSubService] Using local emulator mode for Web PubSub
2026-03-11T03:59:35.114Z INFO [App] AzureCommunicationService: using API key credential
2026-03-11T03:59:35.114Z INFO [App] AzureCommunicationService: using API key credential
2026-03-11T03:59:35.115Z INFO [App] AzureCommunicationService: using API key credential
2026-03-11T03:59:35.115Z INFO [App] Teams service initialized with Managed Identity
2026-03-11T03:59:35.117Z INFO [ServiceBusEventPublisher] Using Managed Identity for Service Bus authentication {"namespace":"appraisal-mgmt-staging-servicebus.servicebus.windows.net"}
2026-03-11T03:59:35.118Z INFO [ServiceBusEventPublisher] Using Managed Identity for Service Bus authentication {"namespace":"appraisal-mgmt-staging-servicebus.servicebus.windows.net"}
2026-03-11T03:59:35.119Z INFO [ServiceBusEventSubscriber] Using Managed Identity for Service Bus authentication {"namespace":"appraisal-mgmt-staging-servicebus.servicebus.windows.net"}
2026-03-11T03:59:35.210Z INFO [App] Universal AI Service initialized {"providers":["azure-openai","google-gemini","sambanova","certo"],"enabledProviders":["Azure OpenAI","Google Gemini"]}
2026-03-11T03:59:35.210Z INFO [App] AI Provider Routing Configuration {"textGeneration":"sambanova","vision":"google-gemini","embeddings":"azure-openai","qcAnalysis":"azure-openai","documentProcessing":"google-gemini","propertyDescription":"sambanova","marketInsights":"google-gemini"}
2026-03-11T03:59:35.213Z INFO [App] Initializing Azure Cosmos DB connection with Managed Identity
2026-03-11T03:59:35.213Z INFO [App] Using Managed Identity for Cosmos DB authentication
2026-03-11T03:59:35.214Z INFO [App] Successfully connected to Azure Cosmos DB {"databaseId":"appraisal-management","endpoint":"https://appraisal-mgmt-staging-cosmos.documents.azure.com:443/"}

[90mstderr[2m | tests/integration/live-api.test.ts[2m > [22m[2mLive 
Production API Integration Tests
[22m[39m2026-03-11T03:59:35.081Z WARN [App] ΓÜá∩╕Å  Test tokens are ENABLED 
- DO NOT USE IN PRODUCTION
2026-03-11T03:59:35.113Z WARN [App] Azure Service Bus connection string not 
provided, using mock implementation
2026-03-11T03:59:35.195Z WARN [App] Authorization middleware not initialized - 
allowing request
2026-03-11T03:59:35.195Z WARN [App] Authorization middleware not initialized - 
allowing request
2026-03-11T03:59:35.196Z WARN [App] Authorization middleware not initialized - 
allowing request
2026-03-11T03:59:35.196Z WARN [App] Authorization middleware not initialized - 
allowing request
2026-03-11T03:59:35.199Z WARN [App] Authorization middleware not initialized - 
allowing request
2026-03-11T03:59:35.200Z WARN [App] Authorization middleware not initialized - 
allowing request
2026-03-11T03:59:35.201Z WARN [App] Authorization middleware not initialized - 
allowing request
2026-03-11T03:59:35.203Z WARN [App] Authorization middleware not initialized - 
allowing request
2026-03-11T03:59:35.208Z WARN [App] Authorization middleware not initialized - 
allowing request
2026-03-11T03:59:35.210Z WARN [App] Authorization middleware not initialized - 
allowing request
2026-03-11T03:59:35.211Z WARN [App] Authorization middleware not initialized - 
allowing request

[90mstdout[2m | tests/integration/performance.test.ts[2m > [22m[2mAPI Performance Tests
[22m[39m2026-03-11T03:59:35.077Z INFO [App] Universal AI Service initialized {"providers":["azure-openai","google-gemini","sambanova","certo"],"enabledProviders":["Azure OpenAI","Google Gemini"]}
2026-03-11T03:59:35.077Z INFO [App] AI Provider Routing Configuration {"textGeneration":"sambanova","vision":"google-gemini","embeddings":"azure-openai","qcAnalysis":"azure-openai","documentProcessing":"google-gemini","propertyDescription":"sambanova","marketInsights":"google-gemini"}
2026-03-11T03:59:35.077Z INFO [App] Creating NEW Azure Entra auth instance with JWKS cache
2026-03-11T03:59:35.080Z INFO [App] Azure Entra ID authentication initialized {"tenantId":"885097ba-35ea-48db-be7a-a0aa7ff451bd","clientId":"dd3e7944-ecf3-4cd9-bf1d-ba1a4e857e8a"}
2026-03-11T03:59:35.080Z INFO [App] Role mapping configured {"groupId":"admin-group-id","role":"admin","permissions":["*"]}
2026-03-11T03:59:35.080Z INFO [App] Role mapping configured {"groupId":"manager-group-id","role":"manager","permissions":["order_manage","vendor_manage","vendor_assign","analytics_view","qc_metrics","qc_validate"]}
2026-03-11T03:59:35.080Z INFO [App] Role mapping configured {"groupId":"qc-analyst-group-id","role":"qc_analyst","permissions":["qc_validate","qc_execute","qc_metrics"]}
2026-03-11T03:59:35.080Z INFO [App] Role mapping configured {"groupId":"appraiser-group-id","role":"appraiser","permissions":["order_view","order_update"]}
2026-03-11T03:59:35.080Z INFO [App] Azure AD role mappings configured
2026-03-11T03:59:35.081Z INFO [App] Reusing existing Azure Entra auth instance (JWKS cache preserved)
2026-03-11T03:59:35.111Z INFO [App] AzureCommunicationService: using API key credential
2026-03-11T03:59:35.111Z INFO [App] AzureCommunicationService: using API key credential
Γ£à Axiom live mode ΓÇö https://axiom-dev-api.ambitioushill-a89e4aa0.eastus.azurecontainerapps.io (no auth ΓÇö dev server)
2026-03-11T03:59:35.112Z INFO [WebPubSubService] Using local emulator mode for Web PubSub
2026-03-11T03:59:35.113Z INFO [App] AzureCommunicationService: using API key credential
2026-03-11T03:59:35.113Z INFO [App] AzureCommunicationService: using API key credential
2026-03-11T03:59:35.113Z INFO [App] AzureCommunicationService: using API key credential
2026-03-11T03:59:35.114Z INFO [App] Teams service initialized with Managed Identity
2026-03-11T03:59:35.115Z INFO [ServiceBusEventPublisher] Using Managed Identity for Service Bus authentication {"namespace":"appraisal-mgmt-staging-servicebus.servicebus.windows.net"}
2026-03-11T03:59:35.116Z INFO [ServiceBusEventPublisher] Using Managed Identity for Service Bus authentication {"namespace":"appraisal-mgmt-staging-servicebus.servicebus.windows.net"}
2026-03-11T03:59:35.118Z INFO [ServiceBusEventSubscriber] Using Managed Identity for Service Bus authentication {"namespace":"appraisal-mgmt-staging-servicebus.servicebus.windows.net"}
2026-03-11T03:59:35.209Z INFO [App] Universal AI Service initialized {"providers":["azure-openai","google-gemini","sambanova","certo"],"enabledProviders":["Azure OpenAI","Google Gemini"]}
2026-03-11T03:59:35.209Z INFO [App] AI Provider Routing Configuration {"textGeneration":"sambanova","vision":"google-gemini","embeddings":"azure-openai","qcAnalysis":"azure-openai","documentProcessing":"google-gemini","propertyDescription":"sambanova","marketInsights":"google-gemini"}
2026-03-11T03:59:35.214Z INFO [App] Initializing Azure Cosmos DB connection with Managed Identity
2026-03-11T03:59:35.215Z INFO [App] Using Managed Identity for Cosmos DB authentication
2026-03-11T03:59:35.215Z INFO [App] Successfully connected to Azure Cosmos DB {"databaseId":"appraisal-management","endpoint":"https://appraisal-mgmt-staging-cosmos.documents.azure.com:443/"}

[90mstderr[2m | tests/integration/performance.test.ts[2m > [22m[2mAPI 
Performance Tests
[22m[39m2026-03-11T03:59:35.081Z WARN [App] ΓÜá∩╕Å  Test tokens are ENABLED 
- DO NOT USE IN PRODUCTION
2026-03-11T03:59:35.110Z WARN [App] Azure Service Bus connection string not 
provided, using mock implementation
2026-03-11T03:59:35.194Z WARN [App] Authorization middleware not initialized - 
allowing request
2026-03-11T03:59:35.194Z WARN [App] Authorization middleware not initialized - 
allowing request
2026-03-11T03:59:35.194Z WARN [App] Authorization middleware not initialized - 
allowing request
2026-03-11T03:59:35.194Z WARN [App] Authorization middleware not initialized - 
allowing request
2026-03-11T03:59:35.197Z WARN [App] Authorization middleware not initialized - 
allowing request
2026-03-11T03:59:35.198Z WARN [App] Authorization middleware not initialized - 
allowing request
2026-03-11T03:59:35.199Z WARN [App] Authorization middleware not initialized - 
allowing request
2026-03-11T03:59:35.200Z WARN [App] Authorization middleware not initialized - 
allowing request
2026-03-11T03:59:35.207Z WARN [App] Authorization middleware not initialized - 
allowing request
2026-03-11T03:59:35.209Z WARN [App] Authorization middleware not initialized - 
allowing request
2026-03-11T03:59:35.210Z WARN [App] Authorization middleware not initialized - 
allowing request

[90mstdout[2m | tests/integration/api.test.ts[2m > [22m[2mProduction API Server Integration Tests
[22m[39m2026-03-11T03:59:35.081Z INFO [App] Universal AI Service initialized {"providers":["azure-openai","google-gemini","sambanova","certo"],"enabledProviders":["Azure OpenAI","Google Gemini"]}
2026-03-11T03:59:35.082Z INFO [App] AI Provider Routing Configuration {"textGeneration":"sambanova","vision":"google-gemini","embeddings":"azure-openai","qcAnalysis":"azure-openai","documentProcessing":"google-gemini","propertyDescription":"sambanova","marketInsights":"google-gemini"}
2026-03-11T03:59:35.082Z INFO [App] Creating NEW Azure Entra auth instance with JWKS cache
2026-03-11T03:59:35.084Z INFO [App] Azure Entra ID authentication initialized {"tenantId":"885097ba-35ea-48db-be7a-a0aa7ff451bd","clientId":"dd3e7944-ecf3-4cd9-bf1d-ba1a4e857e8a"}
2026-03-11T03:59:35.084Z INFO [App] Role mapping configured {"groupId":"admin-group-id","role":"admin","permissions":["*"]}
2026-03-11T03:59:35.084Z INFO [App] Role mapping configured {"groupId":"manager-group-id","role":"manager","permissions":["order_manage","vendor_manage","vendor_assign","analytics_view","qc_metrics","qc_validate"]}
2026-03-11T03:59:35.085Z INFO [App] Role mapping configured {"groupId":"qc-analyst-group-id","role":"qc_analyst","permissions":["qc_validate","qc_execute","qc_metrics"]}
2026-03-11T03:59:35.085Z INFO [App] Role mapping configured {"groupId":"appraiser-group-id","role":"appraiser","permissions":["order_view","order_update"]}
2026-03-11T03:59:35.085Z INFO [App] Azure AD role mappings configured
2026-03-11T03:59:35.085Z INFO [App] Reusing existing Azure Entra auth instance (JWKS cache preserved)
2026-03-11T03:59:35.119Z INFO [App] AzureCommunicationService: using API key credential
2026-03-11T03:59:35.119Z INFO [App] AzureCommunicationService: using API key credential
Γ£à Axiom live mode ΓÇö https://axiom-dev-api.ambitioushill-a89e4aa0.eastus.azurecontainerapps.io (no auth ΓÇö dev server)
2026-03-11T03:59:35.121Z INFO [WebPubSubService] Using local emulator mode for Web PubSub
2026-03-11T03:59:35.121Z INFO [App] AzureCommunicationService: using API key credential
2026-03-11T03:59:35.121Z INFO [App] AzureCommunicationService: using API key credential
2026-03-11T03:59:35.122Z INFO [App] AzureCommunicationService: using API key credential
2026-03-11T03:59:35.122Z INFO [App] Teams service initialized with Managed Identity
2026-03-11T03:59:35.124Z INFO [ServiceBusEventPublisher] Using Managed Identity for Service Bus authentication {"namespace":"appraisal-mgmt-staging-servicebus.servicebus.windows.net"}
2026-03-11T03:59:35.126Z INFO [ServiceBusEventPublisher] Using Managed Identity for Service Bus authentication {"namespace":"appraisal-mgmt-staging-servicebus.servicebus.windows.net"}
2026-03-11T03:59:35.129Z INFO [ServiceBusEventSubscriber] Using Managed Identity for Service Bus authentication {"namespace":"appraisal-mgmt-staging-servicebus.servicebus.windows.net"}
2026-03-11T03:59:35.215Z INFO [App] Universal AI Service initialized {"providers":["azure-openai","google-gemini","sambanova","certo"],"enabledProviders":["Azure OpenAI","Google Gemini"]}
2026-03-11T03:59:35.215Z INFO [App] AI Provider Routing Configuration {"textGeneration":"sambanova","vision":"google-gemini","embeddings":"azure-openai","qcAnalysis":"azure-openai","documentProcessing":"google-gemini","propertyDescription":"sambanova","marketInsights":"google-gemini"}
2026-03-11T03:59:35.218Z INFO [App] Initializing Azure Cosmos DB connection with Managed Identity
2026-03-11T03:59:35.219Z INFO [App] Using Managed Identity for Cosmos DB authentication
2026-03-11T03:59:35.219Z INFO [App] Successfully connected to Azure Cosmos DB {"databaseId":"appraisal-management","endpoint":"https://appraisal-mgmt-staging-cosmos.documents.azure.com:443/"}

[90mstderr[2m | tests/integration/api.test.ts[2m > [22m[2mProduction API 
Server Integration Tests
[22m[39m2026-03-11T03:59:35.085Z WARN [App] ΓÜá∩╕Å  Test tokens are ENABLED 
- DO NOT USE IN PRODUCTION
2026-03-11T03:59:35.119Z WARN [App] Azure Service Bus connection string not 
provided, using mock implementation
2026-03-11T03:59:35.199Z WARN [App] Authorization middleware not initialized - 
allowing request
2026-03-11T03:59:35.199Z WARN [App] Authorization middleware not initialized - 
allowing request
2026-03-11T03:59:35.200Z WARN [App] Authorization middleware not initialized - 
allowing request
2026-03-11T03:59:35.200Z WARN [App] Authorization middleware not initialized - 
allowing request
2026-03-11T03:59:35.204Z WARN [App] Authorization middleware not initialized - 
allowing request
2026-03-11T03:59:35.205Z WARN [App] Authorization middleware not initialized - 
allowing request
2026-03-11T03:59:35.206Z WARN [App] Authorization middleware not initialized - 
allowing request
2026-03-11T03:59:35.207Z WARN [App] Authorization middleware not initialized - 
allowing request
2026-03-11T03:59:35.212Z WARN [App] Authorization middleware not initialized - 
allowing request
2026-03-11T03:59:35.215Z WARN [App] Authorization middleware not initialized - 
allowing request
2026-03-11T03:59:35.215Z WARN [App] Authorization middleware not initialized - 
allowing request

[90mstdout[2m | tests/integration/external-services.test.ts[2m > [22m[2mExternal Services Integration Tests
[22m[39m2026-03-11T03:59:35.082Z INFO [App] Universal AI Service initialized {"providers":["azure-openai","google-gemini","sambanova","certo"],"enabledProviders":["Azure OpenAI","Google Gemini"]}
2026-03-11T03:59:35.082Z INFO [App] AI Provider Routing Configuration {"textGeneration":"sambanova","vision":"google-gemini","embeddings":"azure-openai","qcAnalysis":"azure-openai","documentProcessing":"google-gemini","propertyDescription":"sambanova","marketInsights":"google-gemini"}
2026-03-11T03:59:35.082Z INFO [App] Creating NEW Azure Entra auth instance with JWKS cache
2026-03-11T03:59:35.084Z INFO [App] Azure Entra ID authentication initialized {"tenantId":"885097ba-35ea-48db-be7a-a0aa7ff451bd","clientId":"dd3e7944-ecf3-4cd9-bf1d-ba1a4e857e8a"}
2026-03-11T03:59:35.084Z INFO [App] Role mapping configured {"groupId":"admin-group-id","role":"admin","permissions":["*"]}
2026-03-11T03:59:35.084Z INFO [App] Role mapping configured {"groupId":"manager-group-id","role":"manager","permissions":["order_manage","vendor_manage","vendor_assign","analytics_view","qc_metrics","qc_validate"]}
2026-03-11T03:59:35.084Z INFO [App] Role mapping configured {"groupId":"qc-analyst-group-id","role":"qc_analyst","permissions":["qc_validate","qc_execute","qc_metrics"]}
2026-03-11T03:59:35.084Z INFO [App] Role mapping configured {"groupId":"appraiser-group-id","role":"appraiser","permissions":["order_view","order_update"]}
2026-03-11T03:59:35.084Z INFO [App] Azure AD role mappings configured
2026-03-11T03:59:35.085Z INFO [App] Reusing existing Azure Entra auth instance (JWKS cache preserved)
2026-03-11T03:59:35.115Z INFO [App] AzureCommunicationService: using API key credential
2026-03-11T03:59:35.115Z INFO [App] AzureCommunicationService: using API key credential
Γ£à Axiom live mode ΓÇö https://axiom-dev-api.ambitioushill-a89e4aa0.eastus.azurecontainerapps.io (no auth ΓÇö dev server)
2026-03-11T03:59:35.116Z INFO [WebPubSubService] Using local emulator mode for Web PubSub
2026-03-11T03:59:35.116Z INFO [App] AzureCommunicationService: using API key credential
2026-03-11T03:59:35.117Z INFO [App] AzureCommunicationService: using API key credential
2026-03-11T03:59:35.117Z INFO [App] AzureCommunicationService: using API key credential
2026-03-11T03:59:35.118Z INFO [App] Teams service initialized with Managed Identity
2026-03-11T03:59:35.119Z INFO [ServiceBusEventPublisher] Using Managed Identity for Service Bus authentication {"namespace":"appraisal-mgmt-staging-servicebus.servicebus.windows.net"}
2026-03-11T03:59:35.121Z INFO [ServiceBusEventPublisher] Using Managed Identity for Service Bus authentication {"namespace":"appraisal-mgmt-staging-servicebus.servicebus.windows.net"}
2026-03-11T03:59:35.122Z INFO [ServiceBusEventSubscriber] Using Managed Identity for Service Bus authentication {"namespace":"appraisal-mgmt-staging-servicebus.servicebus.windows.net"}
2026-03-11T03:59:35.221Z INFO [App] Universal AI Service initialized {"providers":["azure-openai","google-gemini","sambanova","certo"],"enabledProviders":["Azure OpenAI","Google Gemini"]}
2026-03-11T03:59:35.221Z INFO [App] AI Provider Routing Configuration {"textGeneration":"sambanova","vision":"google-gemini","embeddings":"azure-openai","qcAnalysis":"azure-openai","documentProcessing":"google-gemini","propertyDescription":"sambanova","marketInsights":"google-gemini"}

[90mstdout[2m | tests/qc-workflow-e2e.test.ts[2m > [22m[2mQC Workflow E2E Tests
[22m[39m2026-03-11T03:59:35.222Z INFO [App] QC Results controller initialized with shared database service
2026-03-11T03:59:35.223Z INFO [App] Γ£à Authorization ENFORCEMENT ENABLED - Casbin policies will be enforced
2026-03-11T03:59:35.223Z INFO [App] Initializing authorization service
2026-03-11T03:59:35.224Z INFO [App] Initializing Casbin enforcer {"modelPath":"C:\\source\\appraisal-management-backend\\config\\casbin\\model.conf","policyPath":"C:\\source\\appraisal-management-backend\\config\\casbin\\policy.csv"}

[90mstderr[2m | tests/integration/external-services.test.ts[2m > 
[22m[2mExternal Services Integration Tests
[22m[39m2026-03-11T03:59:35.085Z WARN [App] ΓÜá∩╕Å  Test tokens are ENABLED 
- DO NOT USE IN PRODUCTION
2026-03-11T03:59:35.115Z WARN [App] Azure Service Bus connection string not 
provided, using mock implementation
2026-03-11T03:59:35.200Z WARN [App] Authorization middleware not initialized - 
allowing request
2026-03-11T03:59:35.200Z WARN [App] Authorization middleware not initialized - 
allowing request
2026-03-11T03:59:35.200Z WARN [App] Authorization middleware not initialized - 
allowing request
2026-03-11T03:59:35.200Z WARN [App] Authorization middleware not initialized - 
allowing request
2026-03-11T03:59:35.203Z WARN [App] Authorization middleware not initialized - 
allowing request
2026-03-11T03:59:35.205Z WARN [App] Authorization middleware not initialized - 
allowing request
2026-03-11T03:59:35.205Z WARN [App] Authorization middleware not initialized - 
allowing request
2026-03-11T03:59:35.206Z WARN [App] Authorization middleware not initialized - 
allowing request
2026-03-11T03:59:35.219Z WARN [App] Authorization middleware not initialized - 
allowing request
2026-03-11T03:59:35.222Z WARN [App] Authorization middleware not initialized - 
allowing request
2026-03-11T03:59:35.222Z WARN [App] Authorization middleware not initialized - 
allowing request

[90mstdout[2m | tests/integration/external-services-fixed.test.ts[2m > [22m[2mExternal Services Integration Tests (Fixed)
[22m[39m2026-03-11T03:59:35.079Z INFO [App] Universal AI Service initialized {"providers":["azure-openai","google-gemini","sambanova","certo"],"enabledProviders":["Azure OpenAI","Google Gemini"]}
2026-03-11T03:59:35.079Z INFO [App] AI Provider Routing Configuration {"textGeneration":"sambanova","vision":"google-gemini","embeddings":"azure-openai","qcAnalysis":"azure-openai","documentProcessing":"google-gemini","propertyDescription":"sambanova","marketInsights":"google-gemini"}
2026-03-11T03:59:35.079Z INFO [App] Creating NEW Azure Entra auth instance with JWKS cache
2026-03-11T03:59:35.081Z INFO [App] Azure Entra ID authentication initialized {"tenantId":"885097ba-35ea-48db-be7a-a0aa7ff451bd","clientId":"dd3e7944-ecf3-4cd9-bf1d-ba1a4e857e8a"}
2026-03-11T03:59:35.081Z INFO [App] Role mapping configured {"groupId":"admin-group-id","role":"admin","permissions":["*"]}
2026-03-11T03:59:35.081Z INFO [App] Role mapping configured {"groupId":"manager-group-id","role":"manager","permissions":["order_manage","vendor_manage","vendor_assign","analytics_view","qc_metrics","qc_validate"]}
2026-03-11T03:59:35.081Z INFO [App] Role mapping configured {"groupId":"qc-analyst-group-id","role":"qc_analyst","permissions":["qc_validate","qc_execute","qc_metrics"]}
2026-03-11T03:59:35.081Z INFO [App] Role mapping configured {"groupId":"appraiser-group-id","role":"appraiser","permissions":["order_view","order_update"]}
2026-03-11T03:59:35.081Z INFO [App] Azure AD role mappings configured
2026-03-11T03:59:35.082Z INFO [App] Reusing existing Azure Entra auth instance (JWKS cache preserved)
2026-03-11T03:59:35.109Z INFO [App] AzureCommunicationService: using API key credential
2026-03-11T03:59:35.110Z INFO [App] AzureCommunicationService: using API key credential
Γ£à Axiom live mode ΓÇö https://axiom-dev-api.ambitioushill-a89e4aa0.eastus.azurecontainerapps.io (no auth ΓÇö dev server)
2026-03-11T03:59:35.111Z INFO [WebPubSubService] Using local emulator mode for Web PubSub
2026-03-11T03:59:35.111Z INFO [App] AzureCommunicationService: using API key credential
2026-03-11T03:59:35.112Z INFO [App] AzureCommunicationService: using API key credential
2026-03-11T03:59:35.112Z INFO [App] AzureCommunicationService: using API key credential
2026-03-11T03:59:35.113Z INFO [App] Teams service initialized with Managed Identity
2026-03-11T03:59:35.114Z INFO [ServiceBusEventPublisher] Using Managed Identity for Service Bus authentication {"namespace":"appraisal-mgmt-staging-servicebus.servicebus.windows.net"}
2026-03-11T03:59:35.115Z INFO [ServiceBusEventPublisher] Using Managed Identity for Service Bus authentication {"namespace":"appraisal-mgmt-staging-servicebus.servicebus.windows.net"}
2026-03-11T03:59:35.116Z INFO [ServiceBusEventSubscriber] Using Managed Identity for Service Bus authentication {"namespace":"appraisal-mgmt-staging-servicebus.servicebus.windows.net"}
2026-03-11T03:59:35.222Z INFO [App] Universal AI Service initialized {"providers":["azure-openai","google-gemini","sambanova","certo"],"enabledProviders":["Azure OpenAI","Google Gemini"]}
2026-03-11T03:59:35.222Z INFO [App] AI Provider Routing Configuration {"textGeneration":"sambanova","vision":"google-gemini","embeddings":"azure-openai","qcAnalysis":"azure-openai","documentProcessing":"google-gemini","propertyDescription":"sambanova","marketInsights":"google-gemini"}
2026-03-11T03:59:35.225Z INFO [App] Initializing Azure Cosmos DB connection with Managed Identity
2026-03-11T03:59:35.226Z INFO [App] Using Managed Identity for Cosmos DB authentication
2026-03-11T03:59:35.227Z INFO [App] Successfully connected to Azure Cosmos DB {"databaseId":"appraisal-management","endpoint":"https://appraisal-mgmt-staging-cosmos.documents.azure.com:443/"}

[90mstderr[2m | tests/integration/external-services-fixed.test.ts[2m > 
[22m[2mExternal Services Integration Tests (Fixed)
[22m[39m2026-03-11T03:59:35.082Z WARN [App] ΓÜá∩╕Å  Test tokens are ENABLED 
- DO NOT USE IN PRODUCTION
2026-03-11T03:59:35.109Z WARN [App] Azure Service Bus connection string not 
provided, using mock implementation
2026-03-11T03:59:35.198Z WARN [App] Authorization middleware not initialized - 
allowing request
2026-03-11T03:59:35.199Z WARN [App] Authorization middleware not initialized - 
allowing request
2026-03-11T03:59:35.199Z WARN [App] Authorization middleware not initialized - 
allowing request
2026-03-11T03:59:35.199Z WARN [App] Authorization middleware not initialized - 
allowing request
2026-03-11T03:59:35.213Z WARN [App] Authorization middleware not initialized - 
allowing request
2026-03-11T03:59:35.214Z WARN [App] Authorization middleware not initialized - 
allowing request
2026-03-11T03:59:35.215Z WARN [App] Authorization middleware not initialized - 
allowing request
2026-03-11T03:59:35.215Z WARN [App] Authorization middleware not initialized - 
allowing request
2026-03-11T03:59:35.220Z WARN [App] Authorization middleware not initialized - 
allowing request
2026-03-11T03:59:35.222Z WARN [App] Authorization middleware not initialized - 
allowing request
2026-03-11T03:59:35.223Z WARN [App] Authorization middleware not initialized - 
allowing request

[90mstdout[2m | tests/integration/performance.test.ts[2m > [22m[2mAPI Performance Tests
[22m[39m2026-03-11T03:59:35.226Z INFO [App] QC Results controller initialized with shared database service
2026-03-11T03:59:35.227Z INFO [App] Γ£à Authorization ENFORCEMENT ENABLED - Casbin policies will be enforced
2026-03-11T03:59:35.227Z INFO [App] Initializing authorization service
2026-03-11T03:59:35.228Z INFO [App] Initializing Casbin enforcer {"modelPath":"C:\\source\\appraisal-management-backend\\config\\casbin\\model.conf","policyPath":"C:\\source\\appraisal-management-backend\\config\\casbin\\policy.csv"}

[90mstdout[2m | tests/integration/live-api.test.ts[2m > [22m[2mLive Production API Integration Tests
[22m[39m2026-03-11T03:59:35.228Z INFO [App] QC Results controller initialized with shared database service
2026-03-11T03:59:35.229Z INFO [App] Γ£à Authorization ENFORCEMENT ENABLED - Casbin policies will be enforced
2026-03-11T03:59:35.230Z INFO [App] Initializing authorization service
2026-03-11T03:59:35.230Z INFO [App] Initializing Casbin enforcer {"modelPath":"C:\\source\\appraisal-management-backend\\config\\casbin\\model.conf","policyPath":"C:\\source\\appraisal-management-backend\\config\\casbin\\policy.csv"}

[90mstdout[2m | tests/integration/api.test.ts[2m > [22m[2mProduction API Server Integration Tests
[22m[39m2026-03-11T03:59:35.230Z INFO [App] QC Results controller initialized with shared database service
2026-03-11T03:59:35.231Z INFO [App] Γ£à Authorization ENFORCEMENT ENABLED - Casbin policies will be enforced
2026-03-11T03:59:35.231Z INFO [App] Initializing authorization service
2026-03-11T03:59:35.232Z INFO [App] Initializing Casbin enforcer {"modelPath":"C:\\source\\appraisal-management-backend\\config\\casbin\\model.conf","policyPath":"C:\\source\\appraisal-management-backend\\config\\casbin\\policy.csv"}

[90mstdout[2m | tests/integration/production-api.test.ts[2m > [22m[2mProduction API Integration Tests
[22m[39m≡ƒº¬ Setting up production API integration tests...
2026-03-11T03:59:35.080Z INFO [App] Universal AI Service initialized {"providers":["azure-openai","google-gemini","sambanova","certo"],"enabledProviders":["Azure OpenAI","Google Gemini"]}
2026-03-11T03:59:35.080Z INFO [App] AI Provider Routing Configuration {"textGeneration":"sambanova","vision":"google-gemini","embeddings":"azure-openai","qcAnalysis":"azure-openai","documentProcessing":"google-gemini","propertyDescription":"sambanova","marketInsights":"google-gemini"}
2026-03-11T03:59:35.081Z INFO [App] Creating NEW Azure Entra auth instance with JWKS cache
2026-03-11T03:59:35.083Z INFO [App] Azure Entra ID authentication initialized {"tenantId":"885097ba-35ea-48db-be7a-a0aa7ff451bd","clientId":"dd3e7944-ecf3-4cd9-bf1d-ba1a4e857e8a"}
2026-03-11T03:59:35.083Z INFO [App] Role mapping configured {"groupId":"admin-group-id","role":"admin","permissions":["*"]}
2026-03-11T03:59:35.083Z INFO [App] Role mapping configured {"groupId":"manager-group-id","role":"manager","permissions":["order_manage","vendor_manage","vendor_assign","analytics_view","qc_metrics","qc_validate"]}
2026-03-11T03:59:35.083Z INFO [App] Role mapping configured {"groupId":"qc-analyst-group-id","role":"qc_analyst","permissions":["qc_validate","qc_execute","qc_metrics"]}
2026-03-11T03:59:35.084Z INFO [App] Role mapping configured {"groupId":"appraiser-group-id","role":"appraiser","permissions":["order_view","order_update"]}
2026-03-11T03:59:35.084Z INFO [App] Azure AD role mappings configured
2026-03-11T03:59:35.084Z INFO [App] Reusing existing Azure Entra auth instance (JWKS cache preserved)
2026-03-11T03:59:35.117Z INFO [App] AzureCommunicationService: using API key credential
2026-03-11T03:59:35.117Z INFO [App] AzureCommunicationService: using API key credential
Γ£à Axiom live mode ΓÇö https://axiom-dev-api.ambitioushill-a89e4aa0.eastus.azurecontainerapps.io (no auth ΓÇö dev server)
2026-03-11T03:59:35.118Z INFO [WebPubSubService] Using local emulator mode for Web PubSub
2026-03-11T03:59:35.118Z INFO [App] AzureCommunicationService: using API key credential
2026-03-11T03:59:35.118Z INFO [App] AzureCommunicationService: using API key credential
2026-03-11T03:59:35.119Z INFO [App] AzureCommunicationService: using API key credential
2026-03-11T03:59:35.119Z INFO [App] Teams service initialized with Managed Identity
2026-03-11T03:59:35.120Z INFO [ServiceBusEventPublisher] Using Managed Identity for Service Bus authentication {"namespace":"appraisal-mgmt-staging-servicebus.servicebus.windows.net"}
2026-03-11T03:59:35.121Z INFO [ServiceBusEventPublisher] Using Managed Identity for Service Bus authentication {"namespace":"appraisal-mgmt-staging-servicebus.servicebus.windows.net"}
2026-03-11T03:59:35.122Z INFO [ServiceBusEventSubscriber] Using Managed Identity for Service Bus authentication {"namespace":"appraisal-mgmt-staging-servicebus.servicebus.windows.net"}
2026-03-11T03:59:35.224Z INFO [App] Universal AI Service initialized {"providers":["azure-openai","google-gemini","sambanova","certo"],"enabledProviders":["Azure OpenAI","Google Gemini"]}
2026-03-11T03:59:35.224Z INFO [App] AI Provider Routing Configuration {"textGeneration":"sambanova","vision":"google-gemini","embeddings":"azure-openai","qcAnalysis":"azure-openai","documentProcessing":"google-gemini","propertyDescription":"sambanova","marketInsights":"google-gemini"}
2026-03-11T03:59:35.228Z INFO [App] Initializing Azure Cosmos DB connection with Managed Identity
2026-03-11T03:59:35.229Z INFO [App] Using Managed Identity for Cosmos DB authentication
2026-03-11T03:59:35.229Z INFO [App] Successfully connected to Azure Cosmos DB {"databaseId":"appraisal-management","endpoint":"https://appraisal-mgmt-staging-cosmos.documents.azure.com:443/"}

[90mstderr[2m | tests/integration/production-api.test.ts[2m > 
[22m[2mProduction API Integration Tests
[22m[39m2026-03-11T03:59:35.084Z WARN [App] ΓÜá∩╕Å  Test tokens are ENABLED 
- DO NOT USE IN PRODUCTION
2026-03-11T03:59:35.117Z WARN [App] Azure Service Bus connection string not 
provided, using mock implementation
2026-03-11T03:59:35.207Z WARN [App] Authorization middleware not initialized - 
allowing request
2026-03-11T03:59:35.207Z WARN [App] Authorization middleware not initialized - 
allowing request
2026-03-11T03:59:35.207Z WARN [App] Authorization middleware not initialized - 
allowing request
2026-03-11T03:59:35.207Z WARN [App] Authorization middleware not initialized - 
allowing request
2026-03-11T03:59:35.211Z WARN [App] Authorization middleware not initialized - 
allowing request
2026-03-11T03:59:35.212Z WARN [App] Authorization middleware not initialized - 
allowing request
2026-03-11T03:59:35.213Z WARN [App] Authorization middleware not initialized - 
allowing request
2026-03-11T03:59:35.215Z WARN [App] Authorization middleware not initialized - 
allowing request
2026-03-11T03:59:35.222Z WARN [App] Authorization middleware not initialized - 
allowing request
2026-03-11T03:59:35.225Z WARN [App] Authorization middleware not initialized - 
allowing request
2026-03-11T03:59:35.225Z WARN [App] Authorization middleware not initialized - 
allowing request

[90mstdout[2m | tests/integration/external-services-fixed.test.ts[2m > [22m[2mExternal Services Integration Tests (Fixed)
[22m[39m2026-03-11T03:59:35.242Z INFO [App] QC Results controller initialized with shared database service
2026-03-11T03:59:35.243Z INFO [App] Γ£à Authorization ENFORCEMENT ENABLED - Casbin policies will be enforced
2026-03-11T03:59:35.243Z INFO [App] Initializing authorization service
2026-03-11T03:59:35.243Z INFO [App] Initializing Casbin enforcer {"modelPath":"C:\\source\\appraisal-management-backend\\config\\casbin\\model.conf","policyPath":"C:\\source\\appraisal-management-backend\\config\\casbin\\policy.csv"}

[90mstdout[2m | tests/integration/comprehensive-api.test.ts[2m > [22m[2mComprehensive Production API Integration Tests
[22m[39m2026-03-11T03:59:35.097Z INFO [App] Universal AI Service initialized {"providers":["azure-openai","google-gemini","sambanova","certo"],"enabledProviders":["Azure OpenAI","Google Gemini"]}
2026-03-11T03:59:35.097Z INFO [App] AI Provider Routing Configuration {"textGeneration":"sambanova","vision":"google-gemini","embeddings":"azure-openai","qcAnalysis":"azure-openai","documentProcessing":"google-gemini","propertyDescription":"sambanova","marketInsights":"google-gemini"}
2026-03-11T03:59:35.098Z INFO [App] Creating NEW Azure Entra auth instance with JWKS cache
2026-03-11T03:59:35.099Z INFO [App] Azure Entra ID authentication initialized {"tenantId":"885097ba-35ea-48db-be7a-a0aa7ff451bd","clientId":"dd3e7944-ecf3-4cd9-bf1d-ba1a4e857e8a"}
2026-03-11T03:59:35.100Z INFO [App] Role mapping configured {"groupId":"admin-group-id","role":"admin","permissions":["*"]}
2026-03-11T03:59:35.100Z INFO [App] Role mapping configured {"groupId":"manager-group-id","role":"manager","permissions":["order_manage","vendor_manage","vendor_assign","analytics_view","qc_metrics","qc_validate"]}
2026-03-11T03:59:35.100Z INFO [App] Role mapping configured {"groupId":"qc-analyst-group-id","role":"qc_analyst","permissions":["qc_validate","qc_execute","qc_metrics"]}
2026-03-11T03:59:35.100Z INFO [App] Role mapping configured {"groupId":"appraiser-group-id","role":"appraiser","permissions":["order_view","order_update"]}
2026-03-11T03:59:35.100Z INFO [App] Azure AD role mappings configured
2026-03-11T03:59:35.100Z INFO [App] Reusing existing Azure Entra auth instance (JWKS cache preserved)
2026-03-11T03:59:35.132Z INFO [App] AzureCommunicationService: using API key credential
2026-03-11T03:59:35.133Z INFO [App] AzureCommunicationService: using API key credential
Γ£à Axiom live mode ΓÇö https://axiom-dev-api.ambitioushill-a89e4aa0.eastus.azurecontainerapps.io (no auth ΓÇö dev server)
2026-03-11T03:59:35.134Z INFO [WebPubSubService] Using local emulator mode for Web PubSub
2026-03-11T03:59:35.134Z INFO [App] AzureCommunicationService: using API key credential
2026-03-11T03:59:35.134Z INFO [App] AzureCommunicationService: using API key credential
2026-03-11T03:59:35.135Z INFO [App] AzureCommunicationService: using API key credential
2026-03-11T03:59:35.135Z INFO [App] Teams service initialized with Managed Identity
2026-03-11T03:59:35.137Z INFO [ServiceBusEventPublisher] Using Managed Identity for Service Bus authentication {"namespace":"appraisal-mgmt-staging-servicebus.servicebus.windows.net"}
2026-03-11T03:59:35.140Z INFO [ServiceBusEventPublisher] Using Managed Identity for Service Bus authentication {"namespace":"appraisal-mgmt-staging-servicebus.servicebus.windows.net"}
2026-03-11T03:59:35.141Z INFO [ServiceBusEventSubscriber] Using Managed Identity for Service Bus authentication {"namespace":"appraisal-mgmt-staging-servicebus.servicebus.windows.net"}
2026-03-11T03:59:35.239Z INFO [App] Universal AI Service initialized {"providers":["azure-openai","google-gemini","sambanova","certo"],"enabledProviders":["Azure OpenAI","Google Gemini"]}
2026-03-11T03:59:35.240Z INFO [App] AI Provider Routing Configuration {"textGeneration":"sambanova","vision":"google-gemini","embeddings":"azure-openai","qcAnalysis":"azure-openai","documentProcessing":"google-gemini","propertyDescription":"sambanova","marketInsights":"google-gemini"}
2026-03-11T03:59:35.244Z INFO [App] Initializing Azure Cosmos DB connection with Managed Identity
2026-03-11T03:59:35.245Z INFO [App] Using Managed Identity for Cosmos DB authentication
2026-03-11T03:59:35.247Z INFO [App] Successfully connected to Azure Cosmos DB {"databaseId":"appraisal-management","endpoint":"https://appraisal-mgmt-staging-cosmos.documents.azure.com:443/"}

[90mstderr[2m | tests/integration/comprehensive-api.test.ts[2m > 
[22m[2mComprehensive Production API Integration Tests
[22m[39m2026-03-11T03:59:35.100Z WARN [App] ΓÜá∩╕Å  Test tokens are ENABLED 
- DO NOT USE IN PRODUCTION
2026-03-11T03:59:35.131Z WARN [App] Azure Service Bus connection string not 
provided, using mock implementation
2026-03-11T03:59:35.225Z WARN [App] Authorization middleware not initialized - 
allowing request
2026-03-11T03:59:35.226Z WARN [App] Authorization middleware not initialized - 
allowing request
2026-03-11T03:59:35.226Z WARN [App] Authorization middleware not initialized - 
allowing request
2026-03-11T03:59:35.226Z WARN [App] Authorization middleware not initialized - 
allowing request
2026-03-11T03:59:35.229Z WARN [App] Authorization middleware not initialized - 
allowing request
2026-03-11T03:59:35.230Z WARN [App] Authorization middleware not initialized - 
allowing request
2026-03-11T03:59:35.231Z WARN [App] Authorization middleware not initialized - 
allowing request
2026-03-11T03:59:35.232Z WARN [App] Authorization middleware not initialized - 
allowing request
2026-03-11T03:59:35.236Z WARN [App] Authorization middleware not initialized - 
allowing request
2026-03-11T03:59:35.240Z WARN [App] Authorization middleware not initialized - 
allowing request
2026-03-11T03:59:35.240Z WARN [App] Authorization middleware not initialized - 
allowing request

[90mstdout[2m | tests/integration/real-api-validation.test.ts[2m > [22m[2mReal API Validation Tests
[22m[39m2026-03-11T03:59:35.252Z INFO [App] Casbin enforcer initialized {"policyCount":47}

[90mstdout[2m | tests/integration/manual-api.test.ts[2m > [22m[2mProduction API Manual Tests
[22m[39m2026-03-11T03:59:35.076Z INFO [App] Universal AI Service initialized {"providers":["azure-openai","google-gemini","sambanova","certo"],"enabledProviders":["Azure OpenAI","Google Gemini"]}
2026-03-11T03:59:35.076Z INFO [App] AI Provider Routing Configuration {"textGeneration":"sambanova","vision":"google-gemini","embeddings":"azure-openai","qcAnalysis":"azure-openai","documentProcessing":"google-gemini","propertyDescription":"sambanova","marketInsights":"google-gemini"}
2026-03-11T03:59:35.077Z INFO [App] Creating NEW Azure Entra auth instance with JWKS cache
2026-03-11T03:59:35.083Z INFO [App] Azure Entra ID authentication initialized {"tenantId":"885097ba-35ea-48db-be7a-a0aa7ff451bd","clientId":"dd3e7944-ecf3-4cd9-bf1d-ba1a4e857e8a"}
2026-03-11T03:59:35.084Z INFO [App] Role mapping configured {"groupId":"admin-group-id","role":"admin","permissions":["*"]}
2026-03-11T03:59:35.084Z INFO [App] Role mapping configured {"groupId":"manager-group-id","role":"manager","permissions":["order_manage","vendor_manage","vendor_assign","analytics_view","qc_metrics","qc_validate"]}
2026-03-11T03:59:35.084Z INFO [App] Role mapping configured {"groupId":"qc-analyst-group-id","role":"qc_analyst","permissions":["qc_validate","qc_execute","qc_metrics"]}
2026-03-11T03:59:35.084Z INFO [App] Role mapping configured {"groupId":"appraiser-group-id","role":"appraiser","permissions":["order_view","order_update"]}
2026-03-11T03:59:35.084Z INFO [App] Azure AD role mappings configured
2026-03-11T03:59:35.085Z INFO [App] Reusing existing Azure Entra auth instance (JWKS cache preserved)
2026-03-11T03:59:35.143Z INFO [App] AzureCommunicationService: using API key credential
2026-03-11T03:59:35.143Z INFO [App] AzureCommunicationService: using API key credential
Γ£à Axiom live mode ΓÇö https://axiom-dev-api.ambitioushill-a89e4aa0.eastus.azurecontainerapps.io (no auth ΓÇö dev server)
2026-03-11T03:59:35.144Z INFO [WebPubSubService] Using local emulator mode for Web PubSub
2026-03-11T03:59:35.144Z INFO [App] AzureCommunicationService: using API key credential
2026-03-11T03:59:35.145Z INFO [App] AzureCommunicationService: using API key credential
2026-03-11T03:59:35.145Z INFO [App] AzureCommunicationService: using API key credential
2026-03-11T03:59:35.145Z INFO [App] Teams service initialized with Managed Identity
2026-03-11T03:59:35.147Z INFO [ServiceBusEventPublisher] Using Managed Identity for Service Bus authentication {"namespace":"appraisal-mgmt-staging-servicebus.servicebus.windows.net"}
2026-03-11T03:59:35.148Z INFO [ServiceBusEventPublisher] Using Managed Identity for Service Bus authentication {"namespace":"appraisal-mgmt-staging-servicebus.servicebus.windows.net"}
2026-03-11T03:59:35.149Z INFO [ServiceBusEventSubscriber] Using Managed Identity for Service Bus authentication {"namespace":"appraisal-mgmt-staging-servicebus.servicebus.windows.net"}
2026-03-11T03:59:35.247Z INFO [App] Universal AI Service initialized {"providers":["azure-openai","google-gemini","sambanova","certo"],"enabledProviders":["Azure OpenAI","Google Gemini"]}
2026-03-11T03:59:35.247Z INFO [App] AI Provider Routing Configuration {"textGeneration":"sambanova","vision":"google-gemini","embeddings":"azure-openai","qcAnalysis":"azure-openai","documentProcessing":"google-gemini","propertyDescription":"sambanova","marketInsights":"google-gemini"}
2026-03-11T03:59:35.250Z INFO [App] Initializing Azure Cosmos DB connection with Managed Identity
2026-03-11T03:59:35.250Z INFO [App] Using Managed Identity for Cosmos DB authentication
2026-03-11T03:59:35.251Z INFO [App] Successfully connected to Azure Cosmos DB {"databaseId":"appraisal-management","endpoint":"https://appraisal-mgmt-staging-cosmos.documents.azure.com:443/"}

[90mstdout[2m | tests/integration/real-api-validation.test.ts[2m > [22m[2mReal API Validation Tests
[22m[39m2026-03-11T03:59:35.252Z INFO [App] Authorization service initialized

[90mstderr[2m | tests/integration/manual-api.test.ts[2m > 
[22m[2mProduction API Manual Tests
[22m[39m2026-03-11T03:59:35.087Z WARN [App] ΓÜá∩╕Å  Test tokens are ENABLED 
- DO NOT USE IN PRODUCTION
2026-03-11T03:59:35.143Z WARN [App] Azure Service Bus connection string not 
provided, using mock implementation
2026-03-11T03:59:35.228Z WARN [App] Authorization middleware not initialized - 
allowing request
2026-03-11T03:59:35.228Z WARN [App] Authorization middleware not initialized - 
allowing request
2026-03-11T03:59:35.229Z WARN [App] Authorization middleware not initialized - 
allowing request
2026-03-11T03:59:35.229Z WARN [App] Authorization middleware not initialized - 
allowing request
2026-03-11T03:59:35.236Z WARN [App] Authorization middleware not initialized - 
allowing request
2026-03-11T03:59:35.238Z WARN [App] Authorization middleware not initialized - 
allowing request
2026-03-11T03:59:35.239Z WARN [App] Authorization middleware not initialized - 
allowing request
2026-03-11T03:59:35.240Z WARN [App] Authorization middleware not initialized - 
allowing request
2026-03-11T03:59:35.245Z WARN [App] Authorization middleware not initialized - 
allowing request
2026-03-11T03:59:35.247Z WARN [App] Authorization middleware not initialized - 
allowing request
2026-03-11T03:59:35.247Z WARN [App] Authorization middleware not initialized - 
allowing request

[90mstdout[2m | tests/integration/real-api-validation.test.ts[2m > [22m[2mReal API Validation Tests
[22m[39m2026-03-11T03:59:35.252Z INFO [App] Authorization middleware initialized

[90mstdout[2m | tests/comprehensive-api.test.ts[2m > [22m[2mAppraisal Management API - Comprehensive Tests
[22m[39m2026-03-11T03:59:35.096Z INFO [App] Universal AI Service initialized {"providers":["azure-openai","google-gemini","sambanova","certo"],"enabledProviders":["Azure OpenAI","Google Gemini"]}
2026-03-11T03:59:35.096Z INFO [App] AI Provider Routing Configuration {"textGeneration":"sambanova","vision":"google-gemini","embeddings":"azure-openai","qcAnalysis":"azure-openai","documentProcessing":"google-gemini","propertyDescription":"sambanova","marketInsights":"google-gemini"}
2026-03-11T03:59:35.096Z INFO [App] Creating NEW Azure Entra auth instance with JWKS cache
2026-03-11T03:59:35.098Z INFO [App] Azure Entra ID authentication initialized {"tenantId":"885097ba-35ea-48db-be7a-a0aa7ff451bd","clientId":"dd3e7944-ecf3-4cd9-bf1d-ba1a4e857e8a"}
2026-03-11T03:59:35.098Z INFO [App] Role mapping configured {"groupId":"admin-group-id","role":"admin","permissions":["*"]}
2026-03-11T03:59:35.099Z INFO [App] Role mapping configured {"groupId":"manager-group-id","role":"manager","permissions":["order_manage","vendor_manage","vendor_assign","analytics_view","qc_metrics","qc_validate"]}
2026-03-11T03:59:35.099Z INFO [App] Role mapping configured {"groupId":"qc-analyst-group-id","role":"qc_analyst","permissions":["qc_validate","qc_execute","qc_metrics"]}
2026-03-11T03:59:35.099Z INFO [App] Role mapping configured {"groupId":"appraiser-group-id","role":"appraiser","permissions":["order_view","order_update"]}
2026-03-11T03:59:35.099Z INFO [App] Azure AD role mappings configured
2026-03-11T03:59:35.099Z INFO [App] Reusing existing Azure Entra auth instance (JWKS cache preserved)
2026-03-11T03:59:35.129Z INFO [App] AzureCommunicationService: using API key credential
2026-03-11T03:59:35.130Z INFO [App] AzureCommunicationService: using API key credential
Γ£à Axiom live mode ΓÇö https://axiom-dev-api.ambitioushill-a89e4aa0.eastus.azurecontainerapps.io (no auth ΓÇö dev server)
2026-03-11T03:59:35.132Z INFO [WebPubSubService] Using local emulator mode for Web PubSub
2026-03-11T03:59:35.133Z INFO [App] AzureCommunicationService: using API key credential
2026-03-11T03:59:35.134Z INFO [App] AzureCommunicationService: using API key credential
2026-03-11T03:59:35.134Z INFO [App] AzureCommunicationService: using API key credential
2026-03-11T03:59:35.137Z INFO [App] Teams service initialized with Managed Identity
2026-03-11T03:59:35.139Z INFO [ServiceBusEventPublisher] Using Managed Identity for Service Bus authentication {"namespace":"appraisal-mgmt-staging-servicebus.servicebus.windows.net"}
2026-03-11T03:59:35.141Z INFO [ServiceBusEventPublisher] Using Managed Identity for Service Bus authentication {"namespace":"appraisal-mgmt-staging-servicebus.servicebus.windows.net"}
2026-03-11T03:59:35.143Z INFO [ServiceBusEventSubscriber] Using Managed Identity for Service Bus authentication {"namespace":"appraisal-mgmt-staging-servicebus.servicebus.windows.net"}
2026-03-11T03:59:35.250Z INFO [App] Universal AI Service initialized {"providers":["azure-openai","google-gemini","sambanova","certo"],"enabledProviders":["Azure OpenAI","Google Gemini"]}
2026-03-11T03:59:35.250Z INFO [App] AI Provider Routing Configuration {"textGeneration":"sambanova","vision":"google-gemini","embeddings":"azure-openai","qcAnalysis":"azure-openai","documentProcessing":"google-gemini","propertyDescription":"sambanova","marketInsights":"google-gemini"}
2026-03-11T03:59:35.253Z INFO [App] Initializing Azure Cosmos DB connection with Managed Identity
2026-03-11T03:59:35.254Z INFO [App] Using Managed Identity for Cosmos DB authentication
2026-03-11T03:59:35.255Z INFO [App] Successfully connected to Azure Cosmos DB {"databaseId":"appraisal-management","endpoint":"https://appraisal-mgmt-staging-cosmos.documents.azure.com:443/"}

[90mstderr[2m | tests/comprehensive-api.test.ts[2m > [22m[2mAppraisal 
Management API - Comprehensive Tests
[22m[39m2026-03-11T03:59:35.099Z WARN [App] ΓÜá∩╕Å  Test tokens are ENABLED 
- DO NOT USE IN PRODUCTION
2026-03-11T03:59:35.129Z WARN [App] Azure Service Bus connection string not 
provided, using mock implementation
2026-03-11T03:59:35.231Z WARN [App] Authorization middleware not initialized - 
allowing request
2026-03-11T03:59:35.232Z WARN [App] Authorization middleware not initialized - 
allowing request
2026-03-11T03:59:35.232Z WARN [App] Authorization middleware not initialized - 
allowing request
2026-03-11T03:59:35.232Z WARN [App] Authorization middleware not initialized - 
allowing request
2026-03-11T03:59:35.235Z WARN [App] Authorization middleware not initialized - 
allowing request
2026-03-11T03:59:35.236Z WARN [App] Authorization middleware not initialized - 
allowing request
2026-03-11T03:59:35.238Z WARN [App] Authorization middleware not initialized - 
allowing request
2026-03-11T03:59:35.240Z WARN [App] Authorization middleware not initialized - 
allowing request
2026-03-11T03:59:35.247Z WARN [App] Authorization middleware not initialized - 
allowing request
2026-03-11T03:59:35.250Z WARN [App] Authorization middleware not initialized - 
allowing request
2026-03-11T03:59:35.250Z WARN [App] Authorization middleware not initialized - 
allowing request

[90mstdout[2m | tests/integration/production-api.test.ts[2m > [22m[2mProduction API Integration Tests
[22m[39m2026-03-11T03:59:35.254Z INFO [App] QC Results controller initialized with shared database service
2026-03-11T03:59:35.255Z INFO [App] Γ£à Authorization ENFORCEMENT ENABLED - Casbin policies will be enforced
2026-03-11T03:59:35.255Z INFO [App] Initializing authorization service
2026-03-11T03:59:35.257Z INFO [App] Initializing Casbin enforcer {"modelPath":"C:\\source\\appraisal-management-backend\\config\\casbin\\model.conf","policyPath":"C:\\source\\appraisal-management-backend\\config\\casbin\\policy.csv"}

[90mstdout[2m | tests/qc-api-integration.test.ts[2m > [22m[2mQC API Endpoints Integration Tests
[22m[39m2026-03-11T03:59:35.099Z INFO [App] Universal AI Service initialized {"providers":["azure-openai","google-gemini","sambanova","certo"],"enabledProviders":["Azure OpenAI","Google Gemini"]}
2026-03-11T03:59:35.099Z INFO [App] AI Provider Routing Configuration {"textGeneration":"sambanova","vision":"google-gemini","embeddings":"azure-openai","qcAnalysis":"azure-openai","documentProcessing":"google-gemini","propertyDescription":"sambanova","marketInsights":"google-gemini"}
2026-03-11T03:59:35.099Z INFO [App] Creating NEW Azure Entra auth instance with JWKS cache
2026-03-11T03:59:35.101Z INFO [App] Azure Entra ID authentication initialized {"tenantId":"885097ba-35ea-48db-be7a-a0aa7ff451bd","clientId":"dd3e7944-ecf3-4cd9-bf1d-ba1a4e857e8a"}
2026-03-11T03:59:35.102Z INFO [App] Role mapping configured {"groupId":"admin-group-id","role":"admin","permissions":["*"]}
2026-03-11T03:59:35.102Z INFO [App] Role mapping configured {"groupId":"manager-group-id","role":"manager","permissions":["order_manage","vendor_manage","vendor_assign","analytics_view","qc_metrics","qc_validate"]}
2026-03-11T03:59:35.102Z INFO [App] Role mapping configured {"groupId":"qc-analyst-group-id","role":"qc_analyst","permissions":["qc_validate","qc_execute","qc_metrics"]}
2026-03-11T03:59:35.102Z INFO [App] Role mapping configured {"groupId":"appraiser-group-id","role":"appraiser","permissions":["order_view","order_update"]}
2026-03-11T03:59:35.102Z INFO [App] Azure AD role mappings configured
2026-03-11T03:59:35.103Z INFO [App] Reusing existing Azure Entra auth instance (JWKS cache preserved)
2026-03-11T03:59:35.141Z INFO [App] AzureCommunicationService: using API key credential
2026-03-11T03:59:35.142Z INFO [App] AzureCommunicationService: using API key credential
Γ£à Axiom live mode ΓÇö https://axiom-dev-api.ambitioushill-a89e4aa0.eastus.azurecontainerapps.io (no auth ΓÇö dev server)
2026-03-11T03:59:35.143Z INFO [WebPubSubService] Using local emulator mode for Web PubSub
2026-03-11T03:59:35.143Z INFO [App] AzureCommunicationService: using API key credential
2026-03-11T03:59:35.143Z INFO [App] AzureCommunicationService: using API key credential
2026-03-11T03:59:35.143Z INFO [App] AzureCommunicationService: using API key credential
2026-03-11T03:59:35.144Z INFO [App] Teams service initialized with Managed Identity
2026-03-11T03:59:35.145Z INFO [ServiceBusEventPublisher] Using Managed Identity for Service Bus authentication {"namespace":"appraisal-mgmt-staging-servicebus.servicebus.windows.net"}
2026-03-11T03:59:35.146Z INFO [ServiceBusEventPublisher] Using Managed Identity for Service Bus authentication {"namespace":"appraisal-mgmt-staging-servicebus.servicebus.windows.net"}
2026-03-11T03:59:35.148Z INFO [ServiceBusEventSubscriber] Using Managed Identity for Service Bus authentication {"namespace":"appraisal-mgmt-staging-servicebus.servicebus.windows.net"}
2026-03-11T03:59:35.263Z INFO [App] Universal AI Service initialized {"providers":["azure-openai","google-gemini","sambanova","certo"],"enabledProviders":["Azure OpenAI","Google Gemini"]}
2026-03-11T03:59:35.263Z INFO [App] AI Provider Routing Configuration {"textGeneration":"sambanova","vision":"google-gemini","embeddings":"azure-openai","qcAnalysis":"azure-openai","documentProcessing":"google-gemini","propertyDescription":"sambanova","marketInsights":"google-gemini"}
2026-03-11T03:59:35.266Z INFO [App] Initializing Azure Cosmos DB connection with Managed Identity
2026-03-11T03:59:35.266Z INFO [App] Using Managed Identity for Cosmos DB authentication
2026-03-11T03:59:35.267Z INFO [App] Successfully connected to Azure Cosmos DB {"databaseId":"appraisal-management","endpoint":"https://appraisal-mgmt-staging-cosmos.documents.azure.com:443/"}

[90mstderr[2m | tests/qc-api-integration.test.ts[2m > [22m[2mQC API 
Endpoints Integration Tests
[22m[39m2026-03-11T03:59:35.103Z WARN [App] ΓÜá∩╕Å  Test tokens are ENABLED 
- DO NOT USE IN PRODUCTION
2026-03-11T03:59:35.141Z WARN [App] Azure Service Bus connection string not 
provided, using mock implementation
2026-03-11T03:59:35.237Z WARN [App] Authorization middleware not initialized - 
allowing request
2026-03-11T03:59:35.237Z WARN [App] Authorization middleware not initialized - 
allowing request
2026-03-11T03:59:35.238Z WARN [App] Authorization middleware not initialized - 
allowing request
2026-03-11T03:59:35.238Z WARN [App] Authorization middleware not initialized - 
allowing request
2026-03-11T03:59:35.250Z WARN [App] Authorization middleware not initialized - 
allowing request
2026-03-11T03:59:35.253Z WARN [App] Authorization middleware not initialized - 
allowing request
2026-03-11T03:59:35.254Z WARN [App] Authorization middleware not initialized - 
allowing request
2026-03-11T03:59:35.255Z WARN [App] Authorization middleware not initialized - 
allowing request
2026-03-11T03:59:35.260Z WARN [App] Authorization middleware not initialized - 
allowing request
2026-03-11T03:59:35.263Z WARN [App] Authorization middleware not initialized - 
allowing request
2026-03-11T03:59:35.263Z WARN [App] Authorization middleware not initialized - 
allowing request

[90mstdout[2m | tests/integration/minimal-server.test.ts[2m > [22m[2mMinimal Server Integration Tests
[22m[39m2026-03-11T03:59:35.271Z INFO [App] Casbin enforcer initialized {"policyCount":47}

[90mstdout[2m | tests/integration/minimal-server.test.ts[2m > [22m[2mMinimal Server Integration Tests
[22m[39m2026-03-11T03:59:35.271Z INFO [App] Authorization service initialized

[90mstdout[2m | tests/integration/minimal-server.test.ts[2m > [22m[2mMinimal Server Integration Tests
[22m[39m2026-03-11T03:59:35.271Z INFO [App] Authorization middleware initialized

[90mstdout[2m | tests/qc-workflow-e2e.test.ts[2m > [22m[2mQC Workflow E2E Tests
[22m[39m2026-03-11T03:59:35.271Z INFO [App] Casbin enforcer initialized {"policyCount":47}

[90mstdout[2m | tests/qc-workflow-e2e.test.ts[2m > [22m[2mQC Workflow E2E Tests
[22m[39m2026-03-11T03:59:35.272Z INFO [App] Authorization service initialized

[90mstdout[2m | tests/qc-workflow-e2e.test.ts[2m > [22m[2mQC Workflow E2E Tests
[22m[39m2026-03-11T03:59:35.272Z INFO [App] Authorization middleware initialized

[90mstdout[2m | tests/integration/manual-api.test.ts[2m > [22m[2mProduction API Manual Tests
[22m[39m2026-03-11T03:59:35.266Z INFO [App] QC Results controller initialized with shared database service
2026-03-11T03:59:35.267Z INFO [App] Γ£à Authorization ENFORCEMENT ENABLED - Casbin policies will be enforced
2026-03-11T03:59:35.267Z INFO [App] Initializing authorization service
2026-03-11T03:59:35.277Z INFO [App] Initializing Casbin enforcer {"modelPath":"C:\\source\\appraisal-management-backend\\config\\casbin\\model.conf","policyPath":"C:\\source\\appraisal-management-backend\\config\\casbin\\policy.csv"}

[90mstdout[2m | tests/qc-api-integration.test.ts[2m > [22m[2mQC API Endpoints Integration Tests
[22m[39m2026-03-11T03:59:35.278Z INFO [App] QC Results controller initialized with shared database service
2026-03-11T03:59:35.279Z INFO [App] Γ£à Authorization ENFORCEMENT ENABLED - Casbin policies will be enforced
2026-03-11T03:59:35.279Z INFO [App] Initializing authorization service
2026-03-11T03:59:35.279Z INFO [App] Initializing Casbin enforcer {"modelPath":"C:\\source\\appraisal-management-backend\\config\\casbin\\model.conf","policyPath":"C:\\source\\appraisal-management-backend\\config\\casbin\\policy.csv"}

[90mstdout[2m | tests/integration/external-services-fixed.test.ts[2m > [22m[2mExternal Services Integration Tests (Fixed)
[22m[39m2026-03-11T03:59:35.283Z INFO [App] Casbin enforcer initialized {"policyCount":47}

[90mstdout[2m | tests/integration/external-services.test.ts[2m > [22m[2mExternal Services Integration Tests[2m > [22m[2mFEMA Flood Risk Integration[2m > [22m[2mshould integrate with FEMA flood zone data via risk assessment
[22m[39m2026-03-11T03:59:35.280Z INFO [App] Incoming request {"correlationId":"2869ade8-89ba-4628-9440-0ed6871aa26d","method":"POST","url":"/api/property-intelligence/analyze/comprehensive","ip":"::ffff:127.0.0.1"}

[90mstdout[2m | tests/integration/external-services-fixed.test.ts[2m > [22m[2mExternal Services Integration Tests (Fixed)
[22m[39m2026-03-11T03:59:35.283Z INFO [App] Authorization service initialized

[90mstdout[2m | tests/integration/external-services-fixed.test.ts[2m > [22m[2mExternal Services Integration Tests (Fixed)
[22m[39m2026-03-11T03:59:35.283Z INFO [App] Authorization middleware initialized

[90mstdout[2m | tests/integration/live-api.test.ts[2m > [22m[2mLive Production API Integration Tests
[22m[39m2026-03-11T03:59:35.285Z INFO [App] Casbin enforcer initialized {"policyCount":47}

[90mstdout[2m | tests/integration/live-api.test.ts[2m > [22m[2mLive Production API Integration Tests
[22m[39m2026-03-11T03:59:35.285Z INFO [App] Authorization service initialized

[90mstdout[2m | tests/integration/live-api.test.ts[2m > [22m[2mLive Production API Integration Tests
[22m[39m2026-03-11T03:59:35.286Z INFO [App] Authorization middleware initialized

[90mstdout[2m | tests/integration/api.test.ts[2m > [22m[2mProduction API Server Integration Tests
[22m[39m2026-03-11T03:59:35.293Z INFO [App] Casbin enforcer initialized {"policyCount":47}

[90mstdout[2m | tests/integration/api.test.ts[2m > [22m[2mProduction API Server Integration Tests
[22m[39m2026-03-11T03:59:35.293Z INFO [App] Authorization service initialized

[90mstdout[2m | tests/integration/api.test.ts[2m > [22m[2mProduction API Server Integration Tests
[22m[39m2026-03-11T03:59:35.294Z INFO [App] Authorization middleware initialized

[90mstdout[2m | tests/integration/performance.test.ts[2m > [22m[2mAPI Performance Tests
[22m[39m2026-03-11T03:59:35.298Z INFO [App] Casbin enforcer initialized {"policyCount":47}

[90mstdout[2m | tests/integration/performance.test.ts[2m > [22m[2mAPI Performance Tests
[22m[39m2026-03-11T03:59:35.299Z INFO [App] Authorization service initialized

[90mstdout[2m | tests/integration/performance.test.ts[2m > [22m[2mAPI Performance Tests
[22m[39m2026-03-11T03:59:35.299Z INFO [App] Authorization middleware initialized

[90mstdout[2m | tests/comprehensive-api.test.ts[2m > [22m[2mAppraisal Management API - Comprehensive Tests
[22m[39m2026-03-11T03:59:35.295Z INFO [App] QC Results controller initialized with shared database service
2026-03-11T03:59:35.297Z INFO [App] Γ£à Authorization ENFORCEMENT ENABLED - Casbin policies will be enforced
2026-03-11T03:59:35.298Z INFO [App] Initializing authorization service
2026-03-11T03:59:35.298Z INFO [App] Initializing Casbin enforcer {"modelPath":"C:\\source\\appraisal-management-backend\\config\\casbin\\model.conf","policyPath":"C:\\source\\appraisal-management-backend\\config\\casbin\\policy.csv"}

[90mstdout[2m | tests/integration/comprehensive-api.test.ts[2m > [22m[2mComprehensive Production API Integration Tests
[22m[39m2026-03-11T03:59:35.298Z INFO [App] QC Results controller initialized with shared database service
2026-03-11T03:59:35.300Z INFO [App] Γ£à Authorization ENFORCEMENT ENABLED - Casbin policies will be enforced
2026-03-11T03:59:35.301Z INFO [App] Initializing authorization service
2026-03-11T03:59:35.301Z INFO [App] Initializing Casbin enforcer {"modelPath":"C:\\source\\appraisal-management-backend\\config\\casbin\\model.conf","policyPath":"C:\\source\\appraisal-management-backend\\config\\casbin\\policy.csv"}

[90mstdout[2m | tests/integration/production-api.test.ts[2m > [22m[2mProduction API Integration Tests
[22m[39m2026-03-11T03:59:35.301Z INFO [App] Casbin enforcer initialized {"policyCount":47}

[90mstdout[2m | tests/integration/production-api.test.ts[2m > [22m[2mProduction API Integration Tests
[22m[39m2026-03-11T03:59:35.302Z INFO [App] Authorization service initialized

[90mstdout[2m | tests/integration/production-api.test.ts[2m > [22m[2mProduction API Integration Tests
[22m[39m2026-03-11T03:59:35.302Z INFO [App] Authorization middleware initialized

[90mstdout[2m | tests/comprehensive-crud.test.ts[2m > [22m[2mComprehensive CRUD API Tests[2m > [22m[2mVendor Management API[2m > [22m[2mshould get vendor performance metrics
[22m[39m2026-03-11T03:59:35.288Z INFO [App] AzureCommunicationService: using API key credential
2026-03-11T03:59:35.288Z INFO [App] AzureCommunicationService: using API key credential
Γ£à Axiom live mode ΓÇö https://axiom-dev-api.ambitioushill-a89e4aa0.eastus.azurecontainerapps.io (no auth ΓÇö dev server)
2026-03-11T03:59:35.289Z INFO [WebPubSubService] Using local emulator mode for Web PubSub
2026-03-11T03:59:35.289Z INFO [App] AzureCommunicationService: using API key credential
2026-03-11T03:59:35.289Z INFO [App] AzureCommunicationService: using API key credential
2026-03-11T03:59:35.290Z INFO [App] AzureCommunicationService: using API key credential
2026-03-11T03:59:35.290Z INFO [App] Teams service initialized with Managed Identity
2026-03-11T03:59:35.291Z INFO [ServiceBusEventPublisher] Using Managed Identity for Service Bus authentication {"namespace":"appraisal-mgmt-staging-servicebus.servicebus.windows.net"}
2026-03-11T03:59:35.291Z INFO [ServiceBusEventPublisher] Using Managed Identity for Service Bus authentication {"namespace":"appraisal-mgmt-staging-servicebus.servicebus.windows.net"}
2026-03-11T03:59:35.292Z INFO [ServiceBusEventSubscriber] Using Managed Identity for Service Bus authentication {"namespace":"appraisal-mgmt-staging-servicebus.servicebus.windows.net"}
2026-03-11T03:59:35.306Z INFO [App] Property management routes configured

[90mstderr[2m | tests/comprehensive-crud.test.ts[2m > 
[22m[2mComprehensive CRUD API Tests[2m > [22m[2mVendor Management API[2m 
> [22m[2mshould get vendor performance metrics
[22m[39m2026-03-11T03:59:35.287Z WARN [App] Azure Service Bus connection 
string not provided, using mock implementation

[90mstdout[2m | tests/integration/manual-api.test.ts[2m > [22m[2mProduction API Manual Tests
[22m[39m2026-03-11T03:59:35.330Z INFO [App] Casbin enforcer initialized {"policyCount":47}

[90mstdout[2m | tests/integration/manual-api.test.ts[2m > [22m[2mProduction API Manual Tests
[22m[39m2026-03-11T03:59:35.331Z INFO [App] Authorization service initialized

[90mstdout[2m | tests/integration/manual-api.test.ts[2m > [22m[2mProduction API Manual Tests
[22m[39m2026-03-11T03:59:35.331Z INFO [App] Authorization middleware initialized

[90mstdout[2m | tests/qc-api-integration.test.ts[2m > [22m[2mQC API Endpoints Integration Tests
[22m[39m2026-03-11T03:59:35.337Z INFO [App] Casbin enforcer initialized {"policyCount":47}

[90mstdout[2m | tests/qc-api-integration.test.ts[2m > [22m[2mQC API Endpoints Integration Tests
[22m[39m2026-03-11T03:59:35.338Z INFO [App] Authorization service initialized

[90mstdout[2m | tests/qc-api-integration.test.ts[2m > [22m[2mQC API Endpoints Integration Tests
[22m[39m2026-03-11T03:59:35.340Z INFO [App] Authorization middleware initialized

[90mstdout[2m | tests/comprehensive-api.test.ts[2m > [22m[2mAppraisal Management API - Comprehensive Tests
[22m[39m2026-03-11T03:59:35.342Z INFO [App] Casbin enforcer initialized {"policyCount":47}

[90mstdout[2m | tests/comprehensive-api.test.ts[2m > [22m[2mAppraisal Management API - Comprehensive Tests
[22m[39m2026-03-11T03:59:35.342Z INFO [App] Authorization service initialized

[90mstdout[2m | tests/comprehensive-api.test.ts[2m > [22m[2mAppraisal Management API - Comprehensive Tests
[22m[39m2026-03-11T03:59:35.342Z INFO [App] Authorization middleware initialized

[90mstdout[2m | tests/integration/comprehensive-api.test.ts[2m > [22m[2mComprehensive Production API Integration Tests
[22m[39m2026-03-11T03:59:35.351Z INFO [App] Casbin enforcer initialized {"policyCount":47}

[90mstdout[2m | tests/integration/comprehensive-api.test.ts[2m > [22m[2mComprehensive Production API Integration Tests
[22m[39m2026-03-11T03:59:35.351Z INFO [App] Authorization service initialized

[90mstdout[2m | tests/integration/comprehensive-api.test.ts[2m > [22m[2mComprehensive Production API Integration Tests
[22m[39m2026-03-11T03:59:35.351Z INFO [App] Authorization middleware initialized

::ffff:127.0.0.1 - - [11/Mar/2026:03:59:35 +0000] "POST /api/property-intelligence/analyze/comprehensive HTTP/1.1" 401 58 "-" "-"
[90mstderr[2m | tests/integration/external-services.test.ts[2m > 
[22m[2mExternal Services Integration Tests[2m > [22m[2mFEMA Flood Risk 
Integration[2m > [22m[2mshould integrate with FEMA flood zone data via risk 
assessment
[22m[39m2026-03-11T03:59:35.352Z WARN [App] Request completed with error {"co
rrelationId":"2869ade8-89ba-4628-9440-0ed6871aa26d","method":"POST","url":"/api
/property-intelligence/analyze/comprehensive","statusCode":401,"duration":"80ms
"}

[90mstdout[2m | tests/integration/external-services.test.ts[2m > [22m[2mExternal Services Integration Tests[2m > [22m[2mFEMA Flood Risk Integration[2m > [22m[2mshould integrate with FEMA flood zone data via risk assessment
[22m[39m2026-03-11T03:59:35.344Z INFO [App] Request completed {"correlationId":"2869ade8-89ba-4628-9440-0ed6871aa26d","method":"POST","url":"/api/property-intelligence/analyze/comprehensive","statusCode":401,"duration":"73ms"}
2026-03-11T03:59:35.345Z INFO [App] Request completed {"correlationId":"2869ade8-89ba-4628-9440-0ed6871aa26d","method":"POST","url":"/api/property-intelligence/analyze/comprehensive","statusCode":401,"duration":"74ms"}

[90mstdout[2m | tests/comprehensive-crud.test.ts[2m > [22m[2mComprehensive CRUD API Tests[2m > [22m[2mVendor Management API[2m > [22m[2mshould get vendor performance metrics
[22m[39m2026-03-11T03:59:35.366Z INFO [App] Vendor created successfully {"vendorId":"1773201575313-uw9pa7wnd"}

[90mstdout[2m | tests/comprehensive-crud.test.ts[2m > [22m[2mComprehensive CRUD API Tests[2m > [22m[2mVendor Management API[2m > [22m[2mshould get vendor performance metrics
[22m[39m2026-03-11T03:59:35.367Z INFO [VendorController] Vendor created {"vendorId":"1773201575313-uw9pa7wnd"}

 [32mΓ£ô[39m tests/comprehensive-crud.test.ts[2m > [22mComprehensive CRUD API Tests[2m > [22mVendor Management API[2m > [22mshould search vendors[33m 4078[2mms[22m[39m
[90mstdout[2m | tests/integration/external-services.test.ts[2m > [22m[2mExternal Services Integration Tests[2m > [22m[2mFEMA Flood Risk Integration[2m > [22m[2mshould provide flood insurance requirement assessment
[22m[39m2026-03-11T03:59:35.386Z INFO [App] Incoming request {"correlationId":"d762b372-c0e7-4526-b028-03f57120c5cf","method":"POST","url":"/api/property-intelligence/analyze/comprehensive","ip":"::ffff:127.0.0.1"}

::ffff:127.0.0.1 - - [11/Mar/2026:03:59:35 +0000] "POST /api/property-intelligence/analyze/comprehensive HTTP/1.1" 401 58 "-" "-"
[90mstderr[2m | tests/integration/external-services.test.ts[2m > 
[22m[2mExternal Services Integration Tests[2m > [22m[2mFEMA Flood Risk 
Integration[2m > [22m[2mshould provide flood insurance requirement 
assessment
[22m[39m2026-03-11T03:59:35.395Z WARN [App] Request completed with error {"co
rrelationId":"d762b372-c0e7-4526-b028-03f57120c5cf","method":"POST","url":"/api
/property-intelligence/analyze/comprehensive","statusCode":401,"duration":"9ms"
}

[90mstdout[2m | tests/integration/external-services.test.ts[2m > [22m[2mExternal Services Integration Tests[2m > [22m[2mFEMA Flood Risk Integration[2m > [22m[2mshould provide flood insurance requirement assessment
[22m[39m2026-03-11T03:59:35.393Z INFO [App] Request completed {"correlationId":"d762b372-c0e7-4526-b028-03f57120c5cf","method":"POST","url":"/api/property-intelligence/analyze/comprehensive","statusCode":401,"duration":"7ms"}
2026-03-11T03:59:35.393Z INFO [App] Request completed {"correlationId":"d762b372-c0e7-4526-b028-03f57120c5cf","method":"POST","url":"/api/property-intelligence/analyze/comprehensive","statusCode":401,"duration":"7ms"}

[90mstdout[2m | tests/integration/real-api-validation.test.ts[2m > [22m[2mReal API Validation Tests
[22m[39m2026-03-11T03:59:35.253Z INFO [App] Authorization middleware initialized
2026-03-11T03:59:35.253Z INFO [App] QC Results routes registered
2026-03-11T03:59:35.254Z INFO [App] Registering authorization routes...
2026-03-11T03:59:35.256Z INFO [App] Initializing authorization service
2026-03-11T03:59:35.256Z INFO [App] Initializing Azure Cosmos DB connection with Managed Identity
2026-03-11T03:59:35.256Z INFO [App] Using Managed Identity for Cosmos DB authentication
2026-03-11T03:59:35.257Z INFO [App] Successfully connected to Azure Cosmos DB {"databaseId":"appraisal-management","endpoint":"https://appraisal-mgmt-staging-cosmos.documents.azure.com:443/"}
2026-03-11T03:59:35.282Z INFO [BlobStorageService] Blob storage initialized with DefaultAzureCredential {"accountUrl":"https://apprstaginglqxl5vst.blob.core.windows.net"}
2026-03-11T03:59:35.282Z INFO [WebPubSubService] Using local emulator mode for Web PubSub
2026-03-11T03:59:35.325Z INFO [App] AzureCommunicationService: using API key credential
2026-03-11T03:59:35.335Z INFO [App] AzureCommunicationService: using API key credential
2026-03-11T03:59:35.335Z INFO [App] AzureCommunicationService: using API key credential
2026-03-11T03:59:35.342Z INFO [BlobStorageService] Blob storage initialized with DefaultAzureCredential {"accountUrl":"https://apprstaginglqxl5vst.blob.core.windows.net"}
2026-03-11T03:59:35.344Z INFO [App] AzureCommunicationService: using API key credential
2026-03-11T03:59:35.346Z INFO [BlobStorageService] Blob storage initialized with DefaultAzureCredential {"accountUrl":"https://apprstaginglqxl5vst.blob.core.windows.net"}
Γ£à Axiom live mode ΓÇö https://axiom-dev-api.ambitioushill-a89e4aa0.eastus.azurecontainerapps.io (no auth ΓÇö dev server)
2026-03-11T03:59:35.347Z INFO [WebPubSubService] Using local emulator mode for Web PubSub
2026-03-11T03:59:35.351Z INFO [BlobStorageService] Blob storage initialized with DefaultAzureCredential {"accountUrl":"https://apprstaginglqxl5vst.blob.core.windows.net"}
2026-03-11T03:59:35.351Z INFO [App] AzureCommunicationService: using API key credential
Γ£à Axiom live mode ΓÇö https://axiom-dev-api.ambitioushill-a89e4aa0.eastus.azurecontainerapps.io (no auth ΓÇö dev server)
2026-03-11T03:59:35.362Z INFO [WebPubSubService] Using local emulator mode for Web PubSub
Γ£à Axiom live mode ΓÇö https://axiom-dev-api.ambitioushill-a89e4aa0.eastus.azurecontainerapps.io (no auth ΓÇö dev server)
2026-03-11T03:59:35.363Z INFO [WebPubSubService] Using local emulator mode for Web PubSub
2026-03-11T03:59:35.367Z INFO [BlobStorageService] Blob storage initialized with DefaultAzureCredential {"accountUrl":"https://apprstaginglqxl5vst.blob.core.windows.net"}
2026-03-11T03:59:35.367Z INFO [App] AzureCommunicationService: using API key credential
2026-03-11T03:59:35.373Z INFO [App] AzureCommunicationService: using API key credential
≡ƒº¬ Payment provider: Mock (no STRIPE_SECRET_KEY configured)
2026-03-11T03:59:35.374Z INFO [App] Payment provider initialised: Mock (simulated)
2026-03-11T03:59:35.408Z INFO [App] Γ£à Authorization routes registered successfully
2026-03-11T03:59:35.408Z INFO [App] Initializing Casbin enforcer {"modelPath":"C:\\source\\appraisal-management-backend\\config\\casbin\\model.conf","policyPath":"C:\\source\\appraisal-management-backend\\config\\casbin\\policy.csv"}

[90mstdout[2m | tests/integration/external-services.test.ts[2m > [22m[2mExternal Services Integration Tests[2m > [22m[2mGoogle Places API Integration[2m > [22m[2mshould search nearby places using Google Places API
[22m[39m2026-03-11T03:59:35.411Z INFO [App] Incoming request {"correlationId":"f1d12ec7-8114-4270-bdd1-caa4cbbce315","method":"POST","url":"/api/property-intelligence/places/nearby","ip":"::ffff:127.0.0.1"}

[90mstderr[2m | tests/integration/real-api-validation.test.ts[2m > 
[22m[2mReal API Validation Tests
[22m[39m2026-03-11T03:59:35.326Z WARN [App] Azure Service Bus connection 
string not provided, using mock implementation
2026-03-11T03:59:35.336Z WARN [App] Azure Service Bus connection string not 
provided, using mock implementation

::ffff:127.0.0.1 - - [11/Mar/2026:03:59:35 +0000] "POST /api/property-intelligence/places/nearby HTTP/1.1" 404 179 "-" "-"
[90mstderr[2m | tests/integration/external-services.test.ts[2m > 
[22m[2mExternal Services Integration Tests[2m > [22m[2mGoogle Places API 
Integration[2m > [22m[2mshould search nearby places using Google Places API
[22m[39m2026-03-11T03:59:35.441Z WARN [App] Request completed with error {"co
rrelationId":"f1d12ec7-8114-4270-bdd1-caa4cbbce315","method":"POST","url":"/api
/property-intelligence/places/nearby","statusCode":404,"duration":"31ms"}

[90mstdout[2m | tests/qc-workflow-e2e.test.ts[2m > [22m[2mQC Workflow E2E Tests
[22m[39m2026-03-11T03:59:35.272Z INFO [App] Authorization middleware initialized
2026-03-11T03:59:35.272Z INFO [App] QC Results routes registered
2026-03-11T03:59:35.272Z INFO [App] Registering authorization routes...
2026-03-11T03:59:35.275Z INFO [App] Initializing authorization service
2026-03-11T03:59:35.275Z INFO [App] Initializing Azure Cosmos DB connection with Managed Identity
2026-03-11T03:59:35.275Z INFO [App] Using Managed Identity for Cosmos DB authentication
2026-03-11T03:59:35.276Z INFO [App] Successfully connected to Azure Cosmos DB {"databaseId":"appraisal-management","endpoint":"https://appraisal-mgmt-staging-cosmos.documents.azure.com:443/"}
2026-03-11T03:59:35.293Z INFO [BlobStorageService] Blob storage initialized with DefaultAzureCredential {"accountUrl":"https://apprstaginglqxl5vst.blob.core.windows.net"}
2026-03-11T03:59:35.293Z INFO [WebPubSubService] Using local emulator mode for Web PubSub
2026-03-11T03:59:35.349Z INFO [App] AzureCommunicationService: using API key credential
2026-03-11T03:59:35.359Z INFO [App] AzureCommunicationService: using API key credential
2026-03-11T03:59:35.359Z INFO [App] AzureCommunicationService: using API key credential
2026-03-11T03:59:35.366Z INFO [BlobStorageService] Blob storage initialized with DefaultAzureCredential {"accountUrl":"https://apprstaginglqxl5vst.blob.core.windows.net"}
2026-03-11T03:59:35.370Z INFO [App] AzureCommunicationService: using API key credential
2026-03-11T03:59:35.375Z INFO [BlobStorageService] Blob storage initialized with DefaultAzureCredential {"accountUrl":"https://apprstaginglqxl5vst.blob.core.windows.net"}
Γ£à Axiom live mode ΓÇö https://axiom-dev-api.ambitioushill-a89e4aa0.eastus.azurecontainerapps.io (no auth ΓÇö dev server)
2026-03-11T03:59:35.376Z INFO [WebPubSubService] Using local emulator mode for Web PubSub
2026-03-11T03:59:35.380Z INFO [BlobStorageService] Blob storage initialized with DefaultAzureCredential {"accountUrl":"https://apprstaginglqxl5vst.blob.core.windows.net"}
2026-03-11T03:59:35.380Z INFO [App] AzureCommunicationService: using API key credential
Γ£à Axiom live mode ΓÇö https://axiom-dev-api.ambitioushill-a89e4aa0.eastus.azurecontainerapps.io (no auth ΓÇö dev server)
2026-03-11T03:59:35.388Z INFO [WebPubSubService] Using local emulator mode for Web PubSub
Γ£à Axiom live mode ΓÇö https://axiom-dev-api.ambitioushill-a89e4aa0.eastus.azurecontainerapps.io (no auth ΓÇö dev server)
2026-03-11T03:59:35.388Z INFO [WebPubSubService] Using local emulator mode for Web PubSub
2026-03-11T03:59:35.392Z INFO [BlobStorageService] Blob storage initialized with DefaultAzureCredential {"accountUrl":"https://apprstaginglqxl5vst.blob.core.windows.net"}
2026-03-11T03:59:35.392Z INFO [App] AzureCommunicationService: using API key credential
2026-03-11T03:59:35.397Z INFO [App] AzureCommunicationService: using API key credential
≡ƒº¬ Payment provider: Mock (no STRIPE_SECRET_KEY configured)
2026-03-11T03:59:35.398Z INFO [App] Payment provider initialised: Mock (simulated)
2026-03-11T03:59:35.439Z INFO [App] Γ£à Authorization routes registered successfully
2026-03-11T03:59:35.439Z INFO [App] Initializing Casbin enforcer {"modelPath":"C:\\source\\appraisal-management-backend\\config\\casbin\\model.conf","policyPath":"C:\\source\\appraisal-management-backend\\config\\casbin\\policy.csv"}

[90mstderr[2m | tests/qc-workflow-e2e.test.ts[2m > [22m[2mQC Workflow E2E 
Tests
[22m[39m2026-03-11T03:59:35.350Z WARN [App] Azure Service Bus connection 
string not provided, using mock implementation
2026-03-11T03:59:35.360Z WARN [App] Azure Service Bus connection string not 
provided, using mock implementation

[90mstdout[2m | tests/integration/production-api.test.ts[2m > [22m[2mProduction API Integration Tests
[22m[39m2026-03-11T03:59:35.302Z INFO [App] Authorization middleware initialized
2026-03-11T03:59:35.302Z INFO [App] QC Results routes registered
2026-03-11T03:59:35.303Z INFO [App] Registering authorization routes...
2026-03-11T03:59:35.305Z INFO [App] Initializing authorization service
2026-03-11T03:59:35.305Z INFO [App] Initializing Azure Cosmos DB connection with Managed Identity
2026-03-11T03:59:35.306Z INFO [App] Using Managed Identity for Cosmos DB authentication
2026-03-11T03:59:35.306Z INFO [App] Successfully connected to Azure Cosmos DB {"databaseId":"appraisal-management","endpoint":"https://appraisal-mgmt-staging-cosmos.documents.azure.com:443/"}
2026-03-11T03:59:35.321Z INFO [BlobStorageService] Blob storage initialized with DefaultAzureCredential {"accountUrl":"https://apprstaginglqxl5vst.blob.core.windows.net"}
2026-03-11T03:59:35.321Z INFO [WebPubSubService] Using local emulator mode for Web PubSub
2026-03-11T03:59:35.362Z INFO [App] AzureCommunicationService: using API key credential
2026-03-11T03:59:35.370Z INFO [App] AzureCommunicationService: using API key credential
2026-03-11T03:59:35.371Z INFO [App] AzureCommunicationService: using API key credential
2026-03-11T03:59:35.377Z INFO [BlobStorageService] Blob storage initialized with DefaultAzureCredential {"accountUrl":"https://apprstaginglqxl5vst.blob.core.windows.net"}
2026-03-11T03:59:35.379Z INFO [App] AzureCommunicationService: using API key credential
2026-03-11T03:59:35.382Z INFO [BlobStorageService] Blob storage initialized with DefaultAzureCredential {"accountUrl":"https://apprstaginglqxl5vst.blob.core.windows.net"}
Γ£à Axiom live mode ΓÇö https://axiom-dev-api.ambitioushill-a89e4aa0.eastus.azurecontainerapps.io (no auth ΓÇö dev server)
2026-03-11T03:59:35.383Z INFO [WebPubSubService] Using local emulator mode for Web PubSub
2026-03-11T03:59:35.386Z INFO [BlobStorageService] Blob storage initialized with DefaultAzureCredential {"accountUrl":"https://apprstaginglqxl5vst.blob.core.windows.net"}
2026-03-11T03:59:35.386Z INFO [App] AzureCommunicationService: using API key credential
Γ£à Axiom live mode ΓÇö https://axiom-dev-api.ambitioushill-a89e4aa0.eastus.azurecontainerapps.io (no auth ΓÇö dev server)
2026-03-11T03:59:35.392Z INFO [WebPubSubService] Using local emulator mode for Web PubSub
Γ£à Axiom live mode ΓÇö https://axiom-dev-api.ambitioushill-a89e4aa0.eastus.azurecontainerapps.io (no auth ΓÇö dev server)
2026-03-11T03:59:35.392Z INFO [WebPubSubService] Using local emulator mode for Web PubSub
2026-03-11T03:59:35.397Z INFO [BlobStorageService] Blob storage initialized with DefaultAzureCredential {"accountUrl":"https://apprstaginglqxl5vst.blob.core.windows.net"}
2026-03-11T03:59:35.397Z INFO [App] AzureCommunicationService: using API key credential
2026-03-11T03:59:35.402Z INFO [App] AzureCommunicationService: using API key credential
≡ƒº¬ Payment provider: Mock (no STRIPE_SECRET_KEY configured)
2026-03-11T03:59:35.403Z INFO [App] Payment provider initialised: Mock (simulated)
2026-03-11T03:59:35.438Z INFO [App] Γ£à Authorization routes registered successfully
2026-03-11T03:59:35.439Z INFO [App] Initializing Casbin enforcer {"modelPath":"C:\\source\\appraisal-management-backend\\config\\casbin\\model.conf","policyPath":"C:\\source\\appraisal-management-backend\\config\\casbin\\policy.csv"}

[90mstderr[2m | tests/integration/production-api.test.ts[2m > 
[22m[2mProduction API Integration Tests
[22m[39m2026-03-11T03:59:35.362Z WARN [App] Azure Service Bus connection 
string not provided, using mock implementation
2026-03-11T03:59:35.371Z WARN [App] Azure Service Bus connection string not 
provided, using mock implementation

[90mstdout[2m | tests/integration/real-api-validation.test.ts[2m > [22m[2mReal API Validation Tests
[22m[39m2026-03-11T03:59:35.446Z INFO [App] Casbin enforcer initialized {"policyCount":47}

[90mstdout[2m | tests/integration/real-api-validation.test.ts[2m > [22m[2mReal API Validation Tests
[22m[39m2026-03-11T03:59:35.447Z INFO [App] Authorization service initialized

[90mstdout[2m | tests/integration/external-services-fixed.test.ts[2m > [22m[2mExternal Services Integration Tests (Fixed)
[22m[39m2026-03-11T03:59:35.283Z INFO [App] Authorization middleware initialized
2026-03-11T03:59:35.283Z INFO [App] QC Results routes registered
2026-03-11T03:59:35.285Z INFO [App] Registering authorization routes...
2026-03-11T03:59:35.287Z INFO [App] Initializing authorization service
2026-03-11T03:59:35.287Z INFO [App] Initializing Azure Cosmos DB connection with Managed Identity
2026-03-11T03:59:35.288Z INFO [App] Using Managed Identity for Cosmos DB authentication
2026-03-11T03:59:35.288Z INFO [App] Successfully connected to Azure Cosmos DB {"databaseId":"appraisal-management","endpoint":"https://appraisal-mgmt-staging-cosmos.documents.azure.com:443/"}
2026-03-11T03:59:35.305Z INFO [BlobStorageService] Blob storage initialized with DefaultAzureCredential {"accountUrl":"https://apprstaginglqxl5vst.blob.core.windows.net"}
2026-03-11T03:59:35.305Z INFO [WebPubSubService] Using local emulator mode for Web PubSub
2026-03-11T03:59:35.355Z INFO [App] AzureCommunicationService: using API key credential
2026-03-11T03:59:35.362Z INFO [App] AzureCommunicationService: using API key credential
2026-03-11T03:59:35.363Z INFO [App] AzureCommunicationService: using API key credential
2026-03-11T03:59:35.372Z INFO [BlobStorageService] Blob storage initialized with DefaultAzureCredential {"accountUrl":"https://apprstaginglqxl5vst.blob.core.windows.net"}
2026-03-11T03:59:35.374Z INFO [App] AzureCommunicationService: using API key credential
2026-03-11T03:59:35.379Z INFO [BlobStorageService] Blob storage initialized with DefaultAzureCredential {"accountUrl":"https://apprstaginglqxl5vst.blob.core.windows.net"}
Γ£à Axiom live mode ΓÇö https://axiom-dev-api.ambitioushill-a89e4aa0.eastus.azurecontainerapps.io (no auth ΓÇö dev server)
2026-03-11T03:59:35.380Z INFO [WebPubSubService] Using local emulator mode for Web PubSub
2026-03-11T03:59:35.384Z INFO [BlobStorageService] Blob storage initialized with DefaultAzureCredential {"accountUrl":"https://apprstaginglqxl5vst.blob.core.windows.net"}
2026-03-11T03:59:35.385Z INFO [App] AzureCommunicationService: using API key credential
Γ£à Axiom live mode ΓÇö https://axiom-dev-api.ambitioushill-a89e4aa0.eastus.azurecontainerapps.io (no auth ΓÇö dev server)
2026-03-11T03:59:35.389Z INFO [WebPubSubService] Using local emulator mode for Web PubSub
Γ£à Axiom live mode ΓÇö https://axiom-dev-api.ambitioushill-a89e4aa0.eastus.azurecontainerapps.io (no auth ΓÇö dev server)
2026-03-11T03:59:35.390Z INFO [WebPubSubService] Using local emulator mode for Web PubSub
2026-03-11T03:59:35.394Z INFO [BlobStorageService] Blob storage initialized with DefaultAzureCredential {"accountUrl":"https://apprstaginglqxl5vst.blob.core.windows.net"}
2026-03-11T03:59:35.394Z INFO [App] AzureCommunicationService: using API key credential
2026-03-11T03:59:35.405Z INFO [App] AzureCommunicationService: using API key credential
≡ƒº¬ Payment provider: Mock (no STRIPE_SECRET_KEY configured)
2026-03-11T03:59:35.406Z INFO [App] Payment provider initialised: Mock (simulated)
2026-03-11T03:59:35.446Z INFO [App] Γ£à Authorization routes registered successfully
2026-03-11T03:59:35.446Z INFO [App] Initializing Casbin enforcer {"modelPath":"C:\\source\\appraisal-management-backend\\config\\casbin\\model.conf","policyPath":"C:\\source\\appraisal-management-backend\\config\\casbin\\policy.csv"}

[90mstderr[2m | tests/integration/external-services-fixed.test.ts[2m > 
[22m[2mExternal Services Integration Tests (Fixed)
[22m[39m2026-03-11T03:59:35.355Z WARN [App] Azure Service Bus connection 
string not provided, using mock implementation
2026-03-11T03:59:35.364Z WARN [App] Azure Service Bus connection string not 
provided, using mock implementation

[90mstdout[2m | tests/integration/external-services.test.ts[2m > [22m[2mExternal Services Integration Tests[2m > [22m[2mGoogle Places API Integration[2m > [22m[2mshould find specific establishment types (Starbucks test)
[22m[39m2026-03-11T03:59:35.460Z INFO [App] Incoming request {"correlationId":"551f437e-1e4f-4f98-99d7-f36c7722d7cd","method":"POST","url":"/api/property-intelligence/places/nearby","ip":"::ffff:127.0.0.1"}

[90mstdout[2m | tests/integration/minimal-server.test.ts[2m > [22m[2mMinimal Server Integration Tests
[22m[39m2026-03-11T03:59:35.271Z INFO [App] Authorization middleware initialized
2026-03-11T03:59:35.271Z INFO [App] QC Results routes registered
2026-03-11T03:59:35.272Z INFO [App] Registering authorization routes...
2026-03-11T03:59:35.274Z INFO [App] Initializing authorization service
2026-03-11T03:59:35.274Z INFO [App] Initializing Azure Cosmos DB connection with Managed Identity
2026-03-11T03:59:35.275Z INFO [App] Using Managed Identity for Cosmos DB authentication
2026-03-11T03:59:35.275Z INFO [App] Successfully connected to Azure Cosmos DB {"databaseId":"appraisal-management","endpoint":"https://appraisal-mgmt-staging-cosmos.documents.azure.com:443/"}
2026-03-11T03:59:35.305Z INFO [BlobStorageService] Blob storage initialized with DefaultAzureCredential {"accountUrl":"https://apprstaginglqxl5vst.blob.core.windows.net"}
2026-03-11T03:59:35.306Z INFO [WebPubSubService] Using local emulator mode for Web PubSub
2026-03-11T03:59:35.356Z INFO [App] AzureCommunicationService: using API key credential
2026-03-11T03:59:35.367Z INFO [App] AzureCommunicationService: using API key credential
2026-03-11T03:59:35.368Z INFO [App] AzureCommunicationService: using API key credential
2026-03-11T03:59:35.376Z INFO [BlobStorageService] Blob storage initialized with DefaultAzureCredential {"accountUrl":"https://apprstaginglqxl5vst.blob.core.windows.net"}
2026-03-11T03:59:35.379Z INFO [App] AzureCommunicationService: using API key credential
2026-03-11T03:59:35.383Z INFO [BlobStorageService] Blob storage initialized with DefaultAzureCredential {"accountUrl":"https://apprstaginglqxl5vst.blob.core.windows.net"}
Γ£à Axiom live mode ΓÇö https://axiom-dev-api.ambitioushill-a89e4aa0.eastus.azurecontainerapps.io (no auth ΓÇö dev server)
2026-03-11T03:59:35.385Z INFO [WebPubSubService] Using local emulator mode for Web PubSub
2026-03-11T03:59:35.394Z INFO [BlobStorageService] Blob storage initialized with DefaultAzureCredential {"accountUrl":"https://apprstaginglqxl5vst.blob.core.windows.net"}
2026-03-11T03:59:35.395Z INFO [App] AzureCommunicationService: using API key credential
Γ£à Axiom live mode ΓÇö https://axiom-dev-api.ambitioushill-a89e4aa0.eastus.azurecontainerapps.io (no auth ΓÇö dev server)
2026-03-11T03:59:35.401Z INFO [WebPubSubService] Using local emulator mode for Web PubSub
Γ£à Axiom live mode ΓÇö https://axiom-dev-api.ambitioushill-a89e4aa0.eastus.azurecontainerapps.io (no auth ΓÇö dev server)
2026-03-11T03:59:35.402Z INFO [WebPubSubService] Using local emulator mode for Web PubSub
2026-03-11T03:59:35.405Z INFO [BlobStorageService] Blob storage initialized with DefaultAzureCredential {"accountUrl":"https://apprstaginglqxl5vst.blob.core.windows.net"}
2026-03-11T03:59:35.406Z INFO [App] AzureCommunicationService: using API key credential
2026-03-11T03:59:35.411Z INFO [App] AzureCommunicationService: using API key credential
≡ƒº¬ Payment provider: Mock (no STRIPE_SECRET_KEY configured)
2026-03-11T03:59:35.412Z INFO [App] Payment provider initialised: Mock (simulated)
2026-03-11T03:59:35.461Z INFO [App] Γ£à Authorization routes registered successfully
2026-03-11T03:59:35.461Z INFO [App] Initializing Casbin enforcer {"modelPath":"C:\\source\\appraisal-management-backend\\config\\casbin\\model.conf","policyPath":"C:\\source\\appraisal-management-backend\\config\\casbin\\policy.csv"}

[90mstderr[2m | tests/integration/minimal-server.test.ts[2m > 
[22m[2mMinimal Server Integration Tests
[22m[39m2026-03-11T03:59:35.358Z WARN [App] Azure Service Bus connection 
string not provided, using mock implementation
2026-03-11T03:59:35.368Z WARN [App] Azure Service Bus connection string not 
provided, using mock implementation

::ffff:127.0.0.1 - - [11/Mar/2026:03:59:35 +0000] "POST /api/property-intelligence/places/nearby HTTP/1.1" 404 179 "-" "-"
[90mstderr[2m | tests/integration/external-services.test.ts[2m > 
[22m[2mExternal Services Integration Tests[2m > [22m[2mGoogle Places API 
Integration[2m > [22m[2mshould find specific establishment types (Starbucks 
test)
[22m[39m2026-03-11T03:59:35.468Z WARN [App] Request completed with error {"co
rrelationId":"551f437e-1e4f-4f98-99d7-f36c7722d7cd","method":"POST","url":"/api
/property-intelligence/places/nearby","statusCode":404,"duration":"8ms"}

[90mstdout[2m | tests/integration/performance.test.ts[2m > [22m[2mAPI Performance Tests
[22m[39m2026-03-11T03:59:35.299Z INFO [App] Authorization middleware initialized
2026-03-11T03:59:35.299Z INFO [App] QC Results routes registered
2026-03-11T03:59:35.300Z INFO [App] Registering authorization routes...
2026-03-11T03:59:35.304Z INFO [App] Initializing authorization service
2026-03-11T03:59:35.304Z INFO [App] Initializing Azure Cosmos DB connection with Managed Identity
2026-03-11T03:59:35.305Z INFO [App] Using Managed Identity for Cosmos DB authentication
2026-03-11T03:59:35.305Z INFO [App] Successfully connected to Azure Cosmos DB {"databaseId":"appraisal-management","endpoint":"https://appraisal-mgmt-staging-cosmos.documents.azure.com:443/"}
2026-03-11T03:59:35.342Z INFO [BlobStorageService] Blob storage initialized with DefaultAzureCredential {"accountUrl":"https://apprstaginglqxl5vst.blob.core.windows.net"}
2026-03-11T03:59:35.343Z INFO [WebPubSubService] Using local emulator mode for Web PubSub
2026-03-11T03:59:35.380Z INFO [App] AzureCommunicationService: using API key credential
2026-03-11T03:59:35.389Z INFO [App] AzureCommunicationService: using API key credential
2026-03-11T03:59:35.390Z INFO [App] AzureCommunicationService: using API key credential
2026-03-11T03:59:35.395Z INFO [BlobStorageService] Blob storage initialized with DefaultAzureCredential {"accountUrl":"https://apprstaginglqxl5vst.blob.core.windows.net"}
2026-03-11T03:59:35.398Z INFO [App] AzureCommunicationService: using API key credential
2026-03-11T03:59:35.400Z INFO [BlobStorageService] Blob storage initialized with DefaultAzureCredential {"accountUrl":"https://apprstaginglqxl5vst.blob.core.windows.net"}
Γ£à Axiom live mode ΓÇö https://axiom-dev-api.ambitioushill-a89e4aa0.eastus.azurecontainerapps.io (no auth ΓÇö dev server)
2026-03-11T03:59:35.401Z INFO [WebPubSubService] Using local emulator mode for Web PubSub
2026-03-11T03:59:35.405Z INFO [BlobStorageService] Blob storage initialized with DefaultAzureCredential {"accountUrl":"https://apprstaginglqxl5vst.blob.core.windows.net"}
2026-03-11T03:59:35.405Z INFO [App] AzureCommunicationService: using API key credential
Γ£à Axiom live mode ΓÇö https://axiom-dev-api.ambitioushill-a89e4aa0.eastus.azurecontainerapps.io (no auth ΓÇö dev server)
2026-03-11T03:59:35.410Z INFO [WebPubSubService] Using local emulator mode for Web PubSub
Γ£à Axiom live mode ΓÇö https://axiom-dev-api.ambitioushill-a89e4aa0.eastus.azurecontainerapps.io (no auth ΓÇö dev server)
2026-03-11T03:59:35.411Z INFO [WebPubSubService] Using local emulator mode for Web PubSub
2026-03-11T03:59:35.415Z INFO [BlobStorageService] Blob storage initialized with DefaultAzureCredential {"accountUrl":"https://apprstaginglqxl5vst.blob.core.windows.net"}
2026-03-11T03:59:35.415Z INFO [App] AzureCommunicationService: using API key credential
2026-03-11T03:59:35.422Z INFO [App] AzureCommunicationService: using API key credential
≡ƒº¬ Payment provider: Mock (no STRIPE_SECRET_KEY configured)
2026-03-11T03:59:35.424Z INFO [App] Payment provider initialised: Mock (simulated)
2026-03-11T03:59:35.470Z INFO [App] Γ£à Authorization routes registered successfully
2026-03-11T03:59:35.470Z INFO [App] Initializing Casbin enforcer {"modelPath":"C:\\source\\appraisal-management-backend\\config\\casbin\\model.conf","policyPath":"C:\\source\\appraisal-management-backend\\config\\casbin\\policy.csv"}

[90mstderr[2m | tests/integration/performance.test.ts[2m > [22m[2mAPI 
Performance Tests
[22m[39m2026-03-11T03:59:35.381Z WARN [App] Azure Service Bus connection 
string not provided, using mock implementation
2026-03-11T03:59:35.390Z WARN [App] Azure Service Bus connection string not 
provided, using mock implementation

 [31m├ù[39m tests/integration/external-services.test.ts[2m > [22mExternal Services Integration Tests[2m > [22mFEMA Flood Risk Integration[2m > [22mshould integrate with FEMA flood zone data via risk assessment[32m 149[2mms[22m[39m
[31m   ΓåÆ expected 401 to be 200 // Object.is equality[39m
 [31m├ù[39m tests/integration/external-services.test.ts[2m > [22mExternal Services Integration Tests[2m > [22mFEMA Flood Risk Integration[2m > [22mshould provide flood insurance requirement assessment[32m 23[2mms[22m[39m
[31m   ΓåÆ expected 401 to be 200 // Object.is equality[39m
 [31m├ù[39m tests/integration/external-services.test.ts[2m > [22mExternal Services Integration Tests[2m > [22mGoogle Places API Integration[2m > [22mshould search nearby places using Google Places API[32m 50[2mms[22m[39m
[31m   ΓåÆ expected 404 to be 200 // Object.is equality[39m
[90mstdout[2m | tests/integration/external-services.test.ts[2m > [22m[2mExternal Services Integration Tests[2m > [22m[2mGoogle Places API Integration[2m > [22m[2mshould provide detailed place information
[22m[39m2026-03-11T03:59:35.489Z INFO [App] Incoming request {"correlationId":"2539e17a-f318-46f0-85bc-e484dbc061c4","method":"POST","url":"/api/property-intelligence/places/nearby","ip":"::ffff:127.0.0.1"}

[90mstdout[2m | tests/comprehensive-api.test.ts[2m > [22m[2mAppraisal Management API - Comprehensive Tests
[22m[39m2026-03-11T03:59:35.342Z INFO [App] Authorization middleware initialized
2026-03-11T03:59:35.342Z INFO [App] QC Results routes registered
2026-03-11T03:59:35.343Z INFO [App] Registering authorization routes...
2026-03-11T03:59:35.347Z INFO [App] Initializing authorization service
2026-03-11T03:59:35.347Z INFO [App] Initializing Azure Cosmos DB connection with Managed Identity
2026-03-11T03:59:35.347Z INFO [App] Using Managed Identity for Cosmos DB authentication
2026-03-11T03:59:35.348Z INFO [App] Successfully connected to Azure Cosmos DB {"databaseId":"appraisal-management","endpoint":"https://appraisal-mgmt-staging-cosmos.documents.azure.com:443/"}
2026-03-11T03:59:35.366Z INFO [BlobStorageService] Blob storage initialized with DefaultAzureCredential {"accountUrl":"https://apprstaginglqxl5vst.blob.core.windows.net"}
2026-03-11T03:59:35.366Z INFO [WebPubSubService] Using local emulator mode for Web PubSub
2026-03-11T03:59:35.399Z INFO [App] AzureCommunicationService: using API key credential
2026-03-11T03:59:35.416Z INFO [App] AzureCommunicationService: using API key credential
2026-03-11T03:59:35.416Z INFO [App] AzureCommunicationService: using API key credential
2026-03-11T03:59:35.422Z INFO [BlobStorageService] Blob storage initialized with DefaultAzureCredential {"accountUrl":"https://apprstaginglqxl5vst.blob.core.windows.net"}
2026-03-11T03:59:35.424Z INFO [App] AzureCommunicationService: using API key credential
2026-03-11T03:59:35.427Z INFO [BlobStorageService] Blob storage initialized with DefaultAzureCredential {"accountUrl":"https://apprstaginglqxl5vst.blob.core.windows.net"}
Γ£à Axiom live mode ΓÇö https://axiom-dev-api.ambitioushill-a89e4aa0.eastus.azurecontainerapps.io (no auth ΓÇö dev server)
2026-03-11T03:59:35.428Z INFO [WebPubSubService] Using local emulator mode for Web PubSub
2026-03-11T03:59:35.432Z INFO [BlobStorageService] Blob storage initialized with DefaultAzureCredential {"accountUrl":"https://apprstaginglqxl5vst.blob.core.windows.net"}
2026-03-11T03:59:35.432Z INFO [App] AzureCommunicationService: using API key credential
Γ£à Axiom live mode ΓÇö https://axiom-dev-api.ambitioushill-a89e4aa0.eastus.azurecontainerapps.io (no auth ΓÇö dev server)
2026-03-11T03:59:35.440Z INFO [WebPubSubService] Using local emulator mode for Web PubSub
Γ£à Axiom live mode ΓÇö https://axiom-dev-api.ambitioushill-a89e4aa0.eastus.azurecontainerapps.io (no auth ΓÇö dev server)
2026-03-11T03:59:35.442Z INFO [WebPubSubService] Using local emulator mode for Web PubSub
2026-03-11T03:59:35.447Z INFO [BlobStorageService] Blob storage initialized with DefaultAzureCredential {"accountUrl":"https://apprstaginglqxl5vst.blob.core.windows.net"}
2026-03-11T03:59:35.447Z INFO [App] AzureCommunicationService: using API key credential
2026-03-11T03:59:35.453Z INFO [App] AzureCommunicationService: using API key credential
≡ƒº¬ Payment provider: Mock (no STRIPE_SECRET_KEY configured)
2026-03-11T03:59:35.454Z INFO [App] Payment provider initialised: Mock (simulated)
2026-03-11T03:59:35.486Z INFO [App] Γ£à Authorization routes registered successfully
2026-03-11T03:59:35.486Z INFO [App] Initializing Casbin enforcer {"modelPath":"C:\\source\\appraisal-management-backend\\config\\casbin\\model.conf","policyPath":"C:\\source\\appraisal-management-backend\\config\\casbin\\policy.csv"}

[90mstderr[2m | tests/comprehensive-api.test.ts[2m > [22m[2mAppraisal 
Management API - Comprehensive Tests
[22m[39m2026-03-11T03:59:35.409Z WARN [App] Azure Service Bus connection 
string not provided, using mock implementation
2026-03-11T03:59:35.417Z WARN [App] Azure Service Bus connection string not 
provided, using mock implementation

[90mstdout[2m | tests/integration/external-services-fixed.test.ts[2m > [22m[2mExternal Services Integration Tests (Fixed)
[22m[39m2026-03-11T03:59:35.490Z INFO [App] Casbin enforcer initialized {"policyCount":47}

[90mstdout[2m | tests/integration/external-services-fixed.test.ts[2m > [22m[2mExternal Services Integration Tests (Fixed)
[22m[39m2026-03-11T03:59:35.491Z INFO [App] Authorization service initialized

::ffff:127.0.0.1 - - [11/Mar/2026:03:59:35 +0000] "POST /api/property-intelligence/places/nearby HTTP/1.1" 404 179 "-" "-"
[90mstderr[2m | tests/integration/external-services.test.ts[2m > 
[22m[2mExternal Services Integration Tests[2m > [22m[2mGoogle Places API 
Integration[2m > [22m[2mshould provide detailed place information
[22m[39m2026-03-11T03:59:35.492Z WARN [App] Request completed with error {"co
rrelationId":"2539e17a-f318-46f0-85bc-e484dbc061c4","method":"POST","url":"/api
/property-intelligence/places/nearby","statusCode":404,"duration":"3ms"}

[90mstdout[2m | tests/integration/production-api.test.ts[2m > [22m[2mProduction API Integration Tests
[22m[39mΓ£à Test environment ready

[90mstdout[2m | tests/integration/real-api-validation.test.ts[2m > [22m[2mReal API Validation Tests
[22m[39m2026-03-11T03:59:35.498Z INFO [App] Incoming request {"correlationId":"4b4f00d4-88fd-4cfd-8447-633aed47049c","method":"POST","url":"/api/auth/test-token","ip":"::ffff:127.0.0.1"}

[90mstdout[2m | tests/integration/production-api.test.ts[2m > [22m[2mProduction API Integration Tests[2m > [22m[2mAPI Health and Status[2m > [22m[2mshould return API health status
[22m[39m2026-03-11T03:59:35.500Z INFO [App] Casbin enforcer initialized {"policyCount":47}

[90mstdout[2m | tests/integration/production-api.test.ts[2m > [22m[2mProduction API Integration Tests[2m > [22m[2mAPI Health and Status[2m > [22m[2mshould return API health status
[22m[39m2026-03-11T03:59:35.500Z INFO [App] Authorization service initialized

[90mstdout[2m | tests/integration/minimal-server.test.ts[2m > [22m[2mMinimal Server Integration Tests
[22m[39m2026-03-11T03:59:35.501Z INFO [App] Casbin enforcer initialized {"policyCount":47}

[90mstdout[2m | tests/integration/minimal-server.test.ts[2m > [22m[2mMinimal Server Integration Tests
[22m[39m2026-03-11T03:59:35.501Z INFO [App] Authorization service initialized

[90mstdout[2m | tests/qc-workflow-e2e.test.ts[2m > [22m[2mQC Workflow E2E Tests[2m > [22m[2mhealth check passes
[22m[39m2026-03-11T03:59:35.496Z INFO [App] Casbin enforcer initialized {"policyCount":47}

[90mstdout[2m | tests/qc-workflow-e2e.test.ts[2m > [22m[2mQC Workflow E2E Tests[2m > [22m[2mhealth check passes
[22m[39m2026-03-11T03:59:35.508Z INFO [App] Authorization service initialized

[90mstdout[2m | tests/integration/external-services.test.ts[2m > [22m[2mExternal Services Integration Tests[2m > [22m[2mUS Census Bureau Integration[2m > [22m[2mshould retrieve demographic data from Census Bureau
[22m[39m2026-03-11T03:59:35.510Z INFO [App] Incoming request {"correlationId":"0b440810-85f8-48f3-a04f-4f2ee69861c8","method":"POST","url":"/api/property-intelligence/census/demographics","ip":"::ffff:127.0.0.1"}

[90mstdout[2m | tests/integration/external-services-fixed.test.ts[2m > [22m[2mExternal Services Integration Tests (Fixed)
[22m[39m2026-03-11T03:59:35.511Z INFO [App] Incoming request {"correlationId":"9404f022-a35d-4b3d-9555-ec263f4bdf99","method":"POST","url":"/api/auth/test-token","ip":"::ffff:127.0.0.1"}

::ffff:127.0.0.1 - - [11/Mar/2026:03:59:35 +0000] "POST /api/property-intelligence/census/demographics HTTP/1.1" 404 185 "-" "-"
[90mstderr[2m | tests/integration/external-services.test.ts[2m > 
[22m[2mExternal Services Integration Tests[2m > [22m[2mUS Census Bureau 
Integration[2m > [22m[2mshould retrieve demographic data from Census Bureau
[22m[39m2026-03-11T03:59:35.514Z WARN [App] Request completed with error {"co
rrelationId":"0b440810-85f8-48f3-a04f-4f2ee69861c8","method":"POST","url":"/api
/property-intelligence/census/demographics","statusCode":404,"duration":"4ms"}

[90mstdout[2m | tests/integration/comprehensive-api.test.ts[2m > [22m[2mComprehensive Production API Integration Tests
[22m[39m2026-03-11T03:59:35.351Z INFO [App] Authorization middleware initialized
2026-03-11T03:59:35.352Z INFO [App] QC Results routes registered
2026-03-11T03:59:35.352Z INFO [App] Registering authorization routes...
2026-03-11T03:59:35.355Z INFO [App] Initializing authorization service
2026-03-11T03:59:35.355Z INFO [App] Initializing Azure Cosmos DB connection with Managed Identity
2026-03-11T03:59:35.356Z INFO [App] Using Managed Identity for Cosmos DB authentication
2026-03-11T03:59:35.356Z INFO [App] Successfully connected to Azure Cosmos DB {"databaseId":"appraisal-management","endpoint":"https://appraisal-mgmt-staging-cosmos.documents.azure.com:443/"}
2026-03-11T03:59:35.374Z INFO [BlobStorageService] Blob storage initialized with DefaultAzureCredential {"accountUrl":"https://apprstaginglqxl5vst.blob.core.windows.net"}
2026-03-11T03:59:35.374Z INFO [WebPubSubService] Using local emulator mode for Web PubSub
2026-03-11T03:59:35.414Z INFO [App] AzureCommunicationService: using API key credential
2026-03-11T03:59:35.434Z INFO [App] AzureCommunicationService: using API key credential
2026-03-11T03:59:35.435Z INFO [App] AzureCommunicationService: using API key credential
2026-03-11T03:59:35.442Z INFO [BlobStorageService] Blob storage initialized with DefaultAzureCredential {"accountUrl":"https://apprstaginglqxl5vst.blob.core.windows.net"}
2026-03-11T03:59:35.445Z INFO [App] AzureCommunicationService: using API key credential
2026-03-11T03:59:35.450Z INFO [BlobStorageService] Blob storage initialized with DefaultAzureCredential {"accountUrl":"https://apprstaginglqxl5vst.blob.core.windows.net"}
Γ£à Axiom live mode ΓÇö https://axiom-dev-api.ambitioushill-a89e4aa0.eastus.azurecontainerapps.io (no auth ΓÇö dev server)
2026-03-11T03:59:35.451Z INFO [WebPubSubService] Using local emulator mode for Web PubSub
2026-03-11T03:59:35.459Z INFO [BlobStorageService] Blob storage initialized with DefaultAzureCredential {"accountUrl":"https://apprstaginglqxl5vst.blob.core.windows.net"}
2026-03-11T03:59:35.459Z INFO [App] AzureCommunicationService: using API key credential
Γ£à Axiom live mode ΓÇö https://axiom-dev-api.ambitioushill-a89e4aa0.eastus.azurecontainerapps.io (no auth ΓÇö dev server)
2026-03-11T03:59:35.465Z INFO [WebPubSubService] Using local emulator mode for Web PubSub
Γ£à Axiom live mode ΓÇö https://axiom-dev-api.ambitioushill-a89e4aa0.eastus.azurecontainerapps.io (no auth ΓÇö dev server)
2026-03-11T03:59:35.466Z INFO [WebPubSubService] Using local emulator mode for Web PubSub
2026-03-11T03:59:35.470Z INFO [BlobStorageService] Blob storage initialized with DefaultAzureCredential {"accountUrl":"https://apprstaginglqxl5vst.blob.core.windows.net"}
2026-03-11T03:59:35.470Z INFO [App] AzureCommunicationService: using API key credential
2026-03-11T03:59:35.476Z INFO [App] AzureCommunicationService: using API key credential
≡ƒº¬ Payment provider: Mock (no STRIPE_SECRET_KEY configured)
2026-03-11T03:59:35.477Z INFO [App] Payment provider initialised: Mock (simulated)
2026-03-11T03:59:35.516Z INFO [App] Γ£à Authorization routes registered successfully
2026-03-11T03:59:35.516Z INFO [App] Initializing Casbin enforcer {"modelPath":"C:\\source\\appraisal-management-backend\\config\\casbin\\model.conf","policyPath":"C:\\source\\appraisal-management-backend\\config\\casbin\\policy.csv"}

[90mstdout[2m | tests/qc-api-integration.test.ts[2m > [22m[2mQC API Endpoints Integration Tests
[22m[39m2026-03-11T03:59:35.340Z INFO [App] Authorization middleware initialized
2026-03-11T03:59:35.341Z INFO [App] QC Results routes registered
2026-03-11T03:59:35.344Z INFO [App] Registering authorization routes...
2026-03-11T03:59:35.347Z INFO [App] Initializing authorization service
2026-03-11T03:59:35.347Z INFO [App] Initializing Azure Cosmos DB connection with Managed Identity
2026-03-11T03:59:35.347Z INFO [App] Using Managed Identity for Cosmos DB authentication
2026-03-11T03:59:35.348Z INFO [App] Successfully connected to Azure Cosmos DB {"databaseId":"appraisal-management","endpoint":"https://appraisal-mgmt-staging-cosmos.documents.azure.com:443/"}
2026-03-11T03:59:35.371Z INFO [BlobStorageService] Blob storage initialized with DefaultAzureCredential {"accountUrl":"https://apprstaginglqxl5vst.blob.core.windows.net"}
2026-03-11T03:59:35.372Z INFO [WebPubSubService] Using local emulator mode for Web PubSub
2026-03-11T03:59:35.408Z INFO [App] AzureCommunicationService: using API key credential
2026-03-11T03:59:35.418Z INFO [App] AzureCommunicationService: using API key credential
2026-03-11T03:59:35.419Z INFO [App] AzureCommunicationService: using API key credential
2026-03-11T03:59:35.439Z INFO [BlobStorageService] Blob storage initialized with DefaultAzureCredential {"accountUrl":"https://apprstaginglqxl5vst.blob.core.windows.net"}
2026-03-11T03:59:35.442Z INFO [App] AzureCommunicationService: using API key credential
2026-03-11T03:59:35.446Z INFO [BlobStorageService] Blob storage initialized with DefaultAzureCredential {"accountUrl":"https://apprstaginglqxl5vst.blob.core.windows.net"}
Γ£à Axiom live mode ΓÇö https://axiom-dev-api.ambitioushill-a89e4aa0.eastus.azurecontainerapps.io (no auth ΓÇö dev server)
2026-03-11T03:59:35.447Z INFO [WebPubSubService] Using local emulator mode for Web PubSub
2026-03-11T03:59:35.452Z INFO [BlobStorageService] Blob storage initialized with DefaultAzureCredential {"accountUrl":"https://apprstaginglqxl5vst.blob.core.windows.net"}
2026-03-11T03:59:35.453Z INFO [App] AzureCommunicationService: using API key credential
Γ£à Axiom live mode ΓÇö https://axiom-dev-api.ambitioushill-a89e4aa0.eastus.azurecontainerapps.io (no auth ΓÇö dev server)
2026-03-11T03:59:35.459Z INFO [WebPubSubService] Using local emulator mode for Web PubSub
Γ£à Axiom live mode ΓÇö https://axiom-dev-api.ambitioushill-a89e4aa0.eastus.azurecontainerapps.io (no auth ΓÇö dev server)
2026-03-11T03:59:35.460Z INFO [WebPubSubService] Using local emulator mode for Web PubSub
2026-03-11T03:59:35.467Z INFO [BlobStorageService] Blob storage initialized with DefaultAzureCredential {"accountUrl":"https://apprstaginglqxl5vst.blob.core.windows.net"}
2026-03-11T03:59:35.467Z INFO [App] AzureCommunicationService: using API key credential
2026-03-11T03:59:35.475Z INFO [App] AzureCommunicationService: using API key credential
≡ƒº¬ Payment provider: Mock (no STRIPE_SECRET_KEY configured)
2026-03-11T03:59:35.476Z INFO [App] Payment provider initialised: Mock (simulated)
2026-03-11T03:59:35.515Z INFO [App] Γ£à Authorization routes registered successfully
2026-03-11T03:59:35.516Z INFO [App] Initializing Casbin enforcer {"modelPath":"C:\\source\\appraisal-management-backend\\config\\casbin\\model.conf","policyPath":"C:\\source\\appraisal-management-backend\\config\\casbin\\policy.csv"}

[90mstderr[2m | tests/integration/comprehensive-api.test.ts[2m > 
[22m[2mComprehensive Production API Integration Tests
[22m[39m2026-03-11T03:59:35.414Z WARN [App] Azure Service Bus connection 
string not provided, using mock implementation
2026-03-11T03:59:35.435Z WARN [App] Azure Service Bus connection string not 
provided, using mock implementation

[90mstderr[2m | tests/qc-api-integration.test.ts[2m > [22m[2mQC API 
Endpoints Integration Tests
[22m[39m2026-03-11T03:59:35.409Z WARN [App] Azure Service Bus connection 
string not provided, using mock implementation
2026-03-11T03:59:35.420Z WARN [App] Azure Service Bus connection string not 
provided, using mock implementation

[90mstdout[2m | tests/integration/live-api.test.ts[2m > [22m[2mLive Production API Integration Tests
[22m[39m2026-03-11T03:59:35.286Z INFO [App] Authorization middleware initialized
2026-03-11T03:59:35.286Z INFO [App] QC Results routes registered
2026-03-11T03:59:35.287Z INFO [App] Registering authorization routes...
2026-03-11T03:59:35.290Z INFO [App] Initializing authorization service
2026-03-11T03:59:35.290Z INFO [App] Initializing Azure Cosmos DB connection with Managed Identity
2026-03-11T03:59:35.290Z INFO [App] Using Managed Identity for Cosmos DB authentication
2026-03-11T03:59:35.291Z INFO [App] Successfully connected to Azure Cosmos DB {"databaseId":"appraisal-management","endpoint":"https://appraisal-mgmt-staging-cosmos.documents.azure.com:443/"}
2026-03-11T03:59:35.321Z INFO [BlobStorageService] Blob storage initialized with DefaultAzureCredential {"accountUrl":"https://apprstaginglqxl5vst.blob.core.windows.net"}
2026-03-11T03:59:35.321Z INFO [WebPubSubService] Using local emulator mode for Web PubSub
2026-03-11T03:59:35.375Z INFO [App] AzureCommunicationService: using API key credential
2026-03-11T03:59:35.385Z INFO [App] AzureCommunicationService: using API key credential
2026-03-11T03:59:35.386Z INFO [App] AzureCommunicationService: using API key credential
2026-03-11T03:59:35.397Z INFO [BlobStorageService] Blob storage initialized with DefaultAzureCredential {"accountUrl":"https://apprstaginglqxl5vst.blob.core.windows.net"}
2026-03-11T03:59:35.399Z INFO [App] AzureCommunicationService: using API key credential
2026-03-11T03:59:35.402Z INFO [BlobStorageService] Blob storage initialized with DefaultAzureCredential {"accountUrl":"https://apprstaginglqxl5vst.blob.core.windows.net"}
Γ£à Axiom live mode ΓÇö https://axiom-dev-api.ambitioushill-a89e4aa0.eastus.azurecontainerapps.io (no auth ΓÇö dev server)
2026-03-11T03:59:35.402Z INFO [WebPubSubService] Using local emulator mode for Web PubSub
2026-03-11T03:59:35.407Z INFO [BlobStorageService] Blob storage initialized with DefaultAzureCredential {"accountUrl":"https://apprstaginglqxl5vst.blob.core.windows.net"}
2026-03-11T03:59:35.407Z INFO [App] AzureCommunicationService: using API key credential
Γ£à Axiom live mode ΓÇö https://axiom-dev-api.ambitioushill-a89e4aa0.eastus.azurecontainerapps.io (no auth ΓÇö dev server)
2026-03-11T03:59:35.413Z INFO [WebPubSubService] Using local emulator mode for Web PubSub
Γ£à Axiom live mode ΓÇö https://axiom-dev-api.ambitioushill-a89e4aa0.eastus.azurecontainerapps.io (no auth ΓÇö dev server)
2026-03-11T03:59:35.414Z INFO [WebPubSubService] Using local emulator mode for Web PubSub
2026-03-11T03:59:35.443Z INFO [BlobStorageService] Blob storage initialized with DefaultAzureCredential {"accountUrl":"https://apprstaginglqxl5vst.blob.core.windows.net"}
2026-03-11T03:59:35.443Z INFO [App] AzureCommunicationService: using API key credential
2026-03-11T03:59:35.450Z INFO [App] AzureCommunicationService: using API key credential
≡ƒº¬ Payment provider: Mock (no STRIPE_SECRET_KEY configured)
2026-03-11T03:59:35.451Z INFO [App] Payment provider initialised: Mock (simulated)
2026-03-11T03:59:35.512Z INFO [App] Γ£à Authorization routes registered successfully
2026-03-11T03:59:35.513Z INFO [App] Initializing Casbin enforcer {"modelPath":"C:\\source\\appraisal-management-backend\\config\\casbin\\model.conf","policyPath":"C:\\source\\appraisal-management-backend\\config\\casbin\\policy.csv"}

[90mstderr[2m | tests/integration/live-api.test.ts[2m > [22m[2mLive 
Production API Integration Tests
[22m[39m2026-03-11T03:59:35.376Z WARN [App] Azure Service Bus connection 
string not provided, using mock implementation
2026-03-11T03:59:35.387Z WARN [App] Azure Service Bus connection string not 
provided, using mock implementation

[90mstdout[2m | tests/integration/performance.test.ts[2m > [22m[2mAPI Performance Tests
[22m[39m2026-03-11T03:59:35.521Z INFO [App] Casbin enforcer initialized {"policyCount":47}

[90mstdout[2m | tests/integration/external-services.test.ts[2m > [22m[2mExternal Services Integration Tests[2m > [22m[2mUS Census Bureau Integration[2m > [22m[2mshould retrieve economic data from Census Bureau
[22m[39m2026-03-11T03:59:35.530Z INFO [App] Incoming request {"correlationId":"24c729d4-678c-4841-9067-5d26ab66a0c2","method":"POST","url":"/api/property-intelligence/census/economic","ip":"::ffff:127.0.0.1"}

[90mstdout[2m | tests/integration/minimal-server.test.ts[2m > [22m[2mMinimal Server Integration Tests
[22m[39m2026-03-11T03:59:35.529Z INFO [App] Incoming request {"correlationId":"1d1c275e-503a-4823-9b2f-ed7086ce184b","method":"POST","url":"/api/auth/test-token","ip":"::ffff:127.0.0.1"}

::ffff:127.0.0.1 - - [11/Mar/2026:03:59:35 +0000] "POST /api/property-intelligence/census/economic HTTP/1.1" 404 181 "-" "-"
[90mstderr[2m | tests/integration/external-services.test.ts[2m > 
[22m[2mExternal Services Integration Tests[2m > [22m[2mUS Census Bureau 
Integration[2m > [22m[2mshould retrieve economic data from Census Bureau
[22m[39m2026-03-11T03:59:35.538Z WARN [App] Request completed with error {"co
rrelationId":"24c729d4-678c-4841-9067-5d26ab66a0c2","method":"POST","url":"/api
/property-intelligence/census/economic","statusCode":404,"duration":"8ms"}

[90mstdout[2m | tests/integration/manual-api.test.ts[2m > [22m[2mProduction API Manual Tests
[22m[39m2026-03-11T03:59:35.331Z INFO [App] Authorization middleware initialized
2026-03-11T03:59:35.331Z INFO [App] QC Results routes registered
2026-03-11T03:59:35.332Z INFO [App] Registering authorization routes...
2026-03-11T03:59:35.335Z INFO [App] Initializing authorization service
2026-03-11T03:59:35.335Z INFO [App] Initializing Azure Cosmos DB connection with Managed Identity
2026-03-11T03:59:35.336Z INFO [App] Using Managed Identity for Cosmos DB authentication
2026-03-11T03:59:35.336Z INFO [App] Successfully connected to Azure Cosmos DB {"databaseId":"appraisal-management","endpoint":"https://appraisal-mgmt-staging-cosmos.documents.azure.com:443/"}
2026-03-11T03:59:35.359Z INFO [BlobStorageService] Blob storage initialized with DefaultAzureCredential {"accountUrl":"https://apprstaginglqxl5vst.blob.core.windows.net"}
2026-03-11T03:59:35.359Z INFO [WebPubSubService] Using local emulator mode for Web PubSub
2026-03-11T03:59:35.415Z INFO [App] AzureCommunicationService: using API key credential
2026-03-11T03:59:35.450Z INFO [App] AzureCommunicationService: using API key credential
2026-03-11T03:59:35.450Z INFO [App] AzureCommunicationService: using API key credential
2026-03-11T03:59:35.457Z INFO [BlobStorageService] Blob storage initialized with DefaultAzureCredential {"accountUrl":"https://apprstaginglqxl5vst.blob.core.windows.net"}
2026-03-11T03:59:35.461Z INFO [App] AzureCommunicationService: using API key credential
2026-03-11T03:59:35.464Z INFO [BlobStorageService] Blob storage initialized with DefaultAzureCredential {"accountUrl":"https://apprstaginglqxl5vst.blob.core.windows.net"}
Γ£à Axiom live mode ΓÇö https://axiom-dev-api.ambitioushill-a89e4aa0.eastus.azurecontainerapps.io (no auth ΓÇö dev server)
2026-03-11T03:59:35.464Z INFO [WebPubSubService] Using local emulator mode for Web PubSub
2026-03-11T03:59:35.469Z INFO [BlobStorageService] Blob storage initialized with DefaultAzureCredential {"accountUrl":"https://apprstaginglqxl5vst.blob.core.windows.net"}
2026-03-11T03:59:35.469Z INFO [App] AzureCommunicationService: using API key credential
Γ£à Axiom live mode ΓÇö https://axiom-dev-api.ambitioushill-a89e4aa0.eastus.azurecontainerapps.io (no auth ΓÇö dev server)
2026-03-11T03:59:35.474Z INFO [WebPubSubService] Using local emulator mode for Web PubSub
Γ£à Axiom live mode ΓÇö https://axiom-dev-api.ambitioushill-a89e4aa0.eastus.azurecontainerapps.io (no auth ΓÇö dev server)
2026-03-11T03:59:35.475Z INFO [WebPubSubService] Using local emulator mode for Web PubSub
2026-03-11T03:59:35.480Z INFO [BlobStorageService] Blob storage initialized with DefaultAzureCredential {"accountUrl":"https://apprstaginglqxl5vst.blob.core.windows.net"}
2026-03-11T03:59:35.481Z INFO [App] AzureCommunicationService: using API key credential
2026-03-11T03:59:35.488Z INFO [App] AzureCommunicationService: using API key credential
≡ƒº¬ Payment provider: Mock (no STRIPE_SECRET_KEY configured)
2026-03-11T03:59:35.489Z INFO [App] Payment provider initialised: Mock (simulated)
2026-03-11T03:59:35.527Z INFO [App] Γ£à Authorization routes registered successfully
2026-03-11T03:59:35.532Z INFO [App] Initializing Casbin enforcer {"modelPath":"C:\\source\\appraisal-management-backend\\config\\casbin\\model.conf","policyPath":"C:\\source\\appraisal-management-backend\\config\\casbin\\policy.csv"}

[90mstderr[2m | tests/integration/manual-api.test.ts[2m > 
[22m[2mProduction API Manual Tests
[22m[39m2026-03-11T03:59:35.433Z WARN [App] Azure Service Bus connection 
string not provided, using mock implementation
2026-03-11T03:59:35.451Z WARN [App] Azure Service Bus connection string not 
provided, using mock implementation

[90mstdout[2m | tests/integration/api.test.ts[2m > [22m[2mProduction API Server Integration Tests
[22m[39m2026-03-11T03:59:35.294Z INFO [App] Authorization middleware initialized
2026-03-11T03:59:35.294Z INFO [App] QC Results routes registered
2026-03-11T03:59:35.295Z INFO [App] Registering authorization routes...
2026-03-11T03:59:35.298Z INFO [App] Initializing authorization service
2026-03-11T03:59:35.298Z INFO [App] Initializing Azure Cosmos DB connection with Managed Identity
2026-03-11T03:59:35.298Z INFO [App] Using Managed Identity for Cosmos DB authentication
2026-03-11T03:59:35.299Z INFO [App] Successfully connected to Azure Cosmos DB {"databaseId":"appraisal-management","endpoint":"https://appraisal-mgmt-staging-cosmos.documents.azure.com:443/"}
2026-03-11T03:59:35.323Z INFO [BlobStorageService] Blob storage initialized with DefaultAzureCredential {"accountUrl":"https://apprstaginglqxl5vst.blob.core.windows.net"}
2026-03-11T03:59:35.324Z INFO [WebPubSubService] Using local emulator mode for Web PubSub
2026-03-11T03:59:35.362Z INFO [App] AzureCommunicationService: using API key credential
2026-03-11T03:59:35.372Z INFO [App] AzureCommunicationService: using API key credential
2026-03-11T03:59:35.373Z INFO [App] AzureCommunicationService: using API key credential
2026-03-11T03:59:35.378Z INFO [BlobStorageService] Blob storage initialized with DefaultAzureCredential {"accountUrl":"https://apprstaginglqxl5vst.blob.core.windows.net"}
2026-03-11T03:59:35.380Z INFO [App] AzureCommunicationService: using API key credential
2026-03-11T03:59:35.382Z INFO [BlobStorageService] Blob storage initialized with DefaultAzureCredential {"accountUrl":"https://apprstaginglqxl5vst.blob.core.windows.net"}
Γ£à Axiom live mode ΓÇö https://axiom-dev-api.ambitioushill-a89e4aa0.eastus.azurecontainerapps.io (no auth ΓÇö dev server)
2026-03-11T03:59:35.383Z INFO [WebPubSubService] Using local emulator mode for Web PubSub
2026-03-11T03:59:35.386Z INFO [BlobStorageService] Blob storage initialized with DefaultAzureCredential {"accountUrl":"https://apprstaginglqxl5vst.blob.core.windows.net"}
2026-03-11T03:59:35.387Z INFO [App] AzureCommunicationService: using API key credential
Γ£à Axiom live mode ΓÇö https://axiom-dev-api.ambitioushill-a89e4aa0.eastus.azurecontainerapps.io (no auth ΓÇö dev server)
2026-03-11T03:59:35.391Z INFO [WebPubSubService] Using local emulator mode for Web PubSub
Γ£à Axiom live mode ΓÇö https://axiom-dev-api.ambitioushill-a89e4aa0.eastus.azurecontainerapps.io (no auth ΓÇö dev server)
2026-03-11T03:59:35.392Z INFO [WebPubSubService] Using local emulator mode for Web PubSub
2026-03-11T03:59:35.395Z INFO [BlobStorageService] Blob storage initialized with DefaultAzureCredential {"accountUrl":"https://apprstaginglqxl5vst.blob.core.windows.net"}
2026-03-11T03:59:35.396Z INFO [App] AzureCommunicationService: using API key credential
2026-03-11T03:59:35.409Z INFO [App] AzureCommunicationService: using API key credential
≡ƒº¬ Payment provider: Mock (no STRIPE_SECRET_KEY configured)
2026-03-11T03:59:35.410Z INFO [App] Payment provider initialised: Mock (simulated)
2026-03-11T03:59:35.519Z INFO [App] Γ£à Authorization routes registered successfully
2026-03-11T03:59:35.519Z INFO [App] Initializing Casbin enforcer {"modelPath":"C:\\source\\appraisal-management-backend\\config\\casbin\\model.conf","policyPath":"C:\\source\\appraisal-management-backend\\config\\casbin\\policy.csv"}

[90mstderr[2m | tests/integration/api.test.ts[2m > [22m[2mProduction API 
Server Integration Tests
[22m[39m2026-03-11T03:59:35.363Z WARN [App] Azure Service Bus connection 
string not provided, using mock implementation
2026-03-11T03:59:35.373Z WARN [App] Azure Service Bus connection string not 
provided, using mock implementation

[90mstdout[2m | tests/qc-api-integration.test.ts[2m > [22m[2mQC API Endpoints Integration Tests[2m > [22m[2mQC Checklist Management[2m > [22m[2mPOST /api/qc/checklists[2m > [22m[2mshould create a new QC checklist with proper authentication
[22m[39m2026-03-11T03:59:35.549Z INFO [App] Casbin enforcer initialized {"policyCount":47}

[90mstdout[2m | tests/qc-api-integration.test.ts[2m > [22m[2mQC API Endpoints Integration Tests[2m > [22m[2mQC Checklist Management[2m > [22m[2mPOST /api/qc/checklists[2m > [22m[2mshould create a new QC checklist with proper authentication
[22m[39m2026-03-11T03:59:35.550Z INFO [App] Authorization service initialized

[90mstdout[2m | tests/integration/performance.test.ts[2m > [22m[2mAPI Performance Tests
[22m[39m2026-03-11T03:59:35.522Z INFO [App] Authorization service initialized

[90mstdout[2m | tests/integration/production-api.test.ts[2m > [22m[2mProduction API Integration Tests[2m > [22m[2mAPI Health and Status[2m > [22m[2mshould return API health status
[22m[39m2026-03-11T03:59:35.549Z INFO [App] Incoming request {"correlationId":"612cf61d-a3f8-47f3-af06-06c35fe44f3b","method":"GET","url":"/health","ip":"::ffff:127.0.0.1"}

[90mstdout[2m | tests/qc-workflow-e2e.test.ts[2m > [22m[2mQC Workflow E2E Tests[2m > [22m[2mhealth check passes
[22m[39m2026-03-11T03:59:35.548Z INFO [App] Incoming request {"correlationId":"4aa1e3c8-776c-42a8-b6e5-5aa8e7490545","method":"GET","url":"/health","ip":"::ffff:127.0.0.1"}

[90mstdout[2m | tests/comprehensive-api.test.ts[2m > [22m[2mAppraisal Management API - Comprehensive Tests
[22m[39m2026-03-11T03:59:35.569Z INFO [App] Casbin enforcer initialized {"policyCount":47}

[90mstdout[2m | tests/comprehensive-api.test.ts[2m > [22m[2mAppraisal Management API - Comprehensive Tests
[22m[39m2026-03-11T03:59:35.569Z INFO [App] Authorization service initialized

[90mstdout[2m | tests/integration/live-api.test.ts[2m > [22m[2mLive Production API Integration Tests
[22m[39mΓ£à In-process server ready

[90mstdout[2m | tests/integration/external-services.test.ts[2m > [22m[2mExternal Services Integration Tests[2m > [22m[2mUS Census Bureau Integration[2m > [22m[2mshould retrieve housing data from Census Bureau
[22m[39m2026-03-11T03:59:35.576Z INFO [App] Incoming request {"correlationId":"47ae4094-bcac-465e-9077-1e664176ce02","method":"POST","url":"/api/property-intelligence/census/housing","ip":"::ffff:127.0.0.1"}

[90mstdout[2m | tests/integration/performance.test.ts[2m > [22m[2mAPI Performance Tests
[22m[39m2026-03-11T03:59:35.575Z INFO [App] Incoming request {"correlationId":"10a9618d-51ba-4ff4-ae27-3502604054ff","method":"POST","url":"/api/auth/test-token","ip":"::ffff:127.0.0.1"}

[90mstdout[2m | tests/integration/manual-api.test.ts[2m > [22m[2mProduction API Manual Tests[2m > [22m[2mAPI Health Tests[2m > [22m[2mshould return API health status
[22m[39m2026-03-11T03:59:35.577Z INFO [App] Casbin enforcer initialized {"policyCount":47}

[90mstdout[2m | tests/integration/manual-api.test.ts[2m > [22m[2mProduction API Manual Tests[2m > [22m[2mAPI Health Tests[2m > [22m[2mshould return API health status
[22m[39m2026-03-11T03:59:35.578Z INFO [App] Authorization service initialized

[90mstdout[2m | tests/integration/live-api.test.ts[2m > [22m[2mLive Production API Integration Tests[2m > [22m[2mOrder Management Integration[2m > [22m[2mshould create a new order with real database persistence
[22m[39m2026-03-11T03:59:35.579Z INFO [App] Casbin enforcer initialized {"policyCount":47}

[90mstdout[2m | tests/integration/live-api.test.ts[2m > [22m[2mLive Production API Integration Tests[2m > [22m[2mOrder Management Integration[2m > [22m[2mshould create a new order with real database persistence
[22m[39m2026-03-11T03:59:35.579Z INFO [App] Authorization service initialized

[90mstdout[2m | tests/integration/api.test.ts[2m > [22m[2mProduction API Server Integration Tests
[22m[39m2026-03-11T03:59:35.583Z INFO [App] Casbin enforcer initialized {"policyCount":47}

[90mstdout[2m | tests/integration/api.test.ts[2m > [22m[2mProduction API Server Integration Tests
[22m[39m2026-03-11T03:59:35.584Z INFO [App] Authorization service initialized

[90mstdout[2m | tests/integration/external-services-fixed.test.ts[2m > [22m[2mExternal Services Integration Tests (Fixed)
[22m[39m2026-03-11T03:59:35.578Z INFO [App] Request completed {"correlationId":"9404f022-a35d-4b3d-9555-ec263f4bdf99","method":"POST","url":"/api/auth/test-token","statusCode":200,"duration":"67ms"}
2026-03-11T03:59:35.579Z INFO [App] Request completed {"correlationId":"9404f022-a35d-4b3d-9555-ec263f4bdf99","method":"POST","url":"/api/auth/test-token","statusCode":200,"duration":"68ms"}

::ffff:127.0.0.1 - - [11/Mar/2026:03:59:35 +0000] "POST /api/property-intelligence/census/housing HTTP/1.1" 404 180 "-" "-"
[90mstderr[2m | tests/integration/external-services.test.ts[2m > 
[22m[2mExternal Services Integration Tests[2m > [22m[2mUS Census Bureau 
Integration[2m > [22m[2mshould retrieve housing data from Census Bureau
[22m[39m2026-03-11T03:59:35.587Z WARN [App] Request completed with error {"co
rrelationId":"47ae4094-bcac-465e-9077-1e664176ce02","method":"POST","url":"/api
/property-intelligence/census/housing","statusCode":404,"duration":"11ms"}

 [31m├ù[39m tests/integration/external-services.test.ts[2m > [22mExternal Services Integration Tests[2m > [22mGoogle Places API Integration[2m > [22mshould find specific establishment types (Starbucks test)[32m 30[2mms[22m[39m
[31m   ΓåÆ expected 404 to be 200 // Object.is equality[39m
 [31m├ù[39m tests/integration/external-services.test.ts[2m > [22mExternal Services Integration Tests[2m > [22mGoogle Places API Integration[2m > [22mshould provide detailed place information[32m 19[2mms[22m[39m
[31m   ΓåÆ expected 404 to be 200 // Object.is equality[39m
 [31m├ù[39m tests/integration/external-services.test.ts[2m > [22mExternal Services Integration Tests[2m > [22mUS Census Bureau Integration[2m > [22mshould retrieve demographic data from Census Bureau[32m 19[2mms[22m[39m
[31m   ΓåÆ expected 404 to be 200 // Object.is equality[39m
 [31m├ù[39m tests/integration/external-services.test.ts[2m > [22mExternal Services Integration Tests[2m > [22mUS Census Bureau Integration[2m > [22mshould retrieve economic data from Census Bureau[32m 48[2mms[22m[39m
[31m   ΓåÆ expected 404 to be 200 // Object.is equality[39m
::ffff:127.0.0.1 - - [11/Mar/2026:03:59:35 +0000] "POST /api/auth/test-token HTTP/1.1" 200 960 "-" "-"
[90mstdout[2m | tests/integration/comprehensive-api.test.ts[2m > [22m[2mComprehensive Production API Integration Tests
[22m[39m2026-03-11T03:59:35.594Z INFO [App] Casbin enforcer initialized {"policyCount":47}

[90mstdout[2m | tests/integration/comprehensive-api.test.ts[2m > [22m[2mComprehensive Production API Integration Tests
[22m[39m2026-03-11T03:59:35.594Z INFO [App] Authorization service initialized

[90mstdout[2m | tests/comprehensive-api.test.ts[2m > [22m[2mAppraisal Management API - Comprehensive Tests
[22m[39m2026-03-11T03:59:35.591Z INFO [App] Incoming request {"correlationId":"05925b15-c2c9-4a05-8b24-0db3485e9396","method":"POST","url":"/api/auth/test-token","ip":"::ffff:127.0.0.1"}

[90mstdout[2m | tests/integration/external-services.test.ts[2m > [22m[2mExternal Services Integration Tests[2m > [22m[2mUS Census Bureau Integration[2m > [22m[2mshould provide comprehensive census intelligence
[22m[39m2026-03-11T03:59:35.603Z INFO [App] Incoming request {"correlationId":"075498d1-25f7-44c6-8b06-82c77d6ba0c5","method":"POST","url":"/api/property-intelligence/census/comprehensive","ip":"::ffff:127.0.0.1"}

::ffff:127.0.0.1 - - [11/Mar/2026:03:59:35 +0000] "POST /api/property-intelligence/census/comprehensive HTTP/1.1" 404 186 "-" "-"
[90mstderr[2m | tests/integration/external-services.test.ts[2m > 
[22m[2mExternal Services Integration Tests[2m > [22m[2mUS Census Bureau 
Integration[2m > [22m[2mshould provide comprehensive census intelligence
[22m[39m2026-03-11T03:59:35.610Z WARN [App] Request completed with error {"co
rrelationId":"075498d1-25f7-44c6-8b06-82c77d6ba0c5","method":"POST","url":"/api
/property-intelligence/census/comprehensive","statusCode":404,"duration":"7ms"}

[90mstdout[2m | tests/integration/external-services-fixed.test.ts[2m > [22m[2mExternal Services Integration Tests (Fixed)[2m > [22m[2mFEMA Flood Risk Integration[2m > [22m[2mshould integrate FEMA flood data via comprehensive analysis
[22m[39m2026-03-11T03:59:35.617Z INFO [App] Incoming request {"correlationId":"6cd4aaa7-c2db-4728-b935-9baabc5cca92","method":"POST","url":"/api/property-intelligence/analyze/comprehensive","ip":"::ffff:127.0.0.1"}

[90mstdout[2m | tests/integration/api.test.ts[2m > [22m[2mProduction API Server Integration Tests
[22m[39m2026-03-11T03:59:35.615Z INFO [App] Incoming request {"correlationId":"b85e795a-1d12-4633-a41b-4338ae6e19c4","method":"POST","url":"/api/auth/test-token","ip":"::ffff:127.0.0.1"}

[90mstdout[2m | tests/integration/comprehensive-api.test.ts[2m > [22m[2mComprehensive Production API Integration Tests
[22m[39m2026-03-11T03:59:35.617Z INFO [App] Incoming request {"correlationId":"c20cd540-7f3f-41e4-b52e-33b2b03b72ad","method":"POST","url":"/api/auth/test-token","ip":"::ffff:127.0.0.1"}

[90mstdout[2m | tests/integration/minimal-server.test.ts[2m > [22m[2mMinimal Server Integration Tests
[22m[39m2026-03-11T03:59:35.614Z INFO [App] Request completed {"correlationId":"1d1c275e-503a-4823-9b2f-ed7086ce184b","method":"POST","url":"/api/auth/test-token","statusCode":200,"duration":"86ms"}
2026-03-11T03:59:35.615Z INFO [App] Request completed {"correlationId":"1d1c275e-503a-4823-9b2f-ed7086ce184b","method":"POST","url":"/api/auth/test-token","statusCode":200,"duration":"87ms"}

[90mstdout[2m | tests/qc-api-integration.test.ts[2m > [22m[2mQC API Endpoints Integration Tests[2m > [22m[2mQC Checklist Management[2m > [22m[2mPOST /api/qc/checklists[2m > [22m[2mshould create a new QC checklist with proper authentication
[22m[39m2026-03-11T03:59:35.620Z INFO [App] Incoming request {"correlationId":"e388aa11-12c6-4b2f-abc3-0bc7191b5d9d","method":"POST","url":"/api/qc/checklists","ip":"::ffff:127.0.0.1"}

::ffff:127.0.0.1 - - [11/Mar/2026:03:59:35 +0000] "POST /api/auth/test-token HTTP/1.1" 200 983 "-" "-"
[90mstdout[2m | tests/integration/real-api-validation.test.ts[2m > [22m[2mReal API Validation Tests
[22m[39m2026-03-11T03:59:35.615Z INFO [App] Request completed {"correlationId":"4b4f00d4-88fd-4cfd-8447-633aed47049c","method":"POST","url":"/api/auth/test-token","statusCode":200,"duration":"119ms"}
2026-03-11T03:59:35.616Z INFO [App] Request completed {"correlationId":"4b4f00d4-88fd-4cfd-8447-633aed47049c","method":"POST","url":"/api/auth/test-token","statusCode":200,"duration":"120ms"}

[90mstdout[2m | tests/integration/external-services.test.ts[2m > [22m[2mExternal Services Integration Tests[2m > [22m[2mMulti-Provider Address Services[2m > [22m[2mshould validate addresses using multiple providers
[22m[39m2026-03-11T03:59:35.624Z INFO [App] Incoming request {"correlationId":"d7154ade-02fe-40c8-8941-fa07ad184e77","method":"POST","url":"/api/property-intelligence/address/validate","ip":"::ffff:127.0.0.1"}

::ffff:127.0.0.1 - - [11/Mar/2026:03:59:35 +0000] "POST /api/auth/test-token HTTP/1.1" 200 1009 "-" "-"
::ffff:127.0.0.1 - - [11/Mar/2026:03:59:35 +0000] "POST /api/property-intelligence/address/validate HTTP/1.1" 401 58 "-" "-"
[90mstderr[2m | tests/integration/external-services.test.ts[2m > 
[22m[2mExternal Services Integration Tests[2m > [22m[2mMulti-Provider 
Address Services[2m > [22m[2mshould validate addresses using multiple 
providers
[22m[39m2026-03-11T03:59:35.627Z WARN [App] Request completed with error {"co
rrelationId":"d7154ade-02fe-40c8-8941-fa07ad184e77","method":"POST","url":"/api
/property-intelligence/address/validate","statusCode":401,"duration":"3ms"}

[90mstdout[2m | tests/integration/external-services.test.ts[2m > [22m[2mExternal Services Integration Tests[2m > [22m[2mMulti-Provider Address Services[2m > [22m[2mshould validate addresses using multiple providers
[22m[39m2026-03-11T03:59:35.626Z INFO [App] Request completed {"correlationId":"d7154ade-02fe-40c8-8941-fa07ad184e77","method":"POST","url":"/api/property-intelligence/address/validate","statusCode":401,"duration":"2ms"}
2026-03-11T03:59:35.626Z INFO [App] Request completed {"correlationId":"d7154ade-02fe-40c8-8941-fa07ad184e77","method":"POST","url":"/api/property-intelligence/address/validate","statusCode":401,"duration":"2ms"}

[90mstdout[2m | tests/integration/external-services-fixed.test.ts[2m > [22m[2mExternal Services Integration Tests (Fixed)[2m > [22m[2mFEMA Flood Risk Integration[2m > [22m[2mshould integrate FEMA flood data via comprehensive analysis
[22m[39m2026-03-11T03:59:35.631Z INFO [App] Starting comprehensive property analysis {"coordinates":{"latitude":29.7604,"longitude":-95.3698},"strategy":"comprehensive"}

[90mstdout[2m | tests/integration/manual-api.test.ts[2m > [22m[2mProduction API Manual Tests[2m > [22m[2mAPI Health Tests[2m > [22m[2mshould return API health status
[22m[39m2026-03-11T03:59:35.626Z INFO [App] Incoming request {"correlationId":"426010b9-0772-4a97-8abd-3ee27c8e9b9a","method":"GET","url":"/health","ip":"::ffff:127.0.0.1"}

[90mstdout[2m | tests/integration/live-api.test.ts[2m > [22m[2mLive Production API Integration Tests[2m > [22m[2mOrder Management Integration[2m > [22m[2mshould create a new order with real database persistence
[22m[39m2026-03-11T03:59:35.633Z INFO [App] Incoming request {"correlationId":"ae2a11fc-5d8a-4f7e-8da6-085b652367a2","method":"POST","url":"/api/orders","ip":"::ffff:127.0.0.1"}

[90mstderr[2m | tests/integration/external-services-fixed.test.ts[2m > 
[22m[2mExternal Services Integration Tests (Fixed)[2m > [22m[2mFEMA Flood 
Risk Integration[2m > [22m[2mshould integrate FEMA flood data via 
comprehensive analysis
[22m[39m2026-03-11T03:59:35.635Z ERROR [App] Azure Maps analysis failed {"err
or":{},"coordinates":{"latitude":29.7604,"longitude":-95.3698},"analysisType":"
demographics"}

[90mstdout[2m | tests/integration/external-services-fixed.test.ts[2m > [22m[2mExternal Services Integration Tests (Fixed)[2m > [22m[2mFEMA Flood Risk Integration[2m > [22m[2mshould integrate FEMA flood data via comprehensive analysis
[22m[39m2026-03-11T03:59:35.633Z INFO [App] Starting comprehensive property analysis {"coordinates":{"latitude":29.7604,"longitude":-95.3698},"strategy":"comprehensive","enabledProviders":["google","azure","openstreetmap"]}

[90mstderr[2m | tests/integration/external-services-fixed.test.ts[2m > 
[22m[2mExternal Services Integration Tests (Fixed)[2m > [22m[2mFEMA Flood 
Risk Integration[2m > [22m[2mshould integrate FEMA flood data via 
comprehensive analysis
[22m[39m2026-03-11T03:59:35.636Z ERROR [App] Provider azure failed for 
demographics {"error":{}}

[90mstdout[2m | tests/integration/external-services.test.ts[2m > [22m[2mExternal Services Integration Tests[2m > [22m[2mMulti-Provider Address Services[2m > [22m[2mshould standardize addresses using SmartyStreets/USPS
[22m[39m2026-03-11T03:59:35.637Z INFO [App] Incoming request {"correlationId":"331fea03-56a6-4627-94b2-84a94f070909","method":"POST","url":"/api/property-intelligence/address/standardize","ip":"::ffff:127.0.0.1"}

[90mstderr[2m | tests/integration/external-services-fixed.test.ts[2m > 
[22m[2mExternal Services Integration Tests (Fixed)[2m > [22m[2mFEMA Flood 
Risk Integration[2m > [22m[2mshould integrate FEMA flood data via 
comprehensive analysis
[22m[39m2026-03-11T03:59:35.637Z WARN [App] Analysis step 1 failed 
{"error":{}}
2026-03-11T03:59:35.637Z WARN [App] Analysis step 2 failed {"error":{}}
2026-03-11T03:59:35.637Z WARN [App] Analysis step 3 failed {"error":{}}
2026-03-11T03:59:35.637Z WARN [App] Analysis step 4 failed {"error":{}}
2026-03-11T03:59:35.637Z WARN [App] Analysis step 5 failed {"error":{}}

[90mstdout[2m | tests/integration/performance.test.ts[2m > [22m[2mAPI Performance Tests
[22m[39m2026-03-11T03:59:35.633Z INFO [App] Request completed {"correlationId":"10a9618d-51ba-4ff4-ae27-3502604054ff","method":"POST","url":"/api/auth/test-token","statusCode":200,"duration":"59ms"}
2026-03-11T03:59:35.634Z INFO [App] Request completed {"correlationId":"10a9618d-51ba-4ff4-ae27-3502604054ff","method":"POST","url":"/api/auth/test-token","statusCode":200,"duration":"60ms"}

::ffff:127.0.0.1 - - [11/Mar/2026:03:59:35 +0000] "POST /api/property-intelligence/address/standardize HTTP/1.1" 404 185 "-" "-"
[90mstderr[2m | tests/integration/external-services.test.ts[2m > 
[22m[2mExternal Services Integration Tests[2m > [22m[2mMulti-Provider 
Address Services[2m > [22m[2mshould standardize addresses using 
SmartyStreets/USPS
[22m[39m2026-03-11T03:59:35.642Z WARN [App] Request completed with error {"co
rrelationId":"331fea03-56a6-4627-94b2-84a94f070909","method":"POST","url":"/api
/property-intelligence/address/standardize","statusCode":404,"duration":"5ms"}

[90mstdout[2m | tests/integration/minimal-server.test.ts[2m > [22m[2mMinimal Server Integration Tests
[22m[39mΓ£à Test token obtained
Γ£à Test environment ready

::ffff:127.0.0.1 - - [11/Mar/2026:03:59:35 +0000] "POST /api/auth/test-token HTTP/1.1" 200 978 "-" "-"
[90mstdout[2m | tests/integration/external-services-fixed.test.ts[2m > [22m[2mExternal Services Integration Tests (Fixed)[2m > [22m[2mFEMA Flood Risk Integration[2m > [22m[2mshould integrate FEMA flood data via comprehensive analysis
[22m[39m2026-03-11T03:59:35.640Z INFO [App] Request completed {"correlationId":"6cd4aaa7-c2db-4728-b935-9baabc5cca92","method":"POST","url":"/api/property-intelligence/analyze/comprehensive","statusCode":200,"duration":"23ms"}
2026-03-11T03:59:35.641Z INFO [App] Request completed {"correlationId":"6cd4aaa7-c2db-4728-b935-9baabc5cca92","method":"POST","url":"/api/property-intelligence/analyze/comprehensive","statusCode":200,"duration":"24ms"}

[90mstdout[2m | tests/integration/external-services.test.ts[2m > [22m[2mExternal Services Integration Tests[2m > [22m[2mMulti-Provider Address Services[2m > [22m[2mshould extract detailed address components
[22m[39m2026-03-11T03:59:35.652Z INFO [App] Incoming request {"correlationId":"16eb475e-a53b-4b35-8b04-a7caab387171","method":"POST","url":"/api/property-intelligence/address/components","ip":"::ffff:127.0.0.1"}

::ffff:127.0.0.1 - - [11/Mar/2026:03:59:35 +0000] "POST /api/property-intelligence/analyze/comprehensive HTTP/1.1" 200 - "-" "-"
::ffff:127.0.0.1 - - [11/Mar/2026:03:59:35 +0000] "POST /api/property-intelligence/address/components HTTP/1.1" 404 184 "-" "-"
[90mstderr[2m | tests/integration/external-services.test.ts[2m > 
[22m[2mExternal Services Integration Tests[2m > [22m[2mMulti-Provider 
Address Services[2m > [22m[2mshould extract detailed address components
[22m[39m2026-03-11T03:59:35.655Z WARN [App] Request completed with error {"co
rrelationId":"16eb475e-a53b-4b35-8b04-a7caab387171","method":"POST","url":"/api
/property-intelligence/address/components","statusCode":404,"duration":"3ms"}

[90mstdout[2m | tests/integration/real-api-validation.test.ts[2m > [22m[2mReal API Validation Tests[2m > [22m[2mUS Census Bureau - Real API Verification[2m > [22m[2mshould fetch unique demographic data from live Census API
[22m[39m2026-03-11T03:59:35.660Z INFO [App] Incoming request {"correlationId":"ccebe1da-c2c6-499a-815e-d8bd9dede1a8","method":"GET","url":"/api/property-intelligence/census/demographics?latitude=40.7128&longitude=-74.006","ip":"::ffff:127.0.0.1"}

[90mstdout[2m | tests/comprehensive-api.test.ts[2m > [22m[2mAppraisal Management API - Comprehensive Tests
[22m[39m2026-03-11T03:59:35.655Z INFO [App] Request completed {"correlationId":"05925b15-c2c9-4a05-8b24-0db3485e9396","method":"POST","url":"/api/auth/test-token","statusCode":200,"duration":"65ms"}
2026-03-11T03:59:35.656Z INFO [App] Request completed {"correlationId":"05925b15-c2c9-4a05-8b24-0db3485e9396","method":"POST","url":"/api/auth/test-token","statusCode":200,"duration":"66ms"}

[90mstdout[2m | tests/integration/minimal-server.test.ts[2m > [22m[2mMinimal Server Integration Tests[2m > [22m[2mBasic Server Health[2m > [22m[2mshould respond to health check
[22m[39m2026-03-11T03:59:35.658Z INFO [App] Incoming request {"correlationId":"2687496a-7d8b-4eae-93a7-9cf2bd316827","method":"GET","url":"/health","ip":"::ffff:127.0.0.1"}

[90mstdout[2m | tests/integration/external-services-fixed.test.ts[2m > [22m[2mExternal Services Integration Tests (Fixed)[2m > [22m[2mFEMA Flood Risk Integration[2m > [22m[2mshould integrate FEMA flood data via comprehensive analysis
[22m[39mΓ£à FEMA flood zone data integrated successfully

::ffff:127.0.0.1 - - [11/Mar/2026:03:59:35 +0000] "POST /api/auth/test-token HTTP/1.1" 200 983 "-" "-"
[90mstdout[2m | tests/integration/external-services.test.ts[2m > [22m[2mExternal Services Integration Tests[2m > [22m[2mGeospatial Risk Assessment Services[2m > [22m[2mshould assess environmental hazards using multiple data sources
[22m[39m2026-03-11T03:59:35.667Z INFO [App] Incoming request {"correlationId":"f0dcc418-3c1e-45a7-a56b-fa8a1864778d","method":"POST","url":"/api/property-intelligence/analyze/risk-assessment","ip":"::ffff:127.0.0.1"}

::ffff:127.0.0.1 - - [11/Mar/2026:03:59:35 +0000] "POST /api/property-intelligence/analyze/risk-assessment HTTP/1.1" 404 189 "-" "-"
[90mstderr[2m | tests/integration/external-services.test.ts[2m > 
[22m[2mExternal Services Integration Tests[2m > [22m[2mGeospatial Risk 
Assessment Services[2m > [22m[2mshould assess environmental hazards using 
multiple data sources
[22m[39m2026-03-11T03:59:35.671Z WARN [App] Request completed with error {"co
rrelationId":"f0dcc418-3c1e-45a7-a56b-fa8a1864778d","method":"POST","url":"/api
/property-intelligence/analyze/risk-assessment","statusCode":404,"duration":"4m
s"}

[90mstdout[2m | tests/integration/external-services-fixed.test.ts[2m > [22m[2mExternal Services Integration Tests (Fixed)[2m > [22m[2mFEMA Flood Risk Integration[2m > [22m[2mshould provide flood insurance assessment
[22m[39m2026-03-11T03:59:35.671Z INFO [App] Incoming request {"correlationId":"6e25062c-ec00-4ca4-83f2-a390aca3c3b0","method":"POST","url":"/api/property-intelligence/analyze/comprehensive","ip":"::ffff:127.0.0.1"}

[90mstdout[2m | tests/integration/real-api-validation.test.ts[2m > [22m[2mReal API Validation Tests[2m > [22m[2mUS Census Bureau - Real API Verification[2m > [22m[2mshould fetch unique demographic data from live Census API
[22m[39m2026-03-11T03:59:35.675Z INFO [App] Census demographics request received {"coordinates":{"latitude":40.7128,"longitude":-74.006}}
2026-03-11T03:59:35.675Z INFO [App] Fetching Census demographic intelligence {"coordinates":{"latitude":40.7128,"longitude":-74.006}}

[90mstdout[2m | tests/integration/external-services-fixed.test.ts[2m > [22m[2mExternal Services Integration Tests (Fixed)[2m > [22m[2mFEMA Flood Risk Integration[2m > [22m[2mshould provide flood insurance assessment
[22m[39m2026-03-11T03:59:35.676Z INFO [App] Starting comprehensive property analysis {"coordinates":{"latitude":29.7604,"longitude":-95.3698},"strategy":"quality_first"}

[90mstdout[2m | tests/integration/real-api-validation.test.ts[2m > [22m[2mReal API Validation Tests[2m > [22m[2mUS Census Bureau - Real API Verification[2m > [22m[2mshould fetch unique demographic data from live Census API
[22m[39m2026-03-11T03:59:35.676Z INFO [App] Starting Census demographic analysis {"coordinates":{"latitude":40.7128,"longitude":-74.006}}

[90mstderr[2m | tests/integration/external-services-fixed.test.ts[2m > 
[22m[2mExternal Services Integration Tests (Fixed)[2m > [22m[2mFEMA Flood 
Risk Integration[2m > [22m[2mshould provide flood insurance assessment
[22m[39m2026-03-11T03:59:35.677Z ERROR [App] Azure Maps analysis failed {"err
or":{},"coordinates":{"latitude":29.7604,"longitude":-95.3698},"analysisType":"
demographics"}

[90mstdout[2m | tests/integration/external-services-fixed.test.ts[2m > [22m[2mExternal Services Integration Tests (Fixed)[2m > [22m[2mFEMA Flood Risk Integration[2m > [22m[2mshould provide flood insurance assessment
[22m[39m2026-03-11T03:59:35.676Z INFO [App] Starting comprehensive property analysis {"coordinates":{"latitude":29.7604,"longitude":-95.3698},"strategy":"quality_first","enabledProviders":["google","azure","openstreetmap"]}

[90mstderr[2m | tests/integration/external-services-fixed.test.ts[2m > 
[22m[2mExternal Services Integration Tests (Fixed)[2m > [22m[2mFEMA Flood 
Risk Integration[2m > [22m[2mshould provide flood insurance assessment
[22m[39m2026-03-11T03:59:35.677Z ERROR [App] Provider azure failed for 
demographics {"error":{}}

[90mstderr[2m | tests/integration/external-services-fixed.test.ts[2m > 
[22m[2mExternal Services Integration Tests (Fixed)[2m > [22m[2mFEMA Flood 
Risk Integration[2m > [22m[2mshould provide flood insurance assessment
[22m[39m2026-03-11T03:59:35.678Z WARN [App] Analysis step 1 failed 
{"error":{}}
2026-03-11T03:59:35.678Z WARN [App] Analysis step 2 failed {"error":{}}
2026-03-11T03:59:35.678Z WARN [App] Analysis step 3 failed {"error":{}}
2026-03-11T03:59:35.678Z WARN [App] Analysis step 4 failed {"error":{}}
2026-03-11T03:59:35.678Z WARN [App] Analysis step 5 failed {"error":{}}

[90mstdout[2m | tests/integration/external-services-fixed.test.ts[2m > [22m[2mExternal Services Integration Tests (Fixed)[2m > [22m[2mFEMA Flood Risk Integration[2m > [22m[2mshould provide flood insurance assessment
[22m[39m2026-03-11T03:59:35.678Z INFO [App] Request completed {"correlationId":"6e25062c-ec00-4ca4-83f2-a390aca3c3b0","method":"POST","url":"/api/property-intelligence/analyze/comprehensive","statusCode":200,"duration":"7ms"}
2026-03-11T03:59:35.679Z INFO [App] Request completed {"correlationId":"6e25062c-ec00-4ca4-83f2-a390aca3c3b0","method":"POST","url":"/api/property-intelligence/analyze/comprehensive","statusCode":200,"duration":"7ms"}

[90mstdout[2m | tests/integration/external-services.test.ts[2m > [22m[2mExternal Services Integration Tests[2m > [22m[2mGeospatial Risk Assessment Services[2m > [22m[2mshould provide detailed earthquake risk using USGS data
[22m[39m2026-03-11T03:59:35.680Z INFO [App] Incoming request {"correlationId":"a0c0cb31-3c2a-45aa-a950-86392b77b42e","method":"POST","url":"/api/property-intelligence/analyze/risk-assessment","ip":"::ffff:127.0.0.1"}

[90mstdout[2m | tests/integration/comprehensive-api.test.ts[2m > [22m[2mComprehensive Production API Integration Tests
[22m[39m2026-03-11T03:59:35.676Z INFO [App] Request completed {"correlationId":"c20cd540-7f3f-41e4-b52e-33b2b03b72ad","method":"POST","url":"/api/auth/test-token","statusCode":200,"duration":"60ms"}
2026-03-11T03:59:35.677Z INFO [App] Request completed {"correlationId":"c20cd540-7f3f-41e4-b52e-33b2b03b72ad","method":"POST","url":"/api/auth/test-token","statusCode":200,"duration":"61ms"}

::ffff:127.0.0.1 - - [11/Mar/2026:03:59:35 +0000] "POST /api/property-intelligence/analyze/comprehensive HTTP/1.1" 200 - "-" "-"
::ffff:127.0.0.1 - - [11/Mar/2026:03:59:35 +0000] "POST /api/property-intelligence/analyze/risk-assessment HTTP/1.1" 404 189 "-" "-"
[90mstderr[2m | tests/integration/external-services.test.ts[2m > 
[22m[2mExternal Services Integration Tests[2m > [22m[2mGeospatial Risk 
Assessment Services[2m > [22m[2mshould provide detailed earthquake risk 
using USGS data
[22m[39m2026-03-11T03:59:35.683Z WARN [App] Request completed with error {"co
rrelationId":"a0c0cb31-3c2a-45aa-a950-86392b77b42e","method":"POST","url":"/api
/property-intelligence/analyze/risk-assessment","statusCode":404,"duration":"3m
s"}

::ffff:127.0.0.1 - - [11/Mar/2026:03:59:35 +0000] "POST /api/auth/test-token HTTP/1.1" 200 960 "-" "-"
[90mstdout[2m | tests/integration/external-services-fixed.test.ts[2m > [22m[2mExternal Services Integration Tests (Fixed)[2m > [22m[2mFEMA Flood Risk Integration[2m > [22m[2mshould provide flood insurance assessment
[22m[39mΓ£à Flood insurance assessment completed

[90mstdout[2m | tests/integration/api.test.ts[2m > [22m[2mProduction API Server Integration Tests
[22m[39m2026-03-11T03:59:35.680Z INFO [App] Request completed {"correlationId":"b85e795a-1d12-4633-a41b-4338ae6e19c4","method":"POST","url":"/api/auth/test-token","statusCode":200,"duration":"65ms"}
2026-03-11T03:59:35.681Z INFO [App] Request completed {"correlationId":"b85e795a-1d12-4633-a41b-4338ae6e19c4","method":"POST","url":"/api/auth/test-token","statusCode":200,"duration":"66ms"}

[90mstdout[2m | tests/integration/performance.test.ts[2m > [22m[2mAPI Performance Tests[2m > [22m[2mResponse Time Tests[2m > [22m[2mshould respond to health checks within 5000ms
[22m[39m2026-03-11T03:59:35.683Z INFO [App] Incoming request {"correlationId":"5e9b6eda-13f7-4399-9db1-7c9bc73b913e","method":"GET","url":"/health","ip":"::ffff:127.0.0.1"}

::ffff:127.0.0.1 - - [11/Mar/2026:03:59:35 +0000] "POST /api/auth/test-token HTTP/1.1" 200 981 "-" "-"
[90mstdout[2m | tests/integration/comprehensive-api.test.ts[2m > [22m[2mComprehensive Production API Integration Tests
[22m[39m≡ƒÜÇ In-process server ready - starting comprehensive tests

 [31m├ù[39m tests/integration/external-services.test.ts[2m > [22mExternal Services Integration Tests[2m > [22mUS Census Bureau Integration[2m > [22mshould retrieve housing data from Census Bureau[32m 26[2mms[22m[39m
[31m   ΓåÆ expected 404 to be 200 // Object.is equality[39m
 [31m├ù[39m tests/integration/external-services.test.ts[2m > [22mExternal Services Integration Tests[2m > [22mUS Census Bureau Integration[2m > [22mshould provide comprehensive census intelligence[32m 24[2mms[22m[39m
[31m   ΓåÆ expected 404 to be 200 // Object.is equality[39m
 [31m├ù[39m tests/integration/external-services.test.ts[2m > [22mExternal Services Integration Tests[2m > [22mMulti-Provider Address Services[2m > [22mshould validate addresses using multiple providers[32m 15[2mms[22m[39m
[31m   ΓåÆ expected 401 to be 200 // Object.is equality[39m
 [31m├ù[39m tests/integration/external-services.test.ts[2m > [22mExternal Services Integration Tests[2m > [22mMulti-Provider Address Services[2m > [22mshould standardize addresses using SmartyStreets/USPS[32m 15[2mms[22m[39m
[31m   ΓåÆ expected 404 to be 200 // Object.is equality[39m
 [31m├ù[39m tests/integration/external-services.test.ts[2m > [22mExternal Services Integration Tests[2m > [22mMulti-Provider Address Services[2m > [22mshould extract detailed address components[32m 12[2mms[22m[39m
[31m   ΓåÆ expected 404 to be 200 // Object.is equality[39m
 [31m├ù[39m tests/integration/external-services.test.ts[2m > [22mExternal Services Integration Tests[2m > [22mGeospatial Risk Assessment Services[2m > [22mshould assess environmental hazards using multiple data sources[32m 17[2mms[22m[39m
[31m   ΓåÆ expected 404 to be 200 // Object.is equality[39m
 [31m├ù[39m tests/integration/external-services.test.ts[2m > [22mExternal Services Integration Tests[2m > [22mGeospatial Risk Assessment Services[2m > [22mshould provide detailed earthquake risk using USGS data[32m 12[2mms[22m[39m
[31m   ΓåÆ expected 404 to be 200 // Object.is equality[39m
[90mstdout[2m | tests/comprehensive-api.test.ts[2m > [22m[2mAppraisal Management API - Comprehensive Tests[2m > [22m[2mAuthentication Endpoints[2m > [22m[2mshould issue a test token successfully
[22m[39m2026-03-11T03:59:35.693Z INFO [App] Incoming request {"correlationId":"7a3f2fe1-3825-454b-ab27-4154fd55c155","method":"POST","url":"/api/auth/test-token","ip":"::ffff:127.0.0.1"}

[90mstdout[2m | tests/integration/external-services-fixed.test.ts[2m > [22m[2mExternal Services Integration Tests (Fixed)[2m > [22m[2mGoogle Places API Integration[2m > [22m[2mshould integrate Google Places via neighborhood analysis
[22m[39m2026-03-11T03:59:35.694Z INFO [App] Incoming request {"correlationId":"9acfd5dd-4f62-4bbb-b72b-14ba663e78f5","method":"POST","url":"/api/property-intelligence/analyze/neighborhood","ip":"::ffff:127.0.0.1"}

[90mstdout[2m | tests/integration/external-services.test.ts[2m > [22m[2mExternal Services Integration Tests[2m > [22m[2mProperty Intelligence Service Health[2m > [22m[2mshould report external service connectivity status
[22m[39m2026-03-11T03:59:35.697Z INFO [App] Incoming request {"correlationId":"2136c881-fc09-4ee2-b5de-31d1d54af63d","method":"GET","url":"/api/property-intelligence/health","ip":"::ffff:127.0.0.1"}

[90mstdout[2m | tests/integration/external-services.test.ts[2m > [22m[2mExternal Services Integration Tests[2m > [22m[2mProperty Intelligence Service Health[2m > [22m[2mshould report external service connectivity status
[22m[39m2026-03-11T03:59:35.699Z INFO [App] Request completed {"correlationId":"2136c881-fc09-4ee2-b5de-31d1d54af63d","method":"GET","url":"/api/property-intelligence/health","statusCode":200,"duration":"2ms"}
2026-03-11T03:59:35.700Z INFO [App] Request completed {"correlationId":"2136c881-fc09-4ee2-b5de-31d1d54af63d","method":"GET","url":"/api/property-intelligence/health","statusCode":200,"duration":"3ms"}

[90mstdout[2m | tests/comprehensive-api.test.ts[2m > [22m[2mAppraisal Management API - Comprehensive Tests[2m > [22m[2mAuthentication Endpoints[2m > [22m[2mshould issue a test token successfully
[22m[39m2026-03-11T03:59:35.701Z INFO [App] Request completed {"correlationId":"7a3f2fe1-3825-454b-ab27-4154fd55c155","method":"POST","url":"/api/auth/test-token","statusCode":200,"duration":"8ms"}
2026-03-11T03:59:35.701Z INFO [App] Request completed {"correlationId":"7a3f2fe1-3825-454b-ab27-4154fd55c155","method":"POST","url":"/api/auth/test-token","statusCode":200,"duration":"8ms"}

::ffff:127.0.0.1 - - [11/Mar/2026:03:59:35 +0000] "GET /api/property-intelligence/health HTTP/1.1" 200 350 "-" "-"
::ffff:127.0.0.1 - - [11/Mar/2026:03:59:35 +0000] "POST /api/auth/test-token HTTP/1.1" 200 988 "-" "-"
[90mstdout[2m | tests/integration/comprehensive-api.test.ts[2m > [22m[2mComprehensive Production API Integration Tests[2m > [22m[2mBasic API Endpoints (5 endpoints)[2m > [22m[2mGET /health - should return healthy status
[22m[39m2026-03-11T03:59:35.707Z INFO [App] Incoming request {"correlationId":"caed76cf-4e21-4008-b739-bd0dac699586","method":"GET","url":"/health","ip":"::ffff:127.0.0.1"}

[90mstdout[2m | tests/qc-api-integration.test.ts[2m > [22m[2mQC API Endpoints Integration Tests[2m > [22m[2mQC Checklist Management[2m > [22m[2mPOST /api/qc/checklists[2m > [22m[2mshould create a new QC checklist with proper authentication
[22m[39m2026-03-11T03:59:35.708Z INFO [App] Initializing Azure Cosmos DB connection with Managed Identity
2026-03-11T03:59:35.712Z INFO [App] Using Managed Identity for Cosmos DB authentication
2026-03-11T03:59:35.713Z INFO [App] Successfully connected to Azure Cosmos DB {"databaseId":"appraisal-management","endpoint":"https://appraisal-mgmt-staging-cosmos.documents.azure.com:443/"}

[90mstdout[2m | tests/qc-api-integration.test.ts[2m > [22m[2mQC API Endpoints Integration Tests[2m > [22m[2mQC Checklist Management[2m > [22m[2mPOST /api/qc/checklists[2m > [22m[2mshould create a new QC checklist with proper authentication
[22m[39m2026-03-11T03:59:35.714Z INFO [QCChecklistManagement] QCChecklistManagementService initialized (lazy)

[90mstdout[2m | tests/qc-api-integration.test.ts[2m > [22m[2mQC API Endpoints Integration Tests[2m > [22m[2mQC Checklist Management[2m > [22m[2mPOST /api/qc/checklists[2m > [22m[2mshould create a new QC checklist with proper authentication
[22m[39m2026-03-11T03:59:35.714Z INFO [QCChecklistManagement] Creating new QC checklist {"name":"Test Appraisal QC Checklist","documentType":"appraisal_report"}

[90mstdout[2m | tests/comprehensive-api.test.ts[2m > [22m[2mAppraisal Management API - Comprehensive Tests[2m > [22m[2mAuthentication Endpoints[2m > [22m[2mshould reject login with invalid credentials
[22m[39m2026-03-11T03:59:35.718Z INFO [App] Incoming request {"correlationId":"18466431-3211-49bd-a8f6-110e3e3eae44","method":"POST","url":"/api/auth/login","ip":"::ffff:127.0.0.1"}

[90mstdout[2m | tests/integration/external-services.test.ts[2m > [22m[2mExternal Services Integration Tests[2m > [22m[2mCreative Property Features (External Data)[2m > [22m[2mshould analyze coffee shop density using Google Places
[22m[39m2026-03-11T03:59:35.720Z INFO [App] Incoming request {"correlationId":"19a06d69-d85b-4182-b6ed-d92d8e2a2257","method":"POST","url":"/api/property-intelligence/analyze/creative-features","ip":"::ffff:127.0.0.1"}

::ffff:127.0.0.1 - - [11/Mar/2026:03:59:35 +0000] "POST /api/property-intelligence/analyze/creative-features HTTP/1.1" 404 191 "-" "-"
[90mstderr[2m | tests/integration/external-services.test.ts[2m > 
[22m[2mExternal Services Integration Tests[2m > [22m[2mCreative Property 
Features (External Data)[2m > [22m[2mshould analyze coffee shop density 
using Google Places
[22m[39m2026-03-11T03:59:35.723Z WARN [App] Request completed with error {"co
rrelationId":"19a06d69-d85b-4182-b6ed-d92d8e2a2257","method":"POST","url":"/api
/property-intelligence/analyze/creative-features","statusCode":404,"duration":"
3ms"}

[90mstdout[2m | tests/integration/api.test.ts[2m > [22m[2mProduction API Server Integration Tests[2m > [22m[2mHealth and Status Endpoints[2m > [22m[2mshould return healthy status from /health
[22m[39m2026-03-11T03:59:35.723Z INFO [App] Incoming request {"correlationId":"631f5c6c-e0c1-42e2-af34-71b25fe17aee","method":"GET","url":"/health","ip":"::ffff:127.0.0.1"}

[90mstdout[2m | tests/integration/external-services.test.ts[2m > [22m[2mExternal Services Integration Tests[2m > [22m[2mCreative Property Features (External Data)[2m > [22m[2mshould analyze walkability using external place data
[22m[39m2026-03-11T03:59:35.733Z INFO [App] Incoming request {"correlationId":"af453916-6240-447e-8889-847943d2aa00","method":"POST","url":"/api/property-intelligence/analyze/creative-features","ip":"::ffff:127.0.0.1"}

::ffff:127.0.0.1 - - [11/Mar/2026:03:59:35 +0000] "POST /api/property-intelligence/analyze/creative-features HTTP/1.1" 404 191 "-" "-"
[90mstderr[2m | tests/integration/external-services.test.ts[2m > 
[22m[2mExternal Services Integration Tests[2m > [22m[2mCreative Property 
Features (External Data)[2m > [22m[2mshould analyze walkability using 
external place data
[22m[39m2026-03-11T03:59:35.736Z WARN [App] Request completed with error {"co
rrelationId":"af453916-6240-447e-8889-847943d2aa00","method":"POST","url":"/api
/property-intelligence/analyze/creative-features","statusCode":404,"duration":"
3ms"}

[90mstdout[2m | tests/integration/external-services.test.ts
[22m[39m≡ƒº╣ Cleaning up test environment...
Γ£à Test cleanup complete

 [31m├ù[39m tests/integration/external-services.test.ts[2m > [22mExternal Services Integration Tests[2m > [22mProperty Intelligence Service Health[2m > [22mshould report external service connectivity status[32m 24[2mms[22m[39m
[31m   ΓåÆ response.json is not a function[39m
 [31m├ù[39m tests/integration/external-services.test.ts[2m > [22mExternal Services Integration Tests[2m > [22mCreative Property Features (External Data)[2m > [22mshould analyze coffee shop density using Google Places[32m 17[2mms[22m[39m
[31m   ΓåÆ expected 404 to be 200 // Object.is equality[39m
 [31m├ù[39m tests/integration/external-services.test.ts[2m > [22mExternal Services Integration Tests[2m > [22mCreative Property Features (External Data)[2m > [22mshould analyze walkability using external place data[32m 11[2mms[22m[39m
[31m   ΓåÆ expected 404 to be 200 // Object.is equality[39m
 [32mΓ£ô[39m tests/comprehensive-api.test.ts[2m > [22mAppraisal Management API - Comprehensive Tests[2m > [22mAuthentication Endpoints[2m > [22mshould issue a test token successfully[32m 29[2mms[22m[39m
 [32mΓ£ô[39m tests/integration/external-services-fixed.test.ts[2m > [22mExternal Services Integration Tests (Fixed)[2m > [22mFEMA Flood Risk Integration[2m > [22mshould integrate FEMA flood data via comprehensive analysis[32m 58[2mms[22m[39m
 [32mΓ£ô[39m tests/integration/external-services-fixed.test.ts[2m > [22mExternal Services Integration Tests (Fixed)[2m > [22mFEMA Flood Risk Integration[2m > [22mshould provide flood insurance assessment[32m 23[2mms[22m[39m
[90mstdout[2m | tests/comprehensive-crud.test.ts[2m > [22m[2mComprehensive CRUD API Tests[2m > [22m[2mOrder Management API[2m > [22m[2mshould create a new order
[22m[39m2026-03-11T03:59:35.947Z INFO [App] AzureCommunicationService: using API key credential
2026-03-11T03:59:35.948Z INFO [App] AzureCommunicationService: using API key credential
Γ£à Axiom live mode ΓÇö https://axiom-dev-api.ambitioushill-a89e4aa0.eastus.azurecontainerapps.io (no auth ΓÇö dev server)
2026-03-11T03:59:35.948Z INFO [WebPubSubService] Using local emulator mode for Web PubSub
2026-03-11T03:59:35.948Z INFO [App] AzureCommunicationService: using API key credential
2026-03-11T03:59:35.949Z INFO [App] AzureCommunicationService: using API key credential
2026-03-11T03:59:35.949Z INFO [App] AzureCommunicationService: using API key credential
2026-03-11T03:59:35.950Z INFO [App] Teams service initialized with Managed Identity
2026-03-11T03:59:35.951Z INFO [ServiceBusEventPublisher] Using Managed Identity for Service Bus authentication {"namespace":"appraisal-mgmt-staging-servicebus.servicebus.windows.net"}
2026-03-11T03:59:35.952Z INFO [ServiceBusEventPublisher] Using Managed Identity for Service Bus authentication {"namespace":"appraisal-mgmt-staging-servicebus.servicebus.windows.net"}
2026-03-11T03:59:35.953Z INFO [ServiceBusEventSubscriber] Using Managed Identity for Service Bus authentication {"namespace":"appraisal-mgmt-staging-servicebus.servicebus.windows.net"}
2026-03-11T03:59:35.963Z INFO [App] Property management routes configured

[90mstderr[2m | tests/comprehensive-crud.test.ts[2m > 
[22m[2mComprehensive CRUD API Tests[2m > [22m[2mOrder Management API[2m 
> [22m[2mshould create a new order
[22m[39m2026-03-11T03:59:35.947Z WARN [App] Azure Service Bus connection 
string not provided, using mock implementation

 [32mΓ£ô[39m tests/comprehensive-crud.test.ts[2m > [22mComprehensive CRUD API Tests[2m > [22mVendor Management API[2m > [22mshould get vendor performance metrics[33m 659[2mms[22m[39m
[90mstdout[2m | tests/comprehensive-crud.test.ts[2m > [22m[2mComprehensive CRUD API Tests[2m > [22m[2mOrder Management API[2m > [22m[2mshould create a new order
[22m[39m2026-03-11T03:59:36.100Z INFO [App] Vendor created successfully {"vendorId":"1773201575977-lnt1shpta"}

[90mstdout[2m | tests/comprehensive-crud.test.ts[2m > [22m[2mComprehensive CRUD API Tests[2m > [22m[2mOrder Management API[2m > [22m[2mshould create a new order
[22m[39m2026-03-11T03:59:36.101Z INFO [VendorController] Vendor created {"vendorId":"1773201575977-lnt1shpta"}

[90mstdout[2m | tests/comprehensive-crud.test.ts[2m > [22m[2mComprehensive CRUD API Tests[2m > [22m[2mOrder Management API[2m > [22m[2mshould create a new order
[22m[39m2026-03-11T03:59:36.225Z INFO [App] Order created successfully {"orderId":"1773201576114-g19veabz2"}

[90mstdout[2m | tests/comprehensive-crud.test.ts[2m > [22m[2mComprehensive CRUD API Tests[2m > [22m[2mOrder Management API[2m > [22m[2mshould create a new order
[22m[39m2026-03-11T03:59:36.226Z INFO [App] Mock Service Bus: Event published {"topic":"order-events","eventType":"ORDER_CREATED","orderId":"1773201576114-g19veabz2","timestamp":"2026-03-11T03:59:36.226Z"}
2026-03-11T03:59:36.227Z INFO [App] Order created event published {"orderId":"1773201576114-g19veabz2"}

[90mstderr[2m | tests/comprehensive-crud.test.ts[2m > 
[22m[2mComprehensive CRUD API Tests[2m > [22m[2mOrder Management API[2m 
> [22m[2mshould create a new order
[22m[39m2026-03-11T03:59:36.226Z ERROR [App] Failed to create document in 
audit-trail {"error":{}}
2026-03-11T03:59:36.228Z ERROR [App] Failed to log audit event 
{"error":"Database not initialized","action":"order.created","resource":{"type"
:"order","id":"1773201576114-g19veabz2"}}

[90mstdout[2m | tests/comprehensive-crud.test.ts[2m > [22m[2mComprehensive CRUD API Tests[2m > [22m[2mOrder Management API[2m > [22m[2mshould validate required order fields
[22m[39m2026-03-11T03:59:36.231Z INFO [App] AzureCommunicationService: using API key credential
2026-03-11T03:59:36.231Z INFO [App] AzureCommunicationService: using API key credential
Γ£à Axiom live mode ΓÇö https://axiom-dev-api.ambitioushill-a89e4aa0.eastus.azurecontainerapps.io (no auth ΓÇö dev server)
2026-03-11T03:59:36.232Z INFO [WebPubSubService] Using local emulator mode for Web PubSub
2026-03-11T03:59:36.232Z INFO [App] AzureCommunicationService: using API key credential
2026-03-11T03:59:36.232Z INFO [App] AzureCommunicationService: using API key credential
2026-03-11T03:59:36.233Z INFO [App] AzureCommunicationService: using API key credential
2026-03-11T03:59:36.233Z INFO [App] Teams service initialized with Managed Identity
2026-03-11T03:59:36.234Z INFO [ServiceBusEventPublisher] Using Managed Identity for Service Bus authentication {"namespace":"appraisal-mgmt-staging-servicebus.servicebus.windows.net"}
2026-03-11T03:59:36.235Z INFO [ServiceBusEventPublisher] Using Managed Identity for Service Bus authentication {"namespace":"appraisal-mgmt-staging-servicebus.servicebus.windows.net"}
2026-03-11T03:59:36.236Z INFO [ServiceBusEventSubscriber] Using Managed Identity for Service Bus authentication {"namespace":"appraisal-mgmt-staging-servicebus.servicebus.windows.net"}
2026-03-11T03:59:36.249Z INFO [App] Property management routes configured

[90mstderr[2m | tests/comprehensive-crud.test.ts[2m > 
[22m[2mComprehensive CRUD API Tests[2m > [22m[2mOrder Management API[2m 
> [22m[2mshould validate required order fields
[22m[39m2026-03-11T03:59:36.230Z WARN [App] Azure Service Bus connection 
string not provided, using mock implementation

[90mstdout[2m | tests/comprehensive-crud.test.ts[2m > [22m[2mComprehensive CRUD API Tests[2m > [22m[2mOrder Management API[2m > [22m[2mshould validate required order fields
[22m[39m2026-03-11T03:59:36.310Z INFO [App] Vendor created successfully {"vendorId":"1773201576256-x03g4cs38"}

[90mstdout[2m | tests/comprehensive-crud.test.ts[2m > [22m[2mComprehensive CRUD API Tests[2m > [22m[2mOrder Management API[2m > [22m[2mshould validate required order fields
[22m[39m2026-03-11T03:59:36.311Z INFO [VendorController] Vendor created {"vendorId":"1773201576256-x03g4cs38"}

 [32mΓ£ô[39m tests/comprehensive-crud.test.ts[2m > [22mComprehensive CRUD API Tests[2m > [22mOrder Management API[2m > [22mshould create a new order[32m 284[2mms[22m[39m
[90mstdout[2m | tests/comprehensive-crud.test.ts[2m > [22m[2mComprehensive CRUD API Tests[2m > [22m[2mOrder Management API[2m > [22m[2mshould retrieve order by ID
[22m[39m2026-03-11T03:59:36.325Z INFO [App] AzureCommunicationService: using API key credential
2026-03-11T03:59:36.325Z INFO [App] AzureCommunicationService: using API key credential
Γ£à Axiom live mode ΓÇö https://axiom-dev-api.ambitioushill-a89e4aa0.eastus.azurecontainerapps.io (no auth ΓÇö dev server)
2026-03-11T03:59:36.326Z INFO [WebPubSubService] Using local emulator mode for Web PubSub
2026-03-11T03:59:36.326Z INFO [App] AzureCommunicationService: using API key credential
2026-03-11T03:59:36.326Z INFO [App] AzureCommunicationService: using API key credential
2026-03-11T03:59:36.326Z INFO [App] AzureCommunicationService: using API key credential
2026-03-11T03:59:36.327Z INFO [App] Teams service initialized with Managed Identity
2026-03-11T03:59:36.328Z INFO [ServiceBusEventPublisher] Using Managed Identity for Service Bus authentication {"namespace":"appraisal-mgmt-staging-servicebus.servicebus.windows.net"}
2026-03-11T03:59:36.329Z INFO [ServiceBusEventPublisher] Using Managed Identity for Service Bus authentication {"namespace":"appraisal-mgmt-staging-servicebus.servicebus.windows.net"}
2026-03-11T03:59:36.329Z INFO [ServiceBusEventSubscriber] Using Managed Identity for Service Bus authentication {"namespace":"appraisal-mgmt-staging-servicebus.servicebus.windows.net"}
2026-03-11T03:59:36.341Z INFO [App] Property management routes configured

[90mstderr[2m | tests/comprehensive-crud.test.ts[2m > 
[22m[2mComprehensive CRUD API Tests[2m > [22m[2mOrder Management API[2m 
> [22m[2mshould retrieve order by ID
[22m[39m2026-03-11T03:59:36.325Z WARN [App] Azure Service Bus connection 
string not provided, using mock implementation

[90mstdout[2m | tests/comprehensive-crud.test.ts[2m > [22m[2mComprehensive CRUD API Tests[2m > [22m[2mOrder Management API[2m > [22m[2mshould retrieve order by ID
[22m[39m2026-03-11T03:59:36.409Z INFO [App] Vendor created successfully {"vendorId":"1773201576357-fiyl8wtu5"}

[90mstdout[2m | tests/comprehensive-crud.test.ts[2m > [22m[2mComprehensive CRUD API Tests[2m > [22m[2mOrder Management API[2m > [22m[2mshould retrieve order by ID
[22m[39m2026-03-11T03:59:36.409Z INFO [VendorController] Vendor created {"vendorId":"1773201576357-fiyl8wtu5"}

 [32mΓ£ô[39m tests/comprehensive-crud.test.ts[2m > [22mComprehensive CRUD API Tests[2m > [22mOrder Management API[2m > [22mshould validate required order fields[32m 94[2mms[22m[39m
[90mstdout[2m | tests/comprehensive-crud.test.ts[2m > [22m[2mComprehensive CRUD API Tests[2m > [22m[2mOrder Management API[2m > [22m[2mshould retrieve order by ID
[22m[39m2026-03-11T03:59:36.465Z INFO [App] Order created successfully {"orderId":"1773201576419-raizc3uy0"}

[90mstdout[2m | tests/comprehensive-crud.test.ts[2m > [22m[2mComprehensive CRUD API Tests[2m > [22m[2mOrder Management API[2m > [22m[2mshould retrieve order by ID
[22m[39m2026-03-11T03:59:36.465Z INFO [App] Mock Service Bus: Event published {"topic":"order-events","eventType":"ORDER_CREATED","orderId":"1773201576419-raizc3uy0","timestamp":"2026-03-11T03:59:36.465Z"}
2026-03-11T03:59:36.466Z INFO [App] Order created event published {"orderId":"1773201576419-raizc3uy0"}

[90mstderr[2m | tests/comprehensive-crud.test.ts[2m > 
[22m[2mComprehensive CRUD API Tests[2m > [22m[2mOrder Management API[2m 
> [22m[2mshould retrieve order by ID
[22m[39m2026-03-11T03:59:36.465Z ERROR [App] Failed to create document in 
audit-trail {"error":{}}
2026-03-11T03:59:36.466Z ERROR [App] Failed to log audit event 
{"error":"Database not initialized","action":"order.created","resource":{"type"
:"order","id":"1773201576419-raizc3uy0"}}

[90mstdout[2m | tests/comprehensive-crud.test.ts[2m > [22m[2mComprehensive CRUD API Tests[2m > [22m[2mOrder Management API[2m > [22m[2mshould update order status
[22m[39m2026-03-11T03:59:36.533Z INFO [App] AzureCommunicationService: using API key credential
2026-03-11T03:59:36.534Z INFO [App] AzureCommunicationService: using API key credential
Γ£à Axiom live mode ΓÇö https://axiom-dev-api.ambitioushill-a89e4aa0.eastus.azurecontainerapps.io (no auth ΓÇö dev server)
2026-03-11T03:59:36.535Z INFO [WebPubSubService] Using local emulator mode for Web PubSub
2026-03-11T03:59:36.535Z INFO [App] AzureCommunicationService: using API key credential
2026-03-11T03:59:36.535Z INFO [App] AzureCommunicationService: using API key credential
2026-03-11T03:59:36.535Z INFO [App] AzureCommunicationService: using API key credential
2026-03-11T03:59:36.536Z INFO [App] Teams service initialized with Managed Identity
2026-03-11T03:59:36.537Z INFO [ServiceBusEventPublisher] Using Managed Identity for Service Bus authentication {"namespace":"appraisal-mgmt-staging-servicebus.servicebus.windows.net"}
2026-03-11T03:59:36.538Z INFO [ServiceBusEventPublisher] Using Managed Identity for Service Bus authentication {"namespace":"appraisal-mgmt-staging-servicebus.servicebus.windows.net"}
2026-03-11T03:59:36.539Z INFO [ServiceBusEventSubscriber] Using Managed Identity for Service Bus authentication {"namespace":"appraisal-mgmt-staging-servicebus.servicebus.windows.net"}
2026-03-11T03:59:36.552Z INFO [App] Property management routes configured

[90mstderr[2m | tests/comprehensive-crud.test.ts[2m > 
[22m[2mComprehensive CRUD API Tests[2m > [22m[2mOrder Management API[2m 
> [22m[2mshould update order status
[22m[39m2026-03-11T03:59:36.533Z WARN [App] Azure Service Bus connection 
string not provided, using mock implementation

 [32mΓ£ô[39m tests/comprehensive-crud.test.ts[2m > [22mComprehensive CRUD API Tests[2m > [22mOrder Management API[2m > [22mshould retrieve order by ID[32m 208[2mms[22m[39m
[90mstdout[2m | tests/comprehensive-crud.test.ts[2m > [22m[2mComprehensive CRUD API Tests[2m > [22m[2mOrder Management API[2m > [22m[2mshould update order status
[22m[39m2026-03-11T03:59:36.693Z INFO [App] Vendor created successfully {"vendorId":"1773201576559-xmr150a1y"}

[90mstdout[2m | tests/comprehensive-crud.test.ts[2m > [22m[2mComprehensive CRUD API Tests[2m > [22m[2mOrder Management API[2m > [22m[2mshould update order status
[22m[39m2026-03-11T03:59:36.694Z INFO [VendorController] Vendor created {"vendorId":"1773201576559-xmr150a1y"}

[90mstdout[2m | tests/integration/real-api-validation.test.ts[2m > [22m[2mReal API Validation Tests[2m > [22m[2mUS Census Bureau - Real API Verification[2m > [22m[2mshould fetch unique demographic data from live Census API
[22m[39m2026-03-11T03:59:36.695Z INFO [App] Census demographic analysis completed {"coordinates":{"latitude":40.7128,"longitude":-74.006},"score":56}

[90mstdout[2m | tests/integration/real-api-validation.test.ts[2m > [22m[2mReal API Validation Tests[2m > [22m[2mUS Census Bureau - Real API Verification[2m > [22m[2mshould fetch unique demographic data from live Census API
[22m[39m2026-03-11T03:59:36.696Z INFO [App] Request completed {"correlationId":"ccebe1da-c2c6-499a-815e-d8bd9dede1a8","method":"GET","url":"/api/property-intelligence/census/demographics?latitude=40.7128&longitude=-74.006","statusCode":200,"duration":"1036ms"}
2026-03-11T03:59:36.696Z INFO [App] Request completed {"correlationId":"ccebe1da-c2c6-499a-815e-d8bd9dede1a8","method":"GET","url":"/api/property-intelligence/census/demographics?latitude=40.7128&longitude=-74.006","statusCode":200,"duration":"1036ms"}

::ffff:127.0.0.1 - - [11/Mar/2026:03:59:36 +0000] "GET /api/property-intelligence/census/demographics?latitude=40.7128&longitude=-74.006 HTTP/1.1" 200 - "-" "-"
[90mstdout[2m | tests/integration/real-api-validation.test.ts[2m > [22m[2mReal API Validation Tests[2m > [22m[2mUS Census Bureau - Real API Verification[2m > [22m[2mshould fetch unique demographic data from live Census API
[22m[39mΓ£à Live US Census Bureau API validation successful

[90mstdout[2m | tests/integration/real-api-validation.test.ts[2m > [22m[2mReal API Validation Tests[2m > [22m[2mUS Census Bureau - Real API Verification[2m > [22m[2mshould fetch real economic data with current year indicators
[22m[39m2026-03-11T03:59:36.724Z INFO [App] Incoming request {"correlationId":"e54df3fe-9de4-4571-a230-445b339f5abd","method":"GET","url":"/api/property-intelligence/census/economics?latitude=34.0522&longitude=-118.2437","ip":"::ffff:127.0.0.1"}

[90mstdout[2m | tests/integration/real-api-validation.test.ts[2m > [22m[2mReal API Validation Tests[2m > [22m[2mUS Census Bureau - Real API Verification[2m > [22m[2mshould fetch real economic data with current year indicators
[22m[39m2026-03-11T03:59:36.729Z INFO [App] Census economics request received {"coordinates":{"latitude":34.0522,"longitude":-118.2437}}
2026-03-11T03:59:36.729Z INFO [App] Fetching Census economic intelligence {"coordinates":{"latitude":34.0522,"longitude":-118.2437}}

[90mstdout[2m | tests/integration/real-api-validation.test.ts[2m > [22m[2mReal API Validation Tests[2m > [22m[2mUS Census Bureau - Real API Verification[2m > [22m[2mshould fetch real economic data with current year indicators
[22m[39m2026-03-11T03:59:36.730Z INFO [App] Starting Census economic analysis {"coordinates":{"latitude":34.0522,"longitude":-118.2437}}

[90mstdout[2m | tests/comprehensive-crud.test.ts[2m > [22m[2mComprehensive CRUD API Tests[2m > [22m[2mOrder Management API[2m > [22m[2mshould update order status
[22m[39m2026-03-11T03:59:36.762Z INFO [App] Order created successfully {"orderId":"1773201576703-u8u8mvqdo"}

[90mstdout[2m | tests/comprehensive-crud.test.ts[2m > [22m[2mComprehensive CRUD API Tests[2m > [22m[2mOrder Management API[2m > [22m[2mshould update order status
[22m[39m2026-03-11T03:59:36.762Z INFO [App] Mock Service Bus: Event published {"topic":"order-events","eventType":"ORDER_CREATED","orderId":"1773201576703-u8u8mvqdo","timestamp":"2026-03-11T03:59:36.762Z"}
2026-03-11T03:59:36.763Z INFO [App] Order created event published {"orderId":"1773201576703-u8u8mvqdo"}

[90mstderr[2m | tests/comprehensive-crud.test.ts[2m > 
[22m[2mComprehensive CRUD API Tests[2m > [22m[2mOrder Management API[2m 
> [22m[2mshould update order status
[22m[39m2026-03-11T03:59:36.763Z ERROR [App] Failed to create document in 
audit-trail {"error":{}}
2026-03-11T03:59:36.763Z ERROR [App] Failed to log audit event 
{"error":"Database not initialized","action":"order.created","resource":{"type"
:"order","id":"1773201576703-u8u8mvqdo"}}

 [32mΓ£ô[39m tests/integration/real-api-validation.test.ts[2m > [22mReal API Validation Tests[2m > [22mUS Census Bureau - Real API Verification[2m > [22mshould fetch unique demographic data from live Census API[33m 1071[2mms[22m[39m
[90mstdout[2m | tests/comprehensive-crud.test.ts[2m > [22m[2mComprehensive CRUD API Tests[2m > [22m[2mOrder Management API[2m > [22m[2mshould update order status
[22m[39m2026-03-11T03:59:36.963Z INFO [App] Mock Service Bus: Event published {"topic":"order-events","eventType":"ORDER_STATUS_CHANGED","orderId":"1773201576703-u8u8mvqdo","timestamp":"2026-03-11T03:59:36.963Z"}
2026-03-11T03:59:36.964Z INFO [App] Order status changed event published {"orderId":"1773201576703-u8u8mvqdo","oldStatus":"NEW","newStatus":"PENDING_ASSIGNMENT"}

[90mstderr[2m | tests/comprehensive-crud.test.ts[2m > 
[22m[2mComprehensive CRUD API Tests[2m > [22m[2mOrder Management API[2m 
> [22m[2mshould update order status
[22m[39m2026-03-11T03:59:36.963Z ERROR [App] Failed to create document in 
audit-trail {"error":{}}
2026-03-11T03:59:36.965Z ERROR [App] Failed to log audit event 
{"error":"Database not initialized","action":"order.status_changed","resource":
{"type":"order","id":"1773201576703-u8u8mvqdo"}}

[90mstdout[2m | tests/comprehensive-crud.test.ts[2m > [22m[2mComprehensive CRUD API Tests[2m > [22m[2mOrder Management API[2m > [22m[2mshould assign vendor to order
[22m[39m2026-03-11T03:59:36.969Z INFO [App] AzureCommunicationService: using API key credential
2026-03-11T03:59:36.969Z INFO [App] AzureCommunicationService: using API key credential
Γ£à Axiom live mode ΓÇö https://axiom-dev-api.ambitioushill-a89e4aa0.eastus.azurecontainerapps.io (no auth ΓÇö dev server)
2026-03-11T03:59:36.970Z INFO [WebPubSubService] Using local emulator mode for Web PubSub
2026-03-11T03:59:36.970Z INFO [App] AzureCommunicationService: using API key credential
2026-03-11T03:59:36.971Z INFO [App] AzureCommunicationService: using API key credential
2026-03-11T03:59:36.971Z INFO [App] AzureCommunicationService: using API key credential
2026-03-11T03:59:36.972Z INFO [App] Teams service initialized with Managed Identity
2026-03-11T03:59:36.973Z INFO [ServiceBusEventPublisher] Using Managed Identity for Service Bus authentication {"namespace":"appraisal-mgmt-staging-servicebus.servicebus.windows.net"}
2026-03-11T03:59:36.974Z INFO [ServiceBusEventPublisher] Using Managed Identity for Service Bus authentication {"namespace":"appraisal-mgmt-staging-servicebus.servicebus.windows.net"}
2026-03-11T03:59:36.975Z INFO [ServiceBusEventSubscriber] Using Managed Identity for Service Bus authentication {"namespace":"appraisal-mgmt-staging-servicebus.servicebus.windows.net"}
2026-03-11T03:59:36.990Z INFO [App] Property management routes configured

[90mstderr[2m | tests/comprehensive-crud.test.ts[2m > 
[22m[2mComprehensive CRUD API Tests[2m > [22m[2mOrder Management API[2m 
> [22m[2mshould assign vendor to order
[22m[39m2026-03-11T03:59:36.968Z WARN [App] Azure Service Bus connection 
string not provided, using mock implementation

[90mstdout[2m | tests/comprehensive-crud.test.ts[2m > [22m[2mComprehensive CRUD API Tests[2m > [22m[2mOrder Management API[2m > [22m[2mshould assign vendor to order
[22m[39m2026-03-11T03:59:37.040Z INFO [App] Vendor created successfully {"vendorId":"1773201576998-zx2cmo9k6"}

[90mstdout[2m | tests/comprehensive-crud.test.ts[2m > [22m[2mComprehensive CRUD API Tests[2m > [22m[2mOrder Management API[2m > [22m[2mshould assign vendor to order
[22m[39m2026-03-11T03:59:37.040Z INFO [VendorController] Vendor created {"vendorId":"1773201576998-zx2cmo9k6"}

[90mstdout[2m | tests/comprehensive-crud.test.ts[2m > [22m[2mComprehensive CRUD API Tests[2m > [22m[2mOrder Management API[2m > [22m[2mshould assign vendor to order
[22m[39m2026-03-11T03:59:37.122Z INFO [App] Order created successfully {"orderId":"1773201577049-pauwcekja"}

[90mstdout[2m | tests/comprehensive-crud.test.ts[2m > [22m[2mComprehensive CRUD API Tests[2m > [22m[2mOrder Management API[2m > [22m[2mshould assign vendor to order
[22m[39m2026-03-11T03:59:37.123Z INFO [App] Mock Service Bus: Event published {"topic":"order-events","eventType":"ORDER_CREATED","orderId":"1773201577049-pauwcekja","timestamp":"2026-03-11T03:59:37.123Z"}
2026-03-11T03:59:37.124Z INFO [App] Order created event published {"orderId":"1773201577049-pauwcekja"}

[90mstderr[2m | tests/comprehensive-crud.test.ts[2m > 
[22m[2mComprehensive CRUD API Tests[2m > [22m[2mOrder Management API[2m 
> [22m[2mshould assign vendor to order
[22m[39m2026-03-11T03:59:37.123Z ERROR [App] Failed to create document in 
audit-trail {"error":{}}
2026-03-11T03:59:37.124Z ERROR [App] Failed to log audit event 
{"error":"Database not initialized","action":"order.created","resource":{"type"
:"order","id":"1773201577049-pauwcekja"}}

[90mstdout[2m | tests/comprehensive-crud.test.ts[2m > [22m[2mComprehensive CRUD API Tests[2m > [22m[2mOrder Management API[2m > [22m[2mshould assign vendor to order
[22m[39m2026-03-11T03:59:37.431Z INFO [App] Mock Service Bus: Event published {"topic":"order-events","eventType":"ORDER_STATUS_CHANGED","orderId":"1773201577049-pauwcekja","timestamp":"2026-03-11T03:59:37.431Z"}
2026-03-11T03:59:37.433Z INFO [App] Order status changed event published {"orderId":"1773201577049-pauwcekja","oldStatus":"NEW","newStatus":"ASSIGNED"}

[90mstderr[2m | tests/comprehensive-crud.test.ts[2m > 
[22m[2mComprehensive CRUD API Tests[2m > [22m[2mOrder Management API[2m 
> [22m[2mshould assign vendor to order
[22m[39m2026-03-11T03:59:37.431Z ERROR [App] Failed to create document in 
audit-trail {"error":{}}
2026-03-11T03:59:37.432Z ERROR [App] Failed to find vendor 
{"error":{},"id":"1773201576998-zx2cmo9k6"}
2026-03-11T03:59:37.433Z ERROR [App] Failed to log audit event 
{"error":"Database not initialized","action":"order.assigned","resource":{"type
":"order","id":"1773201577049-pauwcekja"}}
2026-03-11T03:59:37.433Z WARN [OrderNotificationService] Vendor not found for 
notification lookup 
{"vendorId":"1773201576998-zx2cmo9k6","orderId":"1773201577049-pauwcekja"}

[90mstderr[2m | tests/comprehensive-crud.test.ts[2m > 
[22m[2mComprehensive CRUD API Tests[2m > [22m[2mOrder Management API[2m 
> [22m[2mshould assign vendor to order
[22m[39m2026-03-11T03:59:37.476Z WARN [OrderNotificationService] Vendor has 
no email ΓÇö skipping assignment email 
{"orderId":"1773201577049-pauwcekja","vendorId":"1773201576998-zx2cmo9k6"}
2026-03-11T03:59:37.476Z WARN [OrderNotificationService] Vendor has no phone 
ΓÇö skipping assignment SMS 
{"orderId":"1773201577049-pauwcekja","vendorId":"1773201576998-zx2cmo9k6"}

[90mstdout[2m | tests/comprehensive-crud.test.ts[2m > [22m[2mComprehensive CRUD API Tests[2m > [22m[2mOrder Management API[2m > [22m[2mshould assign vendor to order
[22m[39m2026-03-11T03:59:37.477Z INFO [App] Sending Teams channel message {"teamId":"52666905-2a73-4055-874d-dafe2bf52349","channelId":"19:D3j8lYCeG39rvx8pGb0y01Tj0WReb2P9qZUzrHe7GN81@thread.tacv2","subject":"New Appraisal Assignment ΓÇö Order TEST-ORDER-001"}

 [32mΓ£ô[39m tests/comprehensive-crud.test.ts[2m > [22mComprehensive CRUD API Tests[2m > [22mOrder Management API[2m > [22mshould update order status[33m 435[2mms[22m[39m
[90mstdout[2m | tests/comprehensive-crud.test.ts[2m > [22m[2mComprehensive CRUD API Tests[2m > [22m[2mOrder Management API[2m > [22m[2mshould list orders with filtering
[22m[39m2026-03-11T03:59:37.488Z INFO [App] AzureCommunicationService: using API key credential
2026-03-11T03:59:37.489Z INFO [App] AzureCommunicationService: using API key credential
Γ£à Axiom live mode ΓÇö https://axiom-dev-api.ambitioushill-a89e4aa0.eastus.azurecontainerapps.io (no auth ΓÇö dev server)
2026-03-11T03:59:37.490Z INFO [WebPubSubService] Using local emulator mode for Web PubSub
2026-03-11T03:59:37.490Z INFO [App] AzureCommunicationService: using API key credential
2026-03-11T03:59:37.491Z INFO [App] AzureCommunicationService: using API key credential
2026-03-11T03:59:37.491Z INFO [App] AzureCommunicationService: using API key credential
2026-03-11T03:59:37.492Z INFO [App] Teams service initialized with Managed Identity
2026-03-11T03:59:37.494Z INFO [ServiceBusEventPublisher] Using Managed Identity for Service Bus authentication {"namespace":"appraisal-mgmt-staging-servicebus.servicebus.windows.net"}
2026-03-11T03:59:37.495Z INFO [ServiceBusEventPublisher] Using Managed Identity for Service Bus authentication {"namespace":"appraisal-mgmt-staging-servicebus.servicebus.windows.net"}
2026-03-11T03:59:37.495Z INFO [ServiceBusEventSubscriber] Using Managed Identity for Service Bus authentication {"namespace":"appraisal-mgmt-staging-servicebus.servicebus.windows.net"}
2026-03-11T03:59:37.506Z INFO [App] Property management routes configured

[90mstderr[2m | tests/comprehensive-crud.test.ts[2m > 
[22m[2mComprehensive CRUD API Tests[2m > [22m[2mOrder Management API[2m 
> [22m[2mshould list orders with filtering
[22m[39m2026-03-11T03:59:37.488Z WARN [App] Azure Service Bus connection 
string not provided, using mock implementation

[90mstdout[2m | tests/integration/real-api-validation.test.ts[2m > [22m[2mReal API Validation Tests[2m > [22m[2mUS Census Bureau - Real API Verification[2m > [22m[2mshould fetch real economic data with current year indicators
[22m[39m2026-03-11T03:59:37.546Z INFO [App] Census economic analysis completed {"coordinates":{"latitude":34.0522,"longitude":-118.2437},"score":43}

[90mstdout[2m | tests/integration/real-api-validation.test.ts[2m > [22m[2mReal API Validation Tests[2m > [22m[2mUS Census Bureau - Real API Verification[2m > [22m[2mshould fetch real economic data with current year indicators
[22m[39m2026-03-11T03:59:37.546Z INFO [App] Request completed {"correlationId":"e54df3fe-9de4-4571-a230-445b339f5abd","method":"GET","url":"/api/property-intelligence/census/economics?latitude=34.0522&longitude=-118.2437","statusCode":200,"duration":"823ms"}
2026-03-11T03:59:37.546Z INFO [App] Request completed {"correlationId":"e54df3fe-9de4-4571-a230-445b339f5abd","method":"GET","url":"/api/property-intelligence/census/economics?latitude=34.0522&longitude=-118.2437","statusCode":200,"duration":"823ms"}

::ffff:127.0.0.1 - - [11/Mar/2026:03:59:37 +0000] "GET /api/property-intelligence/census/economics?latitude=34.0522&longitude=-118.2437 HTTP/1.1" 200 - "-" "-"
[90mstdout[2m | tests/integration/real-api-validation.test.ts[2m > [22m[2mReal API Validation Tests[2m > [22m[2mUS Census Bureau - Real API Verification[2m > [22m[2mshould fetch real economic data with current year indicators
[22m[39mΓ£à Live Census economic data validation successful

[90mstdout[2m | tests/integration/real-api-validation.test.ts[2m > [22m[2mReal API Validation Tests[2m > [22m[2mFEMA Flood Data - Real API Verification[2m > [22m[2mshould fetch live FEMA flood zone data with real indicators
[22m[39m2026-03-11T03:59:37.561Z INFO [App] Incoming request {"correlationId":"d87268fc-2133-4d17-af6c-5c20787b638b","method":"POST","url":"/api/property-intelligence/analyze/comprehensive","ip":"::ffff:127.0.0.1"}

[90mstdout[2m | tests/integration/real-api-validation.test.ts[2m > [22m[2mReal API Validation Tests[2m > [22m[2mFEMA Flood Data - Real API Verification[2m > [22m[2mshould fetch live FEMA flood zone data with real indicators
[22m[39m2026-03-11T03:59:37.565Z INFO [App] Starting comprehensive property analysis {"coordinates":{"latitude":29.7604,"longitude":-95.3698},"strategy":"quality_first"}

[90mstderr[2m | tests/integration/real-api-validation.test.ts[2m > 
[22m[2mReal API Validation Tests[2m > [22m[2mFEMA Flood Data - Real API 
Verification[2m > [22m[2mshould fetch live FEMA flood zone data with real 
indicators
[22m[39m2026-03-11T03:59:37.567Z ERROR [App] Azure Maps analysis failed {"err
or":{},"coordinates":{"latitude":29.7604,"longitude":-95.3698},"analysisType":"
demographics"}

[90mstdout[2m | tests/integration/real-api-validation.test.ts[2m > [22m[2mReal API Validation Tests[2m > [22m[2mFEMA Flood Data - Real API Verification[2m > [22m[2mshould fetch live FEMA flood zone data with real indicators
[22m[39m2026-03-11T03:59:37.566Z INFO [App] Starting comprehensive property analysis {"coordinates":{"latitude":29.7604,"longitude":-95.3698},"strategy":"quality_first","enabledProviders":["google","azure","openstreetmap"]}

[90mstderr[2m | tests/integration/real-api-validation.test.ts[2m > 
[22m[2mReal API Validation Tests[2m > [22m[2mFEMA Flood Data - Real API 
Verification[2m > [22m[2mshould fetch live FEMA flood zone data with real 
indicators
[22m[39m2026-03-11T03:59:37.567Z ERROR [App] Provider azure failed for 
demographics {"error":{}}

[90mstderr[2m | tests/integration/real-api-validation.test.ts[2m > 
[22m[2mReal API Validation Tests[2m > [22m[2mFEMA Flood Data - Real API 
Verification[2m > [22m[2mshould fetch live FEMA flood zone data with real 
indicators
[22m[39m2026-03-11T03:59:37.568Z WARN [App] Analysis step 1 failed 
{"error":{}}
2026-03-11T03:59:37.568Z WARN [App] Analysis step 2 failed {"error":{}}
2026-03-11T03:59:37.568Z WARN [App] Analysis step 3 failed {"error":{}}
2026-03-11T03:59:37.568Z WARN [App] Analysis step 4 failed {"error":{}}
2026-03-11T03:59:37.568Z WARN [App] Analysis step 5 failed {"error":{}}

[90mstdout[2m | tests/integration/real-api-validation.test.ts[2m > [22m[2mReal API Validation Tests[2m > [22m[2mFEMA Flood Data - Real API Verification[2m > [22m[2mshould fetch live FEMA flood zone data with real indicators
[22m[39m2026-03-11T03:59:37.569Z INFO [App] Request completed {"correlationId":"d87268fc-2133-4d17-af6c-5c20787b638b","method":"POST","url":"/api/property-intelligence/analyze/comprehensive","statusCode":200,"duration":"8ms"}
2026-03-11T03:59:37.569Z INFO [App] Request completed {"correlationId":"d87268fc-2133-4d17-af6c-5c20787b638b","method":"POST","url":"/api/property-intelligence/analyze/comprehensive","statusCode":200,"duration":"8ms"}

::ffff:127.0.0.1 - - [11/Mar/2026:03:59:37 +0000] "POST /api/property-intelligence/analyze/comprehensive HTTP/1.1" 200 - "-" "-"
[90mstdout[2m | tests/integration/real-api-validation.test.ts[2m > [22m[2mReal API Validation Tests[2m > [22m[2mFEMA Flood Data - Real API Verification[2m > [22m[2mshould fetch live FEMA flood zone data with real indicators
[22m[39m≡ƒîè Live FEMA Data for Houston (Flood Zone):
Γ£à Live FEMA flood data validation successful

 [32mΓ£ô[39m tests/comprehensive-crud.test.ts[2m > [22mComprehensive CRUD API Tests[2m > [22mOrder Management API[2m > [22mshould assign vendor to order[33m 519[2mms[22m[39m
[90mstdout[2m | tests/integration/real-api-validation.test.ts[2m > [22m[2mReal API Validation Tests[2m > [22m[2mFEMA Flood Data - Real API Verification[2m > [22m[2mshould get unique FEMA data for different coordinates
[22m[39m2026-03-11T03:59:37.590Z INFO [App] Incoming request {"correlationId":"0b56e467-fbdb-4c54-b2df-35dee2b96a22","method":"POST","url":"/api/property-intelligence/analyze/comprehensive","ip":"::ffff:127.0.0.1"}

[90mstdout[2m | tests/integration/real-api-validation.test.ts[2m > [22m[2mReal API Validation Tests[2m > [22m[2mFEMA Flood Data - Real API Verification[2m > [22m[2mshould get unique FEMA data for different coordinates
[22m[39m2026-03-11T03:59:37.595Z INFO [App] Starting comprehensive property analysis {"coordinates":{"latitude":29.7604,"longitude":-95.3698},"strategy":"quality_first"}

[90mstdout[2m | tests/integration/real-api-validation.test.ts[2m > [22m[2mReal API Validation Tests[2m > [22m[2mFEMA Flood Data - Real API Verification[2m > [22m[2mshould get unique FEMA data for different coordinates
[22m[39m2026-03-11T03:59:37.595Z INFO [App] Request completed {"correlationId":"0b56e467-fbdb-4c54-b2df-35dee2b96a22","method":"POST","url":"/api/property-intelligence/analyze/comprehensive","statusCode":200,"duration":"5ms"}
2026-03-11T03:59:37.596Z INFO [App] Request completed {"correlationId":"0b56e467-fbdb-4c54-b2df-35dee2b96a22","method":"POST","url":"/api/property-intelligence/analyze/comprehensive","statusCode":200,"duration":"6ms"}

[90mstdout[2m | tests/integration/real-api-validation.test.ts[2m > [22m[2mReal API Validation Tests[2m > [22m[2mFEMA Flood Data - Real API Verification[2m > [22m[2mshould get unique FEMA data for different coordinates
[22m[39m2026-03-11T03:59:37.598Z INFO [App] Incoming request {"correlationId":"be7855b1-1927-4ad0-b33d-b9593f49c020","method":"POST","url":"/api/property-intelligence/analyze/comprehensive","ip":"::ffff:127.0.0.1"}

[90mstdout[2m | tests/comprehensive-crud.test.ts[2m > [22m[2mComprehensive CRUD API Tests[2m > [22m[2mOrder Management API[2m > [22m[2mshould list orders with filtering
[22m[39m2026-03-11T03:59:37.600Z INFO [App] Vendor created successfully {"vendorId":"1773201577541-okh4e000z"}

[90mstdout[2m | tests/comprehensive-crud.test.ts[2m > [22m[2mComprehensive CRUD API Tests[2m > [22m[2mOrder Management API[2m > [22m[2mshould list orders with filtering
[22m[39m2026-03-11T03:59:37.600Z INFO [VendorController] Vendor created {"vendorId":"1773201577541-okh4e000z"}

[90mstdout[2m | tests/integration/real-api-validation.test.ts[2m > [22m[2mReal API Validation Tests[2m > [22m[2mFEMA Flood Data - Real API Verification[2m > [22m[2mshould get unique FEMA data for different coordinates
[22m[39m2026-03-11T03:59:37.604Z INFO [App] Starting comprehensive property analysis {"coordinates":{"latitude":37.4224764,"longitude":-122.0842499},"strategy":"quality_first"}

[90mstderr[2m | tests/integration/real-api-validation.test.ts[2m > 
[22m[2mReal API Validation Tests[2m > [22m[2mFEMA Flood Data - Real API 
Verification[2m > [22m[2mshould get unique FEMA data for different 
coordinates
[22m[39m2026-03-11T03:59:37.606Z ERROR [App] Azure Maps analysis failed {"err
or":{},"coordinates":{"latitude":37.4224764,"longitude":-122.0842499},"analysis
Type":"demographics"}

[90mstdout[2m | tests/integration/real-api-validation.test.ts[2m > [22m[2mReal API Validation Tests[2m > [22m[2mFEMA Flood Data - Real API Verification[2m > [22m[2mshould get unique FEMA data for different coordinates
[22m[39m2026-03-11T03:59:37.605Z INFO [App] Starting comprehensive property analysis {"coordinates":{"latitude":37.4224764,"longitude":-122.0842499},"strategy":"quality_first","enabledProviders":["google","azure","openstreetmap"]}

[90mstderr[2m | tests/integration/real-api-validation.test.ts[2m > 
[22m[2mReal API Validation Tests[2m > [22m[2mFEMA Flood Data - Real API 
Verification[2m > [22m[2mshould get unique FEMA data for different 
coordinates
[22m[39m2026-03-11T03:59:37.607Z ERROR [App] Provider azure failed for 
demographics {"error":{}}

[90mstderr[2m | tests/integration/real-api-validation.test.ts[2m > 
[22m[2mReal API Validation Tests[2m > [22m[2mFEMA Flood Data - Real API 
Verification[2m > [22m[2mshould get unique FEMA data for different 
coordinates
[22m[39m2026-03-11T03:59:37.607Z WARN [App] Analysis step 1 failed 
{"error":{}}
2026-03-11T03:59:37.607Z WARN [App] Analysis step 2 failed {"error":{}}
2026-03-11T03:59:37.607Z WARN [App] Analysis step 3 failed {"error":{}}
2026-03-11T03:59:37.607Z WARN [App] Analysis step 4 failed {"error":{}}
2026-03-11T03:59:37.607Z WARN [App] Analysis step 5 failed {"error":{}}

[90mstdout[2m | tests/integration/real-api-validation.test.ts[2m > [22m[2mReal API Validation Tests[2m > [22m[2mFEMA Flood Data - Real API Verification[2m > [22m[2mshould get unique FEMA data for different coordinates
[22m[39m2026-03-11T03:59:37.608Z INFO [App] Request completed {"correlationId":"be7855b1-1927-4ad0-b33d-b9593f49c020","method":"POST","url":"/api/property-intelligence/analyze/comprehensive","statusCode":200,"duration":"10ms"}
2026-03-11T03:59:37.608Z INFO [App] Request completed {"correlationId":"be7855b1-1927-4ad0-b33d-b9593f49c020","method":"POST","url":"/api/property-intelligence/analyze/comprehensive","statusCode":200,"duration":"10ms"}

::ffff:127.0.0.1 - - [11/Mar/2026:03:59:37 +0000] "POST /api/property-intelligence/analyze/comprehensive HTTP/1.1" 200 - "-" "-"
::ffff:127.0.0.1 - - [11/Mar/2026:03:59:37 +0000] "POST /api/property-intelligence/analyze/comprehensive HTTP/1.1" 200 - "-" "-"
[90mstdout[2m | tests/integration/real-api-validation.test.ts[2m > [22m[2mReal API Validation Tests[2m > [22m[2mFEMA Flood Data - Real API Verification[2m > [22m[2mshould get unique FEMA data for different coordinates
[22m[39m≡ƒöì Comparing flood data: Houston (Flood Zone) vs Google HQ
Γ£à Geographic variation validation successful

[90mstdout[2m | tests/integration/real-api-validation.test.ts[2m > [22m[2mReal API Validation Tests[2m > [22m[2mAddress Services - Real API Verification[2m > [22m[2mshould validate real addresses with live geocoding APIs
[22m[39m2026-03-11T03:59:37.630Z INFO [App] Incoming request {"correlationId":"4b07bea5-cf05-45dd-93a3-ae709908c365","method":"POST","url":"/api/property-intelligence/address/validate","ip":"::ffff:127.0.0.1"}

[90mstdout[2m | tests/comprehensive-crud.test.ts[2m > [22m[2mComprehensive CRUD API Tests[2m > [22m[2mOrder Management API[2m > [22m[2mshould list orders with filtering
[22m[39m2026-03-11T03:59:37.656Z INFO [App] Order created successfully {"orderId":"1773201577608-uc9ibhomc"}

[90mstdout[2m | tests/comprehensive-crud.test.ts[2m > [22m[2mComprehensive CRUD API Tests[2m > [22m[2mOrder Management API[2m > [22m[2mshould list orders with filtering
[22m[39m2026-03-11T03:59:37.656Z INFO [App] Mock Service Bus: Event published {"topic":"order-events","eventType":"ORDER_CREATED","orderId":"1773201577608-uc9ibhomc","timestamp":"2026-03-11T03:59:37.656Z"}
2026-03-11T03:59:37.657Z INFO [App] Order created event published {"orderId":"1773201577608-uc9ibhomc"}

[90mstderr[2m | tests/comprehensive-crud.test.ts[2m > 
[22m[2mComprehensive CRUD API Tests[2m > [22m[2mOrder Management API[2m 
> [22m[2mshould list orders with filtering
[22m[39m2026-03-11T03:59:37.656Z ERROR [App] Failed to create document in 
audit-trail {"error":{}}
2026-03-11T03:59:37.657Z ERROR [App] Failed to log audit event 
{"error":"Database not initialized","action":"order.created","resource":{"type"
:"order","id":"1773201577608-uc9ibhomc"}}

[90mstdout[2m | tests/comprehensive-crud.test.ts[2m > [22m[2mComprehensive CRUD API Tests[2m > [22m[2mOrder Management API[2m > [22m[2mshould list orders with filtering
[22m[39m2026-03-11T03:59:37.724Z INFO [App] Order created successfully {"orderId":"1773201577664-izdj1qi95"}

[90mstdout[2m | tests/comprehensive-crud.test.ts[2m > [22m[2mComprehensive CRUD API Tests[2m > [22m[2mOrder Management API[2m > [22m[2mshould list orders with filtering
[22m[39m2026-03-11T03:59:37.724Z INFO [App] Mock Service Bus: Event published {"topic":"order-events","eventType":"ORDER_CREATED","orderId":"1773201577664-izdj1qi95","timestamp":"2026-03-11T03:59:37.724Z"}
2026-03-11T03:59:37.725Z INFO [App] Order created event published {"orderId":"1773201577664-izdj1qi95"}

[90mstderr[2m | tests/comprehensive-crud.test.ts[2m > 
[22m[2mComprehensive CRUD API Tests[2m > [22m[2mOrder Management API[2m 
> [22m[2mshould list orders with filtering
[22m[39m2026-03-11T03:59:37.724Z ERROR [App] Failed to create document in 
audit-trail {"error":{}}
2026-03-11T03:59:37.725Z ERROR [App] Failed to log audit event 
{"error":"Database not initialized","action":"order.created","resource":{"type"
:"order","id":"1773201577664-izdj1qi95"}}

[90mstdout[2m | tests/integration/real-api-validation.test.ts[2m > [22m[2mReal API Validation Tests[2m > [22m[2mAddress Services - Real API Verification[2m > [22m[2mshould validate real addresses with live geocoding APIs
[22m[39m2026-03-11T03:59:37.919Z INFO [App] Request completed {"correlationId":"4b07bea5-cf05-45dd-93a3-ae709908c365","method":"POST","url":"/api/property-intelligence/address/validate","statusCode":200,"duration":"289ms"}
2026-03-11T03:59:37.919Z INFO [App] Request completed {"correlationId":"4b07bea5-cf05-45dd-93a3-ae709908c365","method":"POST","url":"/api/property-intelligence/address/validate","statusCode":200,"duration":"289ms"}

::ffff:127.0.0.1 - - [11/Mar/2026:03:59:37 +0000] "POST /api/property-intelligence/address/validate HTTP/1.1" 200 642 "-" "-"
[90mstdout[2m | tests/integration/real-api-validation.test.ts[2m > [22m[2mReal API Validation Tests[2m > [22m[2mAddress Services - Real API Verification[2m > [22m[2mshould validate real addresses with live geocoding APIs
[22m[39m≡ƒôì Live Address Validation: 1600 Amphitheatre Parkway, Mountain View, CA 94043
   Γ£à Standardized: [object Object]

[90mstdout[2m | tests/integration/real-api-validation.test.ts[2m > [22m[2mReal API Validation Tests[2m > [22m[2mAddress Services - Real API Verification[2m > [22m[2mshould validate real addresses with live geocoding APIs
[22m[39m2026-03-11T03:59:37.928Z INFO [App] Incoming request {"correlationId":"936e76e8-f1c6-4429-9901-5905fe452556","method":"POST","url":"/api/property-intelligence/address/validate","ip":"::ffff:127.0.0.1"}

[90mstdout[2m | tests/comprehensive-crud.test.ts[2m > [22m[2mComprehensive CRUD API Tests[2m > [22m[2mOrder Management API[2m > [22m[2mshould search orders
[22m[39m2026-03-11T03:59:37.974Z INFO [App] AzureCommunicationService: using API key credential
2026-03-11T03:59:37.975Z INFO [App] AzureCommunicationService: using API key credential
Γ£à Axiom live mode ΓÇö https://axiom-dev-api.ambitioushill-a89e4aa0.eastus.azurecontainerapps.io (no auth ΓÇö dev server)
2026-03-11T03:59:37.975Z INFO [WebPubSubService] Using local emulator mode for Web PubSub
2026-03-11T03:59:37.975Z INFO [App] AzureCommunicationService: using API key credential
2026-03-11T03:59:37.976Z INFO [App] AzureCommunicationService: using API key credential
2026-03-11T03:59:37.976Z INFO [App] AzureCommunicationService: using API key credential
2026-03-11T03:59:37.977Z INFO [App] Teams service initialized with Managed Identity
2026-03-11T03:59:37.977Z INFO [ServiceBusEventPublisher] Using Managed Identity for Service Bus authentication {"namespace":"appraisal-mgmt-staging-servicebus.servicebus.windows.net"}
2026-03-11T03:59:37.978Z INFO [ServiceBusEventPublisher] Using Managed Identity for Service Bus authentication {"namespace":"appraisal-mgmt-staging-servicebus.servicebus.windows.net"}
2026-03-11T03:59:37.979Z INFO [ServiceBusEventSubscriber] Using Managed Identity for Service Bus authentication {"namespace":"appraisal-mgmt-staging-servicebus.servicebus.windows.net"}
2026-03-11T03:59:37.990Z INFO [App] Property management routes configured

[90mstderr[2m | tests/comprehensive-crud.test.ts[2m > 
[22m[2mComprehensive CRUD API Tests[2m > [22m[2mOrder Management API[2m 
> [22m[2mshould search orders
[22m[39m2026-03-11T03:59:37.974Z WARN [App] Azure Service Bus connection 
string not provided, using mock implementation

[90mstdout[2m | tests/comprehensive-crud.test.ts[2m > [22m[2mComprehensive CRUD API Tests[2m > [22m[2mOrder Management API[2m > [22m[2mshould search orders
[22m[39m2026-03-11T03:59:38.048Z INFO [App] Vendor created successfully {"vendorId":"1773201577999-6612r1ud4"}

[90mstdout[2m | tests/comprehensive-crud.test.ts[2m > [22m[2mComprehensive CRUD API Tests[2m > [22m[2mOrder Management API[2m > [22m[2mshould search orders
[22m[39m2026-03-11T03:59:38.049Z INFO [VendorController] Vendor created {"vendorId":"1773201577999-6612r1ud4"}

 [32mΓ£ô[39m tests/comprehensive-crud.test.ts[2m > [22mComprehensive CRUD API Tests[2m > [22mOrder Management API[2m > [22mshould list orders with filtering[33m 487[2mms[22m[39m
[90mstdout[2m | tests/integration/real-api-validation.test.ts[2m > [22m[2mReal API Validation Tests[2m > [22m[2mAddress Services - Real API Verification[2m > [22m[2mshould validate real addresses with live geocoding APIs
[22m[39m2026-03-11T03:59:38.077Z INFO [App] Request completed {"correlationId":"936e76e8-f1c6-4429-9901-5905fe452556","method":"POST","url":"/api/property-intelligence/address/validate","statusCode":200,"duration":"149ms"}
2026-03-11T03:59:38.078Z INFO [App] Request completed {"correlationId":"936e76e8-f1c6-4429-9901-5905fe452556","method":"POST","url":"/api/property-intelligence/address/validate","statusCode":200,"duration":"150ms"}

::ffff:127.0.0.1 - - [11/Mar/2026:03:59:38 +0000] "POST /api/property-intelligence/address/validate HTTP/1.1" 200 570 "-" "-"
[90mstdout[2m | tests/integration/real-api-validation.test.ts[2m > [22m[2mReal API Validation Tests[2m > [22m[2mAddress Services - Real API Verification[2m > [22m[2mshould validate real addresses with live geocoding APIs
[22m[39m≡ƒôì Live Address Validation: 1 Microsoft Way, Redmond, WA 98052
   Γ£à Standardized: [object Object]

[90mstdout[2m | tests/integration/real-api-validation.test.ts[2m > [22m[2mReal API Validation Tests[2m > [22m[2mAddress Services - Real API Verification[2m > [22m[2mshould validate real addresses with live geocoding APIs
[22m[39m2026-03-11T03:59:38.091Z INFO [App] Incoming request {"correlationId":"ded02979-0c8c-4887-a949-a4188b4f4154","method":"POST","url":"/api/property-intelligence/address/validate","ip":"::ffff:127.0.0.1"}

[90mstdout[2m | tests/comprehensive-crud.test.ts[2m > [22m[2mComprehensive CRUD API Tests[2m > [22m[2mOrder Management API[2m > [22m[2mshould search orders
[22m[39m2026-03-11T03:59:38.102Z INFO [App] Order created successfully {"orderId":"1773201578056-83x3va6um"}

[90mstdout[2m | tests/comprehensive-crud.test.ts[2m > [22m[2mComprehensive CRUD API Tests[2m > [22m[2mOrder Management API[2m > [22m[2mshould search orders
[22m[39m2026-03-11T03:59:38.102Z INFO [App] Mock Service Bus: Event published {"topic":"order-events","eventType":"ORDER_CREATED","orderId":"1773201578056-83x3va6um","timestamp":"2026-03-11T03:59:38.102Z"}
2026-03-11T03:59:38.103Z INFO [App] Order created event published {"orderId":"1773201578056-83x3va6um"}

[90mstderr[2m | tests/comprehensive-crud.test.ts[2m > 
[22m[2mComprehensive CRUD API Tests[2m > [22m[2mOrder Management API[2m 
> [22m[2mshould search orders
[22m[39m2026-03-11T03:59:38.102Z ERROR [App] Failed to create document in 
audit-trail {"error":{}}
2026-03-11T03:59:38.103Z ERROR [App] Failed to log audit event 
{"error":"Database not initialized","action":"order.created","resource":{"type"
:"order","id":"1773201578056-83x3va6um"}}

[90mstdout[2m | tests/comprehensive-crud.test.ts[2m > [22m[2mComprehensive CRUD API Tests[2m > [22m[2mOrder Management API[2m > [22m[2mshould search orders
[22m[39m2026-03-11T03:59:38.113Z INFO [App] Executing query on orders {"query":"SELECT VALUE COUNT(1) FROM c WHERE c.id != null AND ARRAY_CONTAINS(@productTypeList, c.productType)","parameters":[{"name":"@productTypeList","value":["full_appraisal"]}]}

[90mstdout[2m | tests/comprehensive-crud.test.ts[2m > [22m[2mComprehensive CRUD API Tests[2m > [22m[2mOrder Management API[2m > [22m[2mshould search orders
[22m[39m2026-03-11T03:59:38.205Z INFO [App] Query returned 1 results

[90mstdout[2m | tests/comprehensive-crud.test.ts[2m > [22m[2mComprehensive CRUD API Tests[2m > [22m[2mOrder Management API[2m > [22m[2mshould search orders
[22m[39m2026-03-11T03:59:38.206Z INFO [App] Executing query on orders {"query":"SELECT * FROM c WHERE c.id != null AND ARRAY_CONTAINS(@productTypeList, c.productType) ORDER BY c.createdAt DESC OFFSET 0 LIMIT 50","parameters":[{"name":"@productTypeList","value":["full_appraisal"]}]}

[90mstdout[2m | tests/integration/real-api-validation.test.ts[2m > [22m[2mReal API Validation Tests[2m > [22m[2mAddress Services - Real API Verification[2m > [22m[2mshould validate real addresses with live geocoding APIs
[22m[39m2026-03-11T03:59:38.266Z INFO [App] Request completed {"correlationId":"ded02979-0c8c-4887-a949-a4188b4f4154","method":"POST","url":"/api/property-intelligence/address/validate","statusCode":200,"duration":"175ms"}
2026-03-11T03:59:38.266Z INFO [App] Request completed {"correlationId":"ded02979-0c8c-4887-a949-a4188b4f4154","method":"POST","url":"/api/property-intelligence/address/validate","statusCode":200,"duration":"175ms"}

::ffff:127.0.0.1 - - [11/Mar/2026:03:59:38 +0000] "POST /api/property-intelligence/address/validate HTTP/1.1" 200 584 "-" "-"
[90mstdout[2m | tests/integration/real-api-validation.test.ts[2m > [22m[2mReal API Validation Tests[2m > [22m[2mAddress Services - Real API Verification[2m > [22m[2mshould validate real addresses with live geocoding APIs
[22m[39m≡ƒôì Live Address Validation: 410 Terry Ave N, Seattle, WA 98109
   Γ£à Standardized: [object Object]
Γ£à Live address validation successful

 [32mΓ£ô[39m tests/integration/real-api-validation.test.ts[2m > [22mReal API Validation Tests[2m > [22mUS Census Bureau - Real API Verification[2m > [22mshould fetch real economic data with current year indicators[33m 838[2mms[22m[39m
 [32mΓ£ô[39m tests/integration/real-api-validation.test.ts[2m > [22mReal API Validation Tests[2m > [22mFEMA Flood Data - Real API Verification[2m > [22mshould fetch live FEMA flood zone data with real indicators[32m 22[2mms[22m[39m
 [32mΓ£ô[39m tests/integration/real-api-validation.test.ts[2m > [22mReal API Validation Tests[2m > [22mFEMA Flood Data - Real API Verification[2m > [22mshould get unique FEMA data for different coordinates[32m 47[2mms[22m[39m
[90mstdout[2m | tests/integration/real-api-validation.test.ts[2m > [22m[2mReal API Validation Tests[2m > [22m[2mLive API Performance and Freshness[2m > [22m[2mshould demonstrate API response time variations (proves live calls)
[22m[39m2026-03-11T03:59:38.282Z INFO [App] Incoming request {"correlationId":"cc5d8b10-dd18-48f0-8747-9dc6c5e0083c","method":"GET","url":"/api/property-intelligence/census/demographics?latitude=37.4224764&longitude=-122.0842499","ip":"::ffff:127.0.0.1"}

[90mstdout[2m | tests/integration/real-api-validation.test.ts[2m > [22m[2mReal API Validation Tests[2m > [22m[2mLive API Performance and Freshness[2m > [22m[2mshould demonstrate API response time variations (proves live calls)
[22m[39m2026-03-11T03:59:38.286Z INFO [App] Census demographics request received {"coordinates":{"latitude":37.4224764,"longitude":-122.0842499}}
2026-03-11T03:59:38.287Z INFO [App] Fetching Census demographic intelligence {"coordinates":{"latitude":37.4224764,"longitude":-122.0842499}}

[90mstdout[2m | tests/integration/real-api-validation.test.ts[2m > [22m[2mReal API Validation Tests[2m > [22m[2mLive API Performance and Freshness[2m > [22m[2mshould demonstrate API response time variations (proves live calls)
[22m[39m2026-03-11T03:59:38.287Z INFO [App] Starting Census demographic analysis {"coordinates":{"latitude":37.4224764,"longitude":-122.0842499}}

 [32mΓ£ô[39m tests/integration/real-api-validation.test.ts[2m > [22mReal API Validation Tests[2m > [22mAddress Services - Real API Verification[2m > [22mshould validate real addresses with live geocoding APIs[33m 649[2mms[22m[39m
[90mstdout[2m | tests/comprehensive-crud.test.ts[2m > [22m[2mComprehensive CRUD API Tests[2m > [22m[2mOrder Management API[2m > [22m[2mshould search orders
[22m[39m2026-03-11T03:59:38.493Z INFO [App] Query returned 50 results

[90mstdout[2m | tests/comprehensive-crud.test.ts[2m > [22m[2mComprehensive CRUD API Tests[2m > [22m[2mIntegration Tests[2m > [22m[2mshould handle complete order workflow
[22m[39m2026-03-11T03:59:38.499Z INFO [App] AzureCommunicationService: using API key credential
2026-03-11T03:59:38.499Z INFO [App] AzureCommunicationService: using API key credential
Γ£à Axiom live mode ΓÇö https://axiom-dev-api.ambitioushill-a89e4aa0.eastus.azurecontainerapps.io (no auth ΓÇö dev server)
2026-03-11T03:59:38.500Z INFO [WebPubSubService] Using local emulator mode for Web PubSub
2026-03-11T03:59:38.500Z INFO [App] AzureCommunicationService: using API key credential
2026-03-11T03:59:38.500Z INFO [App] AzureCommunicationService: using API key credential
2026-03-11T03:59:38.500Z INFO [App] AzureCommunicationService: using API key credential
2026-03-11T03:59:38.500Z INFO [App] Teams service initialized with Managed Identity
2026-03-11T03:59:38.501Z INFO [ServiceBusEventPublisher] Using Managed Identity for Service Bus authentication {"namespace":"appraisal-mgmt-staging-servicebus.servicebus.windows.net"}
2026-03-11T03:59:38.501Z INFO [ServiceBusEventPublisher] Using Managed Identity for Service Bus authentication {"namespace":"appraisal-mgmt-staging-servicebus.servicebus.windows.net"}
2026-03-11T03:59:38.502Z INFO [ServiceBusEventSubscriber] Using Managed Identity for Service Bus authentication {"namespace":"appraisal-mgmt-staging-servicebus.servicebus.windows.net"}
2026-03-11T03:59:38.515Z INFO [App] Property management routes configured

[90mstderr[2m | tests/comprehensive-crud.test.ts[2m > 
[22m[2mComprehensive CRUD API Tests[2m > [22m[2mIntegration Tests[2m > 
[22m[2mshould handle complete order workflow
[22m[39m2026-03-11T03:59:38.499Z WARN [App] Azure Service Bus connection 
string not provided, using mock implementation

[90mstdout[2m | tests/comprehensive-crud.test.ts[2m > [22m[2mComprehensive CRUD API Tests[2m > [22m[2mIntegration Tests[2m > [22m[2mshould handle complete order workflow
[22m[39m2026-03-11T03:59:38.521Z INFO [App] Creating new property {"body":{"address":{"streetAddress":"123 Integration Test St","city":"San Francisco","state":"CA","zipCode":"94101","county":"San Francisco"},"details":{"propertyType":"single_family_residential","occupancy":"owner_occupied","yearBuilt":2020,"grossLivingArea":2500,"bedrooms":3,"bathrooms":2,"features":["modern kitchen"]}}}
2026-03-11T03:59:38.521Z INFO [App] Creating new property {"address":"123 Integration Test St, San Francisco","propertyType":"single_family_residential"}

[90mstdout[2m | tests/comprehensive-crud.test.ts[2m > [22m[2mComprehensive CRUD API Tests[2m > [22m[2mIntegration Tests[2m > [22m[2mshould handle complete order workflow
[22m[39m2026-03-11T03:59:38.522Z INFO [App] Property created successfully {"propertyId":"prop_1773201578521_fzrnd0qse"}

[90mstdout[2m | tests/comprehensive-crud.test.ts[2m > [22m[2mComprehensive CRUD API Tests[2m > [22m[2mIntegration Tests[2m > [22m[2mshould handle complete order workflow
[22m[39m2026-03-11T03:59:38.522Z INFO [App] Property created successfully {"propertyId":"prop_1773201578521_fzrnd0qse"}

[90mstdout[2m | tests/comprehensive-crud.test.ts[2m > [22m[2mComprehensive CRUD API Tests[2m > [22m[2mIntegration Tests[2m > [22m[2mshould handle complete order workflow
[22m[39m2026-03-11T03:59:38.580Z INFO [App] Vendor created successfully {"vendorId":"1773201578530-oc598v3xd"}

[90mstdout[2m | tests/comprehensive-crud.test.ts[2m > [22m[2mComprehensive CRUD API Tests[2m > [22m[2mIntegration Tests[2m > [22m[2mshould handle complete order workflow
[22m[39m2026-03-11T03:59:38.580Z INFO [VendorController] Vendor created {"vendorId":"1773201578530-oc598v3xd"}

 [32mΓ£ô[39m tests/comprehensive-crud.test.ts[2m > [22mComprehensive CRUD API Tests[2m > [22mOrder Management API[2m > [22mshould search orders[33m 524[2mms[22m[39m
[90mstdout[2m | tests/comprehensive-crud.test.ts[2m > [22m[2mComprehensive CRUD API Tests[2m > [22m[2mIntegration Tests[2m > [22m[2mshould handle complete order workflow
[22m[39m2026-03-11T03:59:38.633Z INFO [App] Order created successfully {"orderId":"1773201578587-dubgjv3y0"}

[90mstdout[2m | tests/comprehensive-crud.test.ts[2m > [22m[2mComprehensive CRUD API Tests[2m > [22m[2mIntegration Tests[2m > [22m[2mshould handle complete order workflow
[22m[39m2026-03-11T03:59:38.633Z INFO [App] Mock Service Bus: Event published {"topic":"order-events","eventType":"ORDER_CREATED","orderId":"1773201578587-dubgjv3y0","timestamp":"2026-03-11T03:59:38.633Z"}
2026-03-11T03:59:38.634Z INFO [App] Order created event published {"orderId":"1773201578587-dubgjv3y0"}

[90mstderr[2m | tests/comprehensive-crud.test.ts[2m > 
[22m[2mComprehensive CRUD API Tests[2m > [22m[2mIntegration Tests[2m > 
[22m[2mshould handle complete order workflow
[22m[39m2026-03-11T03:59:38.633Z ERROR [App] Failed to create document in 
audit-trail {"error":{}}
2026-03-11T03:59:38.634Z ERROR [App] Failed to log audit event 
{"error":"Database not initialized","action":"order.created","resource":{"type"
:"order","id":"1773201578587-dubgjv3y0"}}

[90mstdout[2m | tests/comprehensive-crud.test.ts[2m > [22m[2mComprehensive CRUD API Tests[2m > [22m[2mIntegration Tests[2m > [22m[2mshould handle complete order workflow
[22m[39m2026-03-11T03:59:38.815Z INFO [App] Mock Service Bus: Event published {"topic":"order-events","eventType":"ORDER_STATUS_CHANGED","orderId":"1773201578587-dubgjv3y0","timestamp":"2026-03-11T03:59:38.815Z"}
2026-03-11T03:59:38.816Z INFO [App] Order status changed event published {"orderId":"1773201578587-dubgjv3y0","oldStatus":"NEW","newStatus":"ASSIGNED"}

[90mstderr[2m | tests/comprehensive-crud.test.ts[2m > 
[22m[2mComprehensive CRUD API Tests[2m > [22m[2mIntegration Tests[2m > 
[22m[2mshould handle complete order workflow
[22m[39m2026-03-11T03:59:38.815Z ERROR [App] Failed to create document in 
audit-trail {"error":{}}
2026-03-11T03:59:38.815Z ERROR [App] Failed to find vendor 
{"error":{},"id":"1773201578530-oc598v3xd"}
2026-03-11T03:59:38.816Z ERROR [App] Failed to log audit event 
{"error":"Database not initialized","action":"order.assigned","resource":{"type
":"order","id":"1773201578587-dubgjv3y0"}}
2026-03-11T03:59:38.816Z WARN [OrderNotificationService] Vendor not found for 
notification lookup 
{"vendorId":"1773201578530-oc598v3xd","orderId":"1773201578587-dubgjv3y0"}

[90mstderr[2m | tests/comprehensive-crud.test.ts[2m > 
[22m[2mComprehensive CRUD API Tests[2m > [22m[2mIntegration Tests[2m > 
[22m[2mshould handle complete order workflow
[22m[39m2026-03-11T03:59:38.817Z WARN [OrderNotificationService] Vendor has 
no email ΓÇö skipping assignment email 
{"orderId":"1773201578587-dubgjv3y0","vendorId":"1773201578530-oc598v3xd"}
2026-03-11T03:59:38.817Z WARN [OrderNotificationService] Vendor has no phone 
ΓÇö skipping assignment SMS 
{"orderId":"1773201578587-dubgjv3y0","vendorId":"1773201578530-oc598v3xd"}

[90mstdout[2m | tests/comprehensive-crud.test.ts[2m > [22m[2mComprehensive CRUD API Tests[2m > [22m[2mIntegration Tests[2m > [22m[2mshould handle complete order workflow
[22m[39m2026-03-11T03:59:38.817Z INFO [App] Sending Teams channel message {"teamId":"52666905-2a73-4055-874d-dafe2bf52349","channelId":"19:D3j8lYCeG39rvx8pGb0y01Tj0WReb2P9qZUzrHe7GN81@thread.tacv2","subject":"New Appraisal Assignment ΓÇö Order INTEG-ORDER-001"}

[90mstdout[2m | tests/integration/real-api-validation.test.ts[2m > [22m[2mReal API Validation Tests[2m > [22m[2mLive API Performance and Freshness[2m > [22m[2mshould demonstrate API response time variations (proves live calls)
[22m[39m2026-03-11T03:59:38.923Z INFO [App] Census demographic analysis completed {"coordinates":{"latitude":37.4224764,"longitude":-122.0842499},"score":70}

[90mstdout[2m | tests/integration/real-api-validation.test.ts[2m > [22m[2mReal API Validation Tests[2m > [22m[2mLive API Performance and Freshness[2m > [22m[2mshould demonstrate API response time variations (proves live calls)
[22m[39m2026-03-11T03:59:38.924Z INFO [App] Request completed {"correlationId":"cc5d8b10-dd18-48f0-8747-9dc6c5e0083c","method":"GET","url":"/api/property-intelligence/census/demographics?latitude=37.4224764&longitude=-122.0842499","statusCode":200,"duration":"642ms"}
2026-03-11T03:59:38.924Z INFO [App] Request completed {"correlationId":"cc5d8b10-dd18-48f0-8747-9dc6c5e0083c","method":"GET","url":"/api/property-intelligence/census/demographics?latitude=37.4224764&longitude=-122.0842499","statusCode":200,"duration":"642ms"}

::ffff:127.0.0.1 - - [11/Mar/2026:03:59:38 +0000] "GET /api/property-intelligence/census/demographics?latitude=37.4224764&longitude=-122.0842499 HTTP/1.1" 200 - "-" "-"
[90mstdout[2m | tests/integration/real-api-validation.test.ts[2m > [22m[2mReal API Validation Tests[2m > [22m[2mLive API Performance and Freshness[2m > [22m[2mshould demonstrate API response time variations (proves live calls)
[22m[39mΓÅ▒∩╕Å  API Call 1: 655ms

[90mstdout[2m | tests/comprehensive-crud.test.ts[2m > [22m[2mComprehensive CRUD API Tests[2m > [22m[2mIntegration Tests[2m > [22m[2mshould handle complete order workflow
[22m[39m2026-03-11T03:59:39.013Z INFO [App] Mock Service Bus: Event published {"topic":"order-events","eventType":"ORDER_STATUS_CHANGED","orderId":"1773201578587-dubgjv3y0","timestamp":"2026-03-11T03:59:39.013Z"}
2026-03-11T03:59:39.014Z INFO [App] Starting SLA tracking {"entityType":"APPRAISAL","entityId":"1773201578587-dubgjv3y0","orderId":"1773201578587-dubgjv3y0"}
2026-03-11T03:59:39.016Z INFO [App] Order status changed event published {"orderId":"1773201578587-dubgjv3y0","oldStatus":"ASSIGNED","newStatus":"ACCEPTED"}

[90mstderr[2m | tests/comprehensive-crud.test.ts[2m > 
[22m[2mComprehensive CRUD API Tests[2m > [22m[2mIntegration Tests[2m > 
[22m[2mshould handle complete order workflow
[22m[39m2026-03-11T03:59:39.014Z ERROR [App] Failed to create document in 
audit-trail {"error":{}}
2026-03-11T03:59:39.014Z ERROR [App] Failed to get SLA configuration 
{"error":{},"entityType":"APPRAISAL","clientId":"integration-client-001"}
2026-03-11T03:59:39.016Z ERROR [App] Failed to log audit event 
{"error":"Database not initialized","action":"order.status_changed","resource":
{"type":"order","id":"1773201578587-dubgjv3y0"}}
2026-03-11T03:59:39.016Z ERROR [App] Failed to create document in sla-tracking 
{"error":{}}

[90mstderr[2m | tests/comprehensive-crud.test.ts[2m > 
[22m[2mComprehensive CRUD API Tests[2m > [22m[2mIntegration Tests[2m > 
[22m[2mshould handle complete order workflow
[22m[39m2026-03-11T03:59:39.017Z ERROR [App] Failed to start SLA tracking 
{"error":{},"entityType":"APPRAISAL","entityId":"1773201578587-dubgjv3y0"}

[90mstderr[2m | tests/comprehensive-crud.test.ts[2m > 
[22m[2mComprehensive CRUD API Tests[2m > [22m[2mIntegration Tests[2m > 
[22m[2mshould handle complete order workflow
[22m[39m2026-03-11T03:59:39.017Z ERROR [OrderController] Failed to start SLA 
tracking for accepted order {"orderId":"1773201578587-dubgjv3y0","error":{}}

[90mstdout[2m | tests/integration/real-api-validation.test.ts[2m > [22m[2mReal API Validation Tests[2m > [22m[2mLive API Performance and Freshness[2m > [22m[2mshould demonstrate API response time variations (proves live calls)
[22m[39m2026-03-11T03:59:39.035Z INFO [App] Incoming request {"correlationId":"741f3718-8cf6-4628-905c-a580fac3053c","method":"GET","url":"/api/property-intelligence/census/demographics?latitude=37.4234764&longitude=-122.0832499","ip":"::ffff:127.0.0.1"}

[90mstdout[2m | tests/integration/real-api-validation.test.ts[2m > [22m[2mReal API Validation Tests[2m > [22m[2mLive API Performance and Freshness[2m > [22m[2mshould demonstrate API response time variations (proves live calls)
[22m[39m2026-03-11T03:59:39.038Z INFO [App] Census demographics request received {"coordinates":{"latitude":37.4234764,"longitude":-122.0832499}}
2026-03-11T03:59:39.038Z INFO [App] Fetching Census demographic intelligence {"coordinates":{"latitude":37.4234764,"longitude":-122.0832499}}

[90mstdout[2m | tests/comprehensive-crud.test.ts[2m > [22m[2mComprehensive CRUD API Tests[2m > [22m[2mIntegration Tests[2m > [22m[2mshould handle error cases gracefully
[22m[39m2026-03-11T03:59:39.020Z INFO [App] AzureCommunicationService: using API key credential
2026-03-11T03:59:39.021Z INFO [App] AzureCommunicationService: using API key credential
Γ£à Axiom live mode ΓÇö https://axiom-dev-api.ambitioushill-a89e4aa0.eastus.azurecontainerapps.io (no auth ΓÇö dev server)
2026-03-11T03:59:39.022Z INFO [WebPubSubService] Using local emulator mode for Web PubSub
2026-03-11T03:59:39.022Z INFO [App] AzureCommunicationService: using API key credential
2026-03-11T03:59:39.022Z INFO [App] AzureCommunicationService: using API key credential
2026-03-11T03:59:39.023Z INFO [App] AzureCommunicationService: using API key credential
2026-03-11T03:59:39.023Z INFO [App] Teams service initialized with Managed Identity
2026-03-11T03:59:39.024Z INFO [ServiceBusEventPublisher] Using Managed Identity for Service Bus authentication {"namespace":"appraisal-mgmt-staging-servicebus.servicebus.windows.net"}
2026-03-11T03:59:39.025Z INFO [ServiceBusEventPublisher] Using Managed Identity for Service Bus authentication {"namespace":"appraisal-mgmt-staging-servicebus.servicebus.windows.net"}
2026-03-11T03:59:39.026Z INFO [ServiceBusEventSubscriber] Using Managed Identity for Service Bus authentication {"namespace":"appraisal-mgmt-staging-servicebus.servicebus.windows.net"}
2026-03-11T03:59:39.038Z INFO [App] Property management routes configured

[90mstdout[2m | tests/integration/real-api-validation.test.ts[2m > [22m[2mReal API Validation Tests[2m > [22m[2mLive API Performance and Freshness[2m > [22m[2mshould demonstrate API response time variations (proves live calls)
[22m[39m2026-03-11T03:59:39.039Z INFO [App] Starting Census demographic analysis {"coordinates":{"latitude":37.4234764,"longitude":-122.0832499}}

[90mstderr[2m | tests/comprehensive-crud.test.ts[2m > 
[22m[2mComprehensive CRUD API Tests[2m > [22m[2mIntegration Tests[2m > 
[22m[2mshould handle error cases gracefully
[22m[39m2026-03-11T03:59:39.020Z WARN [App] Azure Service Bus connection 
string not provided, using mock implementation

[90mstdout[2m | tests/comprehensive-crud.test.ts[2m > [22m[2mComprehensive CRUD API Tests[2m > [22m[2mIntegration Tests[2m > [22m[2mshould handle error cases gracefully
[22m[39m

=== FIND VENDOR BY ID ===
Looking for vendor ID: nonexistent-id
Container: initialized
Query: {
  "query": "SELECT * FROM c WHERE c.id = @id",
  "parameters": [
    {
      "name": "@id",
      "value": "nonexistent-id"
    }
  ]
}

 [32mΓ£ô[39m tests/comprehensive-crud.test.ts[2m > [22mComprehensive CRUD API Tests[2m > [22mIntegration Tests[2m > [22mshould handle complete order workflow[33m 521[2mms[22m[39m
[90mstdout[2m | tests/comprehensive-crud.test.ts[2m > [22m[2mComprehensive CRUD API Tests[2m > [22m[2mIntegration Tests[2m > [22m[2mshould handle error cases gracefully
[22m[39mQuery returned resources count: [33m0[39m
NO VENDOR FOUND IN COSMOS DB
=== END FIND VENDOR ===



[90mstdout[2m | tests/comprehensive-crud.test.ts[2m > [22m[2mComprehensive CRUD API Tests[2m > [22m[2mIntegration Tests[2m > [22m[2mshould handle error cases gracefully
[22m[39m2026-03-11T03:59:39.156Z INFO [App] Retrieving property by ID {"propertyId":"nonexistent-id","includeHistory":false}
2026-03-11T03:59:39.156Z INFO [App] Retrieving property by ID {"propertyId":"nonexistent-id","includeHistory":false}

[90mstderr[2m | tests/comprehensive-crud.test.ts[2m > 
[22m[2mComprehensive CRUD API Tests[2m > [22m[2mIntegration Tests[2m > 
[22m[2mshould handle error cases gracefully
[22m[39m2026-03-11T03:59:39.157Z ERROR [App] Failed to retrieve property 
{"propertyId":"nonexistent-id","error":{}}

[90mstderr[2m | tests/comprehensive-crud.test.ts[2m > 
[22m[2mComprehensive CRUD API Tests[2m > [22m[2mIntegration Tests[2m > 
[22m[2mshould handle error cases gracefully
[22m[39m2026-03-11T03:59:39.157Z ERROR [App] Failed to retrieve property 
{"propertyId":"nonexistent-id","error":{}}

[90mstdout[2m | tests/comprehensive-crud.test.ts[2m > [22m[2mComprehensive CRUD API Tests[2m > [22m[2mIntegration Tests[2m > [22m[2mshould handle error cases gracefully
[22m[39m2026-03-11T03:59:39.179Z INFO [App] Creating new property {"body":{"address":{"streetAddress":"Incomplete"}}}

[90mstdout[2m | tests/comprehensive-crud.test.ts[2m > [22m[2mComprehensive CRUD API Tests[2m > [22m[2mPerformance Tests[2m > [22m[2mshould handle multiple concurrent requests
[22m[39m2026-03-11T03:59:39.190Z INFO [App] AzureCommunicationService: using API key credential
2026-03-11T03:59:39.191Z INFO [App] AzureCommunicationService: using API key credential
Γ£à Axiom live mode ΓÇö https://axiom-dev-api.ambitioushill-a89e4aa0.eastus.azurecontainerapps.io (no auth ΓÇö dev server)
2026-03-11T03:59:39.192Z INFO [WebPubSubService] Using local emulator mode for Web PubSub
2026-03-11T03:59:39.192Z INFO [App] AzureCommunicationService: using API key credential
2026-03-11T03:59:39.193Z INFO [App] AzureCommunicationService: using API key credential
2026-03-11T03:59:39.193Z INFO [App] AzureCommunicationService: using API key credential
2026-03-11T03:59:39.194Z INFO [App] Teams service initialized with Managed Identity
2026-03-11T03:59:39.195Z INFO [ServiceBusEventPublisher] Using Managed Identity for Service Bus authentication {"namespace":"appraisal-mgmt-staging-servicebus.servicebus.windows.net"}
2026-03-11T03:59:39.196Z INFO [ServiceBusEventPublisher] Using Managed Identity for Service Bus authentication {"namespace":"appraisal-mgmt-staging-servicebus.servicebus.windows.net"}
2026-03-11T03:59:39.197Z INFO [ServiceBusEventSubscriber] Using Managed Identity for Service Bus authentication {"namespace":"appraisal-mgmt-staging-servicebus.servicebus.windows.net"}
2026-03-11T03:59:39.212Z INFO [App] Property management routes configured

[90mstderr[2m | tests/comprehensive-crud.test.ts[2m > 
[22m[2mComprehensive CRUD API Tests[2m > [22m[2mPerformance Tests[2m > 
[22m[2mshould handle multiple concurrent requests
[22m[39m2026-03-11T03:59:39.190Z WARN [App] Azure Service Bus connection 
string not provided, using mock implementation

[90mstdout[2m | tests/comprehensive-crud.test.ts[2m > [22m[2mComprehensive CRUD API Tests[2m > [22m[2mPerformance Tests[2m > [22m[2mshould handle multiple concurrent requests
[22m[39m2026-03-11T03:59:39.255Z INFO [App] Creating new property {"body":{"address":{"streetAddress":"0 Performance Test St","city":"San Francisco","state":"CA","zipCode":"94101","county":"San Francisco"},"details":{"propertyType":"single_family_residential","occupancy":"owner_occupied","yearBuilt":2020,"grossLivingArea":2000,"bedrooms":3,"bathrooms":2,"features":["feature"]}}}
2026-03-11T03:59:39.255Z INFO [App] Creating new property {"address":"0 Performance Test St, San Francisco","propertyType":"single_family_residential"}

[90mstdout[2m | tests/comprehensive-crud.test.ts[2m > [22m[2mComprehensive CRUD API Tests[2m > [22m[2mPerformance Tests[2m > [22m[2mshould handle multiple concurrent requests
[22m[39m2026-03-11T03:59:39.256Z INFO [App] Property created successfully {"propertyId":"prop_1773201579255_6jtm778cp"}

[90mstdout[2m | tests/comprehensive-crud.test.ts[2m > [22m[2mComprehensive CRUD API Tests[2m > [22m[2mPerformance Tests[2m > [22m[2mshould handle multiple concurrent requests
[22m[39m2026-03-11T03:59:39.256Z INFO [App] Property created successfully {"propertyId":"prop_1773201579255_6jtm778cp"}

[90mstdout[2m | tests/comprehensive-crud.test.ts[2m > [22m[2mComprehensive CRUD API Tests[2m > [22m[2mPerformance Tests[2m > [22m[2mshould handle multiple concurrent requests
[22m[39m2026-03-11T03:59:39.259Z INFO [App] Creating new property {"body":{"address":{"streetAddress":"1 Performance Test St","city":"San Francisco","state":"CA","zipCode":"94101","county":"San Francisco"},"details":{"propertyType":"single_family_residential","occupancy":"owner_occupied","yearBuilt":2020,"grossLivingArea":2100,"bedrooms":3,"bathrooms":2,"features":["feature"]}}}
2026-03-11T03:59:39.259Z INFO [App] Creating new property {"address":"1 Performance Test St, San Francisco","propertyType":"single_family_residential"}

[90mstdout[2m | tests/comprehensive-crud.test.ts[2m > [22m[2mComprehensive CRUD API Tests[2m > [22m[2mPerformance Tests[2m > [22m[2mshould handle multiple concurrent requests
[22m[39m2026-03-11T03:59:39.261Z INFO [App] Property created successfully {"propertyId":"prop_1773201579259_hsvu60ujt"}

[90mstdout[2m | tests/comprehensive-crud.test.ts[2m > [22m[2mComprehensive CRUD API Tests[2m > [22m[2mPerformance Tests[2m > [22m[2mshould handle multiple concurrent requests
[22m[39m2026-03-11T03:59:39.262Z INFO [App] Property created successfully {"propertyId":"prop_1773201579259_hsvu60ujt"}

[90mstdout[2m | tests/comprehensive-crud.test.ts[2m > [22m[2mComprehensive CRUD API Tests[2m > [22m[2mPerformance Tests[2m > [22m[2mshould handle multiple concurrent requests
[22m[39m2026-03-11T03:59:39.264Z INFO [App] Creating new property {"body":{"address":{"streetAddress":"2 Performance Test St","city":"San Francisco","state":"CA","zipCode":"94101","county":"San Francisco"},"details":{"propertyType":"single_family_residential","occupancy":"owner_occupied","yearBuilt":2020,"grossLivingArea":2200,"bedrooms":3,"bathrooms":2,"features":["feature"]}}}
2026-03-11T03:59:39.264Z INFO [App] Creating new property {"address":"2 Performance Test St, San Francisco","propertyType":"single_family_residential"}

[90mstdout[2m | tests/comprehensive-crud.test.ts[2m > [22m[2mComprehensive CRUD API Tests[2m > [22m[2mPerformance Tests[2m > [22m[2mshould handle multiple concurrent requests
[22m[39m2026-03-11T03:59:39.265Z INFO [App] Property created successfully {"propertyId":"prop_1773201579265_8fsuppy52"}

[90mstdout[2m | tests/comprehensive-crud.test.ts[2m > [22m[2mComprehensive CRUD API Tests[2m > [22m[2mPerformance Tests[2m > [22m[2mshould handle multiple concurrent requests
[22m[39m2026-03-11T03:59:39.265Z INFO [App] Property created successfully {"propertyId":"prop_1773201579265_8fsuppy52"}

[90mstdout[2m | tests/comprehensive-crud.test.ts[2m > [22m[2mComprehensive CRUD API Tests[2m > [22m[2mPerformance Tests[2m > [22m[2mshould handle multiple concurrent requests
[22m[39m2026-03-11T03:59:39.267Z INFO [App] Creating new property {"body":{"address":{"streetAddress":"3 Performance Test St","city":"San Francisco","state":"CA","zipCode":"94101","county":"San Francisco"},"details":{"propertyType":"single_family_residential","occupancy":"owner_occupied","yearBuilt":2020,"grossLivingArea":2300,"bedrooms":3,"bathrooms":2,"features":["feature"]}}}
2026-03-11T03:59:39.268Z INFO [App] Creating new property {"address":"3 Performance Test St, San Francisco","propertyType":"single_family_residential"}

[90mstdout[2m | tests/comprehensive-crud.test.ts[2m > [22m[2mComprehensive CRUD API Tests[2m > [22m[2mPerformance Tests[2m > [22m[2mshould handle multiple concurrent requests
[22m[39m2026-03-11T03:59:39.269Z INFO [App] Property created successfully {"propertyId":"prop_1773201579268_7qb09ik7b"}

[90mstdout[2m | tests/comprehensive-crud.test.ts[2m > [22m[2mComprehensive CRUD API Tests[2m > [22m[2mPerformance Tests[2m > [22m[2mshould handle multiple concurrent requests
[22m[39m2026-03-11T03:59:39.269Z INFO [App] Property created successfully {"propertyId":"prop_1773201579268_7qb09ik7b"}

[90mstdout[2m | tests/comprehensive-crud.test.ts[2m > [22m[2mComprehensive CRUD API Tests[2m > [22m[2mPerformance Tests[2m > [22m[2mshould handle multiple concurrent requests
[22m[39m2026-03-11T03:59:39.272Z INFO [App] Creating new property {"body":{"address":{"streetAddress":"4 Performance Test St","city":"San Francisco","state":"CA","zipCode":"94101","county":"San Francisco"},"details":{"propertyType":"single_family_residential","occupancy":"owner_occupied","yearBuilt":2020,"grossLivingArea":2400,"bedrooms":3,"bathrooms":2,"features":["feature"]}}}
2026-03-11T03:59:39.272Z INFO [App] Creating new property {"address":"4 Performance Test St, San Francisco","propertyType":"single_family_residential"}

[90mstdout[2m | tests/comprehensive-crud.test.ts[2m > [22m[2mComprehensive CRUD API Tests[2m > [22m[2mPerformance Tests[2m > [22m[2mshould handle multiple concurrent requests
[22m[39m2026-03-11T03:59:39.273Z INFO [App] Property created successfully {"propertyId":"prop_1773201579273_054t4rsf2"}

[90mstdout[2m | tests/comprehensive-crud.test.ts[2m > [22m[2mComprehensive CRUD API Tests[2m > [22m[2mPerformance Tests[2m > [22m[2mshould handle multiple concurrent requests
[22m[39m2026-03-11T03:59:39.274Z INFO [App] Property created successfully {"propertyId":"prop_1773201579273_054t4rsf2"}

[90mstdout[2m | tests/comprehensive-crud.test.ts[2m > [22m[2mComprehensive CRUD API Tests[2m > [22m[2mPerformance Tests[2m > [22m[2mshould handle multiple concurrent requests
[22m[39m2026-03-11T03:59:39.277Z INFO [App] Creating new property {"body":{"address":{"streetAddress":"5 Performance Test St","city":"San Francisco","state":"CA","zipCode":"94101","county":"San Francisco"},"details":{"propertyType":"single_family_residential","occupancy":"owner_occupied","yearBuilt":2020,"grossLivingArea":2500,"bedrooms":3,"bathrooms":2,"features":["feature"]}}}
2026-03-11T03:59:39.277Z INFO [App] Creating new property {"address":"5 Performance Test St, San Francisco","propertyType":"single_family_residential"}

[90mstdout[2m | tests/comprehensive-crud.test.ts[2m > [22m[2mComprehensive CRUD API Tests[2m > [22m[2mPerformance Tests[2m > [22m[2mshould handle multiple concurrent requests
[22m[39m2026-03-11T03:59:39.277Z INFO [App] Property created successfully {"propertyId":"prop_1773201579277_ahije6ozb"}

[90mstdout[2m | tests/comprehensive-crud.test.ts[2m > [22m[2mComprehensive CRUD API Tests[2m > [22m[2mPerformance Tests[2m > [22m[2mshould handle multiple concurrent requests
[22m[39m2026-03-11T03:59:39.278Z INFO [App] Property created successfully {"propertyId":"prop_1773201579277_ahije6ozb"}

[90mstdout[2m | tests/comprehensive-crud.test.ts[2m > [22m[2mComprehensive CRUD API Tests[2m > [22m[2mPerformance Tests[2m > [22m[2mshould handle multiple concurrent requests
[22m[39m2026-03-11T03:59:39.280Z INFO [App] Creating new property {"body":{"address":{"streetAddress":"6 Performance Test St","city":"San Francisco","state":"CA","zipCode":"94101","county":"San Francisco"},"details":{"propertyType":"single_family_residential","occupancy":"owner_occupied","yearBuilt":2020,"grossLivingArea":2600,"bedrooms":3,"bathrooms":2,"features":["feature"]}}}
2026-03-11T03:59:39.280Z INFO [App] Creating new property {"address":"6 Performance Test St, San Francisco","propertyType":"single_family_residential"}

[90mstdout[2m | tests/comprehensive-crud.test.ts[2m > [22m[2mComprehensive CRUD API Tests[2m > [22m[2mPerformance Tests[2m > [22m[2mshould handle multiple concurrent requests
[22m[39m2026-03-11T03:59:39.281Z INFO [App] Property created successfully {"propertyId":"prop_1773201579280_owgpvl40l"}

[90mstdout[2m | tests/comprehensive-crud.test.ts[2m > [22m[2mComprehensive CRUD API Tests[2m > [22m[2mPerformance Tests[2m > [22m[2mshould handle multiple concurrent requests
[22m[39m2026-03-11T03:59:39.281Z INFO [App] Property created successfully {"propertyId":"prop_1773201579280_owgpvl40l"}

[90mstdout[2m | tests/comprehensive-crud.test.ts[2m > [22m[2mComprehensive CRUD API Tests[2m > [22m[2mPerformance Tests[2m > [22m[2mshould handle multiple concurrent requests
[22m[39m2026-03-11T03:59:39.283Z INFO [App] Creating new property {"body":{"address":{"streetAddress":"7 Performance Test St","city":"San Francisco","state":"CA","zipCode":"94101","county":"San Francisco"},"details":{"propertyType":"single_family_residential","occupancy":"owner_occupied","yearBuilt":2020,"grossLivingArea":2700,"bedrooms":3,"bathrooms":2,"features":["feature"]}}}
2026-03-11T03:59:39.283Z INFO [App] Creating new property {"address":"7 Performance Test St, San Francisco","propertyType":"single_family_residential"}

[90mstdout[2m | tests/comprehensive-crud.test.ts[2m > [22m[2mComprehensive CRUD API Tests[2m > [22m[2mPerformance Tests[2m > [22m[2mshould handle multiple concurrent requests
[22m[39m2026-03-11T03:59:39.284Z INFO [App] Property created successfully {"propertyId":"prop_1773201579283_y6qlu1d00"}

[90mstdout[2m | tests/comprehensive-crud.test.ts[2m > [22m[2mComprehensive CRUD API Tests[2m > [22m[2mPerformance Tests[2m > [22m[2mshould handle multiple concurrent requests
[22m[39m2026-03-11T03:59:39.284Z INFO [App] Property created successfully {"propertyId":"prop_1773201579283_y6qlu1d00"}

[90mstdout[2m | tests/comprehensive-crud.test.ts[2m > [22m[2mComprehensive CRUD API Tests[2m > [22m[2mPerformance Tests[2m > [22m[2mshould handle multiple concurrent requests
[22m[39m2026-03-11T03:59:39.286Z INFO [App] Creating new property {"body":{"address":{"streetAddress":"8 Performance Test St","city":"San Francisco","state":"CA","zipCode":"94101","county":"San Francisco"},"details":{"propertyType":"single_family_residential","occupancy":"owner_occupied","yearBuilt":2020,"grossLivingArea":2800,"bedrooms":3,"bathrooms":2,"features":["feature"]}}}
2026-03-11T03:59:39.286Z INFO [App] Creating new property {"address":"8 Performance Test St, San Francisco","propertyType":"single_family_residential"}

[90mstdout[2m | tests/comprehensive-crud.test.ts[2m > [22m[2mComprehensive CRUD API Tests[2m > [22m[2mPerformance Tests[2m > [22m[2mshould handle multiple concurrent requests
[22m[39m2026-03-11T03:59:39.287Z INFO [App] Property created successfully {"propertyId":"prop_1773201579286_rkcdal8zw"}

[90mstdout[2m | tests/comprehensive-crud.test.ts[2m > [22m[2mComprehensive CRUD API Tests[2m > [22m[2mPerformance Tests[2m > [22m[2mshould handle multiple concurrent requests
[22m[39m2026-03-11T03:59:39.287Z INFO [App] Property created successfully {"propertyId":"prop_1773201579286_rkcdal8zw"}

[90mstdout[2m | tests/comprehensive-crud.test.ts[2m > [22m[2mComprehensive CRUD API Tests[2m > [22m[2mPerformance Tests[2m > [22m[2mshould handle multiple concurrent requests
[22m[39m2026-03-11T03:59:39.289Z INFO [App] Creating new property {"body":{"address":{"streetAddress":"9 Performance Test St","city":"San Francisco","state":"CA","zipCode":"94101","county":"San Francisco"},"details":{"propertyType":"single_family_residential","occupancy":"owner_occupied","yearBuilt":2020,"grossLivingArea":2900,"bedrooms":3,"bathrooms":2,"features":["feature"]}}}
2026-03-11T03:59:39.289Z INFO [App] Creating new property {"address":"9 Performance Test St, San Francisco","propertyType":"single_family_residential"}

[90mstdout[2m | tests/comprehensive-crud.test.ts[2m > [22m[2mComprehensive CRUD API Tests[2m > [22m[2mPerformance Tests[2m > [22m[2mshould handle multiple concurrent requests
[22m[39m2026-03-11T03:59:39.290Z INFO [App] Property created successfully {"propertyId":"prop_1773201579289_kl95g1whz"}

[90mstdout[2m | tests/comprehensive-crud.test.ts[2m > [22m[2mComprehensive CRUD API Tests[2m > [22m[2mPerformance Tests[2m > [22m[2mshould handle multiple concurrent requests
[22m[39m2026-03-11T03:59:39.290Z INFO [App] Property created successfully {"propertyId":"prop_1773201579289_kl95g1whz"}

 [32mΓ£ô[39m tests/comprehensive-crud.test.ts[2m > [22mComprehensive CRUD API Tests[2m > [22mIntegration Tests[2m > [22mshould handle error cases gracefully[32m 169[2mms[22m[39m
[90mstdout[2m | tests/comprehensive-crud.test.ts[2m > [22m[2mComprehensive CRUD API Tests[2m > [22m[2mPerformance Tests[2m > [22m[2mshould handle pagination efficiently
[22m[39m2026-03-11T03:59:39.312Z INFO [App] AzureCommunicationService: using API key credential
2026-03-11T03:59:39.313Z INFO [App] AzureCommunicationService: using API key credential
Γ£à Axiom live mode ΓÇö https://axiom-dev-api.ambitioushill-a89e4aa0.eastus.azurecontainerapps.io (no auth ΓÇö dev server)
2026-03-11T03:59:39.314Z INFO [WebPubSubService] Using local emulator mode for Web PubSub
2026-03-11T03:59:39.314Z INFO [App] AzureCommunicationService: using API key credential
2026-03-11T03:59:39.315Z INFO [App] AzureCommunicationService: using API key credential
2026-03-11T03:59:39.315Z INFO [App] AzureCommunicationService: using API key credential
2026-03-11T03:59:39.316Z INFO [App] Teams service initialized with Managed Identity
2026-03-11T03:59:39.317Z INFO [ServiceBusEventPublisher] Using Managed Identity for Service Bus authentication {"namespace":"appraisal-mgmt-staging-servicebus.servicebus.windows.net"}
2026-03-11T03:59:39.318Z INFO [ServiceBusEventPublisher] Using Managed Identity for Service Bus authentication {"namespace":"appraisal-mgmt-staging-servicebus.servicebus.windows.net"}
2026-03-11T03:59:39.319Z INFO [ServiceBusEventSubscriber] Using Managed Identity for Service Bus authentication {"namespace":"appraisal-mgmt-staging-servicebus.servicebus.windows.net"}
2026-03-11T03:59:39.339Z INFO [App] Property management routes configured

[90mstderr[2m | tests/comprehensive-crud.test.ts[2m > 
[22m[2mComprehensive CRUD API Tests[2m > [22m[2mPerformance Tests[2m > 
[22m[2mshould handle pagination efficiently
[22m[39m2026-03-11T03:59:39.311Z WARN [App] Azure Service Bus connection 
string not provided, using mock implementation

[90mstdout[2m | tests/comprehensive-crud.test.ts[2m > [22m[2mComprehensive CRUD API Tests[2m > [22m[2mPerformance Tests[2m > [22m[2mshould handle pagination efficiently
[22m[39m2026-03-11T03:59:39.350Z INFO [App] Creating new property {"body":{"address":{"streetAddress":"0 Pagination Test St","city":"San Francisco","state":"CA","zipCode":"94101","county":"San Francisco"},"details":{"propertyType":"single_family_residential","occupancy":"owner_occupied","yearBuilt":2020,"grossLivingArea":2000,"bedrooms":3,"bathrooms":2,"features":["feature"]}}}
2026-03-11T03:59:39.350Z INFO [App] Creating new property {"address":"0 Pagination Test St, San Francisco","propertyType":"single_family_residential"}

[90mstdout[2m | tests/comprehensive-crud.test.ts[2m > [22m[2mComprehensive CRUD API Tests[2m > [22m[2mPerformance Tests[2m > [22m[2mshould handle pagination efficiently
[22m[39m2026-03-11T03:59:39.350Z INFO [App] Property created successfully {"propertyId":"prop_1773201579350_g3aeic0v6"}

[90mstdout[2m | tests/comprehensive-crud.test.ts[2m > [22m[2mComprehensive CRUD API Tests[2m > [22m[2mPerformance Tests[2m > [22m[2mshould handle pagination efficiently
[22m[39m2026-03-11T03:59:39.350Z INFO [App] Property created successfully {"propertyId":"prop_1773201579350_g3aeic0v6"}

[90mstdout[2m | tests/comprehensive-crud.test.ts[2m > [22m[2mComprehensive CRUD API Tests[2m > [22m[2mPerformance Tests[2m > [22m[2mshould handle pagination efficiently
[22m[39m2026-03-11T03:59:39.359Z INFO [App] Creating new property {"body":{"address":{"streetAddress":"1 Pagination Test St","city":"San Francisco","state":"CA","zipCode":"94101","county":"San Francisco"},"details":{"propertyType":"single_family_residential","occupancy":"owner_occupied","yearBuilt":2020,"grossLivingArea":2000,"bedrooms":3,"bathrooms":2,"features":["feature"]}}}
2026-03-11T03:59:39.359Z INFO [App] Creating new property {"address":"1 Pagination Test St, San Francisco","propertyType":"single_family_residential"}

[90mstdout[2m | tests/comprehensive-crud.test.ts[2m > [22m[2mComprehensive CRUD API Tests[2m > [22m[2mPerformance Tests[2m > [22m[2mshould handle pagination efficiently
[22m[39m2026-03-11T03:59:39.360Z INFO [App] Property created successfully {"propertyId":"prop_1773201579359_ow0tkas2u"}

[90mstdout[2m | tests/comprehensive-crud.test.ts[2m > [22m[2mComprehensive CRUD API Tests[2m > [22m[2mPerformance Tests[2m > [22m[2mshould handle pagination efficiently
[22m[39m2026-03-11T03:59:39.360Z INFO [App] Property created successfully {"propertyId":"prop_1773201579359_ow0tkas2u"}

[90mstdout[2m | tests/comprehensive-crud.test.ts[2m > [22m[2mComprehensive CRUD API Tests[2m > [22m[2mPerformance Tests[2m > [22m[2mshould handle pagination efficiently
[22m[39m2026-03-11T03:59:39.367Z INFO [App] Creating new property {"body":{"address":{"streetAddress":"2 Pagination Test St","city":"San Francisco","state":"CA","zipCode":"94101","county":"San Francisco"},"details":{"propertyType":"single_family_residential","occupancy":"owner_occupied","yearBuilt":2020,"grossLivingArea":2000,"bedrooms":3,"bathrooms":2,"features":["feature"]}}}
2026-03-11T03:59:39.367Z INFO [App] Creating new property {"address":"2 Pagination Test St, San Francisco","propertyType":"single_family_residential"}

[90mstdout[2m | tests/comprehensive-crud.test.ts[2m > [22m[2mComprehensive CRUD API Tests[2m > [22m[2mPerformance Tests[2m > [22m[2mshould handle pagination efficiently
[22m[39m2026-03-11T03:59:39.367Z INFO [App] Property created successfully {"propertyId":"prop_1773201579367_498wos04o"}

[90mstdout[2m | tests/comprehensive-crud.test.ts[2m > [22m[2mComprehensive CRUD API Tests[2m > [22m[2mPerformance Tests[2m > [22m[2mshould handle pagination efficiently
[22m[39m2026-03-11T03:59:39.367Z INFO [App] Property created successfully {"propertyId":"prop_1773201579367_498wos04o"}

[90mstdout[2m | tests/comprehensive-crud.test.ts[2m > [22m[2mComprehensive CRUD API Tests[2m > [22m[2mPerformance Tests[2m > [22m[2mshould handle pagination efficiently
[22m[39m2026-03-11T03:59:39.374Z INFO [App] Creating new property {"body":{"address":{"streetAddress":"3 Pagination Test St","city":"San Francisco","state":"CA","zipCode":"94101","county":"San Francisco"},"details":{"propertyType":"single_family_residential","occupancy":"owner_occupied","yearBuilt":2020,"grossLivingArea":2000,"bedrooms":3,"bathrooms":2,"features":["feature"]}}}
2026-03-11T03:59:39.374Z INFO [App] Creating new property {"address":"3 Pagination Test St, San Francisco","propertyType":"single_family_residential"}

[90mstdout[2m | tests/comprehensive-crud.test.ts[2m > [22m[2mComprehensive CRUD API Tests[2m > [22m[2mPerformance Tests[2m > [22m[2mshould handle pagination efficiently
[22m[39m2026-03-11T03:59:39.374Z INFO [App] Property created successfully {"propertyId":"prop_1773201579374_u0jyqelwt"}

[90mstdout[2m | tests/comprehensive-crud.test.ts[2m > [22m[2mComprehensive CRUD API Tests[2m > [22m[2mPerformance Tests[2m > [22m[2mshould handle pagination efficiently
[22m[39m2026-03-11T03:59:39.374Z INFO [App] Property created successfully {"propertyId":"prop_1773201579374_u0jyqelwt"}

[90mstdout[2m | tests/comprehensive-crud.test.ts[2m > [22m[2mComprehensive CRUD API Tests[2m > [22m[2mPerformance Tests[2m > [22m[2mshould handle pagination efficiently
[22m[39m2026-03-11T03:59:39.384Z INFO [App] Creating new property {"body":{"address":{"streetAddress":"4 Pagination Test St","city":"San Francisco","state":"CA","zipCode":"94101","county":"San Francisco"},"details":{"propertyType":"single_family_residential","occupancy":"owner_occupied","yearBuilt":2020,"grossLivingArea":2000,"bedrooms":3,"bathrooms":2,"features":["feature"]}}}
2026-03-11T03:59:39.385Z INFO [App] Creating new property {"address":"4 Pagination Test St, San Francisco","propertyType":"single_family_residential"}

[90mstdout[2m | tests/comprehensive-crud.test.ts[2m > [22m[2mComprehensive CRUD API Tests[2m > [22m[2mPerformance Tests[2m > [22m[2mshould handle pagination efficiently
[22m[39m2026-03-11T03:59:39.385Z INFO [App] Property created successfully {"propertyId":"prop_1773201579385_hu6heplt0"}

[90mstdout[2m | tests/comprehensive-crud.test.ts[2m > [22m[2mComprehensive CRUD API Tests[2m > [22m[2mPerformance Tests[2m > [22m[2mshould handle pagination efficiently
[22m[39m2026-03-11T03:59:39.386Z INFO [App] Property created successfully {"propertyId":"prop_1773201579385_hu6heplt0"}

[90mstdout[2m | tests/comprehensive-crud.test.ts[2m > [22m[2mComprehensive CRUD API Tests[2m > [22m[2mPerformance Tests[2m > [22m[2mshould handle pagination efficiently
[22m[39m2026-03-11T03:59:39.402Z INFO [App] Creating new property {"body":{"address":{"streetAddress":"5 Pagination Test St","city":"San Francisco","state":"CA","zipCode":"94101","county":"San Francisco"},"details":{"propertyType":"single_family_residential","occupancy":"owner_occupied","yearBuilt":2020,"grossLivingArea":2000,"bedrooms":3,"bathrooms":2,"features":["feature"]}}}
2026-03-11T03:59:39.402Z INFO [App] Creating new property {"address":"5 Pagination Test St, San Francisco","propertyType":"single_family_residential"}

[90mstdout[2m | tests/comprehensive-crud.test.ts[2m > [22m[2mComprehensive CRUD API Tests[2m > [22m[2mPerformance Tests[2m > [22m[2mshould handle pagination efficiently
[22m[39m2026-03-11T03:59:39.403Z INFO [App] Property created successfully {"propertyId":"prop_1773201579402_b8lbmv2uk"}

[90mstdout[2m | tests/comprehensive-crud.test.ts[2m > [22m[2mComprehensive CRUD API Tests[2m > [22m[2mPerformance Tests[2m > [22m[2mshould handle pagination efficiently
[22m[39m2026-03-11T03:59:39.403Z INFO [App] Property created successfully {"propertyId":"prop_1773201579402_b8lbmv2uk"}

[90mstdout[2m | tests/comprehensive-crud.test.ts[2m > [22m[2mComprehensive CRUD API Tests[2m > [22m[2mPerformance Tests[2m > [22m[2mshould handle pagination efficiently
[22m[39m2026-03-11T03:59:39.409Z INFO [App] Creating new property {"body":{"address":{"streetAddress":"6 Pagination Test St","city":"San Francisco","state":"CA","zipCode":"94101","county":"San Francisco"},"details":{"propertyType":"single_family_residential","occupancy":"owner_occupied","yearBuilt":2020,"grossLivingArea":2000,"bedrooms":3,"bathrooms":2,"features":["feature"]}}}
2026-03-11T03:59:39.410Z INFO [App] Creating new property {"address":"6 Pagination Test St, San Francisco","propertyType":"single_family_residential"}

[90mstdout[2m | tests/comprehensive-crud.test.ts[2m > [22m[2mComprehensive CRUD API Tests[2m > [22m[2mPerformance Tests[2m > [22m[2mshould handle pagination efficiently
[22m[39m2026-03-11T03:59:39.410Z INFO [App] Property created successfully {"propertyId":"prop_1773201579410_f09pa3bxm"}

[90mstdout[2m | tests/comprehensive-crud.test.ts[2m > [22m[2mComprehensive CRUD API Tests[2m > [22m[2mPerformance Tests[2m > [22m[2mshould handle pagination efficiently
[22m[39m2026-03-11T03:59:39.410Z INFO [App] Property created successfully {"propertyId":"prop_1773201579410_f09pa3bxm"}

 [32mΓ£ô[39m tests/comprehensive-crud.test.ts[2m > [22mComprehensive CRUD API Tests[2m > [22mPerformance Tests[2m > [22mshould handle multiple concurrent requests[32m 122[2mms[22m[39m
[90mstdout[2m | tests/comprehensive-crud.test.ts[2m > [22m[2mComprehensive CRUD API Tests[2m > [22m[2mPerformance Tests[2m > [22m[2mshould handle pagination efficiently
[22m[39m2026-03-11T03:59:39.419Z INFO [App] Creating new property {"body":{"address":{"streetAddress":"7 Pagination Test St","city":"San Francisco","state":"CA","zipCode":"94101","county":"San Francisco"},"details":{"propertyType":"single_family_residential","occupancy":"owner_occupied","yearBuilt":2020,"grossLivingArea":2000,"bedrooms":3,"bathrooms":2,"features":["feature"]}}}
2026-03-11T03:59:39.419Z INFO [App] Creating new property {"address":"7 Pagination Test St, San Francisco","propertyType":"single_family_residential"}

[90mstdout[2m | tests/comprehensive-crud.test.ts[2m > [22m[2mComprehensive CRUD API Tests[2m > [22m[2mPerformance Tests[2m > [22m[2mshould handle pagination efficiently
[22m[39m2026-03-11T03:59:39.419Z INFO [App] Property created successfully {"propertyId":"prop_1773201579419_hyvzp0kj3"}

[90mstdout[2m | tests/comprehensive-crud.test.ts[2m > [22m[2mComprehensive CRUD API Tests[2m > [22m[2mPerformance Tests[2m > [22m[2mshould handle pagination efficiently
[22m[39m2026-03-11T03:59:39.419Z INFO [App] Property created successfully {"propertyId":"prop_1773201579419_hyvzp0kj3"}

[90mstdout[2m | tests/comprehensive-crud.test.ts[2m > [22m[2mComprehensive CRUD API Tests[2m > [22m[2mPerformance Tests[2m > [22m[2mshould handle pagination efficiently
[22m[39m2026-03-11T03:59:39.433Z INFO [App] Creating new property {"body":{"address":{"streetAddress":"8 Pagination Test St","city":"San Francisco","state":"CA","zipCode":"94101","county":"San Francisco"},"details":{"propertyType":"single_family_residential","occupancy":"owner_occupied","yearBuilt":2020,"grossLivingArea":2000,"bedrooms":3,"bathrooms":2,"features":["feature"]}}}
2026-03-11T03:59:39.434Z INFO [App] Creating new property {"address":"8 Pagination Test St, San Francisco","propertyType":"single_family_residential"}

[90mstdout[2m | tests/comprehensive-crud.test.ts[2m > [22m[2mComprehensive CRUD API Tests[2m > [22m[2mPerformance Tests[2m > [22m[2mshould handle pagination efficiently
[22m[39m2026-03-11T03:59:39.434Z INFO [App] Property created successfully {"propertyId":"prop_1773201579434_n73b5b7gc"}

[90mstdout[2m | tests/comprehensive-crud.test.ts[2m > [22m[2mComprehensive CRUD API Tests[2m > [22m[2mPerformance Tests[2m > [22m[2mshould handle pagination efficiently
[22m[39m2026-03-11T03:59:39.435Z INFO [App] Property created successfully {"propertyId":"prop_1773201579434_n73b5b7gc"}

[90mstdout[2m | tests/comprehensive-crud.test.ts[2m > [22m[2mComprehensive CRUD API Tests[2m > [22m[2mPerformance Tests[2m > [22m[2mshould handle pagination efficiently
[22m[39m2026-03-11T03:59:39.444Z INFO [App] Creating new property {"body":{"address":{"streetAddress":"9 Pagination Test St","city":"San Francisco","state":"CA","zipCode":"94101","county":"San Francisco"},"details":{"propertyType":"single_family_residential","occupancy":"owner_occupied","yearBuilt":2020,"grossLivingArea":2000,"bedrooms":3,"bathrooms":2,"features":["feature"]}}}
2026-03-11T03:59:39.444Z INFO [App] Creating new property {"address":"9 Pagination Test St, San Francisco","propertyType":"single_family_residential"}

[90mstdout[2m | tests/comprehensive-crud.test.ts[2m > [22m[2mComprehensive CRUD API Tests[2m > [22m[2mPerformance Tests[2m > [22m[2mshould handle pagination efficiently
[22m[39m2026-03-11T03:59:39.444Z INFO [App] Property created successfully {"propertyId":"prop_1773201579444_q2tdbz5hh"}

[90mstdout[2m | tests/comprehensive-crud.test.ts[2m > [22m[2mComprehensive CRUD API Tests[2m > [22m[2mPerformance Tests[2m > [22m[2mshould handle pagination efficiently
[22m[39m2026-03-11T03:59:39.445Z INFO [App] Property created successfully {"propertyId":"prop_1773201579444_q2tdbz5hh"}

[90mstdout[2m | tests/comprehensive-crud.test.ts[2m > [22m[2mComprehensive CRUD API Tests[2m > [22m[2mPerformance Tests[2m > [22m[2mshould handle pagination efficiently
[22m[39m2026-03-11T03:59:39.451Z INFO [App] Creating new property {"body":{"address":{"streetAddress":"10 Pagination Test St","city":"San Francisco","state":"CA","zipCode":"94101","county":"San Francisco"},"details":{"propertyType":"single_family_residential","occupancy":"owner_occupied","yearBuilt":2020,"grossLivingArea":2000,"bedrooms":3,"bathrooms":2,"features":["feature"]}}}
2026-03-11T03:59:39.451Z INFO [App] Creating new property {"address":"10 Pagination Test St, San Francisco","propertyType":"single_family_residential"}

[90mstdout[2m | tests/comprehensive-crud.test.ts[2m > [22m[2mComprehensive CRUD API Tests[2m > [22m[2mPerformance Tests[2m > [22m[2mshould handle pagination efficiently
[22m[39m2026-03-11T03:59:39.452Z INFO [App] Property created successfully {"propertyId":"prop_1773201579451_5hmre0csi"}

[90mstdout[2m | tests/comprehensive-crud.test.ts[2m > [22m[2mComprehensive CRUD API Tests[2m > [22m[2mPerformance Tests[2m > [22m[2mshould handle pagination efficiently
[22m[39m2026-03-11T03:59:39.452Z INFO [App] Property created successfully {"propertyId":"prop_1773201579451_5hmre0csi"}

[90mstdout[2m | tests/comprehensive-crud.test.ts[2m > [22m[2mComprehensive CRUD API Tests[2m > [22m[2mPerformance Tests[2m > [22m[2mshould handle pagination efficiently
[22m[39m2026-03-11T03:59:39.460Z INFO [App] Creating new property {"body":{"address":{"streetAddress":"11 Pagination Test St","city":"San Francisco","state":"CA","zipCode":"94101","county":"San Francisco"},"details":{"propertyType":"single_family_residential","occupancy":"owner_occupied","yearBuilt":2020,"grossLivingArea":2000,"bedrooms":3,"bathrooms":2,"features":["feature"]}}}
2026-03-11T03:59:39.460Z INFO [App] Creating new property {"address":"11 Pagination Test St, San Francisco","propertyType":"single_family_residential"}

[90mstdout[2m | tests/comprehensive-crud.test.ts[2m > [22m[2mComprehensive CRUD API Tests[2m > [22m[2mPerformance Tests[2m > [22m[2mshould handle pagination efficiently
[22m[39m2026-03-11T03:59:39.460Z INFO [App] Property created successfully {"propertyId":"prop_1773201579460_s1h3ijz0z"}

[90mstdout[2m | tests/comprehensive-crud.test.ts[2m > [22m[2mComprehensive CRUD API Tests[2m > [22m[2mPerformance Tests[2m > [22m[2mshould handle pagination efficiently
[22m[39m2026-03-11T03:59:39.461Z INFO [App] Property created successfully {"propertyId":"prop_1773201579460_s1h3ijz0z"}

[90mstdout[2m | tests/comprehensive-crud.test.ts[2m > [22m[2mComprehensive CRUD API Tests[2m > [22m[2mPerformance Tests[2m > [22m[2mshould handle pagination efficiently
[22m[39m2026-03-11T03:59:39.470Z INFO [App] Creating new property {"body":{"address":{"streetAddress":"12 Pagination Test St","city":"San Francisco","state":"CA","zipCode":"94101","county":"San Francisco"},"details":{"propertyType":"single_family_residential","occupancy":"owner_occupied","yearBuilt":2020,"grossLivingArea":2000,"bedrooms":3,"bathrooms":2,"features":["feature"]}}}
2026-03-11T03:59:39.470Z INFO [App] Creating new property {"address":"12 Pagination Test St, San Francisco","propertyType":"single_family_residential"}

[90mstdout[2m | tests/comprehensive-crud.test.ts[2m > [22m[2mComprehensive CRUD API Tests[2m > [22m[2mPerformance Tests[2m > [22m[2mshould handle pagination efficiently
[22m[39m2026-03-11T03:59:39.471Z INFO [App] Property created successfully {"propertyId":"prop_1773201579470_npsfdxb92"}

[90mstdout[2m | tests/comprehensive-crud.test.ts[2m > [22m[2mComprehensive CRUD API Tests[2m > [22m[2mPerformance Tests[2m > [22m[2mshould handle pagination efficiently
[22m[39m2026-03-11T03:59:39.471Z INFO [App] Property created successfully {"propertyId":"prop_1773201579470_npsfdxb92"}

[90mstdout[2m | tests/comprehensive-crud.test.ts[2m > [22m[2mComprehensive CRUD API Tests[2m > [22m[2mPerformance Tests[2m > [22m[2mshould handle pagination efficiently
[22m[39m2026-03-11T03:59:39.484Z INFO [App] Creating new property {"body":{"address":{"streetAddress":"13 Pagination Test St","city":"San Francisco","state":"CA","zipCode":"94101","county":"San Francisco"},"details":{"propertyType":"single_family_residential","occupancy":"owner_occupied","yearBuilt":2020,"grossLivingArea":2000,"bedrooms":3,"bathrooms":2,"features":["feature"]}}}
2026-03-11T03:59:39.485Z INFO [App] Creating new property {"address":"13 Pagination Test St, San Francisco","propertyType":"single_family_residential"}

[90mstdout[2m | tests/comprehensive-crud.test.ts[2m > [22m[2mComprehensive CRUD API Tests[2m > [22m[2mPerformance Tests[2m > [22m[2mshould handle pagination efficiently
[22m[39m2026-03-11T03:59:39.485Z INFO [App] Property created successfully {"propertyId":"prop_1773201579485_3xqftl7nj"}

[90mstdout[2m | tests/comprehensive-crud.test.ts[2m > [22m[2mComprehensive CRUD API Tests[2m > [22m[2mPerformance Tests[2m > [22m[2mshould handle pagination efficiently
[22m[39m2026-03-11T03:59:39.485Z INFO [App] Property created successfully {"propertyId":"prop_1773201579485_3xqftl7nj"}

[90mstdout[2m | tests/comprehensive-crud.test.ts[2m > [22m[2mComprehensive CRUD API Tests[2m > [22m[2mPerformance Tests[2m > [22m[2mshould handle pagination efficiently
[22m[39m2026-03-11T03:59:39.493Z INFO [App] Creating new property {"body":{"address":{"streetAddress":"14 Pagination Test St","city":"San Francisco","state":"CA","zipCode":"94101","county":"San Francisco"},"details":{"propertyType":"single_family_residential","occupancy":"owner_occupied","yearBuilt":2020,"grossLivingArea":2000,"bedrooms":3,"bathrooms":2,"features":["feature"]}}}
2026-03-11T03:59:39.493Z INFO [App] Creating new property {"address":"14 Pagination Test St, San Francisco","propertyType":"single_family_residential"}

[90mstdout[2m | tests/comprehensive-crud.test.ts[2m > [22m[2mComprehensive CRUD API Tests[2m > [22m[2mPerformance Tests[2m > [22m[2mshould handle pagination efficiently
[22m[39m2026-03-11T03:59:39.493Z INFO [App] Property created successfully {"propertyId":"prop_1773201579493_qy94wzcr5"}

[90mstdout[2m | tests/comprehensive-crud.test.ts[2m > [22m[2mComprehensive CRUD API Tests[2m > [22m[2mPerformance Tests[2m > [22m[2mshould handle pagination efficiently
[22m[39m2026-03-11T03:59:39.494Z INFO [App] Property created successfully {"propertyId":"prop_1773201579493_qy94wzcr5"}

[90mstdout[2m | tests/comprehensive-crud.test.ts[2m > [22m[2mComprehensive CRUD API Tests[2m > [22m[2mPerformance Tests[2m > [22m[2mshould handle pagination efficiently
[22m[39m2026-03-11T03:59:39.502Z INFO [App] Creating new property {"body":{"address":{"streetAddress":"15 Pagination Test St","city":"San Francisco","state":"CA","zipCode":"94101","county":"San Francisco"},"details":{"propertyType":"single_family_residential","occupancy":"owner_occupied","yearBuilt":2020,"grossLivingArea":2000,"bedrooms":3,"bathrooms":2,"features":["feature"]}}}
2026-03-11T03:59:39.503Z INFO [App] Creating new property {"address":"15 Pagination Test St, San Francisco","propertyType":"single_family_residential"}

[90mstdout[2m | tests/comprehensive-crud.test.ts[2m > [22m[2mComprehensive CRUD API Tests[2m > [22m[2mPerformance Tests[2m > [22m[2mshould handle pagination efficiently
[22m[39m2026-03-11T03:59:39.503Z INFO [App] Property created successfully {"propertyId":"prop_1773201579503_s2ca3jbs5"}

[90mstdout[2m | tests/comprehensive-crud.test.ts[2m > [22m[2mComprehensive CRUD API Tests[2m > [22m[2mPerformance Tests[2m > [22m[2mshould handle pagination efficiently
[22m[39m2026-03-11T03:59:39.504Z INFO [App] Property created successfully {"propertyId":"prop_1773201579503_s2ca3jbs5"}

[90mstdout[2m | tests/comprehensive-crud.test.ts[2m > [22m[2mComprehensive CRUD API Tests[2m > [22m[2mPerformance Tests[2m > [22m[2mshould handle pagination efficiently
[22m[39m2026-03-11T03:59:39.512Z INFO [App] Creating new property {"body":{"address":{"streetAddress":"16 Pagination Test St","city":"San Francisco","state":"CA","zipCode":"94101","county":"San Francisco"},"details":{"propertyType":"single_family_residential","occupancy":"owner_occupied","yearBuilt":2020,"grossLivingArea":2000,"bedrooms":3,"bathrooms":2,"features":["feature"]}}}
2026-03-11T03:59:39.512Z INFO [App] Creating new property {"address":"16 Pagination Test St, San Francisco","propertyType":"single_family_residential"}

[90mstdout[2m | tests/comprehensive-crud.test.ts[2m > [22m[2mComprehensive CRUD API Tests[2m > [22m[2mPerformance Tests[2m > [22m[2mshould handle pagination efficiently
[22m[39m2026-03-11T03:59:39.512Z INFO [App] Property created successfully {"propertyId":"prop_1773201579512_a149nk4ao"}

[90mstdout[2m | tests/comprehensive-crud.test.ts[2m > [22m[2mComprehensive CRUD API Tests[2m > [22m[2mPerformance Tests[2m > [22m[2mshould handle pagination efficiently
[22m[39m2026-03-11T03:59:39.512Z INFO [App] Property created successfully {"propertyId":"prop_1773201579512_a149nk4ao"}

[90mstdout[2m | tests/comprehensive-crud.test.ts[2m > [22m[2mComprehensive CRUD API Tests[2m > [22m[2mPerformance Tests[2m > [22m[2mshould handle pagination efficiently
[22m[39m2026-03-11T03:59:39.522Z INFO [App] Creating new property {"body":{"address":{"streetAddress":"17 Pagination Test St","city":"San Francisco","state":"CA","zipCode":"94101","county":"San Francisco"},"details":{"propertyType":"single_family_residential","occupancy":"owner_occupied","yearBuilt":2020,"grossLivingArea":2000,"bedrooms":3,"bathrooms":2,"features":["feature"]}}}
2026-03-11T03:59:39.522Z INFO [App] Creating new property {"address":"17 Pagination Test St, San Francisco","propertyType":"single_family_residential"}

[90mstdout[2m | tests/comprehensive-crud.test.ts[2m > [22m[2mComprehensive CRUD API Tests[2m > [22m[2mPerformance Tests[2m > [22m[2mshould handle pagination efficiently
[22m[39m2026-03-11T03:59:39.522Z INFO [App] Property created successfully {"propertyId":"prop_1773201579522_7xmd4cx8w"}

[90mstdout[2m | tests/comprehensive-crud.test.ts[2m > [22m[2mComprehensive CRUD API Tests[2m > [22m[2mPerformance Tests[2m > [22m[2mshould handle pagination efficiently
[22m[39m2026-03-11T03:59:39.522Z INFO [App] Property created successfully {"propertyId":"prop_1773201579522_7xmd4cx8w"}

[90mstdout[2m | tests/comprehensive-crud.test.ts[2m > [22m[2mComprehensive CRUD API Tests[2m > [22m[2mPerformance Tests[2m > [22m[2mshould handle pagination efficiently
[22m[39m2026-03-11T03:59:39.531Z INFO [App] Creating new property {"body":{"address":{"streetAddress":"18 Pagination Test St","city":"San Francisco","state":"CA","zipCode":"94101","county":"San Francisco"},"details":{"propertyType":"single_family_residential","occupancy":"owner_occupied","yearBuilt":2020,"grossLivingArea":2000,"bedrooms":3,"bathrooms":2,"features":["feature"]}}}
2026-03-11T03:59:39.531Z INFO [App] Creating new property {"address":"18 Pagination Test St, San Francisco","propertyType":"single_family_residential"}

[90mstdout[2m | tests/comprehensive-crud.test.ts[2m > [22m[2mComprehensive CRUD API Tests[2m > [22m[2mPerformance Tests[2m > [22m[2mshould handle pagination efficiently
[22m[39m2026-03-11T03:59:39.532Z INFO [App] Property created successfully {"propertyId":"prop_1773201579531_cclq4cnig"}

[90mstdout[2m | tests/comprehensive-crud.test.ts[2m > [22m[2mComprehensive CRUD API Tests[2m > [22m[2mPerformance Tests[2m > [22m[2mshould handle pagination efficiently
[22m[39m2026-03-11T03:59:39.532Z INFO [App] Property created successfully {"propertyId":"prop_1773201579531_cclq4cnig"}

[90mstdout[2m | tests/comprehensive-crud.test.ts[2m > [22m[2mComprehensive CRUD API Tests[2m > [22m[2mPerformance Tests[2m > [22m[2mshould handle pagination efficiently
[22m[39m2026-03-11T03:59:39.542Z INFO [App] Creating new property {"body":{"address":{"streetAddress":"19 Pagination Test St","city":"San Francisco","state":"CA","zipCode":"94101","county":"San Francisco"},"details":{"propertyType":"single_family_residential","occupancy":"owner_occupied","yearBuilt":2020,"grossLivingArea":2000,"bedrooms":3,"bathrooms":2,"features":["feature"]}}}
2026-03-11T03:59:39.542Z INFO [App] Creating new property {"address":"19 Pagination Test St, San Francisco","propertyType":"single_family_residential"}

[90mstdout[2m | tests/comprehensive-crud.test.ts[2m > [22m[2mComprehensive CRUD API Tests[2m > [22m[2mPerformance Tests[2m > [22m[2mshould handle pagination efficiently
[22m[39m2026-03-11T03:59:39.542Z INFO [App] Property created successfully {"propertyId":"prop_1773201579542_zn1q13v04"}

[90mstdout[2m | tests/comprehensive-crud.test.ts[2m > [22m[2mComprehensive CRUD API Tests[2m > [22m[2mPerformance Tests[2m > [22m[2mshould handle pagination efficiently
[22m[39m2026-03-11T03:59:39.542Z INFO [App] Property created successfully {"propertyId":"prop_1773201579542_zn1q13v04"}

[90mstdout[2m | tests/comprehensive-crud.test.ts[2m > [22m[2mComprehensive CRUD API Tests[2m > [22m[2mPerformance Tests[2m > [22m[2mshould handle pagination efficiently
[22m[39m2026-03-11T03:59:39.550Z INFO [App] Creating new property {"body":{"address":{"streetAddress":"20 Pagination Test St","city":"San Francisco","state":"CA","zipCode":"94101","county":"San Francisco"},"details":{"propertyType":"single_family_residential","occupancy":"owner_occupied","yearBuilt":2020,"grossLivingArea":2000,"bedrooms":3,"bathrooms":2,"features":["feature"]}}}
2026-03-11T03:59:39.550Z INFO [App] Creating new property {"address":"20 Pagination Test St, San Francisco","propertyType":"single_family_residential"}

[90mstdout[2m | tests/comprehensive-crud.test.ts[2m > [22m[2mComprehensive CRUD API Tests[2m > [22m[2mPerformance Tests[2m > [22m[2mshould handle pagination efficiently
[22m[39m2026-03-11T03:59:39.550Z INFO [App] Property created successfully {"propertyId":"prop_1773201579550_96sl3w0k6"}

[90mstdout[2m | tests/comprehensive-crud.test.ts[2m > [22m[2mComprehensive CRUD API Tests[2m > [22m[2mPerformance Tests[2m > [22m[2mshould handle pagination efficiently
[22m[39m2026-03-11T03:59:39.551Z INFO [App] Property created successfully {"propertyId":"prop_1773201579550_96sl3w0k6"}

[90mstdout[2m | tests/comprehensive-crud.test.ts[2m > [22m[2mComprehensive CRUD API Tests[2m > [22m[2mPerformance Tests[2m > [22m[2mshould handle pagination efficiently
[22m[39m2026-03-11T03:59:39.565Z INFO [App] Creating new property {"body":{"address":{"streetAddress":"21 Pagination Test St","city":"San Francisco","state":"CA","zipCode":"94101","county":"San Francisco"},"details":{"propertyType":"single_family_residential","occupancy":"owner_occupied","yearBuilt":2020,"grossLivingArea":2000,"bedrooms":3,"bathrooms":2,"features":["feature"]}}}
2026-03-11T03:59:39.566Z INFO [App] Creating new property {"address":"21 Pagination Test St, San Francisco","propertyType":"single_family_residential"}

[90mstdout[2m | tests/comprehensive-crud.test.ts[2m > [22m[2mComprehensive CRUD API Tests[2m > [22m[2mPerformance Tests[2m > [22m[2mshould handle pagination efficiently
[22m[39m2026-03-11T03:59:39.567Z INFO [App] Property created successfully {"propertyId":"prop_1773201579566_qjtqifdj7"}

[90mstdout[2m | tests/comprehensive-crud.test.ts[2m > [22m[2mComprehensive CRUD API Tests[2m > [22m[2mPerformance Tests[2m > [22m[2mshould handle pagination efficiently
[22m[39m2026-03-11T03:59:39.567Z INFO [App] Property created successfully {"propertyId":"prop_1773201579566_qjtqifdj7"}

[90mstdout[2m | tests/comprehensive-crud.test.ts[2m > [22m[2mComprehensive CRUD API Tests[2m > [22m[2mPerformance Tests[2m > [22m[2mshould handle pagination efficiently
[22m[39m2026-03-11T03:59:39.575Z INFO [App] Creating new property {"body":{"address":{"streetAddress":"22 Pagination Test St","city":"San Francisco","state":"CA","zipCode":"94101","county":"San Francisco"},"details":{"propertyType":"single_family_residential","occupancy":"owner_occupied","yearBuilt":2020,"grossLivingArea":2000,"bedrooms":3,"bathrooms":2,"features":["feature"]}}}
2026-03-11T03:59:39.575Z INFO [App] Creating new property {"address":"22 Pagination Test St, San Francisco","propertyType":"single_family_residential"}

[90mstdout[2m | tests/comprehensive-crud.test.ts[2m > [22m[2mComprehensive CRUD API Tests[2m > [22m[2mPerformance Tests[2m > [22m[2mshould handle pagination efficiently
[22m[39m2026-03-11T03:59:39.576Z INFO [App] Property created successfully {"propertyId":"prop_1773201579575_6saeporu2"}

[90mstdout[2m | tests/comprehensive-crud.test.ts[2m > [22m[2mComprehensive CRUD API Tests[2m > [22m[2mPerformance Tests[2m > [22m[2mshould handle pagination efficiently
[22m[39m2026-03-11T03:59:39.576Z INFO [App] Property created successfully {"propertyId":"prop_1773201579575_6saeporu2"}

[90mstdout[2m | tests/comprehensive-crud.test.ts[2m > [22m[2mComprehensive CRUD API Tests[2m > [22m[2mPerformance Tests[2m > [22m[2mshould handle pagination efficiently
[22m[39m2026-03-11T03:59:39.589Z INFO [App] Creating new property {"body":{"address":{"streetAddress":"23 Pagination Test St","city":"San Francisco","state":"CA","zipCode":"94101","county":"San Francisco"},"details":{"propertyType":"single_family_residential","occupancy":"owner_occupied","yearBuilt":2020,"grossLivingArea":2000,"bedrooms":3,"bathrooms":2,"features":["feature"]}}}
2026-03-11T03:59:39.589Z INFO [App] Creating new property {"address":"23 Pagination Test St, San Francisco","propertyType":"single_family_residential"}

[90mstdout[2m | tests/comprehensive-crud.test.ts[2m > [22m[2mComprehensive CRUD API Tests[2m > [22m[2mPerformance Tests[2m > [22m[2mshould handle pagination efficiently
[22m[39m2026-03-11T03:59:39.589Z INFO [App] Property created successfully {"propertyId":"prop_1773201579589_4j882wuvx"}

[90mstdout[2m | tests/comprehensive-crud.test.ts[2m > [22m[2mComprehensive CRUD API Tests[2m > [22m[2mPerformance Tests[2m > [22m[2mshould handle pagination efficiently
[22m[39m2026-03-11T03:59:39.590Z INFO [App] Property created successfully {"propertyId":"prop_1773201579589_4j882wuvx"}

[90mstdout[2m | tests/comprehensive-crud.test.ts[2m > [22m[2mComprehensive CRUD API Tests[2m > [22m[2mPerformance Tests[2m > [22m[2mshould handle pagination efficiently
[22m[39m2026-03-11T03:59:39.599Z INFO [App] Creating new property {"body":{"address":{"streetAddress":"24 Pagination Test St","city":"San Francisco","state":"CA","zipCode":"94101","county":"San Francisco"},"details":{"propertyType":"single_family_residential","occupancy":"owner_occupied","yearBuilt":2020,"grossLivingArea":2000,"bedrooms":3,"bathrooms":2,"features":["feature"]}}}
2026-03-11T03:59:39.600Z INFO [App] Creating new property {"address":"24 Pagination Test St, San Francisco","propertyType":"single_family_residential"}

[90mstdout[2m | tests/comprehensive-crud.test.ts[2m > [22m[2mComprehensive CRUD API Tests[2m > [22m[2mPerformance Tests[2m > [22m[2mshould handle pagination efficiently
[22m[39m2026-03-11T03:59:39.600Z INFO [App] Property created successfully {"propertyId":"prop_1773201579600_y10atpczp"}

[90mstdout[2m | tests/comprehensive-crud.test.ts[2m > [22m[2mComprehensive CRUD API Tests[2m > [22m[2mPerformance Tests[2m > [22m[2mshould handle pagination efficiently
[22m[39m2026-03-11T03:59:39.600Z INFO [App] Property created successfully {"propertyId":"prop_1773201579600_y10atpczp"}

[90mstdout[2m | tests/integration/real-api-validation.test.ts[2m > [22m[2mReal API Validation Tests[2m > [22m[2mLive API Performance and Freshness[2m > [22m[2mshould demonstrate API response time variations (proves live calls)
[22m[39m2026-03-11T03:59:39.610Z INFO [App] Census demographic analysis completed {"coordinates":{"latitude":37.4234764,"longitude":-122.0832499},"score":70}

[90mstdout[2m | tests/integration/real-api-validation.test.ts[2m > [22m[2mReal API Validation Tests[2m > [22m[2mLive API Performance and Freshness[2m > [22m[2mshould demonstrate API response time variations (proves live calls)
[22m[39m2026-03-11T03:59:39.610Z INFO [App] Request completed {"correlationId":"741f3718-8cf6-4628-905c-a580fac3053c","method":"GET","url":"/api/property-intelligence/census/demographics?latitude=37.4234764&longitude=-122.0832499","statusCode":200,"duration":"575ms"}
2026-03-11T03:59:39.611Z INFO [App] Request completed {"correlationId":"741f3718-8cf6-4628-905c-a580fac3053c","method":"GET","url":"/api/property-intelligence/census/demographics?latitude=37.4234764&longitude=-122.0832499","statusCode":200,"duration":"576ms"}

[90mstdout[2m | tests/comprehensive-crud.test.ts[2m > [22m[2mComprehensive CRUD API Tests[2m > [22m[2mPerformance Tests[2m > [22m[2mshould handle pagination efficiently
[22m[39m2026-03-11T03:59:39.612Z INFO [App] Listing properties {"query":{"limit":"10","offset":"0"}}
2026-03-11T03:59:39.612Z INFO [App] Searching properties {"criteria":{"limit":10,"offset":0}}

[90mstdout[2m | tests/comprehensive-crud.test.ts[2m > [22m[2mComprehensive CRUD API Tests[2m > [22m[2mPerformance Tests[2m > [22m[2mshould handle pagination efficiently
[22m[39m2026-03-11T03:59:39.613Z INFO [App] Property search completed {"resultsCount":10,"total":25,"filtersApplied":1}

::ffff:127.0.0.1 - - [11/Mar/2026:03:59:39 +0000] "GET /api/property-intelligence/census/demographics?latitude=37.4234764&longitude=-122.0832499 HTTP/1.1" 200 - "-" "-"
[90mstdout[2m | tests/integration/real-api-validation.test.ts[2m > [22m[2mReal API Validation Tests[2m > [22m[2mLive API Performance and Freshness[2m > [22m[2mshould demonstrate API response time variations (proves live calls)
[22m[39mΓÅ▒∩╕Å  API Call 2: 588ms

[90mstdout[2m | tests/comprehensive-crud.test.ts[2m > [22m[2mComprehensive CRUD API Tests[2m > [22m[2mPerformance Tests[2m > [22m[2mshould handle pagination efficiently
[22m[39m2026-03-11T03:59:39.626Z INFO [App] Listing properties {"query":{"limit":"10","offset":"10"}}
2026-03-11T03:59:39.626Z INFO [App] Searching properties {"criteria":{"limit":10,"offset":10}}

[90mstdout[2m | tests/comprehensive-crud.test.ts[2m > [22m[2mComprehensive CRUD API Tests[2m > [22m[2mPerformance Tests[2m > [22m[2mshould handle pagination efficiently
[22m[39m2026-03-11T03:59:39.626Z INFO [App] Property search completed {"resultsCount":10,"total":25,"filtersApplied":1}

[90mstdout[2m | tests/comprehensive-crud.test.ts[2m > [22m[2mComprehensive CRUD API Tests
[22m[39m2026-03-11T03:59:39.632Z INFO [App] Disconnected from Azure Cosmos DB

[90mstdout[2m | tests/comprehensive-crud.test.ts
[22m[39m≡ƒº╣ Cleaning up test environment...
Γ£à Test cleanup complete

 [32mΓ£ô[39m tests/comprehensive-crud.test.ts[2m > [22mComprehensive CRUD API Tests[2m > [22mPerformance Tests[2m > [22mshould handle pagination efficiently[33m 319[2mms[22m[39m
[90mstdout[2m | tests/integration/real-api-validation.test.ts[2m > [22m[2mReal API Validation Tests[2m > [22m[2mLive API Performance and Freshness[2m > [22m[2mshould demonstrate API response time variations (proves live calls)
[22m[39m2026-03-11T03:59:39.731Z INFO [App] Incoming request {"correlationId":"a1d548fd-e5f5-4de1-b0f2-6906d5159fec","method":"GET","url":"/api/property-intelligence/census/demographics?latitude=37.4244764&longitude=-122.08224990000001","ip":"::ffff:127.0.0.1"}

[90mstdout[2m | tests/integration/real-api-validation.test.ts[2m > [22m[2mReal API Validation Tests[2m > [22m[2mLive API Performance and Freshness[2m > [22m[2mshould demonstrate API response time variations (proves live calls)
[22m[39m2026-03-11T03:59:39.735Z INFO [App] Census demographics request received {"coordinates":{"latitude":37.4244764,"longitude":-122.08224990000001}}
2026-03-11T03:59:39.735Z INFO [App] Fetching Census demographic intelligence {"coordinates":{"latitude":37.4244764,"longitude":-122.08224990000001}}

[90mstdout[2m | tests/integration/real-api-validation.test.ts[2m > [22m[2mReal API Validation Tests[2m > [22m[2mLive API Performance and Freshness[2m > [22m[2mshould demonstrate API response time variations (proves live calls)
[22m[39m2026-03-11T03:59:39.735Z INFO [App] Starting Census demographic analysis {"coordinates":{"latitude":37.4244764,"longitude":-122.08224990000001}}

[90mstdout[2m | tests/qc-workflow-e2e.test.ts[2m > [22m[2mQC Workflow E2E Tests[2m > [22m[2mhealth check passes
[22m[39m2026-03-11T03:59:40.118Z INFO [App] Request completed {"correlationId":"4aa1e3c8-776c-42a8-b6e5-5aa8e7490545","method":"GET","url":"/health","statusCode":200,"duration":"4571ms"}
2026-03-11T03:59:40.119Z INFO [App] Request completed {"correlationId":"4aa1e3c8-776c-42a8-b6e5-5aa8e7490545","method":"GET","url":"/health","statusCode":200,"duration":"4572ms"}

::ffff:127.0.0.1 - - [11/Mar/2026:03:59:40 +0000] "GET /health HTTP/1.1" 200 251 "-" "-"
[90mstdout[2m | tests/qc-workflow-e2e.test.ts[2m > [22m[2mQC Workflow E2E Tests[2m > [22m[2mQC workflow queue statistics endpoint is reachable
[22m[39m2026-03-11T03:59:40.170Z INFO [App] Incoming request {"correlationId":"48b2ddde-f970-4c27-8e59-3622b5abf041","method":"GET","url":"/api/qc-workflow/queue/statistics","ip":"::ffff:127.0.0.1"}

[90mstdout[2m | tests/integration/production-api.test.ts[2m > [22m[2mProduction API Integration Tests[2m > [22m[2mAPI Health and Status[2m > [22m[2mshould return API health status
[22m[39m2026-03-11T03:59:40.166Z INFO [App] Request completed {"correlationId":"612cf61d-a3f8-47f3-af06-06c35fe44f3b","method":"GET","url":"/health","statusCode":200,"duration":"4618ms"}
2026-03-11T03:59:40.167Z INFO [App] Request completed {"correlationId":"612cf61d-a3f8-47f3-af06-06c35fe44f3b","method":"GET","url":"/health","statusCode":200,"duration":"4619ms"}

::ffff:127.0.0.1 - - [11/Mar/2026:03:59:40 +0000] "GET /health HTTP/1.1" 200 251 "-" "-"
[90mstdout[2m | tests/integration/production-api.test.ts[2m > [22m[2mProduction API Integration Tests[2m > [22m[2mAPI Health and Status[2m > [22m[2mshould return API health status
[22m[39mΓ£à API health check passed

[90mstderr[2m | tests/qc-workflow-e2e.test.ts[2m > [22m[2mQC Workflow E2E 
Tests[2m > [22m[2mQC workflow queue statistics endpoint is reachable
[22m[39m2026-03-11T03:59:40.192Z ERROR [App] Invalid token format - could 
not decode

[90mstderr[2m | tests/qc-workflow-e2e.test.ts[2m > [22m[2mQC Workflow E2E 
Tests[2m > [22m[2mQC workflow queue statistics endpoint is reachable
[22m[39m2026-03-11T03:59:40.198Z ERROR [App] Azure Entra ID authentication 
failed {"errorMessage":"Invalid token 
format","errorName":"Error","errorStack":"Error: Invalid token format\n    at 
AzureEntraAuthMiddleware.validateToken (C:\\source\\appraisal-management-backen
d\\src\\middleware\\azure-entra-auth.middleware.ts:116:13)\n    at 
AzureEntraAuthMiddleware.authenticate (C:\\source\\appraisal-management-backend
\\src\\middleware\\azure-entra-auth.middleware.ts:242:34)\n    at C:\\source\\a
ppraisal-management-backend\\src\\middleware\\unified-auth.middleware.ts:118:33
\n    at Layer.handle [as handle_request] (C:\\source\\appraisal-management-bac
kend\\node_modules\\.pnpm\\express@4.22.1\\node_modules\\express\\lib\\router\\
layer.js:95:5)\n    at trim_prefix (C:\\source\\appraisal-management-backend\\n
ode_modules\\.pnpm\\express@4.22.1\\node_modules\\express\\lib\\router\\index.j
s:328:13)\n    at C:\\source\\appraisal-management-backend\\node_modules\\.pnpm
\\express@4.22.1\\node_modules\\express\\lib\\router\\index.js:286:9\n    at 
Function.process_params (C:\\source\\appraisal-management-backend\\node_modules
\\.pnpm\\express@4.22.1\\node_modules\\express\\lib\\router\\index.js:346:12)\n
    at next (C:\\source\\appraisal-management-backend\\node_modules\\.pnpm\\exp
ress@4.22.1\\node_modules\\express\\lib\\router\\index.js:280:10)\n    at 
urlencodedParser (C:\\source\\appraisal-management-backend\\node_modules\\.pnpm
\\body-parser@1.20.4\\node_modules\\body-parser\\lib\\types\\urlencoded.js:91:7
)\n    at Layer.handle [as handle_request] (C:\\source\\appraisal-management-ba
ckend\\node_modules\\.pnpm\\express@4.22.1\\node_modules\\express\\lib\\router\
\layer.js:95:5)","fullError":"{\"stack\":\"Error: Invalid token format\\n    
at AzureEntraAuthMiddleware.validateToken (C:\\\\source\\\\appraisal-management
-backend\\\\src\\\\middleware\\\\azure-entra-auth.middleware.ts:116:13)\\n    
at AzureEntraAuthMiddleware.authenticate (C:\\\\source\\\\appraisal-management-
backend\\\\src\\\\middleware\\\\azure-entra-auth.middleware.ts:242:34)\\n    
at C:\\\\source\\\\appraisal-management-backend\\\\src\\\\middleware\\\\unified
-auth.middleware.ts:118:33\\n    at Layer.handle [as handle_request] (C:\\\\sou
rce\\\\appraisal-management-backend\\\\node_modules\\\\.pnpm\\\\express@4.22.1\
\\\node_modules\\\\express\\\\lib\\\\router\\\\layer.js:95:5)\\n    at 
trim_prefix (C:\\\\source\\\\appraisal-management-backend\\\\node_modules\\\\.p
npm\\\\express@4.22.1\\\\node_modules\\\\express\\\\lib\\\\router\\\\index.js:3
28:13)\\n    at C:\\\\source\\\\appraisal-management-backend\\\\node_modules\\\
\.pnpm\\\\express@4.22.1\\\\node_modules\\\\express\\\\lib\\\\router\\\\index.j
s:286:9\\n    at Function.process_params (C:\\\\source\\\\appraisal-management-
backend\\\\node_modules\\\\.pnpm\\\\express@4.22.1\\\\node_modules\\\\express\\
\\lib\\\\router\\\\index.js:346:12)\\n    at next (C:\\\\source\\\\appraisal-ma
nagement-backend\\\\node_modules\\\\.pnpm\\\\express@4.22.1\\\\node_modules\\\\
express\\\\lib\\\\router\\\\index.js:280:10)\\n    at urlencodedParser (C:\\\\s
ource\\\\appraisal-management-backend\\\\node_modules\\\\.pnpm\\\\body-parser@1
.20.4\\\\node_modules\\\\body-parser\\\\lib\\\\types\\\\urlencoded.js:91:7)\\n 
   at Layer.handle [as handle_request] (C:\\\\source\\\\appraisal-management-ba
ckend\\\\node_modules\\\\.pnpm\\\\express@4.22.1\\\\node_modules\\\\express\\\\
lib\\\\router\\\\layer.js:95:5)\",\"message\":\"Invalid token format\"}"}

[90mstdout[2m | tests/qc-workflow-e2e.test.ts[2m > [22m[2mQC Workflow E2E Tests[2m > [22m[2mQC workflow queue statistics endpoint is reachable
[22m[39m2026-03-11T03:59:40.198Z INFO [App] Request completed {"correlationId":"48b2ddde-f970-4c27-8e59-3622b5abf041","method":"GET","url":"/api/qc-workflow/queue/statistics","statusCode":401,"duration":"29ms"}
2026-03-11T03:59:40.199Z INFO [App] Request completed {"correlationId":"48b2ddde-f970-4c27-8e59-3622b5abf041","method":"GET","url":"/api/qc-workflow/queue/statistics","statusCode":401,"duration":"30ms"}

::ffff:127.0.0.1 - - [11/Mar/2026:03:59:40 +0000] "GET /api/qc-workflow/queue/statistics HTTP/1.1" 401 87 "-" "-"
[90mstderr[2m | tests/qc-workflow-e2e.test.ts[2m > [22m[2mQC Workflow E2E 
Tests[2m > [22m[2mQC workflow queue statistics endpoint is reachable
[22m[39m2026-03-11T03:59:40.203Z WARN [App] Request completed with error {"co
rrelationId":"48b2ddde-f970-4c27-8e59-3622b5abf041","method":"GET","url":"/api/
qc-workflow/queue/statistics","statusCode":401,"duration":"34ms"}

[90mstdout[2m | tests/integration/production-api.test.ts[2m > [22m[2mProduction API Integration Tests[2m > [22m[2mAPI Health and Status[2m > [22m[2mshould return comprehensive API information
[22m[39m2026-03-11T03:59:40.205Z INFO [App] Incoming request {"correlationId":"fa347f2b-bf14-44bb-8e34-1a1cfc4b9ae0","method":"GET","url":"/api","ip":"::ffff:127.0.0.1"}

[90mstdout[2m | tests/qc-workflow-e2e.test.ts[2m > [22m[2mQC Workflow E2E Tests[2m > [22m[2mQC workflow analyst workload endpoint is reachable
[22m[39m2026-03-11T03:59:40.217Z INFO [App] Incoming request {"correlationId":"421f28b8-f7e4-41cb-b5cb-c9b29fad836d","method":"GET","url":"/api/qc-workflow/analysts/workload","ip":"::ffff:127.0.0.1"}

[90mstdout[2m | tests/integration/production-api.test.ts[2m > [22m[2mProduction API Integration Tests[2m > [22m[2mAPI Health and Status[2m > [22m[2mshould return comprehensive API information
[22m[39m2026-03-11T03:59:40.218Z INFO [App] Request completed {"correlationId":"fa347f2b-bf14-44bb-8e34-1a1cfc4b9ae0","method":"GET","url":"/api","statusCode":404,"duration":"14ms"}
2026-03-11T03:59:40.218Z INFO [App] Request completed {"correlationId":"fa347f2b-bf14-44bb-8e34-1a1cfc4b9ae0","method":"GET","url":"/api","statusCode":404,"duration":"14ms"}

::ffff:127.0.0.1 - - [11/Mar/2026:03:59:40 +0000] "GET /api HTTP/1.1" 404 72 "-" "-"
[90mstderr[2m | tests/integration/production-api.test.ts[2m > 
[22m[2mProduction API Integration Tests[2m > [22m[2mAPI Health and 
Status[2m > [22m[2mshould return comprehensive API information
[22m[39m2026-03-11T03:59:40.221Z WARN [App] Request completed with error {"co
rrelationId":"fa347f2b-bf14-44bb-8e34-1a1cfc4b9ae0","method":"GET","url":"/api"
,"statusCode":404,"duration":"17ms"}

[90mstderr[2m | tests/qc-workflow-e2e.test.ts[2m > [22m[2mQC Workflow E2E 
Tests[2m > [22m[2mQC workflow analyst workload endpoint is reachable
[22m[39m2026-03-11T03:59:40.222Z ERROR [App] Invalid token format - could 
not decode

[90mstderr[2m | tests/qc-workflow-e2e.test.ts[2m > [22m[2mQC Workflow E2E 
Tests[2m > [22m[2mQC workflow analyst workload endpoint is reachable
[22m[39m2026-03-11T03:59:40.223Z ERROR [App] Azure Entra ID authentication 
failed {"errorMessage":"Invalid token 
format","errorName":"Error","errorStack":"Error: Invalid token format\n    at 
AzureEntraAuthMiddleware.validateToken (C:\\source\\appraisal-management-backen
d\\src\\middleware\\azure-entra-auth.middleware.ts:116:13)\n    at 
AzureEntraAuthMiddleware.authenticate (C:\\source\\appraisal-management-backend
\\src\\middleware\\azure-entra-auth.middleware.ts:242:34)\n    at C:\\source\\a
ppraisal-management-backend\\src\\middleware\\unified-auth.middleware.ts:118:33
\n    at Layer.handle [as handle_request] (C:\\source\\appraisal-management-bac
kend\\node_modules\\.pnpm\\express@4.22.1\\node_modules\\express\\lib\\router\\
layer.js:95:5)\n    at trim_prefix (C:\\source\\appraisal-management-backend\\n
ode_modules\\.pnpm\\express@4.22.1\\node_modules\\express\\lib\\router\\index.j
s:328:13)\n    at C:\\source\\appraisal-management-backend\\node_modules\\.pnpm
\\express@4.22.1\\node_modules\\express\\lib\\router\\index.js:286:9\n    at 
Function.process_params (C:\\source\\appraisal-management-backend\\node_modules
\\.pnpm\\express@4.22.1\\node_modules\\express\\lib\\router\\index.js:346:12)\n
    at next (C:\\source\\appraisal-management-backend\\node_modules\\.pnpm\\exp
ress@4.22.1\\node_modules\\express\\lib\\router\\index.js:280:10)\n    at 
urlencodedParser (C:\\source\\appraisal-management-backend\\node_modules\\.pnpm
\\body-parser@1.20.4\\node_modules\\body-parser\\lib\\types\\urlencoded.js:91:7
)\n    at Layer.handle [as handle_request] (C:\\source\\appraisal-management-ba
ckend\\node_modules\\.pnpm\\express@4.22.1\\node_modules\\express\\lib\\router\
\layer.js:95:5)","fullError":"{\"stack\":\"Error: Invalid token format\\n    
at AzureEntraAuthMiddleware.validateToken (C:\\\\source\\\\appraisal-management
-backend\\\\src\\\\middleware\\\\azure-entra-auth.middleware.ts:116:13)\\n    
at AzureEntraAuthMiddleware.authenticate (C:\\\\source\\\\appraisal-management-
backend\\\\src\\\\middleware\\\\azure-entra-auth.middleware.ts:242:34)\\n    
at C:\\\\source\\\\appraisal-management-backend\\\\src\\\\middleware\\\\unified
-auth.middleware.ts:118:33\\n    at Layer.handle [as handle_request] (C:\\\\sou
rce\\\\appraisal-management-backend\\\\node_modules\\\\.pnpm\\\\express@4.22.1\
\\\node_modules\\\\express\\\\lib\\\\router\\\\layer.js:95:5)\\n    at 
trim_prefix (C:\\\\source\\\\appraisal-management-backend\\\\node_modules\\\\.p
npm\\\\express@4.22.1\\\\node_modules\\\\express\\\\lib\\\\router\\\\index.js:3
28:13)\\n    at C:\\\\source\\\\appraisal-management-backend\\\\node_modules\\\
\.pnpm\\\\express@4.22.1\\\\node_modules\\\\express\\\\lib\\\\router\\\\index.j
s:286:9\\n    at Function.process_params (C:\\\\source\\\\appraisal-management-
backend\\\\node_modules\\\\.pnpm\\\\express@4.22.1\\\\node_modules\\\\express\\
\\lib\\\\router\\\\index.js:346:12)\\n    at next (C:\\\\source\\\\appraisal-ma
nagement-backend\\\\node_modules\\\\.pnpm\\\\express@4.22.1\\\\node_modules\\\\
express\\\\lib\\\\router\\\\index.js:280:10)\\n    at urlencodedParser (C:\\\\s
ource\\\\appraisal-management-backend\\\\node_modules\\\\.pnpm\\\\body-parser@1
.20.4\\\\node_modules\\\\body-parser\\\\lib\\\\types\\\\urlencoded.js:91:7)\\n 
   at Layer.handle [as handle_request] (C:\\\\source\\\\appraisal-management-ba
ckend\\\\node_modules\\\\.pnpm\\\\express@4.22.1\\\\node_modules\\\\express\\\\
lib\\\\router\\\\layer.js:95:5)\",\"message\":\"Invalid token format\"}"}

[90mstdout[2m | tests/integration/production-api.test.ts[2m > [22m[2mProduction API Integration Tests[2m > [22m[2mAPI Health and Status[2m > [22m[2mshould return comprehensive API information
[22m[39mΓ£à API info endpoint checked (status: 404)

[90mstdout[2m | tests/qc-workflow-e2e.test.ts[2m > [22m[2mQC Workflow E2E Tests[2m > [22m[2mQC workflow analyst workload endpoint is reachable
[22m[39m2026-03-11T03:59:40.223Z INFO [App] Request completed {"correlationId":"421f28b8-f7e4-41cb-b5cb-c9b29fad836d","method":"GET","url":"/api/qc-workflow/analysts/workload","statusCode":401,"duration":"6ms"}
2026-03-11T03:59:40.225Z INFO [App] Request completed {"correlationId":"421f28b8-f7e4-41cb-b5cb-c9b29fad836d","method":"GET","url":"/api/qc-workflow/analysts/workload","statusCode":401,"duration":"8ms"}

::ffff:127.0.0.1 - - [11/Mar/2026:03:59:40 +0000] "GET /api/qc-workflow/analysts/workload HTTP/1.1" 401 87 "-" "-"
[90mstderr[2m | tests/qc-workflow-e2e.test.ts[2m > [22m[2mQC Workflow E2E 
Tests[2m > [22m[2mQC workflow analyst workload endpoint is reachable
[22m[39m2026-03-11T03:59:40.228Z WARN [App] Request completed with error {"co
rrelationId":"421f28b8-f7e4-41cb-b5cb-c9b29fad836d","method":"GET","url":"/api/
qc-workflow/analysts/workload","statusCode":401,"duration":"10ms"}

 [32mΓ£ô[39m tests/qc-workflow-e2e.test.ts[2m > [22mQC Workflow E2E Tests[2m > [22mhealth check passes[33m 4650[2mms[22m[39m
 [32mΓ£ô[39m tests/qc-workflow-e2e.test.ts[2m > [22mQC Workflow E2E Tests[2m > [22mQC workflow queue statistics endpoint is reachable[32m 70[2mms[22m[39m
 [32mΓ£ô[39m tests/qc-workflow-e2e.test.ts[2m > [22mQC Workflow E2E Tests[2m > [22mQC workflow analyst workload endpoint is reachable[32m 24[2mms[22m[39m
[90mstdout[2m | tests/qc-workflow-e2e.test.ts[2m > [22m[2mQC Workflow E2E Tests[2m > [22m[2mQC workflow open escalations endpoint is reachable
[22m[39m2026-03-11T03:59:40.243Z INFO [App] Incoming request {"correlationId":"e1343889-9895-4e58-a1b8-3cd0c63bd14b","method":"GET","url":"/api/qc-workflow/escalations/open","ip":"::ffff:127.0.0.1"}

[90mstderr[2m | tests/qc-workflow-e2e.test.ts[2m > [22m[2mQC Workflow E2E 
Tests[2m > [22m[2mQC workflow open escalations endpoint is reachable
[22m[39m2026-03-11T03:59:40.252Z ERROR [App] Invalid token format - could 
not decode

[90mstdout[2m | tests/qc-workflow-e2e.test.ts[2m > [22m[2mQC Workflow E2E Tests[2m > [22m[2mQC workflow open escalations endpoint is reachable
[22m[39m2026-03-11T03:59:40.254Z INFO [App] Request completed {"correlationId":"e1343889-9895-4e58-a1b8-3cd0c63bd14b","method":"GET","url":"/api/qc-workflow/escalations/open","statusCode":401,"duration":"11ms"}
2026-03-11T03:59:40.254Z INFO [App] Request completed {"correlationId":"e1343889-9895-4e58-a1b8-3cd0c63bd14b","method":"GET","url":"/api/qc-workflow/escalations/open","statusCode":401,"duration":"11ms"}

[90mstderr[2m | tests/qc-workflow-e2e.test.ts[2m > [22m[2mQC Workflow E2E 
Tests[2m > [22m[2mQC workflow open escalations endpoint is reachable
[22m[39m2026-03-11T03:59:40.254Z ERROR [App] Azure Entra ID authentication 
failed {"errorMessage":"Invalid token 
format","errorName":"Error","errorStack":"Error: Invalid token format\n    at 
AzureEntraAuthMiddleware.validateToken (C:\\source\\appraisal-management-backen
d\\src\\middleware\\azure-entra-auth.middleware.ts:116:13)\n    at 
AzureEntraAuthMiddleware.authenticate (C:\\source\\appraisal-management-backend
\\src\\middleware\\azure-entra-auth.middleware.ts:242:34)\n    at C:\\source\\a
ppraisal-management-backend\\src\\middleware\\unified-auth.middleware.ts:118:33
\n    at Layer.handle [as handle_request] (C:\\source\\appraisal-management-bac
kend\\node_modules\\.pnpm\\express@4.22.1\\node_modules\\express\\lib\\router\\
layer.js:95:5)\n    at trim_prefix (C:\\source\\appraisal-management-backend\\n
ode_modules\\.pnpm\\express@4.22.1\\node_modules\\express\\lib\\router\\index.j
s:328:13)\n    at C:\\source\\appraisal-management-backend\\node_modules\\.pnpm
\\express@4.22.1\\node_modules\\express\\lib\\router\\index.js:286:9\n    at 
Function.process_params (C:\\source\\appraisal-management-backend\\node_modules
\\.pnpm\\express@4.22.1\\node_modules\\express\\lib\\router\\index.js:346:12)\n
    at next (C:\\source\\appraisal-management-backend\\node_modules\\.pnpm\\exp
ress@4.22.1\\node_modules\\express\\lib\\router\\index.js:280:10)\n    at 
urlencodedParser (C:\\source\\appraisal-management-backend\\node_modules\\.pnpm
\\body-parser@1.20.4\\node_modules\\body-parser\\lib\\types\\urlencoded.js:91:7
)\n    at Layer.handle [as handle_request] (C:\\source\\appraisal-management-ba
ckend\\node_modules\\.pnpm\\express@4.22.1\\node_modules\\express\\lib\\router\
\layer.js:95:5)","fullError":"{\"stack\":\"Error: Invalid token format\\n    
at AzureEntraAuthMiddleware.validateToken (C:\\\\source\\\\appraisal-management
-backend\\\\src\\\\middleware\\\\azure-entra-auth.middleware.ts:116:13)\\n    
at AzureEntraAuthMiddleware.authenticate (C:\\\\source\\\\appraisal-management-
backend\\\\src\\\\middleware\\\\azure-entra-auth.middleware.ts:242:34)\\n    
at C:\\\\source\\\\appraisal-management-backend\\\\src\\\\middleware\\\\unified
-auth.middleware.ts:118:33\\n    at Layer.handle [as handle_request] (C:\\\\sou
rce\\\\appraisal-management-backend\\\\node_modules\\\\.pnpm\\\\express@4.22.1\
\\\node_modules\\\\express\\\\lib\\\\router\\\\layer.js:95:5)\\n    at 
trim_prefix (C:\\\\source\\\\appraisal-management-backend\\\\node_modules\\\\.p
npm\\\\express@4.22.1\\\\node_modules\\\\express\\\\lib\\\\router\\\\index.js:3
28:13)\\n    at C:\\\\source\\\\appraisal-management-backend\\\\node_modules\\\
\.pnpm\\\\express@4.22.1\\\\node_modules\\\\express\\\\lib\\\\router\\\\index.j
s:286:9\\n    at Function.process_params (C:\\\\source\\\\appraisal-management-
backend\\\\node_modules\\\\.pnpm\\\\express@4.22.1\\\\node_modules\\\\express\\
\\lib\\\\router\\\\index.js:346:12)\\n    at next (C:\\\\source\\\\appraisal-ma
nagement-backend\\\\node_modules\\\\.pnpm\\\\express@4.22.1\\\\node_modules\\\\
express\\\\lib\\\\router\\\\index.js:280:10)\\n    at urlencodedParser (C:\\\\s
ource\\\\appraisal-management-backend\\\\node_modules\\\\.pnpm\\\\body-parser@1
.20.4\\\\node_modules\\\\body-parser\\\\lib\\\\types\\\\urlencoded.js:91:7)\\n 
   at Layer.handle [as handle_request] (C:\\\\source\\\\appraisal-management-ba
ckend\\\\node_modules\\\\.pnpm\\\\express@4.22.1\\\\node_modules\\\\express\\\\
lib\\\\router\\\\layer.js:95:5)\",\"message\":\"Invalid token format\"}"}

::ffff:127.0.0.1 - - [11/Mar/2026:03:59:40 +0000] "GET /api/qc-workflow/escalations/open HTTP/1.1" 401 87 "-" "-"
[90mstderr[2m | tests/qc-workflow-e2e.test.ts[2m > [22m[2mQC Workflow E2E 
Tests[2m > [22m[2mQC workflow open escalations endpoint is reachable
[22m[39m2026-03-11T03:59:40.257Z WARN [App] Request completed with error {"co
rrelationId":"e1343889-9895-4e58-a1b8-3cd0c63bd14b","method":"GET","url":"/api/
qc-workflow/escalations/open","statusCode":401,"duration":"14ms"}

[90mstdout[2m | tests/integration/production-api.test.ts[2m > [22m[2mProduction API Integration Tests[2m > [22m[2mOrder Management Workflow[2m > [22m[2mshould create a new appraisal order
[22m[39m2026-03-11T03:59:40.262Z INFO [App] Incoming request {"correlationId":"44aeeef8-e94d-47a3-95e3-5b53a57d2454","method":"POST","url":"/api/orders","ip":"::ffff:127.0.0.1"}

[90mstdout[2m | tests/qc-workflow-e2e.test.ts[2m > [22m[2mQC Workflow E2E Tests[2m > [22m[2mQC workflow active revisions endpoint is reachable
[22m[39m2026-03-11T03:59:40.270Z INFO [App] Incoming request {"correlationId":"0a04e85d-77ba-4988-ab37-ee0827ade62a","method":"GET","url":"/api/qc-workflow/revisions/active","ip":"::ffff:127.0.0.1"}

[90mstderr[2m | tests/qc-workflow-e2e.test.ts[2m > [22m[2mQC Workflow E2E 
Tests[2m > [22m[2mQC workflow active revisions endpoint is reachable
[22m[39m2026-03-11T03:59:40.271Z ERROR [App] Invalid token format - could 
not decode

[90mstdout[2m | tests/integration/real-api-validation.test.ts[2m > [22m[2mReal API Validation Tests[2m > [22m[2mLive API Performance and Freshness[2m > [22m[2mshould demonstrate API response time variations (proves live calls)
[22m[39m2026-03-11T03:59:40.273Z INFO [App] Census demographic analysis completed {"coordinates":{"latitude":37.4244764,"longitude":-122.08224990000001},"score":70}

[90mstderr[2m | tests/qc-workflow-e2e.test.ts[2m > [22m[2mQC Workflow E2E 
Tests[2m > [22m[2mQC workflow active revisions endpoint is reachable
[22m[39m2026-03-11T03:59:40.272Z ERROR [App] Azure Entra ID authentication 
failed {"errorMessage":"Invalid token 
format","errorName":"Error","errorStack":"Error: Invalid token format\n    at 
AzureEntraAuthMiddleware.validateToken (C:\\source\\appraisal-management-backen
d\\src\\middleware\\azure-entra-auth.middleware.ts:116:13)\n    at 
AzureEntraAuthMiddleware.authenticate (C:\\source\\appraisal-management-backend
\\src\\middleware\\azure-entra-auth.middleware.ts:242:34)\n    at C:\\source\\a
ppraisal-management-backend\\src\\middleware\\unified-auth.middleware.ts:118:33
\n    at Layer.handle [as handle_request] (C:\\source\\appraisal-management-bac
kend\\node_modules\\.pnpm\\express@4.22.1\\node_modules\\express\\lib\\router\\
layer.js:95:5)\n    at trim_prefix (C:\\source\\appraisal-management-backend\\n
ode_modules\\.pnpm\\express@4.22.1\\node_modules\\express\\lib\\router\\index.j
s:328:13)\n    at C:\\source\\appraisal-management-backend\\node_modules\\.pnpm
\\express@4.22.1\\node_modules\\express\\lib\\router\\index.js:286:9\n    at 
Function.process_params (C:\\source\\appraisal-management-backend\\node_modules
\\.pnpm\\express@4.22.1\\node_modules\\express\\lib\\router\\index.js:346:12)\n
    at next (C:\\source\\appraisal-management-backend\\node_modules\\.pnpm\\exp
ress@4.22.1\\node_modules\\express\\lib\\router\\index.js:280:10)\n    at 
urlencodedParser (C:\\source\\appraisal-management-backend\\node_modules\\.pnpm
\\body-parser@1.20.4\\node_modules\\body-parser\\lib\\types\\urlencoded.js:91:7
)\n    at Layer.handle [as handle_request] (C:\\source\\appraisal-management-ba
ckend\\node_modules\\.pnpm\\express@4.22.1\\node_modules\\express\\lib\\router\
\layer.js:95:5)","fullError":"{\"stack\":\"Error: Invalid token format\\n    
at AzureEntraAuthMiddleware.validateToken (C:\\\\source\\\\appraisal-management
-backend\\\\src\\\\middleware\\\\azure-entra-auth.middleware.ts:116:13)\\n    
at AzureEntraAuthMiddleware.authenticate (C:\\\\source\\\\appraisal-management-
backend\\\\src\\\\middleware\\\\azure-entra-auth.middleware.ts:242:34)\\n    
at C:\\\\source\\\\appraisal-management-backend\\\\src\\\\middleware\\\\unified
-auth.middleware.ts:118:33\\n    at Layer.handle [as handle_request] (C:\\\\sou
rce\\\\appraisal-management-backend\\\\node_modules\\\\.pnpm\\\\express@4.22.1\
\\\node_modules\\\\express\\\\lib\\\\router\\\\layer.js:95:5)\\n    at 
trim_prefix (C:\\\\source\\\\appraisal-management-backend\\\\node_modules\\\\.p
npm\\\\express@4.22.1\\\\node_modules\\\\express\\\\lib\\\\router\\\\index.js:3
28:13)\\n    at C:\\\\source\\\\appraisal-management-backend\\\\node_modules\\\
\.pnpm\\\\express@4.22.1\\\\node_modules\\\\express\\\\lib\\\\router\\\\index.j
s:286:9\\n    at Function.process_params (C:\\\\source\\\\appraisal-management-
backend\\\\node_modules\\\\.pnpm\\\\express@4.22.1\\\\node_modules\\\\express\\
\\lib\\\\router\\\\index.js:346:12)\\n    at next (C:\\\\source\\\\appraisal-ma
nagement-backend\\\\node_modules\\\\.pnpm\\\\express@4.22.1\\\\node_modules\\\\
express\\\\lib\\\\router\\\\index.js:280:10)\\n    at urlencodedParser (C:\\\\s
ource\\\\appraisal-management-backend\\\\node_modules\\\\.pnpm\\\\body-parser@1
.20.4\\\\node_modules\\\\body-parser\\\\lib\\\\types\\\\urlencoded.js:91:7)\\n 
   at Layer.handle [as handle_request] (C:\\\\source\\\\appraisal-management-ba
ckend\\\\node_modules\\\\.pnpm\\\\express@4.22.1\\\\node_modules\\\\express\\\\
lib\\\\router\\\\layer.js:95:5)\",\"message\":\"Invalid token format\"}"}

[90mstdout[2m | tests/integration/real-api-validation.test.ts[2m > [22m[2mReal API Validation Tests[2m > [22m[2mLive API Performance and Freshness[2m > [22m[2mshould demonstrate API response time variations (proves live calls)
[22m[39m2026-03-11T03:59:40.274Z INFO [App] Request completed {"correlationId":"a1d548fd-e5f5-4de1-b0f2-6906d5159fec","method":"GET","url":"/api/property-intelligence/census/demographics?latitude=37.4244764&longitude=-122.08224990000001","statusCode":200,"duration":"543ms"}
2026-03-11T03:59:40.274Z INFO [App] Request completed {"correlationId":"a1d548fd-e5f5-4de1-b0f2-6906d5159fec","method":"GET","url":"/api/property-intelligence/census/demographics?latitude=37.4244764&longitude=-122.08224990000001","statusCode":200,"duration":"543ms"}

[90mstdout[2m | tests/qc-workflow-e2e.test.ts[2m > [22m[2mQC Workflow E2E Tests[2m > [22m[2mQC workflow active revisions endpoint is reachable
[22m[39m2026-03-11T03:59:40.272Z INFO [App] Request completed {"correlationId":"0a04e85d-77ba-4988-ab37-ee0827ade62a","method":"GET","url":"/api/qc-workflow/revisions/active","statusCode":401,"duration":"2ms"}
2026-03-11T03:59:40.273Z INFO [App] Request completed {"correlationId":"0a04e85d-77ba-4988-ab37-ee0827ade62a","method":"GET","url":"/api/qc-workflow/revisions/active","statusCode":401,"duration":"3ms"}

::ffff:127.0.0.1 - - [11/Mar/2026:03:59:40 +0000] "GET /api/qc-workflow/revisions/active HTTP/1.1" 401 87 "-" "-"
[90mstderr[2m | tests/qc-workflow-e2e.test.ts[2m > [22m[2mQC Workflow E2E 
Tests[2m > [22m[2mQC workflow active revisions endpoint is reachable
[22m[39m2026-03-11T03:59:40.275Z WARN [App] Request completed with error {"co
rrelationId":"0a04e85d-77ba-4988-ab37-ee0827ade62a","method":"GET","url":"/api/
qc-workflow/revisions/active","statusCode":401,"duration":"5ms"}

::ffff:127.0.0.1 - - [11/Mar/2026:03:59:40 +0000] "GET /api/property-intelligence/census/demographics?latitude=37.4244764&longitude=-122.08224990000001 HTTP/1.1" 200 - "-" "-"
[90mstdout[2m | tests/integration/real-api-validation.test.ts[2m > [22m[2mReal API Validation Tests[2m > [22m[2mLive API Performance and Freshness[2m > [22m[2mshould demonstrate API response time variations (proves live calls)
[22m[39mΓÅ▒∩╕Å  API Call 3: 554ms

[90mstdout[2m | tests/qc-workflow-e2e.test.ts
[22m[39m≡ƒº╣ Cleaning up test environment...
Γ£à Test cleanup complete

 [32mΓ£ô[39m tests/qc-workflow-e2e.test.ts[2m > [22mQC Workflow E2E Tests[2m > [22mQC workflow open escalations endpoint is reachable[32m 28[2mms[22m[39m
 [32mΓ£ô[39m tests/qc-workflow-e2e.test.ts[2m > [22mQC Workflow E2E Tests[2m > [22mQC workflow active revisions endpoint is reachable[32m 16[2mms[22m[39m
 [32mΓ£ô[39m tests/integration/production-api.test.ts[2m > [22mProduction API Integration Tests[2m > [22mAPI Health and Status[2m > [22mshould return API health status[33m 4694[2mms[22m[39m
 [32mΓ£ô[39m tests/integration/production-api.test.ts[2m > [22mProduction API Integration Tests[2m > [22mAPI Health and Status[2m > [22mshould return comprehensive API information[32m 35[2mms[22m[39m
[90mstdout[2m | tests/integration/minimal-server.test.ts[2m > [22m[2mMinimal Server Integration Tests[2m > [22m[2mBasic Server Health[2m > [22m[2mshould respond to health check
[22m[39m2026-03-11T03:59:40.382Z INFO [App] Request completed {"correlationId":"2687496a-7d8b-4eae-93a7-9cf2bd316827","method":"GET","url":"/health","statusCode":200,"duration":"4724ms"}
2026-03-11T03:59:40.383Z INFO [App] Request completed {"correlationId":"2687496a-7d8b-4eae-93a7-9cf2bd316827","method":"GET","url":"/health","statusCode":200,"duration":"4725ms"}

::ffff:127.0.0.1 - - [11/Mar/2026:03:59:40 +0000] "GET /health HTTP/1.1" 200 251 "-" "-"
[90mstdout[2m | tests/integration/minimal-server.test.ts[2m > [22m[2mMinimal Server Integration Tests[2m > [22m[2mBasic Server Health[2m > [22m[2mshould respond to health check
[22m[39mΓ£à Health check successful

[90mstdout[2m | tests/integration/real-api-validation.test.ts[2m > [22m[2mReal API Validation Tests[2m > [22m[2mLive API Performance and Freshness[2m > [22m[2mshould demonstrate API response time variations (proves live calls)
[22m[39m≡ƒôè Average response time: 599.00ms
Γ£à Live API performance characteristics confirmed

[90mstdout[2m | tests/integration/real-api-validation.test.ts
[22m[39m≡ƒº╣ Cleaning up test environment...
Γ£à Test cleanup complete

 [32mΓ£ô[39m tests/integration/real-api-validation.test.ts[2m > [22mReal API Validation Tests[2m > [22mLive API Performance and Freshness[2m > [22mshould demonstrate API response time variations (proves live calls)[33m 2121[2mms[22m[39m
[90mstdout[2m | tests/integration/minimal-server.test.ts[2m > [22m[2mMinimal Server Integration Tests[2m > [22m[2mAuthentication[2m > [22m[2mshould issue a test token via /api/auth/test-token
[22m[39m2026-03-11T03:59:40.404Z INFO [App] Incoming request {"correlationId":"5ef719e8-9f9e-43c3-a2dd-5d1c818cbaa4","method":"POST","url":"/api/auth/test-token","ip":"::ffff:127.0.0.1"}

[90mstdout[2m | tests/integration/minimal-server.test.ts[2m > [22m[2mMinimal Server Integration Tests[2m > [22m[2mAuthentication[2m > [22m[2mshould issue a test token via /api/auth/test-token
[22m[39m2026-03-11T03:59:40.414Z INFO [App] Request completed {"correlationId":"5ef719e8-9f9e-43c3-a2dd-5d1c818cbaa4","method":"POST","url":"/api/auth/test-token","statusCode":200,"duration":"11ms"}
2026-03-11T03:59:40.415Z INFO [App] Request completed {"correlationId":"5ef719e8-9f9e-43c3-a2dd-5d1c818cbaa4","method":"POST","url":"/api/auth/test-token","statusCode":200,"duration":"12ms"}

::ffff:127.0.0.1 - - [11/Mar/2026:03:59:40 +0000] "POST /api/auth/test-token HTTP/1.1" 200 983 "-" "-"
[90mstdout[2m | tests/integration/minimal-server.test.ts[2m > [22m[2mMinimal Server Integration Tests[2m > [22m[2mAuthentication[2m > [22m[2mshould issue a test token via /api/auth/test-token
[22m[39mΓ£à Test token endpoint successful

[90mstdout[2m | tests/integration/minimal-server.test.ts[2m > [22m[2mMinimal Server Integration Tests[2m > [22m[2mAuthentication[2m > [22m[2mshould reject invalid credentials for login endpoint
[22m[39m2026-03-11T03:59:40.434Z INFO [App] Incoming request {"correlationId":"331b8f79-bffb-417a-88ca-6dc2b10e4727","method":"POST","url":"/api/auth/login","ip":"::ffff:127.0.0.1"}

[90mstdout[2m | tests/integration/comprehensive-api.test.ts[2m > [22m[2mComprehensive Production API Integration Tests[2m > [22m[2mBasic API Endpoints (5 endpoints)[2m > [22m[2mGET /health - should return healthy status
[22m[39m2026-03-11T03:59:40.468Z INFO [App] Request completed {"correlationId":"caed76cf-4e21-4008-b739-bd0dac699586","method":"GET","url":"/health","statusCode":200,"duration":"4761ms"}
2026-03-11T03:59:40.468Z INFO [App] Request completed {"correlationId":"caed76cf-4e21-4008-b739-bd0dac699586","method":"GET","url":"/health","statusCode":200,"duration":"4761ms"}

::ffff:127.0.0.1 - - [11/Mar/2026:03:59:40 +0000] "GET /health HTTP/1.1" 200 251 "-" "-"
[90mstdout[2m | tests/integration/comprehensive-api.test.ts[2m > [22m[2mComprehensive Production API Integration Tests[2m > [22m[2mBasic API Endpoints (5 endpoints)[2m > [22m[2mGET /health - should return healthy status
[22m[39mΓ£à Health endpoint validated

[90mstdout[2m | tests/integration/comprehensive-api.test.ts[2m > [22m[2mComprehensive Production API Integration Tests[2m > [22m[2mBasic API Endpoints (5 endpoints)[2m > [22m[2mGET /api - should return comprehensive API information
[22m[39m2026-03-11T03:59:40.489Z INFO [App] Incoming request {"correlationId":"465cc794-8ea6-4391-a6fa-7f58f5318f4b","method":"GET","url":"/api","ip":"::ffff:127.0.0.1"}

[90mstdout[2m | tests/integration/production-api.test.ts[2m > [22m[2mProduction API Integration Tests[2m > [22m[2mOrder Management Workflow[2m > [22m[2mshould create a new appraisal order
[22m[39m2026-03-11T03:59:40.497Z INFO [App] Order created successfully {"orderId":"1773201580318-4b0okcqy4"}

 [32mΓ£ô[39m tests/integration/minimal-server.test.ts[2m > [22mMinimal Server Integration Tests[2m > [22mBasic Server Health[2m > [22mshould respond to health check[33m 4748[2mms[22m[39m
 [32mΓ£ô[39m tests/integration/minimal-server.test.ts[2m > [22mMinimal Server Integration Tests[2m > [22mAuthentication[2m > [22mshould issue a test token via /api/auth/test-token[32m 32[2mms[22m[39m
[90mstdout[2m | tests/integration/performance.test.ts[2m > [22m[2mAPI Performance Tests[2m > [22m[2mResponse Time Tests[2m > [22m[2mshould respond to health checks within 5000ms
[22m[39m2026-03-11T03:59:40.498Z INFO [App] Request completed {"correlationId":"5e9b6eda-13f7-4399-9db1-7c9bc73b913e","method":"GET","url":"/health","statusCode":200,"duration":"4815ms"}
2026-03-11T03:59:40.498Z INFO [App] Request completed {"correlationId":"5e9b6eda-13f7-4399-9db1-7c9bc73b913e","method":"GET","url":"/health","statusCode":200,"duration":"4815ms"}

::ffff:127.0.0.1 - - [11/Mar/2026:03:59:40 +0000] "GET /health HTTP/1.1" 200 251 "-" "-"
::ffff:127.0.0.1 - - [11/Mar/2026:03:59:40 +0000] "GET /api HTTP/1.1" 404 72 "-" "-"
[90mstdout[2m | tests/integration/comprehensive-api.test.ts[2m > [22m[2mComprehensive Production API Integration Tests[2m > [22m[2mBasic API Endpoints (5 endpoints)[2m > [22m[2mGET /api - should return comprehensive API information
[22m[39m2026-03-11T03:59:40.500Z INFO [App] Request completed {"correlationId":"465cc794-8ea6-4391-a6fa-7f58f5318f4b","method":"GET","url":"/api","statusCode":404,"duration":"11ms"}
2026-03-11T03:59:40.501Z INFO [App] Request completed {"correlationId":"465cc794-8ea6-4391-a6fa-7f58f5318f4b","method":"GET","url":"/api","statusCode":404,"duration":"12ms"}

[90mstderr[2m | tests/integration/production-api.test.ts[2m > 
[22m[2mProduction API Integration Tests[2m > [22m[2mOrder Management 
Workflow[2m > [22m[2mshould create a new appraisal order
[22m[39m2026-03-11T03:59:40.499Z ERROR [App] Failed to create document in 
audit-trail {"error":{}}
2026-03-11T03:59:40.504Z ERROR [App] Failed to log audit event 
{"error":"Database not initialized","action":"order.created","resource":{"type"
:"order","id":"1773201580318-4b0okcqy4"}}

::ffff:127.0.0.1 - - [11/Mar/2026:03:59:40 +0000] "POST /api/orders HTTP/1.1" 201 - "-" "-"
[90mstderr[2m | tests/integration/comprehensive-api.test.ts[2m > 
[22m[2mComprehensive Production API Integration Tests[2m > [22m[2mBasic 
API Endpoints (5 endpoints)[2m > [22m[2mGET /api - should return 
comprehensive API information
[22m[39m2026-03-11T03:59:40.502Z WARN [App] Request completed with error {"co
rrelationId":"465cc794-8ea6-4391-a6fa-7f58f5318f4b","method":"GET","url":"/api"
,"statusCode":404,"duration":"13ms"}

[90mstdout[2m | tests/integration/production-api.test.ts[2m > [22m[2mProduction API Integration Tests[2m > [22m[2mOrder Management Workflow[2m > [22m[2mshould create a new appraisal order
[22m[39m2026-03-11T03:59:40.498Z INFO [App] Mock Service Bus: Event published {"topic":"order-events","eventType":"ORDER_CREATED","orderId":"1773201580318-4b0okcqy4","timestamp":"2026-03-11T03:59:40.498Z"}
2026-03-11T03:59:40.499Z INFO [App] Request completed {"correlationId":"44aeeef8-e94d-47a3-95e3-5b53a57d2454","method":"POST","url":"/api/orders","statusCode":201,"duration":"238ms"}
2026-03-11T03:59:40.500Z INFO [App] Request completed {"correlationId":"44aeeef8-e94d-47a3-95e3-5b53a57d2454","method":"POST","url":"/api/orders","statusCode":201,"duration":"239ms"}
2026-03-11T03:59:40.504Z INFO [App] Order created event published {"orderId":"1773201580318-4b0okcqy4"}

[90mstdout[2m | tests/integration/comprehensive-api.test.ts[2m > [22m[2mComprehensive Production API Integration Tests[2m > [22m[2mBasic API Endpoints (5 endpoints)[2m > [22m[2mGET /api - should return comprehensive API information
[22m[39mΓ£à /api endpoint accessible (status: 404)

[90mstdout[2m | tests/integration/comprehensive-api.test.ts[2m > [22m[2mComprehensive Production API Integration Tests[2m > [22m[2mBasic API Endpoints (5 endpoints)[2m > [22m[2mPOST /api/auth/login - should handle authentication request
[22m[39m2026-03-11T03:59:40.517Z INFO [App] Incoming request {"correlationId":"7c54a3ab-7bfc-4d39-8591-8d586a8bc914","method":"POST","url":"/api/auth/login","ip":"::ffff:127.0.0.1"}

[90mstdout[2m | tests/integration/production-api.test.ts[2m > [22m[2mProduction API Integration Tests[2m > [22m[2mOrder Management Workflow[2m > [22m[2mshould create a new appraisal order
[22m[39mΓ£à Created order with ID: 1773201580318-4b0okcqy4

[90mstdout[2m | tests/integration/performance.test.ts[2m > [22m[2mAPI Performance Tests[2m > [22m[2mResponse Time Tests[2m > [22m[2mshould issue a test token within 200ms
[22m[39m2026-03-11T03:59:40.521Z INFO [App] Incoming request {"correlationId":"95c5170a-cc74-49ab-8818-5280def03d2a","method":"POST","url":"/api/auth/test-token","ip":"::ffff:127.0.0.1"}

[90mstdout[2m | tests/integration/manual-api.test.ts[2m > [22m[2mProduction API Manual Tests[2m > [22m[2mAPI Health Tests[2m > [22m[2mshould return API health status
[22m[39m2026-03-11T03:59:40.517Z INFO [App] Request completed {"correlationId":"426010b9-0772-4a97-8abd-3ee27c8e9b9a","method":"GET","url":"/health","statusCode":200,"duration":"4892ms"}
2026-03-11T03:59:40.518Z INFO [App] Request completed {"correlationId":"426010b9-0772-4a97-8abd-3ee27c8e9b9a","method":"GET","url":"/health","statusCode":200,"duration":"4893ms"}

::ffff:127.0.0.1 - - [11/Mar/2026:03:59:40 +0000] "GET /health HTTP/1.1" 200 251 "-" "-"
[90mstdout[2m | tests/integration/production-api.test.ts[2m > [22m[2mProduction API Integration Tests[2m > [22m[2mOrder Management Workflow[2m > [22m[2mshould retrieve the created order by ID
[22m[39m2026-03-11T03:59:40.529Z INFO [App] Incoming request {"correlationId":"44204a6f-994f-476b-9f45-5c89e985a1f7","method":"GET","url":"/api/orders/1773201580318-4b0okcqy4","ip":"::ffff:127.0.0.1"}

[90mstdout[2m | tests/integration/performance.test.ts[2m > [22m[2mAPI Performance Tests[2m > [22m[2mResponse Time Tests[2m > [22m[2mshould issue a test token within 200ms
[22m[39m2026-03-11T03:59:40.532Z INFO [App] Request completed {"correlationId":"95c5170a-cc74-49ab-8818-5280def03d2a","method":"POST","url":"/api/auth/test-token","statusCode":200,"duration":"11ms"}
2026-03-11T03:59:40.532Z INFO [App] Request completed {"correlationId":"95c5170a-cc74-49ab-8818-5280def03d2a","method":"POST","url":"/api/auth/test-token","statusCode":200,"duration":"11ms"}

::ffff:127.0.0.1 - - [11/Mar/2026:03:59:40 +0000] "POST /api/auth/test-token HTTP/1.1" 200 971 "-" "-"
[90mstdout[2m | tests/integration/manual-api.test.ts[2m > [22m[2mProduction API Manual Tests[2m > [22m[2mAPI Health Tests[2m > [22m[2mshould return API health status
[22m[39mΓ£à API health check passed: {
  status: [32m'healthy'[39m,
  timestamp: [32m'2026-03-11T03:59:40.516Z'[39m,
  services: {
    database: [32m'healthy'[39m,
    orderManagement: [32m'healthy'[39m,
    qcValidation: [32m'healthy'[39m,
    vendorManagement: [32m'healthy'[39m
  },
  database: { name: [32m'appraisal-management'[39m, latency: [33m4887[39m },
  version: [32m'1.0.0'[39m
}

[90mstdout[2m | tests/integration/performance.test.ts[2m > [22m[2mAPI Performance Tests[2m > [22m[2mResponse Time Tests[2m > [22m[2mshould execute simple code within 500ms
[22m[39m2026-03-11T03:59:40.551Z INFO [App] Incoming request {"correlationId":"9208942a-6476-434d-8b3a-9564b919f619","method":"POST","url":"/api/code/execute","ip":"::ffff:127.0.0.1"}

[90mstdout[2m | tests/integration/manual-api.test.ts[2m > [22m[2mProduction API Manual Tests[2m > [22m[2mAPI Health Tests[2m > [22m[2mshould return comprehensive API information
[22m[39m2026-03-11T03:59:40.553Z INFO [App] Incoming request {"correlationId":"54411a93-3c38-43d6-bdfd-18234e92867a","method":"GET","url":"/api","ip":"::ffff:127.0.0.1"}

[90mstdout[2m | tests/integration/manual-api.test.ts[2m > [22m[2mProduction API Manual Tests[2m > [22m[2mAPI Health Tests[2m > [22m[2mshould return comprehensive API information
[22m[39m2026-03-11T03:59:40.567Z INFO [App] Request completed {"correlationId":"54411a93-3c38-43d6-bdfd-18234e92867a","method":"GET","url":"/api","statusCode":404,"duration":"14ms"}
2026-03-11T03:59:40.567Z INFO [App] Request completed {"correlationId":"54411a93-3c38-43d6-bdfd-18234e92867a","method":"GET","url":"/api","statusCode":404,"duration":"14ms"}

::ffff:127.0.0.1 - - [11/Mar/2026:03:59:40 +0000] "GET /api HTTP/1.1" 404 72 "-" "-"
[90mstderr[2m | tests/integration/manual-api.test.ts[2m > 
[22m[2mProduction API Manual Tests[2m > [22m[2mAPI Health Tests[2m > 
[22m[2mshould return comprehensive API information
[22m[39m2026-03-11T03:59:40.569Z WARN [App] Request completed with error {"co
rrelationId":"54411a93-3c38-43d6-bdfd-18234e92867a","method":"GET","url":"/api"
,"statusCode":404,"duration":"16ms"}

[90mstdout[2m | tests/integration/manual-api.test.ts[2m > [22m[2mProduction API Manual Tests[2m > [22m[2mAPI Health Tests[2m > [22m[2mshould return comprehensive API information
[22m[39mΓ£à API info endpoint checked (status: 404)

[90mstdout[2m | tests/integration/manual-api.test.ts[2m > [22m[2mProduction API Manual Tests[2m > [22m[2mOrder Management Tests[2m > [22m[2mshould create a new appraisal order
[22m[39m2026-03-11T03:59:40.591Z INFO [App] Incoming request {"correlationId":"28492343-0e5f-441d-b8d2-c564cb8dce0d","method":"POST","url":"/api/orders","ip":"::ffff:127.0.0.1"}

 [32mΓ£ô[39m tests/integration/comprehensive-api.test.ts[2m > [22mComprehensive Production API Integration Tests[2m > [22mBasic API Endpoints (5 endpoints)[2m > [22mGET /health - should return healthy status[33m 4783[2mms[22m[39m
 [32mΓ£ô[39m tests/integration/comprehensive-api.test.ts[2m > [22mComprehensive Production API Integration Tests[2m > [22mBasic API Endpoints (5 endpoints)[2m > [22mGET /api - should return comprehensive API information[32m 30[2mms[22m[39m
[90mstdout[2m | tests/integration/performance.test.ts[2m > [22m[2mAPI Performance Tests[2m > [22m[2mResponse Time Tests[2m > [22m[2mshould execute simple code within 500ms
[22m[39m2026-03-11T03:59:40.598Z INFO [App] Request completed {"correlationId":"9208942a-6476-434d-8b3a-9564b919f619","method":"POST","url":"/api/code/execute","statusCode":200,"duration":"48ms"}
2026-03-11T03:59:40.599Z INFO [App] Request completed {"correlationId":"9208942a-6476-434d-8b3a-9564b919f619","method":"POST","url":"/api/code/execute","statusCode":200,"duration":"49ms"}

::ffff:127.0.0.1 - - [11/Mar/2026:03:59:40 +0000] "POST /api/code/execute HTTP/1.1" 200 86 "-" "-"
 [32mΓ£ô[39m tests/integration/performance.test.ts[2m > [22mAPI Performance Tests[2m > [22mResponse Time Tests[2m > [22mshould respond to health checks within 5000ms[33m 4839[2mms[22m[39m
 [32mΓ£ô[39m tests/integration/performance.test.ts[2m > [22mAPI Performance Tests[2m > [22mResponse Time Tests[2m > [22mshould issue a test token within 200ms[32m 31[2mms[22m[39m
[90mstdout[2m | tests/integration/minimal-server.test.ts[2m > [22m[2mMinimal Server Integration Tests[2m > [22m[2mAuthentication[2m > [22m[2mshould reject invalid credentials for login endpoint
[22m[39m2026-03-11T03:59:40.621Z INFO [App] Request completed {"correlationId":"331b8f79-bffb-417a-88ca-6dc2b10e4727","method":"POST","url":"/api/auth/login","statusCode":401,"duration":"187ms"}
2026-03-11T03:59:40.622Z INFO [App] Request completed {"correlationId":"331b8f79-bffb-417a-88ca-6dc2b10e4727","method":"POST","url":"/api/auth/login","statusCode":401,"duration":"188ms"}

 [32mΓ£ô[39m tests/integration/production-api.test.ts[2m > [22mProduction API Integration Tests[2m > [22mOrder Management Workflow[2m > [22mshould create a new appraisal order[32m 289[2mms[22m[39m
::ffff:127.0.0.1 - - [11/Mar/2026:03:59:40 +0000] "POST /api/auth/login HTTP/1.1" 401 60 "-" "-"
[90mstderr[2m | tests/integration/minimal-server.test.ts[2m > 
[22m[2mMinimal Server Integration Tests[2m > [22m[2mAuthentication[2m > 
[22m[2mshould reject invalid credentials for login endpoint
[22m[39m2026-03-11T03:59:40.624Z WARN [App] Request completed with error {"co
rrelationId":"331b8f79-bffb-417a-88ca-6dc2b10e4727","method":"POST","url":"/api
/auth/login","statusCode":401,"duration":"190ms"}

[90mstdout[2m | tests/integration/minimal-server.test.ts[2m > [22m[2mMinimal Server Integration Tests[2m > [22m[2mAuthentication[2m > [22m[2mshould reject invalid credentials for login endpoint
[22m[39mΓ£à Invalid credentials properly rejected

[90mstdout[2m | tests/integration/minimal-server.test.ts[2m > [22m[2mMinimal Server Integration Tests[2m > [22m[2mProperty Intelligence - Available Endpoints[2m > [22m[2mshould get property intelligence health status
[22m[39m2026-03-11T03:59:40.635Z INFO [App] Incoming request {"correlationId":"97001af3-2031-4bb6-aaad-a1a09404ce90","method":"GET","url":"/api/property-intelligence/health","ip":"::ffff:127.0.0.1"}

[90mstdout[2m | tests/integration/minimal-server.test.ts[2m > [22m[2mMinimal Server Integration Tests[2m > [22m[2mProperty Intelligence - Available Endpoints[2m > [22m[2mshould get property intelligence health status
[22m[39m2026-03-11T03:59:40.642Z INFO [App] Request completed {"correlationId":"97001af3-2031-4bb6-aaad-a1a09404ce90","method":"GET","url":"/api/property-intelligence/health","statusCode":200,"duration":"7ms"}
2026-03-11T03:59:40.642Z INFO [App] Request completed {"correlationId":"97001af3-2031-4bb6-aaad-a1a09404ce90","method":"GET","url":"/api/property-intelligence/health","statusCode":200,"duration":"7ms"}

::ffff:127.0.0.1 - - [11/Mar/2026:03:59:40 +0000] "GET /api/property-intelligence/health HTTP/1.1" 200 350 "-" "-"
[90mstdout[2m | tests/integration/minimal-server.test.ts[2m > [22m[2mMinimal Server Integration Tests[2m > [22m[2mProperty Intelligence - Available Endpoints[2m > [22m[2mshould get property intelligence health status
[22m[39mΓ£à Property intelligence health check successful

 [32mΓ£ô[39m tests/integration/manual-api.test.ts[2m > [22mProduction API Manual Tests[2m > [22mAPI Health Tests[2m > [22mshould return API health status[33m 4969[2mms[22m[39m
 [32mΓ£ô[39m tests/integration/manual-api.test.ts[2m > [22mProduction API Manual Tests[2m > [22mAPI Health Tests[2m > [22mshould return comprehensive API information[32m 32[2mms[22m[39m
[90mstdout[2m | tests/integration/minimal-server.test.ts[2m > [22m[2mMinimal Server Integration Tests[2m > [22m[2mProperty Intelligence - Available Endpoints[2m > [22m[2mshould perform address geocoding with authentication
[22m[39m2026-03-11T03:59:40.667Z INFO [App] Incoming request {"correlationId":"bd8c6bec-7dd7-4531-b3d5-b63639a6fd51","method":"POST","url":"/api/property-intelligence/address/geocode","ip":"::ffff:127.0.0.1"}

[90mstdout[2m | tests/integration/production-api.test.ts[2m > [22m[2mProduction API Integration Tests[2m > [22m[2mOrder Management Workflow[2m > [22m[2mshould retrieve the created order by ID
[22m[39m2026-03-11T03:59:40.679Z INFO [App] Request completed {"correlationId":"44204a6f-994f-476b-9f45-5c89e985a1f7","method":"GET","url":"/api/orders/1773201580318-4b0okcqy4","statusCode":200,"duration":"150ms"}
2026-03-11T03:59:40.679Z INFO [App] Request completed {"correlationId":"44204a6f-994f-476b-9f45-5c89e985a1f7","method":"GET","url":"/api/orders/1773201580318-4b0okcqy4","statusCode":200,"duration":"150ms"}

[90mstdout[2m | tests/integration/performance.test.ts[2m > [22m[2mAPI Performance Tests[2m > [22m[2mConcurrent Request Tests[2m > [22m[2mshould handle 10 concurrent health checks
[22m[39m2026-03-11T03:59:40.680Z INFO [App] Incoming request {"correlationId":"4d5fe2f5-d634-4a8b-a3f3-7080e4f59a45","method":"GET","url":"/health","ip":"::ffff:127.0.0.1"}

[90mstdout[2m | tests/integration/minimal-server.test.ts[2m > [22m[2mMinimal Server Integration Tests[2m > [22m[2mProperty Intelligence - Available Endpoints[2m > [22m[2mshould perform address geocoding with authentication
[22m[39m2026-03-11T03:59:40.682Z INFO [App] Geocoding address request {"address":"1600 Amphitheatre Parkway, Mountain View, CA 94043"}

::ffff:127.0.0.1 - - [11/Mar/2026:03:59:40 +0000] "GET /api/orders/1773201580318-4b0okcqy4 HTTP/1.1" 200 - "-" "-"
[90mstdout[2m | tests/integration/performance.test.ts[2m > [22m[2mAPI Performance Tests[2m > [22m[2mConcurrent Request Tests[2m > [22m[2mshould handle 10 concurrent health checks
[22m[39m2026-03-11T03:59:40.684Z INFO [App] Incoming request {"correlationId":"950a111a-cb37-4afa-82c7-5af733befb08","method":"GET","url":"/health","ip":"::ffff:127.0.0.1"}

[90mstdout[2m | tests/integration/production-api.test.ts[2m > [22m[2mProduction API Integration Tests[2m > [22m[2mOrder Management Workflow[2m > [22m[2mshould retrieve the created order by ID
[22m[39mΓ£à Retrieved order: TEST-ORDER-1773201580230

[90mstdout[2m | tests/integration/performance.test.ts[2m > [22m[2mAPI Performance Tests[2m > [22m[2mConcurrent Request Tests[2m > [22m[2mshould handle 10 concurrent health checks
[22m[39m2026-03-11T03:59:40.693Z INFO [App] Incoming request {"correlationId":"af7e2150-40d2-46db-9491-dbeedda7a791","method":"GET","url":"/health","ip":"::ffff:127.0.0.1"}

[90mstdout[2m | tests/integration/production-api.test.ts[2m > [22m[2mProduction API Integration Tests[2m > [22m[2mOrder Management Workflow[2m > [22m[2mshould update the order status
[22m[39m2026-03-11T03:59:40.694Z INFO [App] Incoming request {"correlationId":"f2c10b2a-7c39-4f53-ad30-0b5a92b422ca","method":"PUT","url":"/api/orders/1773201580318-4b0okcqy4/status","ip":"::ffff:127.0.0.1"}

[90mstdout[2m | tests/integration/api.test.ts[2m > [22m[2mProduction API Server Integration Tests[2m > [22m[2mHealth and Status Endpoints[2m > [22m[2mshould return healthy status from /health
[22m[39m2026-03-11T03:59:40.700Z INFO [App] Request completed {"correlationId":"631f5c6c-e0c1-42e2-af34-71b25fe17aee","method":"GET","url":"/health","statusCode":200,"duration":"4977ms"}
2026-03-11T03:59:40.701Z INFO [App] Request completed {"correlationId":"631f5c6c-e0c1-42e2-af34-71b25fe17aee","method":"GET","url":"/health","statusCode":200,"duration":"4978ms"}

::ffff:127.0.0.1 - - [11/Mar/2026:03:59:40 +0000] "GET /health HTTP/1.1" 200 251 "-" "-"
[90mstdout[2m | tests/qc-api-integration.test.ts[2m > [22m[2mQC API Endpoints Integration Tests[2m > [22m[2mQC Checklist Management[2m > [22m[2mPOST /api/qc/checklists[2m > [22m[2mshould create a new QC checklist with proper authentication
[22m[39m2026-03-11T03:59:40.717Z INFO [QCChecklistManagement] QC checklist created successfully {"checklistId":"qc_1773201575715_bpn4tllhv"}

[90mstdout[2m | tests/integration/performance.test.ts[2m > [22m[2mAPI Performance Tests[2m > [22m[2mConcurrent Request Tests[2m > [22m[2mshould handle 10 concurrent health checks
[22m[39m2026-03-11T03:59:40.716Z INFO [App] Incoming request {"correlationId":"c9f131e2-a02b-4c34-bda0-3c32b8a046cd","method":"GET","url":"/health","ip":"::ffff:127.0.0.1"}

[90mstdout[2m | tests/integration/api.test.ts[2m > [22m[2mProduction API Server Integration Tests[2m > [22m[2mHealth and Status Endpoints[2m > [22m[2mshould accept GET /api or return 404 if not defined
[22m[39m2026-03-11T03:59:40.722Z INFO [App] Incoming request {"correlationId":"649b5ddd-fa72-4856-9895-eb0db87dde0a","method":"GET","url":"/api","ip":"::ffff:127.0.0.1"}

[90mstdout[2m | tests/integration/performance.test.ts[2m > [22m[2mAPI Performance Tests[2m > [22m[2mConcurrent Request Tests[2m > [22m[2mshould handle 10 concurrent health checks
[22m[39m2026-03-11T03:59:40.721Z INFO [App] Incoming request {"correlationId":"49e12e3b-8cfa-4731-ba64-dcf3461da7ce","method":"GET","url":"/health","ip":"::ffff:127.0.0.1"}

[90mstdout[2m | tests/qc-api-integration.test.ts[2m > [22m[2mQC API Endpoints Integration Tests[2m > [22m[2mQC Checklist Management[2m > [22m[2mPOST /api/qc/checklists[2m > [22m[2mshould create a new QC checklist with proper authentication
[22m[39m2026-03-11T03:59:40.717Z INFO [QCChecklistController] QC checklist created successfully {"checklistId":"qc_1773201575715_bpn4tllhv","name":"Test Appraisal QC Checklist","userId":"test-user-qc-analyst"}
2026-03-11T03:59:40.718Z INFO [App] Request completed {"correlationId":"e388aa11-12c6-4b2f-abc3-0bc7191b5d9d","method":"POST","url":"/api/qc/checklists","statusCode":201,"duration":"5099ms"}
2026-03-11T03:59:40.719Z INFO [App] Request completed {"correlationId":"e388aa11-12c6-4b2f-abc3-0bc7191b5d9d","method":"POST","url":"/api/qc/checklists","statusCode":201,"duration":"5100ms"}

[90mstdout[2m | tests/integration/performance.test.ts[2m > [22m[2mAPI Performance Tests[2m > [22m[2mConcurrent Request Tests[2m > [22m[2mshould handle 10 concurrent health checks
[22m[39m2026-03-11T03:59:40.727Z INFO [App] Incoming request {"correlationId":"816c4d0a-14e0-4f39-8c62-7b9713cd464b","method":"GET","url":"/health","ip":"::ffff:127.0.0.1"}

[90mstdout[2m | tests/integration/live-api.test.ts[2m > [22m[2mLive Production API Integration Tests[2m > [22m[2mOrder Management Integration[2m > [22m[2mshould create a new order with real database persistence
[22m[39m2026-03-11T03:59:40.736Z INFO [App] Order created successfully {"orderId":"1773201575710-y47hb83u0"}

[90mstdout[2m | tests/integration/performance.test.ts[2m > [22m[2mAPI Performance Tests[2m > [22m[2mConcurrent Request Tests[2m > [22m[2mshould handle 10 concurrent health checks
[22m[39m2026-03-11T03:59:40.734Z INFO [App] Incoming request {"correlationId":"2ff7d5b1-c9e7-4cbf-8c5b-348df082a371","method":"GET","url":"/health","ip":"::ffff:127.0.0.1"}

::ffff:127.0.0.1 - - [11/Mar/2026:03:59:40 +0000] "POST /api/qc/checklists HTTP/1.1" 201 - "-" "-"
 [32mΓ£ô[39m tests/integration/minimal-server.test.ts[2m > [22mMinimal Server Integration Tests[2m > [22mAuthentication[2m > [22mshould reject invalid credentials for login endpoint[32m 202[2mms[22m[39m
 [32mΓ£ô[39m tests/integration/minimal-server.test.ts[2m > [22mMinimal Server Integration Tests[2m > [22mProperty Intelligence - Available Endpoints[2m > [22mshould get property intelligence health status[32m 22[2mms[22m[39m
[90mstdout[2m | tests/integration/performance.test.ts[2m > [22m[2mAPI Performance Tests[2m > [22m[2mConcurrent Request Tests[2m > [22m[2mshould handle 10 concurrent health checks
[22m[39m2026-03-11T03:59:40.741Z INFO [App] Incoming request {"correlationId":"bb6aef31-a1ab-4601-8efa-7ffa2f2b0158","method":"GET","url":"/health","ip":"::ffff:127.0.0.1"}

[90mstderr[2m | tests/integration/live-api.test.ts[2m > [22m[2mLive 
Production API Integration Tests[2m > [22m[2mOrder Management 
Integration[2m > [22m[2mshould create a new order with real database 
persistence
[22m[39m2026-03-11T03:59:40.737Z ERROR [App] Failed to create document in 
audit-trail {"error":{}}
2026-03-11T03:59:40.745Z ERROR [App] Failed to log audit event 
{"error":"Database not initialized","action":"order.created","resource":{"type"
:"order","id":"1773201575710-y47hb83u0"}}

[90mstdout[2m | tests/integration/live-api.test.ts[2m > [22m[2mLive Production API Integration Tests[2m > [22m[2mOrder Management Integration[2m > [22m[2mshould create a new order with real database persistence
[22m[39m2026-03-11T03:59:40.736Z INFO [App] Mock Service Bus: Event published {"topic":"order-events","eventType":"ORDER_CREATED","orderId":"1773201575710-y47hb83u0","timestamp":"2026-03-11T03:59:40.736Z"}
2026-03-11T03:59:40.738Z INFO [App] Request completed {"correlationId":"ae2a11fc-5d8a-4f7e-8da6-085b652367a2","method":"POST","url":"/api/orders","statusCode":201,"duration":"5105ms"}
2026-03-11T03:59:40.738Z INFO [App] Request completed {"correlationId":"ae2a11fc-5d8a-4f7e-8da6-085b652367a2","method":"POST","url":"/api/orders","statusCode":201,"duration":"5105ms"}
2026-03-11T03:59:40.745Z INFO [App] Order created event published {"orderId":"1773201575710-y47hb83u0"}

[90mstdout[2m | tests/integration/performance.test.ts[2m > [22m[2mAPI Performance Tests[2m > [22m[2mConcurrent Request Tests[2m > [22m[2mshould handle 10 concurrent health checks
[22m[39m2026-03-11T03:59:40.748Z INFO [App] Incoming request {"correlationId":"dc4cad65-ea45-4b47-a6ca-3cbe3eca051d","method":"GET","url":"/health","ip":"::ffff:127.0.0.1"}

::ffff:127.0.0.1 - - [11/Mar/2026:03:59:40 +0000] "POST /api/orders HTTP/1.1" 201 - "-" "-"
[90mstdout[2m | tests/integration/api.test.ts[2m > [22m[2mProduction API Server Integration Tests[2m > [22m[2mHealth and Status Endpoints[2m > [22m[2mshould accept GET /api or return 404 if not defined
[22m[39m2026-03-11T03:59:40.744Z INFO [App] Request completed {"correlationId":"649b5ddd-fa72-4856-9895-eb0db87dde0a","method":"GET","url":"/api","statusCode":404,"duration":"22ms"}
2026-03-11T03:59:40.747Z INFO [App] Request completed {"correlationId":"649b5ddd-fa72-4856-9895-eb0db87dde0a","method":"GET","url":"/api","statusCode":404,"duration":"25ms"}

::ffff:127.0.0.1 - - [11/Mar/2026:03:59:40 +0000] "GET /api HTTP/1.1" 404 72 "-" "-"
[90mstderr[2m | tests/integration/api.test.ts[2m > [22m[2mProduction API 
Server Integration Tests[2m > [22m[2mHealth and Status Endpoints[2m > 
[22m[2mshould accept GET /api or return 404 if not defined
[22m[39m2026-03-11T03:59:40.754Z WARN [App] Request completed with error {"co
rrelationId":"649b5ddd-fa72-4856-9895-eb0db87dde0a","method":"GET","url":"/api"
,"statusCode":404,"duration":"32ms"}

[90mstdout[2m | tests/integration/performance.test.ts[2m > [22m[2mAPI Performance Tests[2m > [22m[2mConcurrent Request Tests[2m > [22m[2mshould handle 10 concurrent health checks
[22m[39m2026-03-11T03:59:40.761Z INFO [App] Incoming request {"correlationId":"bfbd4f2b-c277-4bbf-9893-0266bc5bffd9","method":"GET","url":"/health","ip":"::ffff:127.0.0.1"}

 [32mΓ£ô[39m tests/integration/performance.test.ts[2m > [22mAPI Performance Tests[2m > [22mResponse Time Tests[2m > [22mshould execute simple code within 500ms[32m 74[2mms[22m[39m
[90mstdout[2m | tests/integration/live-api.test.ts[2m > [22m[2mLive Production API Integration Tests[2m > [22m[2mOrder Management Integration[2m > [22m[2mshould create a new order with real database persistence
[22m[39mΓ£à Created order: INTEGRATION-1773201575580 (ID: 1773201575710-y47hb83u0)

[90mstdout[2m | tests/integration/api.test.ts[2m > [22m[2mProduction API Server Integration Tests[2m > [22m[2mHealth and Status Endpoints[2m > [22m[2mshould return system status from /api/status
[22m[39m2026-03-11T03:59:40.769Z INFO [App] Incoming request {"correlationId":"8b5ca13a-f32d-4021-a43d-fad2b820e2c3","method":"GET","url":"/api/status","ip":"::ffff:127.0.0.1"}

[90mstdout[2m | tests/integration/api.test.ts[2m > [22m[2mProduction API Server Integration Tests[2m > [22m[2mHealth and Status Endpoints[2m > [22m[2mshould return system status from /api/status
[22m[39m2026-03-11T03:59:40.771Z INFO [App] Request completed {"correlationId":"8b5ca13a-f32d-4021-a43d-fad2b820e2c3","method":"GET","url":"/api/status","statusCode":200,"duration":"2ms"}
2026-03-11T03:59:40.771Z INFO [App] Request completed {"correlationId":"8b5ca13a-f32d-4021-a43d-fad2b820e2c3","method":"GET","url":"/api/status","statusCode":200,"duration":"2ms"}

::ffff:127.0.0.1 - - [11/Mar/2026:03:59:40 +0000] "GET /api/status HTTP/1.1" 200 252 "-" "-"
[90mstdout[2m | tests/integration/performance.test.ts[2m > [22m[2mAPI Performance Tests[2m > [22m[2mConcurrent Request Tests[2m > [22m[2mshould handle 10 concurrent health checks
[22m[39m2026-03-11T03:59:40.775Z INFO [App] Request completed {"correlationId":"4d5fe2f5-d634-4a8b-a3f3-7080e4f59a45","method":"GET","url":"/health","statusCode":200,"duration":"95ms"}
2026-03-11T03:59:40.775Z INFO [App] Request completed {"correlationId":"4d5fe2f5-d634-4a8b-a3f3-7080e4f59a45","method":"GET","url":"/health","statusCode":200,"duration":"95ms"}

::ffff:127.0.0.1 - - [11/Mar/2026:03:59:40 +0000] "GET /health HTTP/1.1" 200 249 "-" "-"
[90mstdout[2m | tests/integration/manual-api.test.ts[2m > [22m[2mProduction API Manual Tests[2m > [22m[2mOrder Management Tests[2m > [22m[2mshould create a new appraisal order
[22m[39m2026-03-11T03:59:40.777Z INFO [App] Order created successfully {"orderId":"1773201580654-xcpiqf6m2"}

[90mstderr[2m | tests/integration/manual-api.test.ts[2m > 
[22m[2mProduction API Manual Tests[2m > [22m[2mOrder Management Tests[2m 
> [22m[2mshould create a new appraisal order
[22m[39m2026-03-11T03:59:40.779Z ERROR [App] Failed to create document in 
audit-trail {"error":{}}
2026-03-11T03:59:40.784Z ERROR [App] Failed to log audit event 
{"error":"Database not initialized","action":"order.created","resource":{"type"
:"order","id":"1773201580654-xcpiqf6m2"}}

[90mstdout[2m | tests/integration/manual-api.test.ts[2m > [22m[2mProduction API Manual Tests[2m > [22m[2mOrder Management Tests[2m > [22m[2mshould create a new appraisal order
[22m[39m2026-03-11T03:59:40.778Z INFO [App] Mock Service Bus: Event published {"topic":"order-events","eventType":"ORDER_CREATED","orderId":"1773201580654-xcpiqf6m2","timestamp":"2026-03-11T03:59:40.778Z"}
2026-03-11T03:59:40.779Z INFO [App] Request completed {"correlationId":"28492343-0e5f-441d-b8d2-c564cb8dce0d","method":"POST","url":"/api/orders","statusCode":201,"duration":"189ms"}
2026-03-11T03:59:40.780Z INFO [App] Request completed {"correlationId":"28492343-0e5f-441d-b8d2-c564cb8dce0d","method":"POST","url":"/api/orders","statusCode":201,"duration":"190ms"}
2026-03-11T03:59:40.783Z INFO [App] Order created event published {"orderId":"1773201580654-xcpiqf6m2"}

[90mstdout[2m | tests/qc-api-integration.test.ts[2m > [22m[2mQC API Endpoints Integration Tests[2m > [22m[2mQC Checklist Management[2m > [22m[2mPOST /api/qc/checklists[2m > [22m[2mshould reject checklist creation without authentication
[22m[39m2026-03-11T03:59:40.786Z INFO [App] Incoming request {"correlationId":"9b2ee065-55c4-4100-a9a0-8816591ac845","method":"POST","url":"/api/qc/checklists","ip":"::ffff:127.0.0.1"}

::ffff:127.0.0.1 - - [11/Mar/2026:03:59:40 +0000] "POST /api/orders HTTP/1.1" 201 - "-" "-"
[90mstdout[2m | tests/integration/live-api.test.ts[2m > [22m[2mLive Production API Integration Tests[2m > [22m[2mOrder Management Integration[2m > [22m[2mshould retrieve the created order proving database persistence
[22m[39m2026-03-11T03:59:40.789Z INFO [App] Incoming request {"correlationId":"7a75f385-9845-4804-bf1b-46ade77f9ccf","method":"GET","url":"/api/orders/1773201575710-y47hb83u0","ip":"::ffff:127.0.0.1"}

 [32mΓ£ô[39m tests/integration/production-api.test.ts[2m > [22mProduction API Integration Tests[2m > [22mOrder Management Workflow[2m > [22mshould retrieve the created order by ID[32m 169[2mms[22m[39m
[90mstdout[2m | tests/integration/api.test.ts[2m > [22m[2mProduction API Server Integration Tests[2m > [22m[2mAuthentication Endpoint[2m > [22m[2mshould issue a test token via /api/auth/test-token
[22m[39m2026-03-11T03:59:40.790Z INFO [App] Incoming request {"correlationId":"17860427-faef-4223-9387-b3c3168549b0","method":"POST","url":"/api/auth/test-token","ip":"::ffff:127.0.0.1"}

::ffff:127.0.0.1 - - [11/Mar/2026:03:59:40 +0000] "POST /api/qc/checklists HTTP/1.1" 401 58 "-" "-"
[90mstderr[2m | tests/qc-api-integration.test.ts[2m > [22m[2mQC API 
Endpoints Integration Tests[2m > [22m[2mQC Checklist Management[2m > 
[22m[2mPOST /api/qc/checklists[2m > [22m[2mshould reject checklist 
creation without authentication
[22m[39m2026-03-11T03:59:40.795Z WARN [App] Request completed with error {"co
rrelationId":"9b2ee065-55c4-4100-a9a0-8816591ac845","method":"POST","url":"/api
/qc/checklists","statusCode":401,"duration":"9ms"}

[90mstdout[2m | tests/qc-api-integration.test.ts[2m > [22m[2mQC API Endpoints Integration Tests[2m > [22m[2mQC Checklist Management[2m > [22m[2mPOST /api/qc/checklists[2m > [22m[2mshould reject checklist creation without authentication
[22m[39m2026-03-11T03:59:40.793Z INFO [App] Request completed {"correlationId":"9b2ee065-55c4-4100-a9a0-8816591ac845","method":"POST","url":"/api/qc/checklists","statusCode":401,"duration":"7ms"}
2026-03-11T03:59:40.793Z INFO [App] Request completed {"correlationId":"9b2ee065-55c4-4100-a9a0-8816591ac845","method":"POST","url":"/api/qc/checklists","statusCode":401,"duration":"7ms"}

[90mstdout[2m | tests/integration/api.test.ts[2m > [22m[2mProduction API Server Integration Tests[2m > [22m[2mAuthentication Endpoint[2m > [22m[2mshould issue a test token via /api/auth/test-token
[22m[39m2026-03-11T03:59:40.797Z INFO [App] Request completed {"correlationId":"17860427-faef-4223-9387-b3c3168549b0","method":"POST","url":"/api/auth/test-token","statusCode":200,"duration":"7ms"}
2026-03-11T03:59:40.798Z INFO [App] Request completed {"correlationId":"17860427-faef-4223-9387-b3c3168549b0","method":"POST","url":"/api/auth/test-token","statusCode":200,"duration":"8ms"}

[90mstdout[2m | tests/integration/manual-api.test.ts[2m > [22m[2mProduction API Manual Tests[2m > [22m[2mOrder Management Tests[2m > [22m[2mshould create a new appraisal order
[22m[39mΓ£à Created order with ID: 1773201580654-xcpiqf6m2
Order details: {
  id: [32m'1773201580654-xcpiqf6m2'[39m,
  orderNumber: [32m'TEST-ORDER-1773201580579'[39m,
  property: [32m'1600 Amphitheatre Parkway'[39m,
  status: [32m'NEW'[39m
}

::ffff:127.0.0.1 - - [11/Mar/2026:03:59:40 +0000] "POST /api/auth/test-token HTTP/1.1" 200 988 "-" "-"
[90mstdout[2m | tests/qc-api-integration.test.ts[2m > [22m[2mQC API Endpoints Integration Tests[2m > [22m[2mQC Checklist Management[2m > [22m[2mPOST /api/qc/checklists[2m > [22m[2mshould reject invalid checklist data
[22m[39m2026-03-11T03:59:40.806Z INFO [App] Incoming request {"correlationId":"c4917d9c-7142-4e2e-83cc-b25284e4b6aa","method":"POST","url":"/api/qc/checklists","ip":"::ffff:127.0.0.1"}

[90mstdout[2m | tests/integration/manual-api.test.ts[2m > [22m[2mProduction API Manual Tests[2m > [22m[2mOrder Management Tests[2m > [22m[2mshould retrieve the created order by ID
[22m[39m2026-03-11T03:59:40.812Z INFO [App] Incoming request {"correlationId":"863669bc-d7a9-4514-bc93-337153fd5892","method":"GET","url":"/api/orders/1773201580654-xcpiqf6m2","ip":"::ffff:127.0.0.1"}

[90mstdout[2m | tests/qc-api-integration.test.ts[2m > [22m[2mQC API Endpoints Integration Tests[2m > [22m[2mQC Checklist Management[2m > [22m[2mPOST /api/qc/checklists[2m > [22m[2mshould reject invalid checklist data
[22m[39m2026-03-11T03:59:40.815Z INFO [App] Request completed {"correlationId":"c4917d9c-7142-4e2e-83cc-b25284e4b6aa","method":"POST","url":"/api/qc/checklists","statusCode":400,"duration":"9ms"}
2026-03-11T03:59:40.815Z INFO [App] Request completed {"correlationId":"c4917d9c-7142-4e2e-83cc-b25284e4b6aa","method":"POST","url":"/api/qc/checklists","statusCode":400,"duration":"9ms"}

::ffff:127.0.0.1 - - [11/Mar/2026:03:59:40 +0000] "POST /api/qc/checklists HTTP/1.1" 400 250 "-" "-"
[90mstderr[2m | tests/qc-api-integration.test.ts[2m > [22m[2mQC API 
Endpoints Integration Tests[2m > [22m[2mQC Checklist Management[2m > 
[22m[2mPOST /api/qc/checklists[2m > [22m[2mshould reject invalid 
checklist data
[22m[39m2026-03-11T03:59:40.817Z WARN [App] Request completed with error {"co
rrelationId":"c4917d9c-7142-4e2e-83cc-b25284e4b6aa","method":"POST","url":"/api
/qc/checklists","statusCode":400,"duration":"11ms"}

 [32mΓ£ô[39m tests/integration/api.test.ts[2m > [22mProduction API Server Integration Tests[2m > [22mHealth and Status Endpoints[2m > [22mshould return healthy status from /health[33m 5010[2mms[22m[39m
 [32mΓ£ô[39m tests/integration/api.test.ts[2m > [22mProduction API Server Integration Tests[2m > [22mHealth and Status Endpoints[2m > [22mshould accept GET /api or return 404 if not defined[32m 46[2mms[22m[39m
 [32mΓ£ô[39m tests/integration/api.test.ts[2m > [22mProduction API Server Integration Tests[2m > [22mHealth and Status Endpoints[2m > [22mshould return system status from /api/status[32m 19[2mms[22m[39m
 [32mΓ£ô[39m tests/integration/api.test.ts[2m > [22mProduction API Server Integration Tests[2m > [22mAuthentication Endpoint[2m > [22mshould issue a test token via /api/auth/test-token[32m 23[2mms[22m[39m
[90mstdout[2m | tests/qc-api-integration.test.ts[2m > [22m[2mQC API Endpoints Integration Tests[2m > [22m[2mQC Checklist Management[2m > [22m[2mGET /api/qc/checklists[2m > [22m[2mshould search checklists with filters
[22m[39m2026-03-11T03:59:40.836Z INFO [App] Incoming request {"correlationId":"3d00adcd-f4a5-47e0-b14f-fba68d87651c","method":"GET","url":"/api/qc/checklists?category=appraisal&status=active&limit=10","ip":"::ffff:127.0.0.1"}

[90mstdout[2m | tests/integration/api.test.ts[2m > [22m[2mProduction API Server Integration Tests[2m > [22m[2mAuthentication Endpoint[2m > [22m[2mshould reject invalid credentials to /api/auth/login
[22m[39m2026-03-11T03:59:40.836Z INFO [App] Incoming request {"correlationId":"a2862881-ca1c-4e9e-8b06-921b6b4eec48","method":"POST","url":"/api/auth/login","ip":"::ffff:127.0.0.1"}

 [32mΓ£ô[39m tests/qc-api-integration.test.ts[2m > [22mQC API Endpoints Integration Tests[2m > [22mQC Checklist Management[2m > [22mPOST /api/qc/checklists[2m > [22mshould create a new QC checklist with proper authentication[33m 5221[2mms[22m[39m
 [32mΓ£ô[39m tests/qc-api-integration.test.ts[2m > [22mQC API Endpoints Integration Tests[2m > [22mQC Checklist Management[2m > [22mPOST /api/qc/checklists[2m > [22mshould reject checklist creation without authentication[32m 24[2mms[22m[39m
 [32mΓ£ô[39m tests/qc-api-integration.test.ts[2m > [22mQC API Endpoints Integration Tests[2m > [22mQC Checklist Management[2m > [22mPOST /api/qc/checklists[2m > [22mshould reject invalid checklist data[32m 23[2mms[22m[39m
 [32mΓ£ô[39m tests/integration/live-api.test.ts[2m > [22mLive Production API Integration Tests[2m > [22mOrder Management Integration[2m > [22mshould create a new order with real database persistence[33m 5196[2mms[22m[39m
 [32mΓ£ô[39m tests/integration/manual-api.test.ts[2m > [22mProduction API Manual Tests[2m > [22mOrder Management Tests[2m > [22mshould create a new appraisal order[32m 223[2mms[22m[39m
[90mstdout[2m | tests/integration/minimal-server.test.ts[2m > [22m[2mMinimal Server Integration Tests[2m > [22m[2mProperty Intelligence - Available Endpoints[2m > [22m[2mshould perform address geocoding with authentication
[22m[39m2026-03-11T03:59:40.914Z INFO [App] Request completed {"correlationId":"bd8c6bec-7dd7-4531-b3d5-b63639a6fd51","method":"POST","url":"/api/property-intelligence/address/geocode","statusCode":200,"duration":"247ms"}
2026-03-11T03:59:40.914Z INFO [App] Request completed {"correlationId":"bd8c6bec-7dd7-4531-b3d5-b63639a6fd51","method":"POST","url":"/api/property-intelligence/address/geocode","statusCode":200,"duration":"247ms"}

::ffff:127.0.0.1 - - [11/Mar/2026:03:59:40 +0000] "POST /api/property-intelligence/address/geocode HTTP/1.1" 200 736 "-" "-"
[90mstdout[2m | tests/integration/minimal-server.test.ts[2m > [22m[2mMinimal Server Integration Tests[2m > [22m[2mProperty Intelligence - Available Endpoints[2m > [22m[2mshould perform address geocoding with authentication
[22m[39mΓ£à Address geocoding successful
   Coordinates: undefined, undefined

[90mstderr[2m | tests/integration/production-api.test.ts[2m > 
[22m[2mProduction API Integration Tests[2m > [22m[2mOrder Management 
Workflow[2m > [22m[2mshould update the order status
[22m[39m2026-03-11T03:59:40.929Z ERROR [App] Failed to create document in 
audit-trail {"error":{}}
2026-03-11T03:59:40.931Z ERROR [App] Failed to log audit event 
{"error":"Database not initialized","action":"order.status_changed","resource":
{"type":"order","id":"1773201580318-4b0okcqy4"}}

[90mstdout[2m | tests/integration/production-api.test.ts[2m > [22m[2mProduction API Integration Tests[2m > [22m[2mOrder Management Workflow[2m > [22m[2mshould update the order status
[22m[39m2026-03-11T03:59:40.929Z INFO [App] Mock Service Bus: Event published {"topic":"order-events","eventType":"ORDER_STATUS_CHANGED","orderId":"1773201580318-4b0okcqy4","timestamp":"2026-03-11T03:59:40.929Z"}
2026-03-11T03:59:40.930Z INFO [App] Request completed {"correlationId":"f2c10b2a-7c39-4f53-ad30-0b5a92b422ca","method":"PUT","url":"/api/orders/1773201580318-4b0okcqy4/status","statusCode":200,"duration":"236ms"}
2026-03-11T03:59:40.930Z INFO [App] Request completed {"correlationId":"f2c10b2a-7c39-4f53-ad30-0b5a92b422ca","method":"PUT","url":"/api/orders/1773201580318-4b0okcqy4/status","statusCode":200,"duration":"236ms"}
2026-03-11T03:59:40.931Z INFO [App] Order status changed event published {"orderId":"1773201580318-4b0okcqy4","oldStatus":"NEW","newStatus":"PENDING_ASSIGNMENT"}

::ffff:127.0.0.1 - - [11/Mar/2026:03:59:40 +0000] "PUT /api/orders/1773201580318-4b0okcqy4/status HTTP/1.1" 200 - "-" "-"
[90mstdout[2m | tests/integration/production-api.test.ts[2m > [22m[2mProduction API Integration Tests[2m > [22m[2mOrder Management Workflow[2m > [22m[2mshould update the order status
[22m[39mΓ£à Updated order status (code: 200)

[90mstdout[2m | tests/integration/minimal-server.test.ts[2m > [22m[2mMinimal Server Integration Tests[2m > [22m[2mProperty Intelligence - Available Endpoints[2m > [22m[2mshould perform comprehensive property analysis with authentication
[22m[39m2026-03-11T03:59:40.930Z INFO [App] Incoming request {"correlationId":"3b9abedb-5146-4c8e-86f8-6db68c24873d","method":"POST","url":"/api/property-intelligence/analyze/comprehensive","ip":"::ffff:127.0.0.1"}

[90mstdout[2m | tests/integration/production-api.test.ts[2m > [22m[2mProduction API Integration Tests[2m > [22m[2mOrder Management Workflow[2m > [22m[2mshould list orders with filters
[22m[39m2026-03-11T03:59:40.947Z INFO [App] Incoming request {"correlationId":"d5486a9c-6a64-474b-809d-5b8ccbedd99a","method":"GET","url":"/api/orders?limit=10","ip":"::ffff:127.0.0.1"}

[90mstdout[2m | tests/integration/minimal-server.test.ts[2m > [22m[2mMinimal Server Integration Tests[2m > [22m[2mProperty Intelligence - Available Endpoints[2m > [22m[2mshould perform comprehensive property analysis with authentication
[22m[39m2026-03-11T03:59:40.950Z INFO [App] Starting comprehensive property analysis {"coordinates":{"latitude":37.4224764,"longitude":-122.0842499},"strategy":"quality_first"}

[90mstdout[2m | tests/integration/live-api.test.ts[2m > [22m[2mLive Production API Integration Tests[2m > [22m[2mOrder Management Integration[2m > [22m[2mshould retrieve the created order proving database persistence
[22m[39m2026-03-11T03:59:40.950Z INFO [App] Request completed {"correlationId":"7a75f385-9845-4804-bf1b-46ade77f9ccf","method":"GET","url":"/api/orders/1773201575710-y47hb83u0","statusCode":200,"duration":"161ms"}
2026-03-11T03:59:40.950Z INFO [App] Request completed {"correlationId":"7a75f385-9845-4804-bf1b-46ade77f9ccf","method":"GET","url":"/api/orders/1773201575710-y47hb83u0","statusCode":200,"duration":"161ms"}

[90mstdout[2m | tests/integration/performance.test.ts[2m > [22m[2mAPI Performance Tests[2m > [22m[2mConcurrent Request Tests[2m > [22m[2mshould handle 10 concurrent health checks
[22m[39m2026-03-11T03:59:40.954Z INFO [App] Request completed {"correlationId":"950a111a-cb37-4afa-82c7-5af733befb08","method":"GET","url":"/health","statusCode":200,"duration":"270ms"}
2026-03-11T03:59:40.954Z INFO [App] Request completed {"correlationId":"950a111a-cb37-4afa-82c7-5af733befb08","method":"GET","url":"/health","statusCode":200,"duration":"270ms"}

::ffff:127.0.0.1 - - [11/Mar/2026:03:59:40 +0000] "GET /health HTTP/1.1" 200 250 "-" "-"
[90mstderr[2m | tests/integration/minimal-server.test.ts[2m > 
[22m[2mMinimal Server Integration Tests[2m > [22m[2mProperty Intelligence 
- Available Endpoints[2m > [22m[2mshould perform comprehensive property 
analysis with authentication
[22m[39m2026-03-11T03:59:40.957Z ERROR [App] Azure Maps analysis failed {"err
or":{},"coordinates":{"latitude":37.4224764,"longitude":-122.0842499},"analysis
Type":"demographics"}

[90mstdout[2m | tests/integration/minimal-server.test.ts[2m > [22m[2mMinimal Server Integration Tests[2m > [22m[2mProperty Intelligence - Available Endpoints[2m > [22m[2mshould perform comprehensive property analysis with authentication
[22m[39m2026-03-11T03:59:40.952Z INFO [App] Starting comprehensive property analysis {"coordinates":{"latitude":37.4224764,"longitude":-122.0842499},"strategy":"quality_first","enabledProviders":["google","azure","openstreetmap"]}

[90mstderr[2m | tests/integration/minimal-server.test.ts[2m > 
[22m[2mMinimal Server Integration Tests[2m > [22m[2mProperty Intelligence 
- Available Endpoints[2m > [22m[2mshould perform comprehensive property 
analysis with authentication
[22m[39m2026-03-11T03:59:40.958Z ERROR [App] Provider azure failed for 
demographics {"error":{}}

[90mstderr[2m | tests/integration/minimal-server.test.ts[2m > 
[22m[2mMinimal Server Integration Tests[2m > [22m[2mProperty Intelligence 
- Available Endpoints[2m > [22m[2mshould perform comprehensive property 
analysis with authentication
[22m[39m2026-03-11T03:59:40.959Z WARN [App] Analysis step 1 failed 
{"error":{}}
2026-03-11T03:59:40.959Z WARN [App] Analysis step 2 failed {"error":{}}
2026-03-11T03:59:40.959Z WARN [App] Analysis step 3 failed {"error":{}}
2026-03-11T03:59:40.959Z WARN [App] Analysis step 4 failed {"error":{}}
2026-03-11T03:59:40.959Z WARN [App] Analysis step 5 failed {"error":{}}

[90mstdout[2m | tests/integration/performance.test.ts[2m > [22m[2mAPI Performance Tests[2m > [22m[2mConcurrent Request Tests[2m > [22m[2mshould handle 10 concurrent health checks
[22m[39m2026-03-11T03:59:40.960Z INFO [App] Request completed {"correlationId":"c9f131e2-a02b-4c34-bda0-3c32b8a046cd","method":"GET","url":"/health","statusCode":200,"duration":"245ms"}
2026-03-11T03:59:40.960Z INFO [App] Request completed {"correlationId":"c9f131e2-a02b-4c34-bda0-3c32b8a046cd","method":"GET","url":"/health","statusCode":200,"duration":"245ms"}

::ffff:127.0.0.1 - - [11/Mar/2026:03:59:40 +0000] "GET /health HTTP/1.1" 200 250 "-" "-"
[90mstdout[2m | tests/integration/performance.test.ts[2m > [22m[2mAPI Performance Tests[2m > [22m[2mConcurrent Request Tests[2m > [22m[2mshould handle 10 concurrent health checks
[22m[39m2026-03-11T03:59:40.965Z INFO [App] Request completed {"correlationId":"816c4d0a-14e0-4f39-8c62-7b9713cd464b","method":"GET","url":"/health","statusCode":200,"duration":"238ms"}
2026-03-11T03:59:40.965Z INFO [App] Request completed {"correlationId":"816c4d0a-14e0-4f39-8c62-7b9713cd464b","method":"GET","url":"/health","statusCode":200,"duration":"238ms"}

::ffff:127.0.0.1 - - [11/Mar/2026:03:59:40 +0000] "GET /health HTTP/1.1" 200 250 "-" "-"
[90mstdout[2m | tests/integration/minimal-server.test.ts[2m > [22m[2mMinimal Server Integration Tests[2m > [22m[2mProperty Intelligence - Available Endpoints[2m > [22m[2mshould perform comprehensive property analysis with authentication
[22m[39m2026-03-11T03:59:40.961Z INFO [App] Request completed {"correlationId":"3b9abedb-5146-4c8e-86f8-6db68c24873d","method":"POST","url":"/api/property-intelligence/analyze/comprehensive","statusCode":200,"duration":"31ms"}
2026-03-11T03:59:40.962Z INFO [App] Request completed {"correlationId":"3b9abedb-5146-4c8e-86f8-6db68c24873d","method":"POST","url":"/api/property-intelligence/analyze/comprehensive","statusCode":200,"duration":"32ms"}

::ffff:127.0.0.1 - - [11/Mar/2026:03:59:40 +0000] "GET /api/orders/1773201575710-y47hb83u0 HTTP/1.1" 200 - "-" "-"
::ffff:127.0.0.1 - - [11/Mar/2026:03:59:40 +0000] "POST /api/property-intelligence/analyze/comprehensive HTTP/1.1" 200 - "-" "-"
[90mstdout[2m | tests/integration/live-api.test.ts[2m > [22m[2mLive Production API Integration Tests[2m > [22m[2mOrder Management Integration[2m > [22m[2mshould retrieve the created order proving database persistence
[22m[39mΓ£à Retrieved order from database: INTEGRATION-1773201575580

[90mstdout[2m | tests/integration/minimal-server.test.ts[2m > [22m[2mMinimal Server Integration Tests[2m > [22m[2mProperty Intelligence - Available Endpoints[2m > [22m[2mshould perform comprehensive property analysis with authentication
[22m[39mΓ£à Comprehensive property analysis successful

[90mstdout[2m | tests/integration/performance.test.ts[2m > [22m[2mAPI Performance Tests[2m > [22m[2mConcurrent Request Tests[2m > [22m[2mshould handle 10 concurrent health checks
[22m[39m2026-03-11T03:59:40.980Z INFO [App] Request completed {"correlationId":"bb6aef31-a1ab-4601-8efa-7ffa2f2b0158","method":"GET","url":"/health","statusCode":200,"duration":"240ms"}
2026-03-11T03:59:40.980Z INFO [App] Request completed {"correlationId":"bb6aef31-a1ab-4601-8efa-7ffa2f2b0158","method":"GET","url":"/health","statusCode":200,"duration":"240ms"}

::ffff:127.0.0.1 - - [11/Mar/2026:03:59:40 +0000] "GET /health HTTP/1.1" 200 250 "-" "-"
[90mstdout[2m | tests/integration/live-api.test.ts[2m > [22m[2mLive Production API Integration Tests[2m > [22m[2mOrder Management Integration[2m > [22m[2mshould update the order and persist changes
[22m[39m2026-03-11T03:59:40.991Z INFO [App] Incoming request {"correlationId":"89f81efa-c18d-474c-b6d3-5973e7db8641","method":"PUT","url":"/api/orders/1773201575710-y47hb83u0","ip":"::ffff:127.0.0.1"}

[90mstdout[2m | tests/integration/minimal-server.test.ts[2m > [22m[2mMinimal Server Integration Tests[2m > [22m[2mProperty Intelligence - Available Endpoints[2m > [22m[2mshould reject requests without authentication
[22m[39m2026-03-11T03:59:40.998Z INFO [App] Incoming request {"correlationId":"60d10907-3c2e-492e-811c-6d26fd7a8234","method":"POST","url":"/api/property-intelligence/address/geocode","ip":"::ffff:127.0.0.1"}

::ffff:127.0.0.1 - - [11/Mar/2026:03:59:41 +0000] "POST /api/property-intelligence/address/geocode HTTP/1.1" 401 58 "-" "-"
::ffff:127.0.0.1 - - [11/Mar/2026:03:59:41 +0000] "PUT /api/orders/1773201575710-y47hb83u0 HTTP/1.1" 400 65 "-" "-"
[90mstdout[2m | tests/integration/performance.test.ts[2m > [22m[2mAPI Performance Tests[2m > [22m[2mConcurrent Request Tests[2m > [22m[2mshould handle 10 concurrent health checks
[22m[39m2026-03-11T03:59:40.998Z INFO [App] Request completed {"correlationId":"2ff7d5b1-c9e7-4cbf-8c5b-348df082a371","method":"GET","url":"/health","statusCode":200,"duration":"264ms"}
2026-03-11T03:59:40.998Z INFO [App] Request completed {"correlationId":"2ff7d5b1-c9e7-4cbf-8c5b-348df082a371","method":"GET","url":"/health","statusCode":200,"duration":"264ms"}

[90mstderr[2m | tests/integration/live-api.test.ts[2m > [22m[2mLive 
Production API Integration Tests[2m > [22m[2mOrder Management 
Integration[2m > [22m[2mshould update the order and persist changes
[22m[39m2026-03-11T03:59:41.001Z WARN [App] Request completed with error {"co
rrelationId":"89f81efa-c18d-474c-b6d3-5973e7db8641","method":"PUT","url":"/api/
orders/1773201575710-y47hb83u0","statusCode":400,"duration":"10ms"}

[90mstderr[2m | tests/integration/minimal-server.test.ts[2m > 
[22m[2mMinimal Server Integration Tests[2m > [22m[2mProperty Intelligence 
- Available Endpoints[2m > [22m[2mshould reject requests without 
authentication
[22m[39m2026-03-11T03:59:41.001Z WARN [App] Request completed with error {"co
rrelationId":"60d10907-3c2e-492e-811c-6d26fd7a8234","method":"POST","url":"/api
/property-intelligence/address/geocode","statusCode":401,"duration":"3ms"}

[90mstdout[2m | tests/integration/live-api.test.ts[2m > [22m[2mLive Production API Integration Tests[2m > [22m[2mOrder Management Integration[2m > [22m[2mshould update the order and persist changes
[22m[39m2026-03-11T03:59:40.998Z INFO [App] Request completed {"correlationId":"89f81efa-c18d-474c-b6d3-5973e7db8641","method":"PUT","url":"/api/orders/1773201575710-y47hb83u0","statusCode":400,"duration":"7ms"}
2026-03-11T03:59:40.999Z INFO [App] Request completed {"correlationId":"89f81efa-c18d-474c-b6d3-5973e7db8641","method":"PUT","url":"/api/orders/1773201575710-y47hb83u0","statusCode":400,"duration":"8ms"}

[90mstdout[2m | tests/integration/minimal-server.test.ts[2m > [22m[2mMinimal Server Integration Tests[2m > [22m[2mProperty Intelligence - Available Endpoints[2m > [22m[2mshould reject requests without authentication
[22m[39m2026-03-11T03:59:41.000Z INFO [App] Request completed {"correlationId":"60d10907-3c2e-492e-811c-6d26fd7a8234","method":"POST","url":"/api/property-intelligence/address/geocode","statusCode":401,"duration":"2ms"}
2026-03-11T03:59:41.000Z INFO [App] Request completed {"correlationId":"60d10907-3c2e-492e-811c-6d26fd7a8234","method":"POST","url":"/api/property-intelligence/address/geocode","statusCode":401,"duration":"2ms"}

::ffff:127.0.0.1 - - [11/Mar/2026:03:59:41 +0000] "GET /health HTTP/1.1" 200 250 "-" "-"
[90mstdout[2m | tests/integration/minimal-server.test.ts[2m > [22m[2mMinimal Server Integration Tests[2m > [22m[2mDynamic Code Execution[2m > [22m[2mshould execute simple JavaScript code with authentication
[22m[39m2026-03-11T03:59:41.019Z INFO [App] Incoming request {"correlationId":"8aba17c1-a493-4575-8609-e8e7f399fe28","method":"POST","url":"/api/code/execute","ip":"::ffff:127.0.0.1"}

 [32mΓ£ô[39m tests/integration/live-api.test.ts[2m > [22mLive Production API Integration Tests[2m > [22mOrder Management Integration[2m > [22mshould retrieve the created order proving database persistence[32m 205[2mms[22m[39m
[90mstdout[2m | tests/integration/performance.test.ts[2m > [22m[2mAPI Performance Tests[2m > [22m[2mConcurrent Request Tests[2m > [22m[2mshould handle 10 concurrent health checks
[22m[39m2026-03-11T03:59:41.027Z INFO [App] Request completed {"correlationId":"49e12e3b-8cfa-4731-ba64-dcf3461da7ce","method":"GET","url":"/health","statusCode":200,"duration":"306ms"}
2026-03-11T03:59:41.027Z INFO [App] Request completed {"correlationId":"49e12e3b-8cfa-4731-ba64-dcf3461da7ce","method":"GET","url":"/health","statusCode":200,"duration":"306ms"}

::ffff:127.0.0.1 - - [11/Mar/2026:03:59:41 +0000] "GET /health HTTP/1.1" 200 250 "-" "-"
[90mstdout[2m | tests/integration/performance.test.ts[2m > [22m[2mAPI Performance Tests[2m > [22m[2mConcurrent Request Tests[2m > [22m[2mshould handle 10 concurrent health checks
[22m[39m2026-03-11T03:59:41.033Z INFO [App] Request completed {"correlationId":"dc4cad65-ea45-4b47-a6ca-3cbe3eca051d","method":"GET","url":"/health","statusCode":200,"duration":"285ms"}
2026-03-11T03:59:41.033Z INFO [App] Request completed {"correlationId":"dc4cad65-ea45-4b47-a6ca-3cbe3eca051d","method":"GET","url":"/health","statusCode":200,"duration":"285ms"}

[90mstdout[2m | tests/integration/live-api.test.ts[2m > [22m[2mLive Production API Integration Tests[2m > [22m[2mOrder Management Integration[2m > [22m[2mshould list orders with filters from real database
[22m[39m2026-03-11T03:59:41.035Z INFO [App] Incoming request {"correlationId":"6dbd734d-49e3-4faf-b529-403080792a63","method":"GET","url":"/api/orders?status=IN_PROGRESS&limit=10","ip":"::ffff:127.0.0.1"}

::ffff:127.0.0.1 - - [11/Mar/2026:03:59:41 +0000] "GET /health HTTP/1.1" 200 250 "-" "-"
[90mstdout[2m | tests/integration/performance.test.ts[2m > [22m[2mAPI Performance Tests[2m > [22m[2mConcurrent Request Tests[2m > [22m[2mshould handle 10 concurrent health checks
[22m[39m2026-03-11T03:59:41.037Z INFO [App] Request completed {"correlationId":"af7e2150-40d2-46db-9491-dbeedda7a791","method":"GET","url":"/health","statusCode":200,"duration":"344ms"}
2026-03-11T03:59:41.038Z INFO [App] Request completed {"correlationId":"af7e2150-40d2-46db-9491-dbeedda7a791","method":"GET","url":"/health","statusCode":200,"duration":"345ms"}

::ffff:127.0.0.1 - - [11/Mar/2026:03:59:41 +0000] "GET /health HTTP/1.1" 200 250 "-" "-"
[90mstdout[2m | tests/integration/minimal-server.test.ts[2m > [22m[2mMinimal Server Integration Tests[2m > [22m[2mDynamic Code Execution[2m > [22m[2mshould execute simple JavaScript code with authentication
[22m[39m2026-03-11T03:59:41.039Z INFO [App] Request completed {"correlationId":"8aba17c1-a493-4575-8609-e8e7f399fe28","method":"POST","url":"/api/code/execute","statusCode":200,"duration":"20ms"}
2026-03-11T03:59:41.039Z INFO [App] Request completed {"correlationId":"8aba17c1-a493-4575-8609-e8e7f399fe28","method":"POST","url":"/api/code/execute","statusCode":200,"duration":"20ms"}

::ffff:127.0.0.1 - - [11/Mar/2026:03:59:41 +0000] "POST /api/code/execute HTTP/1.1" 200 137 "-" "-"
[90mstdout[2m | tests/integration/performance.test.ts[2m > [22m[2mAPI Performance Tests[2m > [22m[2mConcurrent Request Tests[2m > [22m[2mshould handle 10 concurrent health checks
[22m[39m2026-03-11T03:59:41.041Z INFO [App] Request completed {"correlationId":"bfbd4f2b-c277-4bbf-9893-0266bc5bffd9","method":"GET","url":"/health","statusCode":200,"duration":"280ms"}
2026-03-11T03:59:41.041Z INFO [App] Request completed {"correlationId":"bfbd4f2b-c277-4bbf-9893-0266bc5bffd9","method":"GET","url":"/health","statusCode":200,"duration":"280ms"}

::ffff:127.0.0.1 - - [11/Mar/2026:03:59:41 +0000] "GET /health HTTP/1.1" 200 250 "-" "-"
 [32mΓ£ô[39m tests/integration/minimal-server.test.ts[2m > [22mMinimal Server Integration Tests[2m > [22mProperty Intelligence - Available Endpoints[2m > [22mshould perform address geocoding with authentication[32m 273[2mms[22m[39m
 [32mΓ£ô[39m tests/integration/minimal-server.test.ts[2m > [22mMinimal Server Integration Tests[2m > [22mProperty Intelligence - Available Endpoints[2m > [22mshould perform comprehensive property analysis with authentication[32m 60[2mms[22m[39m
 [32mΓ£ô[39m tests/integration/minimal-server.test.ts[2m > [22mMinimal Server Integration Tests[2m > [22mProperty Intelligence - Available Endpoints[2m > [22mshould reject requests without authentication[32m 24[2mms[22m[39m
 [32mΓ£ô[39m tests/integration/production-api.test.ts[2m > [22mProduction API Integration Tests[2m > [22mOrder Management Workflow[2m > [22mshould update the order status[32m 250[2mms[22m[39m
[90mstdout[2m | tests/integration/minimal-server.test.ts[2m > [22m[2mMinimal Server Integration Tests[2m > [22m[2mDynamic Code Execution[2m > [22m[2mshould execute simple JavaScript code with authentication
[22m[39mΓ£à Dynamic code execution successful
   ≡ƒÆ╗ Result: {"result":4,"message":"Hello from dynamic execution!"}

[90mstdout[2m | tests/integration/minimal-server.test.ts[2m > [22m[2mMinimal Server Integration Tests[2m > [22m[2mDynamic Code Execution[2m > [22m[2mshould calculate loan payment with dynamic code
[22m[39m2026-03-11T03:59:41.059Z INFO [App] Incoming request {"correlationId":"a839edad-47d5-408d-a7a1-462b2c902abb","method":"POST","url":"/api/code/execute","ip":"::ffff:127.0.0.1"}

[90mstdout[2m | tests/integration/manual-api.test.ts[2m > [22m[2mProduction API Manual Tests[2m > [22m[2mOrder Management Tests[2m > [22m[2mshould retrieve the created order by ID
[22m[39m2026-03-11T03:59:41.060Z INFO [App] Request completed {"correlationId":"863669bc-d7a9-4514-bc93-337153fd5892","method":"GET","url":"/api/orders/1773201580654-xcpiqf6m2","statusCode":200,"duration":"248ms"}
2026-03-11T03:59:41.060Z INFO [App] Request completed {"correlationId":"863669bc-d7a9-4514-bc93-337153fd5892","method":"GET","url":"/api/orders/1773201580654-xcpiqf6m2","statusCode":200,"duration":"248ms"}

::ffff:127.0.0.1 - - [11/Mar/2026:03:59:41 +0000] "GET /api/orders/1773201580654-xcpiqf6m2 HTTP/1.1" 200 - "-" "-"
[90mstdout[2m | tests/integration/manual-api.test.ts[2m > [22m[2mProduction API Manual Tests[2m > [22m[2mOrder Management Tests[2m > [22m[2mshould retrieve the created order by ID
[22m[39mΓ£à Retrieved order: TEST-ORDER-1773201580579
Retrieved data matches expected values

[90mstdout[2m | tests/integration/manual-api.test.ts[2m > [22m[2mProduction API Manual Tests[2m > [22m[2mOrder Management Tests[2m > [22m[2mshould update the order status
[22m[39m2026-03-11T03:59:41.077Z INFO [App] Incoming request {"correlationId":"09c36e89-4804-4daa-afd2-1a2f6eae747e","method":"PUT","url":"/api/orders/1773201580654-xcpiqf6m2","ip":"::ffff:127.0.0.1"}

::ffff:127.0.0.1 - - [11/Mar/2026:03:59:41 +0000] "PUT /api/orders/1773201580654-xcpiqf6m2 HTTP/1.1" 400 65 "-" "-"
[90mstderr[2m | tests/integration/manual-api.test.ts[2m > 
[22m[2mProduction API Manual Tests[2m > [22m[2mOrder Management Tests[2m 
> [22m[2mshould update the order status
[22m[39m2026-03-11T03:59:41.088Z WARN [App] Request completed with error {"co
rrelationId":"09c36e89-4804-4daa-afd2-1a2f6eae747e","method":"PUT","url":"/api/
orders/1773201580654-xcpiqf6m2","statusCode":400,"duration":"11ms"}

[90mstdout[2m | tests/integration/manual-api.test.ts[2m > [22m[2mProduction API Manual Tests[2m > [22m[2mOrder Management Tests[2m > [22m[2mshould update the order status
[22m[39m2026-03-11T03:59:41.083Z INFO [App] Request completed {"correlationId":"09c36e89-4804-4daa-afd2-1a2f6eae747e","method":"PUT","url":"/api/orders/1773201580654-xcpiqf6m2","statusCode":400,"duration":"6ms"}
2026-03-11T03:59:41.083Z INFO [App] Request completed {"correlationId":"09c36e89-4804-4daa-afd2-1a2f6eae747e","method":"PUT","url":"/api/orders/1773201580654-xcpiqf6m2","statusCode":400,"duration":"6ms"}

[90mstdout[2m | tests/integration/api.test.ts[2m > [22m[2mProduction API Server Integration Tests[2m > [22m[2mAuthentication Endpoint[2m > [22m[2mshould reject invalid credentials to /api/auth/login
[22m[39m2026-03-11T03:59:41.092Z INFO [App] Request completed {"correlationId":"a2862881-ca1c-4e9e-8b06-921b6b4eec48","method":"POST","url":"/api/auth/login","statusCode":401,"duration":"256ms"}
2026-03-11T03:59:41.092Z INFO [App] Request completed {"correlationId":"a2862881-ca1c-4e9e-8b06-921b6b4eec48","method":"POST","url":"/api/auth/login","statusCode":401,"duration":"256ms"}

::ffff:127.0.0.1 - - [11/Mar/2026:03:59:41 +0000] "POST /api/auth/login HTTP/1.1" 401 60 "-" "-"
[90mstderr[2m | tests/integration/api.test.ts[2m > [22m[2mProduction API 
Server Integration Tests[2m > [22m[2mAuthentication Endpoint[2m > 
[22m[2mshould reject invalid credentials to /api/auth/login
[22m[39m2026-03-11T03:59:41.094Z WARN [App] Request completed with error {"co
rrelationId":"a2862881-ca1c-4e9e-8b06-921b6b4eec48","method":"POST","url":"/api
/auth/login","statusCode":401,"duration":"258ms"}

[90mstdout[2m | tests/integration/minimal-server.test.ts[2m > [22m[2mMinimal Server Integration Tests[2m > [22m[2mDynamic Code Execution[2m > [22m[2mshould calculate loan payment with dynamic code
[22m[39m2026-03-11T03:59:41.093Z INFO [App] Request completed {"correlationId":"a839edad-47d5-408d-a7a1-462b2c902abb","method":"POST","url":"/api/code/execute","statusCode":200,"duration":"34ms"}
2026-03-11T03:59:41.094Z INFO [App] Request completed {"correlationId":"a839edad-47d5-408d-a7a1-462b2c902abb","method":"POST","url":"/api/code/execute","statusCode":200,"duration":"35ms"}

::ffff:127.0.0.1 - - [11/Mar/2026:03:59:41 +0000] "POST /api/code/execute HTTP/1.1" 200 206 "-" "-"
[90mstdout[2m | tests/integration/minimal-server.test.ts[2m > [22m[2mMinimal Server Integration Tests[2m > [22m[2mDynamic Code Execution[2m > [22m[2mshould calculate loan payment with dynamic code
[22m[39mΓ£à Loan calculation successful
   ≡ƒÅá $300000 at 5% for 30 years
   ≡ƒÆ░ Monthly Payment: $1610.46
   ≡ƒôè Total Interest: $279767.35

[90mstdout[2m | tests/integration/api.test.ts[2m > [22m[2mProduction API Server Integration Tests[2m > [22m[2mAuthentication Endpoint[2m > [22m[2mshould handle missing credentials to /api/auth/login
[22m[39m2026-03-11T03:59:41.104Z INFO [App] Incoming request {"correlationId":"73331430-b93c-4b59-a1cd-309e8c3babaf","method":"POST","url":"/api/auth/login","ip":"::ffff:127.0.0.1"}

[90mstdout[2m | tests/integration/performance.test.ts[2m > [22m[2mAPI Performance Tests[2m > [22m[2mConcurrent Request Tests[2m > [22m[2mshould handle 5 concurrent test-token requests
[22m[39m2026-03-11T03:59:41.109Z INFO [App] Incoming request {"correlationId":"94789916-3c53-44f5-8d6d-773ef73a595e","method":"POST","url":"/api/auth/test-token","ip":"::ffff:127.0.0.1"}

[90mstdout[2m | tests/integration/api.test.ts[2m > [22m[2mProduction API Server Integration Tests[2m > [22m[2mAuthentication Endpoint[2m > [22m[2mshould handle missing credentials to /api/auth/login
[22m[39m2026-03-11T03:59:41.109Z INFO [App] Request completed {"correlationId":"73331430-b93c-4b59-a1cd-309e8c3babaf","method":"POST","url":"/api/auth/login","statusCode":400,"duration":"5ms"}
2026-03-11T03:59:41.109Z INFO [App] Request completed {"correlationId":"73331430-b93c-4b59-a1cd-309e8c3babaf","method":"POST","url":"/api/auth/login","statusCode":400,"duration":"5ms"}

::ffff:127.0.0.1 - - [11/Mar/2026:03:59:41 +0000] "POST /api/auth/login HTTP/1.1" 400 214 "-" "-"
[90mstderr[2m | tests/integration/api.test.ts[2m > [22m[2mProduction API 
Server Integration Tests[2m > [22m[2mAuthentication Endpoint[2m > 
[22m[2mshould handle missing credentials to /api/auth/login
[22m[39m2026-03-11T03:59:41.110Z WARN [App] Request completed with error {"co
rrelationId":"73331430-b93c-4b59-a1cd-309e8c3babaf","method":"POST","url":"/api
/auth/login","statusCode":400,"duration":"6ms"}

[90mstdout[2m | tests/integration/minimal-server.test.ts[2m > [22m[2mMinimal Server Integration Tests[2m > [22m[2mDynamic Code Execution[2m > [22m[2mshould reject code execution without authentication
[22m[39m2026-03-11T03:59:41.112Z INFO [App] Incoming request {"correlationId":"c32e1517-1ed3-4de6-b0b0-5ad0bf10a2b1","method":"POST","url":"/api/code/execute","ip":"::ffff:127.0.0.1"}

[90mstdout[2m | tests/integration/performance.test.ts[2m > [22m[2mAPI Performance Tests[2m > [22m[2mConcurrent Request Tests[2m > [22m[2mshould handle 5 concurrent test-token requests
[22m[39m2026-03-11T03:59:41.113Z INFO [App] Request completed {"correlationId":"94789916-3c53-44f5-8d6d-773ef73a595e","method":"POST","url":"/api/auth/test-token","statusCode":200,"duration":"5ms"}
2026-03-11T03:59:41.114Z INFO [App] Request completed {"correlationId":"94789916-3c53-44f5-8d6d-773ef73a595e","method":"POST","url":"/api/auth/test-token","statusCode":200,"duration":"6ms"}

::ffff:127.0.0.1 - - [11/Mar/2026:03:59:41 +0000] "POST /api/auth/test-token HTTP/1.1" 200 999 "-" "-"
::ffff:127.0.0.1 - - [11/Mar/2026:03:59:41 +0000] "POST /api/code/execute HTTP/1.1" 401 58 "-" "-"
[90mstderr[2m | tests/integration/minimal-server.test.ts[2m > 
[22m[2mMinimal Server Integration Tests[2m > [22m[2mDynamic Code 
Execution[2m > [22m[2mshould reject code execution without authentication
[22m[39m2026-03-11T03:59:41.118Z WARN [App] Request completed with error {"co
rrelationId":"c32e1517-1ed3-4de6-b0b0-5ad0bf10a2b1","method":"POST","url":"/api
/code/execute","statusCode":401,"duration":"6ms"}

[90mstdout[2m | tests/integration/minimal-server.test.ts[2m > [22m[2mMinimal Server Integration Tests[2m > [22m[2mDynamic Code Execution[2m > [22m[2mshould reject code execution without authentication
[22m[39m2026-03-11T03:59:41.115Z INFO [App] Request completed {"correlationId":"c32e1517-1ed3-4de6-b0b0-5ad0bf10a2b1","method":"POST","url":"/api/code/execute","statusCode":401,"duration":"3ms"}
2026-03-11T03:59:41.116Z INFO [App] Request completed {"correlationId":"c32e1517-1ed3-4de6-b0b0-5ad0bf10a2b1","method":"POST","url":"/api/code/execute","statusCode":401,"duration":"4ms"}

[90mstdout[2m | tests/integration/manual-api.test.ts[2m > [22m[2mProduction API Manual Tests[2m > [22m[2mOrder Management Tests[2m > [22m[2mshould list orders with filters
[22m[39m2026-03-11T03:59:41.118Z INFO [App] Incoming request {"correlationId":"c728b895-3464-4b5f-91fe-22f19abe4089","method":"GET","url":"/api/orders?status=IN_PROGRESS&limit=10","ip":"::ffff:127.0.0.1"}

[90mstdout[2m | tests/integration/performance.test.ts[2m > [22m[2mAPI Performance Tests[2m > [22m[2mConcurrent Request Tests[2m > [22m[2mshould handle 5 concurrent test-token requests
[22m[39m2026-03-11T03:59:41.118Z INFO [App] Incoming request {"correlationId":"f4510c2c-c16f-4b21-90e8-37f6aa760d9d","method":"POST","url":"/api/auth/test-token","ip":"::ffff:127.0.0.1"}

[90mstdout[2m | tests/integration/minimal-server.test.ts[2m > [22m[2mMinimal Server Integration Tests[2m > [22m[2mDynamic Code Execution[2m > [22m[2mshould reject code execution without authentication
[22m[39mΓ£à Unauthenticated code execution properly rejected

 [31m├ù[39m tests/integration/live-api.test.ts[2m > [22mLive Production API Integration Tests[2m > [22mOrder Management Integration[2m > [22mshould update the order and persist changes[32m 46[2mms[22m[39m
[31m   ΓåÆ expected 400 to be 200 // Object.is equality[39m
[90mstdout[2m | tests/integration/performance.test.ts[2m > [22m[2mAPI Performance Tests[2m > [22m[2mConcurrent Request Tests[2m > [22m[2mshould handle 5 concurrent test-token requests
[22m[39m2026-03-11T03:59:41.125Z INFO [App] Request completed {"correlationId":"f4510c2c-c16f-4b21-90e8-37f6aa760d9d","method":"POST","url":"/api/auth/test-token","statusCode":200,"duration":"7ms"}
2026-03-11T03:59:41.125Z INFO [App] Request completed {"correlationId":"f4510c2c-c16f-4b21-90e8-37f6aa760d9d","method":"POST","url":"/api/auth/test-token","statusCode":200,"duration":"7ms"}

::ffff:127.0.0.1 - - [11/Mar/2026:03:59:41 +0000] "POST /api/auth/test-token HTTP/1.1" 200 999 "-" "-"
[90mstdout[2m | tests/integration/api.test.ts[2m > [22m[2mProduction API Server Integration Tests[2m > [22m[2mAuthentication Endpoint[2m > [22m[2mshould handle malformed request body
[22m[39m2026-03-11T03:59:41.124Z INFO [App] Incoming request {"correlationId":"0724df8f-3faf-46a2-9570-98485a883719","method":"POST","url":"/api/auth/login","ip":"::ffff:127.0.0.1"}

[90mstdout[2m | tests/integration/performance.test.ts[2m > [22m[2mAPI Performance Tests[2m > [22m[2mConcurrent Request Tests[2m > [22m[2mshould handle 5 concurrent test-token requests
[22m[39m2026-03-11T03:59:41.127Z INFO [App] Incoming request {"correlationId":"be91c3aa-e4fd-42b3-8cd5-d221556ff3fe","method":"POST","url":"/api/auth/test-token","ip":"::ffff:127.0.0.1"}

[90mstdout[2m | tests/integration/minimal-server.test.ts[2m > [22m[2mMinimal Server Integration Tests[2m > [22m[2mError Handling[2m > [22m[2mshould handle 404 for non-existent endpoints
[22m[39m2026-03-11T03:59:41.134Z INFO [App] Incoming request {"correlationId":"4827f041-79e6-45bf-b84a-aa0c2547dbb3","method":"GET","url":"/api/non-existent-endpoint","ip":"::ffff:127.0.0.1"}

[90mstdout[2m | tests/integration/performance.test.ts[2m > [22m[2mAPI Performance Tests[2m > [22m[2mConcurrent Request Tests[2m > [22m[2mshould handle 5 concurrent test-token requests
[22m[39m2026-03-11T03:59:41.140Z INFO [App] Request completed {"correlationId":"be91c3aa-e4fd-42b3-8cd5-d221556ff3fe","method":"POST","url":"/api/auth/test-token","statusCode":200,"duration":"13ms"}
2026-03-11T03:59:41.141Z INFO [App] Request completed {"correlationId":"be91c3aa-e4fd-42b3-8cd5-d221556ff3fe","method":"POST","url":"/api/auth/test-token","statusCode":200,"duration":"14ms"}

::ffff:127.0.0.1 - - [11/Mar/2026:03:59:41 +0000] "POST /api/auth/test-token HTTP/1.1" 200 999 "-" "-"
[90mstdout[2m | tests/integration/performance.test.ts[2m > [22m[2mAPI Performance Tests[2m > [22m[2mConcurrent Request Tests[2m > [22m[2mshould handle 5 concurrent test-token requests
[22m[39m2026-03-11T03:59:41.144Z INFO [App] Incoming request {"correlationId":"32a42f8c-53ed-48e2-863a-4b11aa6e4aee","method":"POST","url":"/api/auth/test-token","ip":"::ffff:127.0.0.1"}

[90mstdout[2m | tests/integration/minimal-server.test.ts[2m > [22m[2mMinimal Server Integration Tests[2m > [22m[2mError Handling[2m > [22m[2mshould handle 404 for non-existent endpoints
[22m[39m2026-03-11T03:59:41.144Z INFO [App] Request completed {"correlationId":"4827f041-79e6-45bf-b84a-aa0c2547dbb3","method":"GET","url":"/api/non-existent-endpoint","statusCode":404,"duration":"11ms"}
2026-03-11T03:59:41.144Z INFO [App] Request completed {"correlationId":"4827f041-79e6-45bf-b84a-aa0c2547dbb3","method":"GET","url":"/api/non-existent-endpoint","statusCode":404,"duration":"11ms"}

::ffff:127.0.0.1 - - [11/Mar/2026:03:59:41 +0000] "GET /api/non-existent-endpoint HTTP/1.1" 404 94 "-" "-"
[90mstderr[2m | tests/integration/minimal-server.test.ts[2m > 
[22m[2mMinimal Server Integration Tests[2m > [22m[2mError Handling[2m > 
[22m[2mshould handle 404 for non-existent endpoints
[22m[39m2026-03-11T03:59:41.147Z WARN [App] Request completed with error {"co
rrelationId":"4827f041-79e6-45bf-b84a-aa0c2547dbb3","method":"GET","url":"/api/
non-existent-endpoint","statusCode":404,"duration":"14ms"}

::ffff:127.0.0.1 - - [11/Mar/2026:03:59:41 +0000] "POST /api/auth/login HTTP/1.1" 400 64 "-" "-"
[90mstdout[2m | tests/integration/minimal-server.test.ts[2m > [22m[2mMinimal Server Integration Tests[2m > [22m[2mError Handling[2m > [22m[2mshould handle 404 for non-existent endpoints
[22m[39mΓ£à 404 errors handled correctly

 [32mΓ£ô[39m tests/integration/minimal-server.test.ts[2m > [22mMinimal Server Integration Tests[2m > [22mDynamic Code Execution[2m > [22mshould execute simple JavaScript code with authentication[32m 45[2mms[22m[39m
 [32mΓ£ô[39m tests/integration/minimal-server.test.ts[2m > [22mMinimal Server Integration Tests[2m > [22mDynamic Code Execution[2m > [22mshould calculate loan payment with dynamic code[32m 51[2mms[22m[39m
 [32mΓ£ô[39m tests/integration/minimal-server.test.ts[2m > [22mMinimal Server Integration Tests[2m > [22mDynamic Code Execution[2m > [22mshould reject code execution without authentication[32m 18[2mms[22m[39m
[90mstdout[2m | tests/qc-api-integration.test.ts[2m > [22m[2mQC API Endpoints Integration Tests[2m > [22m[2mQC Checklist Management[2m > [22m[2mGET /api/qc/checklists[2m > [22m[2mshould search checklists with filters
[22m[39m2026-03-11T03:59:41.149Z INFO [App] Request completed {"correlationId":"3d00adcd-f4a5-47e0-b14f-fba68d87651c","method":"GET","url":"/api/qc/checklists?category=appraisal&status=active&limit=10","statusCode":200,"duration":"314ms"}
2026-03-11T03:59:41.150Z INFO [App] Request completed {"correlationId":"3d00adcd-f4a5-47e0-b14f-fba68d87651c","method":"GET","url":"/api/qc/checklists?category=appraisal&status=active&limit=10","statusCode":200,"duration":"315ms"}

[90mstderr[2m | tests/integration/api.test.ts[2m > [22m[2mProduction API 
Server Integration Tests[2m > [22m[2mAuthentication Endpoint[2m > 
[22m[2mshould handle malformed request body
[22m[39m2026-03-11T03:59:41.145Z ERROR [App] Unhandled API error 
{"error":"Unexpected token 'i', \"invalid json\" is not valid 
JSON","stack":"SyntaxError: Unexpected token 'i', \"invalid json\" is not 
valid JSON\n    at JSON.parse (<anonymous>)\n    at createStrictSyntaxError (C:
\\source\\appraisal-management-backend\\node_modules\\.pnpm\\body-parser@1.20.4
\\node_modules\\body-parser\\lib\\types\\json.js:169:10)\n    at parse (C:\\sou
rce\\appraisal-management-backend\\node_modules\\.pnpm\\body-parser@1.20.4\\nod
e_modules\\body-parser\\lib\\types\\json.js:86:15)\n    at C:\\source\\appraisa
l-management-backend\\node_modules\\.pnpm\\body-parser@1.20.4\\node_modules\\bo
dy-parser\\lib\\read.js:128:18\n    at AsyncResource.runInAsyncScope 
(node:async_hooks:211:14)\n    at invokeCallback (C:\\source\\appraisal-managem
ent-backend\\node_modules\\.pnpm\\raw-body@2.5.3\\node_modules\\raw-body\\index
.js:238:16)\n    at done (C:\\source\\appraisal-management-backend\\node_module
s\\.pnpm\\raw-body@2.5.3\\node_modules\\raw-body\\index.js:227:7)\n    at 
IncomingMessage.onEnd (C:\\source\\appraisal-management-backend\\node_modules\\
.pnpm\\raw-body@2.5.3\\node_modules\\raw-body\\index.js:287:7)\n    at 
IncomingMessage.emit (node:events:524:28)\n    at endReadableNT 
(node:internal/streams/readable:1698:12)"}
2026-03-11T03:59:41.149Z WARN [App] Request completed with error {"correlationI
d":"0724df8f-3faf-46a2-9570-98485a883719","method":"POST","url":"/api/auth/logi
n","statusCode":400,"duration":"25ms"}

[90mstdout[2m | tests/integration/api.test.ts[2m > [22m[2mProduction API Server Integration Tests[2m > [22m[2mAuthentication Endpoint[2m > [22m[2mshould handle malformed request body
[22m[39m2026-03-11T03:59:41.145Z INFO [App] Request completed {"correlationId":"0724df8f-3faf-46a2-9570-98485a883719","method":"POST","url":"/api/auth/login","statusCode":400,"duration":"21ms"}
2026-03-11T03:59:41.147Z INFO [App] Request completed {"correlationId":"0724df8f-3faf-46a2-9570-98485a883719","method":"POST","url":"/api/auth/login","statusCode":400,"duration":"23ms"}

::ffff:127.0.0.1 - - [11/Mar/2026:03:59:41 +0000] "GET /api/qc/checklists?category=appraisal&status=active&limit=10 HTTP/1.1" 200 - "-" "-"
[90mstdout[2m | tests/integration/live-api.test.ts[2m > [22m[2mLive Production API Integration Tests[2m > [22m[2mOrder Management Integration[2m > [22m[2mshould list orders with filters from real database
[22m[39m2026-03-11T03:59:41.159Z INFO [App] Request completed {"correlationId":"6dbd734d-49e3-4faf-b529-403080792a63","method":"GET","url":"/api/orders?status=IN_PROGRESS&limit=10","statusCode":200,"duration":"124ms"}
2026-03-11T03:59:41.159Z INFO [App] Request completed {"correlationId":"6dbd734d-49e3-4faf-b529-403080792a63","method":"GET","url":"/api/orders?status=IN_PROGRESS&limit=10","statusCode":200,"duration":"124ms"}

::ffff:127.0.0.1 - - [11/Mar/2026:03:59:41 +0000] "GET /api/orders?status=IN_PROGRESS&limit=10 HTTP/1.1" 200 - "-" "-"
[90mstdout[2m | tests/integration/performance.test.ts[2m > [22m[2mAPI Performance Tests[2m > [22m[2mConcurrent Request Tests[2m > [22m[2mshould handle 5 concurrent test-token requests
[22m[39m2026-03-11T03:59:41.158Z INFO [App] Request completed {"correlationId":"32a42f8c-53ed-48e2-863a-4b11aa6e4aee","method":"POST","url":"/api/auth/test-token","statusCode":200,"duration":"9ms"}
2026-03-11T03:59:41.159Z INFO [App] Request completed {"correlationId":"32a42f8c-53ed-48e2-863a-4b11aa6e4aee","method":"POST","url":"/api/auth/test-token","statusCode":200,"duration":"15ms"}

[90mstdout[2m | tests/integration/minimal-server.test.ts[2m > [22m[2mMinimal Server Integration Tests[2m > [22m[2mError Handling[2m > [22m[2mshould handle malformed requests
[22m[39m2026-03-11T03:59:41.163Z INFO [App] Incoming request {"correlationId":"3a5e13aa-4f10-43fd-986a-0cef61701c67","method":"POST","url":"/api/code/execute","ip":"::ffff:127.0.0.1"}

::ffff:127.0.0.1 - - [11/Mar/2026:03:59:41 +0000] "POST /api/auth/test-token HTTP/1.1" 200 999 "-" "-"
[90mstdout[2m | tests/qc-api-integration.test.ts[2m > [22m[2mQC API Endpoints Integration Tests[2m > [22m[2mQC Checklist Management[2m > [22m[2mGET /api/qc/checklists[2m > [22m[2mshould return empty results for non-existent category
[22m[39m2026-03-11T03:59:41.167Z INFO [App] Incoming request {"correlationId":"4be56c92-e4df-41ae-977b-84721c2a3df7","method":"GET","url":"/api/qc/checklists?category=non_existent_category","ip":"::ffff:127.0.0.1"}

[90mstdout[2m | tests/integration/performance.test.ts[2m > [22m[2mAPI Performance Tests[2m > [22m[2mConcurrent Request Tests[2m > [22m[2mshould handle 5 concurrent test-token requests
[22m[39m2026-03-11T03:59:41.166Z INFO [App] Incoming request {"correlationId":"27b40ed6-43d1-445f-948c-81ff47eb33f9","method":"POST","url":"/api/auth/test-token","ip":"::ffff:127.0.0.1"}

[90mstdout[2m | tests/integration/minimal-server.test.ts[2m > [22m[2mMinimal Server Integration Tests[2m > [22m[2mError Handling[2m > [22m[2mshould handle malformed requests
[22m[39m2026-03-11T03:59:41.169Z INFO [App] Request completed {"correlationId":"3a5e13aa-4f10-43fd-986a-0cef61701c67","method":"POST","url":"/api/code/execute","statusCode":400,"duration":"6ms"}
2026-03-11T03:59:41.169Z INFO [App] Request completed {"correlationId":"3a5e13aa-4f10-43fd-986a-0cef61701c67","method":"POST","url":"/api/code/execute","statusCode":400,"duration":"6ms"}

::ffff:127.0.0.1 - - [11/Mar/2026:03:59:41 +0000] "POST /api/code/execute HTTP/1.1" 400 138 "-" "-"
[90mstderr[2m | tests/integration/minimal-server.test.ts[2m > 
[22m[2mMinimal Server Integration Tests[2m > [22m[2mError Handling[2m > 
[22m[2mshould handle malformed requests
[22m[39m2026-03-11T03:59:41.171Z WARN [App] Request completed with error {"co
rrelationId":"3a5e13aa-4f10-43fd-986a-0cef61701c67","method":"POST","url":"/api
/code/execute","statusCode":400,"duration":"8ms"}

[90mstdout[2m | tests/integration/minimal-server.test.ts[2m > [22m[2mMinimal Server Integration Tests[2m > [22m[2mError Handling[2m > [22m[2mshould handle malformed requests
[22m[39mΓ£à Validation errors handled correctly

[90mstdout[2m | tests/integration/live-api.test.ts[2m > [22m[2mLive Production API Integration Tests[2m > [22m[2mVendor Management Integration[2m > [22m[2mshould create a new vendor with real database persistence
[22m[39m2026-03-11T03:59:41.175Z INFO [App] Incoming request {"correlationId":"979ee2e7-8f88-4275-a15d-bbefb4615f0c","method":"POST","url":"/api/vendors","ip":"::ffff:127.0.0.1"}

[90mstdout[2m | tests/integration/minimal-server.test.ts
[22m[39m≡ƒº╣ Cleaning up test environment...
Γ£à Test cleanup complete

[90mstdout[2m | tests/integration/performance.test.ts[2m > [22m[2mAPI Performance Tests[2m > [22m[2mConcurrent Request Tests[2m > [22m[2mshould handle 5 concurrent test-token requests
[22m[39m2026-03-11T03:59:41.175Z INFO [App] Request completed {"correlationId":"27b40ed6-43d1-445f-948c-81ff47eb33f9","method":"POST","url":"/api/auth/test-token","statusCode":200,"duration":"9ms"}
2026-03-11T03:59:41.175Z INFO [App] Request completed {"correlationId":"27b40ed6-43d1-445f-948c-81ff47eb33f9","method":"POST","url":"/api/auth/test-token","statusCode":200,"duration":"9ms"}

::ffff:127.0.0.1 - - [11/Mar/2026:03:59:41 +0000] "POST /api/auth/test-token HTTP/1.1" 200 999 "-" "-"
 [32mΓ£ô[39m tests/integration/manual-api.test.ts[2m > [22mProduction API Manual Tests[2m > [22mOrder Management Tests[2m > [22mshould retrieve the created order by ID[32m 269[2mms[22m[39m
 [31m├ù[39m tests/integration/manual-api.test.ts[2m > [22mProduction API Manual Tests[2m > [22mOrder Management Tests[2m > [22mshould update the order status[32m 38[2mms[22m[39m
[31m   ΓåÆ expected 400 to be 200 // Object.is equality[39m
[90mstdout[2m | tests/integration/api.test.ts[2m > [22m[2mProduction API Server Integration Tests[2m > [22m[2mDynamic Code Execution Endpoint[2m > [22m[2mshould execute simple JavaScript code
[22m[39m2026-03-11T03:59:41.177Z INFO [App] Incoming request {"correlationId":"60f55f2d-f0b0-4051-8f2d-caac80512630","method":"POST","url":"/api/code/execute","ip":"::ffff:127.0.0.1"}

 [32mΓ£ô[39m tests/integration/performance.test.ts[2m > [22mAPI Performance Tests[2m > [22mConcurrent Request Tests[2m > [22mshould handle 10 concurrent health checks[33m 446[2mms[22m[39m
 [32mΓ£ô[39m tests/integration/minimal-server.test.ts[2m > [22mMinimal Server Integration Tests[2m > [22mError Handling[2m > [22mshould handle 404 for non-existent endpoints[32m 28[2mms[22m[39m
 [32mΓ£ô[39m tests/integration/minimal-server.test.ts[2m > [22mMinimal Server Integration Tests[2m > [22mError Handling[2m > [22mshould handle malformed requests[32m 25[2mms[22m[39m
[90mstdout[2m | tests/integration/api.test.ts[2m > [22m[2mProduction API Server Integration Tests[2m > [22m[2mDynamic Code Execution Endpoint[2m > [22m[2mshould execute simple JavaScript code
[22m[39m2026-03-11T03:59:41.198Z INFO [App] Request completed {"correlationId":"60f55f2d-f0b0-4051-8f2d-caac80512630","method":"POST","url":"/api/code/execute","statusCode":200,"duration":"21ms"}
2026-03-11T03:59:41.198Z INFO [App] Request completed {"correlationId":"60f55f2d-f0b0-4051-8f2d-caac80512630","method":"POST","url":"/api/code/execute","statusCode":200,"duration":"21ms"}

::ffff:127.0.0.1 - - [11/Mar/2026:03:59:41 +0000] "POST /api/code/execute HTTP/1.1" 200 84 "-" "-"
 [32mΓ£ô[39m tests/integration/api.test.ts[2m > [22mProduction API Server Integration Tests[2m > [22mAuthentication Endpoint[2m > [22mshould reject invalid credentials to /api/auth/login[32m 295[2mms[22m[39m
 [32mΓ£ô[39m tests/integration/api.test.ts[2m > [22mProduction API Server Integration Tests[2m > [22mAuthentication Endpoint[2m > [22mshould handle missing credentials to /api/auth/login[32m 16[2mms[22m[39m
 [32mΓ£ô[39m tests/integration/api.test.ts[2m > [22mProduction API Server Integration Tests[2m > [22mAuthentication Endpoint[2m > [22mshould handle malformed request body[32m 42[2mms[22m[39m
[90mstdout[2m | tests/integration/performance.test.ts[2m > [22m[2mAPI Performance Tests[2m > [22m[2mConcurrent Request Tests[2m > [22m[2mshould handle 3 concurrent code execution requests
[22m[39m2026-03-11T03:59:41.214Z INFO [App] Incoming request {"correlationId":"a7c98db0-6ffd-439b-b588-0e0d76de5162","method":"POST","url":"/api/code/execute","ip":"::ffff:127.0.0.1"}

[90mstdout[2m | tests/integration/production-api.test.ts[2m > [22m[2mProduction API Integration Tests[2m > [22m[2mOrder Management Workflow[2m > [22m[2mshould list orders with filters
[22m[39m2026-03-11T03:59:41.216Z INFO [App] Request completed {"correlationId":"d5486a9c-6a64-474b-809d-5b8ccbedd99a","method":"GET","url":"/api/orders?limit=10","statusCode":200,"duration":"269ms"}
2026-03-11T03:59:41.217Z INFO [App] Request completed {"correlationId":"d5486a9c-6a64-474b-809d-5b8ccbedd99a","method":"GET","url":"/api/orders?limit=10","statusCode":200,"duration":"270ms"}

::ffff:127.0.0.1 - - [11/Mar/2026:03:59:41 +0000] "GET /api/orders?limit=10 HTTP/1.1" 200 - "-" "-"
[90mstdout[2m | tests/integration/production-api.test.ts[2m > [22m[2mProduction API Integration Tests[2m > [22m[2mOrder Management Workflow[2m > [22m[2mshould list orders with filters
[22m[39mΓ£à Found 10 orders

[90mstdout[2m | tests/integration/api.test.ts[2m > [22m[2mProduction API Server Integration Tests[2m > [22m[2mDynamic Code Execution Endpoint[2m > [22m[2mshould execute code with context
[22m[39m2026-03-11T03:59:41.225Z INFO [App] Incoming request {"correlationId":"8c90a8d2-03e4-4b2e-99ad-8fb24dd12b78","method":"POST","url":"/api/code/execute","ip":"::ffff:127.0.0.1"}

[90mstdout[2m | tests/integration/production-api.test.ts[2m > [22m[2mProduction API Integration Tests[2m > [22m[2mVendor Management Workflow[2m > [22m[2mshould create a new vendor
[22m[39m2026-03-11T03:59:41.232Z INFO [App] Incoming request {"correlationId":"a2fc5f9a-27da-4745-8058-40f2536894b8","method":"POST","url":"/api/vendors","ip":"::ffff:127.0.0.1"}

[90mstdout[2m | tests/integration/performance.test.ts[2m > [22m[2mAPI Performance Tests[2m > [22m[2mConcurrent Request Tests[2m > [22m[2mshould handle 3 concurrent code execution requests
[22m[39m2026-03-11T03:59:41.232Z INFO [App] Request completed {"correlationId":"a7c98db0-6ffd-439b-b588-0e0d76de5162","method":"POST","url":"/api/code/execute","statusCode":200,"duration":"18ms"}
2026-03-11T03:59:41.233Z INFO [App] Request completed {"correlationId":"a7c98db0-6ffd-439b-b588-0e0d76de5162","method":"POST","url":"/api/code/execute","statusCode":200,"duration":"19ms"}

::ffff:127.0.0.1 - - [11/Mar/2026:03:59:41 +0000] "POST /api/code/execute HTTP/1.1" 200 101 "-" "-"
[90mstdout[2m | tests/integration/performance.test.ts[2m > [22m[2mAPI Performance Tests[2m > [22m[2mConcurrent Request Tests[2m > [22m[2mshould handle 3 concurrent code execution requests
[22m[39m2026-03-11T03:59:41.236Z INFO [App] Incoming request {"correlationId":"dce1e8f6-66b3-4026-b887-2a1cbd9e3d84","method":"POST","url":"/api/code/execute","ip":"::ffff:127.0.0.1"}

[90mstdout[2m | tests/integration/api.test.ts[2m > [22m[2mProduction API Server Integration Tests[2m > [22m[2mDynamic Code Execution Endpoint[2m > [22m[2mshould execute code with context
[22m[39m2026-03-11T03:59:41.237Z INFO [App] Request completed {"correlationId":"8c90a8d2-03e4-4b2e-99ad-8fb24dd12b78","method":"POST","url":"/api/code/execute","statusCode":200,"duration":"12ms"}
2026-03-11T03:59:41.238Z INFO [App] Request completed {"correlationId":"8c90a8d2-03e4-4b2e-99ad-8fb24dd12b78","method":"POST","url":"/api/code/execute","statusCode":200,"duration":"13ms"}

::ffff:127.0.0.1 - - [11/Mar/2026:03:59:41 +0000] "POST /api/code/execute HTTP/1.1" 200 85 "-" "-"
[90mstdout[2m | tests/integration/performance.test.ts[2m > [22m[2mAPI Performance Tests[2m > [22m[2mConcurrent Request Tests[2m > [22m[2mshould handle 3 concurrent code execution requests
[22m[39m2026-03-11T03:59:41.252Z INFO [App] Request completed {"correlationId":"dce1e8f6-66b3-4026-b887-2a1cbd9e3d84","method":"POST","url":"/api/code/execute","statusCode":200,"duration":"16ms"}
2026-03-11T03:59:41.252Z INFO [App] Request completed {"correlationId":"dce1e8f6-66b3-4026-b887-2a1cbd9e3d84","method":"POST","url":"/api/code/execute","statusCode":200,"duration":"16ms"}

[90mstdout[2m | tests/integration/manual-api.test.ts[2m > [22m[2mProduction API Manual Tests[2m > [22m[2mOrder Management Tests[2m > [22m[2mshould list orders with filters
[22m[39m2026-03-11T03:59:41.253Z INFO [App] Request completed {"correlationId":"c728b895-3464-4b5f-91fe-22f19abe4089","method":"GET","url":"/api/orders?status=IN_PROGRESS&limit=10","statusCode":200,"duration":"135ms"}
2026-03-11T03:59:41.254Z INFO [App] Request completed {"correlationId":"c728b895-3464-4b5f-91fe-22f19abe4089","method":"GET","url":"/api/orders?status=IN_PROGRESS&limit=10","statusCode":200,"duration":"136ms"}

::ffff:127.0.0.1 - - [11/Mar/2026:03:59:41 +0000] "POST /api/code/execute HTTP/1.1" 200 101 "-" "-"
::ffff:127.0.0.1 - - [11/Mar/2026:03:59:41 +0000] "GET /api/orders?status=IN_PROGRESS&limit=10 HTTP/1.1" 200 - "-" "-"
[90mstdout[2m | tests/integration/performance.test.ts[2m > [22m[2mAPI Performance Tests[2m > [22m[2mConcurrent Request Tests[2m > [22m[2mshould handle 3 concurrent code execution requests
[22m[39m2026-03-11T03:59:41.257Z INFO [App] Incoming request {"correlationId":"8a7e7004-e0b5-4cca-a6ab-3b9f9a166de8","method":"POST","url":"/api/code/execute","ip":"::ffff:127.0.0.1"}

[90mstdout[2m | tests/integration/manual-api.test.ts[2m > [22m[2mProduction API Manual Tests[2m > [22m[2mOrder Management Tests[2m > [22m[2mshould list orders with filters
[22m[39mΓ£à Found 10 orders with status 'in_progress'

[90mstdout[2m | tests/integration/api.test.ts[2m > [22m[2mProduction API Server Integration Tests[2m > [22m[2mDynamic Code Execution Endpoint[2m > [22m[2mshould handle code execution errors gracefully
[22m[39m2026-03-11T03:59:41.260Z INFO [App] Incoming request {"correlationId":"2e57f4e6-96a7-487f-9139-1c8bcc891d42","method":"POST","url":"/api/code/execute","ip":"::ffff:127.0.0.1"}

[90mstdout[2m | tests/integration/manual-api.test.ts[2m > [22m[2mProduction API Manual Tests[2m > [22m[2mVendor Management Tests[2m > [22m[2mshould create a new vendor
[22m[39m2026-03-11T03:59:41.267Z INFO [App] Incoming request {"correlationId":"b114243b-7f12-45e1-8c99-a5c5c2bf914b","method":"POST","url":"/api/vendors","ip":"::ffff:127.0.0.1"}

 [32mΓ£ô[39m tests/qc-api-integration.test.ts[2m > [22mQC API Endpoints Integration Tests[2m > [22mQC Checklist Management[2m > [22mGET /api/qc/checklists[2m > [22mshould search checklists with filters[33m 337[2mms[22m[39m
 [31m├ù[39m tests/integration/live-api.test.ts[2m > [22mLive Production API Integration Tests[2m > [22mOrder Management Integration[2m > [22mshould list orders with filters from real database[32m 142[2mms[22m[39m
[31m   ΓåÆ expected undefined to be defined[39m
[90mstdout[2m | tests/integration/performance.test.ts[2m > [22m[2mAPI Performance Tests[2m > [22m[2mConcurrent Request Tests[2m > [22m[2mshould handle 3 concurrent code execution requests
[22m[39m2026-03-11T03:59:41.271Z INFO [App] Request completed {"correlationId":"8a7e7004-e0b5-4cca-a6ab-3b9f9a166de8","method":"POST","url":"/api/code/execute","statusCode":200,"duration":"14ms"}
2026-03-11T03:59:41.272Z INFO [App] Request completed {"correlationId":"8a7e7004-e0b5-4cca-a6ab-3b9f9a166de8","method":"POST","url":"/api/code/execute","statusCode":200,"duration":"15ms"}

::ffff:127.0.0.1 - - [11/Mar/2026:03:59:41 +0000] "POST /api/code/execute HTTP/1.1" 200 100 "-" "-"
[90mstderr[2m | tests/integration/api.test.ts[2m > [22m[2mProduction API 
Server Integration Tests[2m > [22m[2mDynamic Code Execution Endpoint[2m > 
[22m[2mshould handle code execution errors gracefully
[22m[39m2026-03-11T03:59:41.274Z ERROR [DynamicCodeExecutionService] Code 
execution failed {"error":"Execution error: Test 
error","executionTime":5,"codePreview":"throw new Error(\"Test error\");"}

::ffff:127.0.0.1 - - [11/Mar/2026:03:59:41 +0000] "POST /api/code/execute HTTP/1.1" 200 112 "-" "-"
[90mstdout[2m | tests/integration/api.test.ts[2m > [22m[2mProduction API Server Integration Tests[2m > [22m[2mDynamic Code Execution Endpoint[2m > [22m[2mshould handle code execution errors gracefully
[22m[39m2026-03-11T03:59:41.276Z INFO [App] Request completed {"correlationId":"2e57f4e6-96a7-487f-9139-1c8bcc891d42","method":"POST","url":"/api/code/execute","statusCode":200,"duration":"16ms"}
2026-03-11T03:59:41.277Z INFO [App] Request completed {"correlationId":"2e57f4e6-96a7-487f-9139-1c8bcc891d42","method":"POST","url":"/api/code/execute","statusCode":200,"duration":"17ms"}

 [32mΓ£ô[39m tests/integration/performance.test.ts[2m > [22mAPI Performance Tests[2m > [22mConcurrent Request Tests[2m > [22mshould handle 5 concurrent test-token requests[32m 137[2mms[22m[39m
[90mstdout[2m | tests/integration/api.test.ts[2m > [22m[2mProduction API Server Integration Tests[2m > [22m[2mDynamic Code Execution Endpoint[2m > [22m[2mshould require authentication
[22m[39m2026-03-11T03:59:41.289Z INFO [App] Incoming request {"correlationId":"a4e9058a-e71f-40e9-9283-8f7731743e8a","method":"POST","url":"/api/code/execute","ip":"::ffff:127.0.0.1"}

::ffff:127.0.0.1 - - [11/Mar/2026:03:59:41 +0000] "POST /api/code/execute HTTP/1.1" 401 58 "-" "-"
[90mstderr[2m | tests/integration/api.test.ts[2m > [22m[2mProduction API 
Server Integration Tests[2m > [22m[2mDynamic Code Execution Endpoint[2m > 
[22m[2mshould require authentication
[22m[39m2026-03-11T03:59:41.295Z WARN [App] Request completed with error {"co
rrelationId":"a4e9058a-e71f-40e9-9283-8f7731743e8a","method":"POST","url":"/api
/code/execute","statusCode":401,"duration":"6ms"}

[90mstdout[2m | tests/integration/api.test.ts[2m > [22m[2mProduction API Server Integration Tests[2m > [22m[2mDynamic Code Execution Endpoint[2m > [22m[2mshould require authentication
[22m[39m2026-03-11T03:59:41.293Z INFO [App] Request completed {"correlationId":"a4e9058a-e71f-40e9-9283-8f7731743e8a","method":"POST","url":"/api/code/execute","statusCode":401,"duration":"4ms"}
2026-03-11T03:59:41.294Z INFO [App] Request completed {"correlationId":"a4e9058a-e71f-40e9-9283-8f7731743e8a","method":"POST","url":"/api/code/execute","statusCode":401,"duration":"5ms"}

[90mstdout[2m | tests/integration/performance.test.ts[2m > [22m[2mAPI Performance Tests[2m > [22m[2mLoad Tests[2m > [22m[2mshould handle rapid sequential requests
[22m[39m2026-03-11T03:59:41.298Z INFO [App] Incoming request {"correlationId":"57450b9e-d7d8-465a-a75b-eba96576ecfb","method":"GET","url":"/health","ip":"::ffff:127.0.0.1"}

[90mstdout[2m | tests/qc-api-integration.test.ts[2m > [22m[2mQC API Endpoints Integration Tests[2m > [22m[2mQC Checklist Management[2m > [22m[2mGET /api/qc/checklists[2m > [22m[2mshould return empty results for non-existent category
[22m[39m2026-03-11T03:59:41.304Z INFO [App] Request completed {"correlationId":"4be56c92-e4df-41ae-977b-84721c2a3df7","method":"GET","url":"/api/qc/checklists?category=non_existent_category","statusCode":200,"duration":"137ms"}
2026-03-11T03:59:41.304Z INFO [App] Request completed {"correlationId":"4be56c92-e4df-41ae-977b-84721c2a3df7","method":"GET","url":"/api/qc/checklists?category=non_existent_category","statusCode":200,"duration":"137ms"}

::ffff:127.0.0.1 - - [11/Mar/2026:03:59:41 +0000] "GET /api/qc/checklists?category=non_existent_category HTTP/1.1" 200 - "-" "-"
[90mstdout[2m | tests/integration/api.test.ts[2m > [22m[2mProduction API Server Integration Tests[2m > [22m[2mDynamic Code Execution Endpoint[2m > [22m[2mshould reject requests with invalid auth token
[22m[39m2026-03-11T03:59:41.309Z INFO [App] Incoming request {"correlationId":"3836b9c0-496c-476e-92f4-991b39698216","method":"POST","url":"/api/code/execute","ip":"::ffff:127.0.0.1"}

[90mstderr[2m | tests/integration/api.test.ts[2m > [22m[2mProduction API 
Server Integration Tests[2m > [22m[2mDynamic Code Execution Endpoint[2m > 
[22m[2mshould reject requests with invalid auth token
[22m[39m2026-03-11T03:59:41.312Z ERROR [App] Invalid token format - could 
not decode

[90mstderr[2m | tests/integration/api.test.ts[2m > [22m[2mProduction API 
Server Integration Tests[2m > [22m[2mDynamic Code Execution Endpoint[2m > 
[22m[2mshould reject requests with invalid auth token
::ffff:127.0.0.1 - - [11/Mar/2026:03:59:41 +0000] "POST /api/code/execute HTTP/1.1" 401 87 "-" "-"
[22m[39m2026-03-11T03:59:41.317Z ERROR [App] Azure Entra ID authentication 
failed {"errorMessage":"Invalid token 
format","errorName":"Error","errorStack":"Error: Invalid token format\n    at 
AzureEntraAuthMiddleware.validateToken (C:\\source\\appraisal-management-backen
d\\src\\middleware\\azure-entra-auth.middleware.ts:116:13)\n    at 
AzureEntraAuthMiddleware.authenticate (C:\\source\\appraisal-management-backend
\\src\\middleware\\azure-entra-auth.middleware.ts:242:34)\n    at C:\\source\\a
ppraisal-management-backend\\src\\middleware\\unified-auth.middleware.ts:118:33
\n    at Layer.handle [as handle_request] (C:\\source\\appraisal-management-bac
kend\\node_modules\\.pnpm\\express@4.22.1\\node_modules\\express\\lib\\router\\
layer.js:95:5)\n    at next (C:\\source\\appraisal-management-backend\\node_mod
ules\\.pnpm\\express@4.22.1\\node_modules\\express\\lib\\router\\route.js:149:1
3)\n    at Route.dispatch (C:\\source\\appraisal-management-backend\\node_modul
es\\.pnpm\\express@4.22.1\\node_modules\\express\\lib\\router\\route.js:119:3)\
n    at Layer.handle [as handle_request] (C:\\source\\appraisal-management-back
end\\node_modules\\.pnpm\\express@4.22.1\\node_modules\\express\\lib\\router\\l
ayer.js:95:5)\n    at C:\\source\\appraisal-management-backend\\node_modules\\.
pnpm\\express@4.22.1\\node_modules\\express\\lib\\router\\index.js:284:15\n    
at Function.process_params (C:\\source\\appraisal-management-backend\\node_modu
les\\.pnpm\\express@4.22.1\\node_modules\\express\\lib\\router\\index.js:346:12
)\n    at next (C:\\source\\appraisal-management-backend\\node_modules\\.pnpm\\
express@4.22.1\\node_modules\\express\\lib\\router\\index.js:280:10)","fullErro
r":"{\"stack\":\"Error: Invalid token format\\n    at 
AzureEntraAuthMiddleware.validateToken (C:\\\\source\\\\appraisal-management-ba
ckend\\\\src\\\\middleware\\\\azure-entra-auth.middleware.ts:116:13)\\n    at 
AzureEntraAuthMiddleware.authenticate (C:\\\\source\\\\appraisal-management-bac
kend\\\\src\\\\middleware\\\\azure-entra-auth.middleware.ts:242:34)\\n    at C:
\\\\source\\\\appraisal-management-backend\\\\src\\\\middleware\\\\unified-auth
.middleware.ts:118:33\\n    at Layer.handle [as handle_request] (C:\\\\source\\
\\appraisal-management-backend\\\\node_modules\\\\.pnpm\\\\express@4.22.1\\\\no
de_modules\\\\express\\\\lib\\\\router\\\\layer.js:95:5)\\n    at next (C:\\\\s
ource\\\\appraisal-management-backend\\\\node_modules\\\\.pnpm\\\\express@4.22.
1\\\\node_modules\\\\express\\\\lib\\\\router\\\\route.js:149:13)\\n    at 
Route.dispatch (C:\\\\source\\\\appraisal-management-backend\\\\node_modules\\\
\.pnpm\\\\express@4.22.1\\\\node_modules\\\\express\\\\lib\\\\router\\\\route.j
s:119:3)\\n    at Layer.handle [as handle_request] (C:\\\\source\\\\appraisal-m
anagement-backend\\\\node_modules\\\\.pnpm\\\\express@4.22.1\\\\node_modules\\\
\express\\\\lib\\\\router\\\\layer.js:95:5)\\n    at C:\\\\source\\\\appraisal-
management-backend\\\\node_modules\\\\.pnpm\\\\express@4.22.1\\\\node_modules\\
\\express\\\\lib\\\\router\\\\index.js:284:15\\n    at Function.process_params 
(C:\\\\source\\\\appraisal-management-backend\\\\node_modules\\\\.pnpm\\\\expre
ss@4.22.1\\\\node_modules\\\\express\\\\lib\\\\router\\\\index.js:346:12)\\n   
 at next (C:\\\\source\\\\appraisal-management-backend\\\\node_modules\\\\.pnpm
\\\\express@4.22.1\\\\node_modules\\\\express\\\\lib\\\\router\\\\index.js:280:
10)\",\"message\":\"Invalid token format\"}"}

[90mstdout[2m | tests/integration/api.test.ts[2m > [22m[2mProduction API Server Integration Tests[2m > [22m[2mDynamic Code Execution Endpoint[2m > [22m[2mshould reject requests with invalid auth token
[22m[39m2026-03-11T03:59:41.318Z INFO [App] Request completed {"correlationId":"3836b9c0-496c-476e-92f4-991b39698216","method":"POST","url":"/api/code/execute","statusCode":401,"duration":"9ms"}
2026-03-11T03:59:41.318Z INFO [App] Request completed {"correlationId":"3836b9c0-496c-476e-92f4-991b39698216","method":"POST","url":"/api/code/execute","statusCode":401,"duration":"9ms"}

[90mstderr[2m | tests/integration/api.test.ts[2m > [22m[2mProduction API 
Server Integration Tests[2m > [22m[2mDynamic Code Execution Endpoint[2m > 
[22m[2mshould reject requests with invalid auth token
[22m[39m2026-03-11T03:59:41.320Z WARN [App] Request completed with error {"co
rrelationId":"3836b9c0-496c-476e-92f4-991b39698216","method":"POST","url":"/api
/code/execute","statusCode":401,"duration":"11ms"}

 [32mΓ£ô[39m tests/integration/api.test.ts[2m > [22mProduction API Server Integration Tests[2m > [22mDynamic Code Execution Endpoint[2m > [22mshould execute simple JavaScript code[32m 57[2mms[22m[39m
 [32mΓ£ô[39m tests/integration/api.test.ts[2m > [22mProduction API Server Integration Tests[2m > [22mDynamic Code Execution Endpoint[2m > [22mshould execute code with context[32m 34[2mms[22m[39m
 [32mΓ£ô[39m tests/integration/api.test.ts[2m > [22mProduction API Server Integration Tests[2m > [22mDynamic Code Execution Endpoint[2m > [22mshould handle code execution errors gracefully[32m 34[2mms[22m[39m
 [32mΓ£ô[39m tests/integration/api.test.ts[2m > [22mProduction API Server Integration Tests[2m > [22mDynamic Code Execution Endpoint[2m > [22mshould require authentication[32m 19[2mms[22m[39m
 [32mΓ£ô[39m tests/integration/production-api.test.ts[2m > [22mProduction API Integration Tests[2m > [22mOrder Management Workflow[2m > [22mshould list orders with filters[32m 287[2mms[22m[39m
[90mstdout[2m | tests/integration/api.test.ts[2m > [22m[2mProduction API Server Integration Tests[2m > [22m[2mDynamic Code Execution Endpoint[2m > [22m[2mshould validate request body
[22m[39m2026-03-11T03:59:41.330Z INFO [App] Incoming request {"correlationId":"e658e47b-8e84-4052-9840-5dd87dd0c34c","method":"POST","url":"/api/code/execute","ip":"::ffff:127.0.0.1"}

[90mstdout[2m | tests/qc-api-integration.test.ts[2m > [22m[2mQC API Endpoints Integration Tests[2m > [22m[2mQC Checklist Management[2m > [22m[2mGET /api/qc/checklists/:checklistId[2m > [22m[2mshould retrieve specific checklist by ID
[22m[39m2026-03-11T03:59:41.336Z INFO [App] Incoming request {"correlationId":"514edc62-1a25-46b5-bdb2-3b2bd83ebbcc","method":"GET","url":"/api/qc/checklists/qc_1773201575715_bpn4tllhv","ip":"::ffff:127.0.0.1"}

[90mstdout[2m | tests/integration/api.test.ts[2m > [22m[2mProduction API Server Integration Tests[2m > [22m[2mDynamic Code Execution Endpoint[2m > [22m[2mshould validate request body
[22m[39m2026-03-11T03:59:41.336Z INFO [App] Request completed {"correlationId":"e658e47b-8e84-4052-9840-5dd87dd0c34c","method":"POST","url":"/api/code/execute","statusCode":400,"duration":"6ms"}
2026-03-11T03:59:41.336Z INFO [App] Request completed {"correlationId":"e658e47b-8e84-4052-9840-5dd87dd0c34c","method":"POST","url":"/api/code/execute","statusCode":400,"duration":"6ms"}

::ffff:127.0.0.1 - - [11/Mar/2026:03:59:41 +0000] "POST /api/code/execute HTTP/1.1" 400 138 "-" "-"
[90mstderr[2m | tests/integration/api.test.ts[2m > [22m[2mProduction API 
Server Integration Tests[2m > [22m[2mDynamic Code Execution Endpoint[2m > 
[22m[2mshould validate request body
[22m[39m2026-03-11T03:59:41.338Z WARN [App] Request completed with error {"co
rrelationId":"e658e47b-8e84-4052-9840-5dd87dd0c34c","method":"POST","url":"/api
/code/execute","statusCode":400,"duration":"8ms"}

[90mstdout[2m | tests/integration/api.test.ts[2m > [22m[2mProduction API Server Integration Tests[2m > [22m[2mDynamic Code Execution Endpoint[2m > [22m[2mshould respect timeout limits
[22m[39m2026-03-11T03:59:41.348Z INFO [App] Incoming request {"correlationId":"081cac16-dca6-4ad7-86d5-b5a931b35922","method":"POST","url":"/api/code/execute","ip":"::ffff:127.0.0.1"}

 [32mΓ£ô[39m tests/integration/manual-api.test.ts[2m > [22mProduction API Manual Tests[2m > [22mOrder Management Tests[2m > [22mshould list orders with filters[32m 154[2mms[22m[39m
 [32mΓ£ô[39m tests/integration/performance.test.ts[2m > [22mAPI Performance Tests[2m > [22mConcurrent Request Tests[2m > [22mshould handle 3 concurrent code execution requests[32m 88[2mms[22m[39m
[90mstdout[2m | tests/integration/live-api.test.ts[2m > [22m[2mLive Production API Integration Tests[2m > [22m[2mVendor Management Integration[2m > [22m[2mshould create a new vendor with real database persistence
[22m[39m2026-03-11T03:59:41.400Z INFO [App] Vendor created successfully {"vendorId":"1773201581214-m9fjcu45e"}

[90mstdout[2m | tests/integration/live-api.test.ts[2m > [22m[2mLive Production API Integration Tests[2m > [22m[2mVendor Management Integration[2m > [22m[2mshould create a new vendor with real database persistence
[22m[39m2026-03-11T03:59:41.401Z INFO [VendorController] Vendor created {"vendorId":"1773201581214-m9fjcu45e"}
2026-03-11T03:59:41.402Z INFO [App] Request completed {"correlationId":"979ee2e7-8f88-4275-a15d-bbefb4615f0c","method":"POST","url":"/api/vendors","statusCode":201,"duration":"227ms"}
2026-03-11T03:59:41.402Z INFO [App] Request completed {"correlationId":"979ee2e7-8f88-4275-a15d-bbefb4615f0c","method":"POST","url":"/api/vendors","statusCode":201,"duration":"227ms"}

::ffff:127.0.0.1 - - [11/Mar/2026:03:59:41 +0000] "POST /api/vendors HTTP/1.1" 201 954 "-" "-"
[90mstdout[2m | tests/integration/live-api.test.ts[2m > [22m[2mLive Production API Integration Tests[2m > [22m[2mVendor Management Integration[2m > [22m[2mshould create a new vendor with real database persistence
[22m[39mΓ£à Created vendor: Integration Test Appraisals 1773201581169 (ID: 1773201581214-m9fjcu45e)

[90mstdout[2m | tests/integration/live-api.test.ts[2m > [22m[2mLive Production API Integration Tests[2m > [22m[2mVendor Management Integration[2m > [22m[2mshould retrieve the created vendor proving database persistence
[22m[39m2026-03-11T03:59:41.413Z INFO [App] Incoming request {"correlationId":"53b007fe-f049-43e6-8319-644db6b5b3c9","method":"GET","url":"/api/vendors/1773201581214-m9fjcu45e","ip":"::ffff:127.0.0.1"}

[90mstdout[2m | tests/qc-api-integration.test.ts[2m > [22m[2mQC API Endpoints Integration Tests[2m > [22m[2mQC Checklist Management[2m > [22m[2mGET /api/qc/checklists/:checklistId[2m > [22m[2mshould retrieve specific checklist by ID
[22m[39m2026-03-11T03:59:41.419Z INFO [App] Request completed {"correlationId":"514edc62-1a25-46b5-bdb2-3b2bd83ebbcc","method":"GET","url":"/api/qc/checklists/qc_1773201575715_bpn4tllhv","statusCode":200,"duration":"83ms"}
2026-03-11T03:59:41.420Z INFO [App] Request completed {"correlationId":"514edc62-1a25-46b5-bdb2-3b2bd83ebbcc","method":"GET","url":"/api/qc/checklists/qc_1773201575715_bpn4tllhv","statusCode":200,"duration":"84ms"}

::ffff:127.0.0.1 - - [11/Mar/2026:03:59:41 +0000] "GET /api/qc/checklists/qc_1773201575715_bpn4tllhv HTTP/1.1" 200 - "-" "-"
[90mstdout[2m | tests/integration/live-api.test.ts[2m > [22m[2mLive Production API Integration Tests[2m > [22m[2mVendor Management Integration[2m > [22m[2mshould retrieve the created vendor proving database persistence
[22m[39m

=== FIND VENDOR BY ID ===
Looking for vendor ID: 1773201581214-m9fjcu45e
Container: initialized
Query: {
  "query": "SELECT * FROM c WHERE c.id = @id",
  "parameters": [
    {
      "name": "@id",
      "value": "1773201581214-m9fjcu45e"
    }
  ]
}

 [31m├ù[39m tests/qc-api-integration.test.ts[2m > [22mQC API Endpoints Integration Tests[2m > [22mQC Checklist Management[2m > [22mGET /api/qc/checklists[2m > [22mshould return empty results for non-existent category[32m 170[2mms[22m[39m
[31m   ΓåÆ expected [ { ΓÇª(18) } ] to have a length of +0 but got 1[39m
[90mstdout[2m | tests/integration/production-api.test.ts[2m > [22m[2mProduction API Integration Tests[2m > [22m[2mVendor Management Workflow[2m > [22m[2mshould create a new vendor
[22m[39m2026-03-11T03:59:41.429Z INFO [App] Vendor created successfully {"vendorId":"1773201581255-ygn3gnpl9"}

[90mstdout[2m | tests/integration/performance.test.ts[2m > [22m[2mAPI Performance Tests[2m > [22m[2mLoad Tests[2m > [22m[2mshould handle rapid sequential requests
[22m[39m2026-03-11T03:59:41.429Z INFO [App] Request completed {"correlationId":"57450b9e-d7d8-465a-a75b-eba96576ecfb","method":"GET","url":"/health","statusCode":200,"duration":"131ms"}
2026-03-11T03:59:41.429Z INFO [App] Request completed {"correlationId":"57450b9e-d7d8-465a-a75b-eba96576ecfb","method":"GET","url":"/health","statusCode":200,"duration":"131ms"}

::ffff:127.0.0.1 - - [11/Mar/2026:03:59:41 +0000] "GET /health HTTP/1.1" 200 250 "-" "-"
[90mstdout[2m | tests/integration/production-api.test.ts[2m > [22m[2mProduction API Integration Tests[2m > [22m[2mVendor Management Workflow[2m > [22m[2mshould create a new vendor
[22m[39m2026-03-11T03:59:41.429Z INFO [VendorController] Vendor created {"vendorId":"1773201581255-ygn3gnpl9"}
2026-03-11T03:59:41.430Z INFO [App] Request completed {"correlationId":"a2fc5f9a-27da-4745-8058-40f2536894b8","method":"POST","url":"/api/vendors","statusCode":201,"duration":"198ms"}
2026-03-11T03:59:41.430Z INFO [App] Request completed {"correlationId":"a2fc5f9a-27da-4745-8058-40f2536894b8","method":"POST","url":"/api/vendors","statusCode":201,"duration":"198ms"}

::ffff:127.0.0.1 - - [11/Mar/2026:03:59:41 +0000] "POST /api/vendors HTTP/1.1" 201 911 "-" "-"
[90mstdout[2m | tests/qc-api-integration.test.ts[2m > [22m[2mQC API Endpoints Integration Tests[2m > [22m[2mQC Checklist Management[2m > [22m[2mGET /api/qc/checklists/:checklistId[2m > [22m[2mshould return 404 for non-existent checklist
[22m[39m2026-03-11T03:59:41.433Z INFO [App] Incoming request {"correlationId":"0eea5f2d-6f66-4822-b76c-2877af2e4e26","method":"GET","url":"/api/qc/checklists/non-existent-id","ip":"::ffff:127.0.0.1"}

[90mstdout[2m | tests/integration/production-api.test.ts[2m > [22m[2mProduction API Integration Tests[2m > [22m[2mVendor Management Workflow[2m > [22m[2mshould create a new vendor
[22m[39mΓ£à Created vendor with ID: 1773201581255-ygn3gnpl9

[90mstdout[2m | tests/comprehensive-api.test.ts[2m > [22m[2mAppraisal Management API - Comprehensive Tests[2m > [22m[2mAuthentication Endpoints[2m > [22m[2mshould reject login with invalid credentials
[22m[39m2026-03-11T03:59:41.434Z INFO [App] Request completed {"correlationId":"18466431-3211-49bd-a8f6-110e3e3eae44","method":"POST","url":"/api/auth/login","statusCode":401,"duration":"5716ms"}
2026-03-11T03:59:41.435Z INFO [App] Request completed {"correlationId":"18466431-3211-49bd-a8f6-110e3e3eae44","method":"POST","url":"/api/auth/login","statusCode":401,"duration":"5717ms"}
[90mstderr[2m | tests/comprehensive-api.test.ts[2m > [22m[2mAppraisal 
Management API - Comprehensive Tests[2m > [22m[2mAuthentication 
Endpoints[2m > [22m[2mshould reject login with invalid credentials
[22m[39m2026-03-11T03:59:41.438Z WARN [App] Request completed with error {"co
rrelationId":"18466431-3211-49bd-a8f6-110e3e3eae44","method":"POST","url":"/api
/auth/login","statusCode":401,"duration":"5720ms"}


::ffff:127.0.0.1 - - [11/Mar/2026:03:59:41 +0000] "POST /api/auth/login HTTP/1.1" 401 60 "-" "-"
[90mstdout[2m | tests/integration/performance.test.ts[2m > [22m[2mAPI Performance Tests[2m > [22m[2mLoad Tests[2m > [22m[2mshould handle rapid sequential requests
[22m[39m2026-03-11T03:59:41.438Z INFO [App] Incoming request {"correlationId":"26009ed8-908f-4946-86cc-1e1735fe9ad6","method":"GET","url":"/health","ip":"::ffff:127.0.0.1"}

[90mstdout[2m | tests/integration/production-api.test.ts[2m > [22m[2mProduction API Integration Tests[2m > [22m[2mVendor Management Workflow[2m > [22m[2mshould retrieve the created vendor by ID
[22m[39m2026-03-11T03:59:41.442Z INFO [App] Incoming request {"correlationId":"05c26aeb-c0e8-493c-94e9-d456c686250d","method":"GET","url":"/api/vendors/1773201581255-ygn3gnpl9","ip":"::ffff:127.0.0.1"}

[90mstdout[2m | tests/integration/production-api.test.ts[2m > [22m[2mProduction API Integration Tests[2m > [22m[2mVendor Management Workflow[2m > [22m[2mshould retrieve the created vendor by ID
[22m[39m

=== FIND VENDOR BY ID ===
Looking for vendor ID: 1773201581255-ygn3gnpl9
Container: initialized
Query: {
  "query": "SELECT * FROM c WHERE c.id = @id",
  "parameters": [
    {
      "name": "@id",
      "value": "1773201581255-ygn3gnpl9"
    }
  ]
}

[90mstdout[2m | tests/comprehensive-api.test.ts[2m > [22m[2mAppraisal Management API - Comprehensive Tests[2m > [22m[2mOrder Management Endpoints[2m > [22m[2mshould create a new order
[22m[39m2026-03-11T03:59:41.455Z INFO [App] Incoming request {"correlationId":"84c48c59-2ffb-483f-8e1f-eb48a392dfd4","method":"POST","url":"/api/orders","ip":"::ffff:127.0.0.1"}

[90mstderr[2m | tests/integration/api.test.ts[2m > [22m[2mProduction API 
Server Integration Tests[2m > [22m[2mDynamic Code Execution Endpoint[2m > 
[22m[2mshould respect timeout limits
[22m[39m2026-03-11T03:59:41.457Z ERROR [DynamicCodeExecutionService] Code 
execution failed {"error":"Code execution timeout after 
100ms","executionTime":102,"codePreview":"while(true) {}"}

[90mstdout[2m | tests/integration/api.test.ts[2m > [22m[2mProduction API Server Integration Tests[2m > [22m[2mDynamic Code Execution Endpoint[2m > [22m[2mshould respect timeout limits
[22m[39m2026-03-11T03:59:41.458Z INFO [App] Request completed {"correlationId":"081cac16-dca6-4ad7-86d5-b5a931b35922","method":"POST","url":"/api/code/execute","statusCode":200,"duration":"110ms"}
2026-03-11T03:59:41.458Z INFO [App] Request completed {"correlationId":"081cac16-dca6-4ad7-86d5-b5a931b35922","method":"POST","url":"/api/code/execute","statusCode":200,"duration":"110ms"}

::ffff:127.0.0.1 - - [11/Mar/2026:03:59:41 +0000] "POST /api/code/execute HTTP/1.1" 200 121 "-" "-"
 [32mΓ£ô[39m tests/integration/api.test.ts[2m > [22mProduction API Server Integration Tests[2m > [22mDynamic Code Execution Endpoint[2m > [22mshould reject requests with invalid auth token[32m 22[2mms[22m[39m
 [32mΓ£ô[39m tests/integration/api.test.ts[2m > [22mProduction API Server Integration Tests[2m > [22mDynamic Code Execution Endpoint[2m > [22mshould validate request body[32m 18[2mms[22m[39m
[90mstdout[2m | tests/integration/api.test.ts[2m > [22m[2mProduction API Server Integration Tests[2m > [22m[2mError Handling[2m > [22m[2mshould return 404 for non-existent endpoints
[22m[39m2026-03-11T03:59:41.473Z INFO [App] Incoming request {"correlationId":"b93523fc-74d9-4b00-b4e7-c555bb6bb891","method":"GET","url":"/api/nonexistent","ip":"::ffff:127.0.0.1"}

[90mstdout[2m | tests/comprehensive-api.test.ts[2m > [22m[2mAppraisal Management API - Comprehensive Tests[2m > [22m[2mOrder Management Endpoints[2m > [22m[2mshould create a new order
[22m[39m2026-03-11T03:59:41.474Z INFO [App] Request completed {"correlationId":"84c48c59-2ffb-483f-8e1f-eb48a392dfd4","method":"POST","url":"/api/orders","statusCode":400,"duration":"20ms"}
2026-03-11T03:59:41.474Z INFO [App] Request completed {"correlationId":"84c48c59-2ffb-483f-8e1f-eb48a392dfd4","method":"POST","url":"/api/orders","statusCode":400,"duration":"20ms"}

[90mstdout[2m | tests/integration/api.test.ts[2m > [22m[2mProduction API Server Integration Tests[2m > [22m[2mError Handling[2m > [22m[2mshould return 404 for non-existent endpoints
[22m[39m2026-03-11T03:59:41.475Z INFO [App] Request completed {"correlationId":"b93523fc-74d9-4b00-b4e7-c555bb6bb891","method":"GET","url":"/api/nonexistent","statusCode":404,"duration":"2ms"}
2026-03-11T03:59:41.475Z INFO [App] Request completed {"correlationId":"b93523fc-74d9-4b00-b4e7-c555bb6bb891","method":"GET","url":"/api/nonexistent","statusCode":404,"duration":"2ms"}

::ffff:127.0.0.1 - - [11/Mar/2026:03:59:41 +0000] "GET /api/nonexistent HTTP/1.1" 404 84 "-" "-"
::ffff:127.0.0.1 - - [11/Mar/2026:03:59:41 +0000] "POST /api/orders HTTP/1.1" 400 233 "-" "-"
[90mstderr[2m | tests/comprehensive-api.test.ts[2m > [22m[2mAppraisal 
Management API - Comprehensive Tests[2m > [22m[2mOrder Management 
Endpoints[2m > [22m[2mshould create a new order
[22m[39m2026-03-11T03:59:41.477Z WARN [App] Request completed with error {"co
rrelationId":"84c48c59-2ffb-483f-8e1f-eb48a392dfd4","method":"POST","url":"/api
/orders","statusCode":400,"duration":"22ms"}

[90mstderr[2m | tests/integration/api.test.ts[2m > [22m[2mProduction API 
Server Integration Tests[2m > [22m[2mError Handling[2m > [22m[2mshould 
return 404 for non-existent endpoints
[22m[39m2026-03-11T03:59:41.476Z WARN [App] Request completed with error {"co
rrelationId":"b93523fc-74d9-4b00-b4e7-c555bb6bb891","method":"GET","url":"/api/
nonexistent","statusCode":404,"duration":"3ms"}

[90mstdout[2m | tests/integration/api.test.ts[2m > [22m[2mProduction API Server Integration Tests[2m > [22m[2mError Handling[2m > [22m[2mshould handle invalid JSON in request body
[22m[39m2026-03-11T03:59:41.487Z INFO [App] Incoming request {"correlationId":"f1217eb8-0e6c-4ede-ad83-c4dfb3b2e275","method":"POST","url":"/api/auth/login","ip":"::ffff:127.0.0.1"}

::ffff:127.0.0.1 - - [11/Mar/2026:03:59:41 +0000] "POST /api/auth/login HTTP/1.1" 400 64 "-" "-"
[90mstdout[2m | tests/integration/live-api.test.ts[2m > [22m[2mLive Production API Integration Tests[2m > [22m[2mVendor Management Integration[2m > [22m[2mshould retrieve the created vendor proving database persistence
[22m[39mQuery returned resources count: [33m1[39m
Found vendor: 1773201581214-m9fjcu45e Integration Test Appraisals 1773201581169
Vendor has certifications: [33mfalse[39m length: [90mundefined[39m
Vendor has paymentHistory: [33mfalse[39m length: [90mundefined[39m
=== END FIND VENDOR ===



[90mstderr[2m | tests/integration/api.test.ts[2m > [22m[2mProduction API 
Server Integration Tests[2m > [22m[2mError Handling[2m > [22m[2mshould 
handle invalid JSON in request body
[22m[39m2026-03-11T03:59:41.490Z ERROR [App] Unhandled API error 
{"error":"Unexpected token 'j', \"{\"invalid\": json}\" is not valid 
JSON","stack":"SyntaxError: Unexpected token 'j', \"{\"invalid\": json}\" is 
not valid JSON\n    at JSON.parse (<anonymous>)\n    at parse (C:\\source\\appr
aisal-management-backend\\node_modules\\.pnpm\\body-parser@1.20.4\\node_modules
\\body-parser\\lib\\types\\json.js:92:19)\n    at C:\\source\\appraisal-managem
ent-backend\\node_modules\\.pnpm\\body-parser@1.20.4\\node_modules\\body-parser
\\lib\\read.js:128:18\n    at AsyncResource.runInAsyncScope 
(node:async_hooks:211:14)\n    at invokeCallback (C:\\source\\appraisal-managem
ent-backend\\node_modules\\.pnpm\\raw-body@2.5.3\\node_modules\\raw-body\\index
.js:238:16)\n    at done (C:\\source\\appraisal-management-backend\\node_module
s\\.pnpm\\raw-body@2.5.3\\node_modules\\raw-body\\index.js:227:7)\n    at 
IncomingMessage.onEnd (C:\\source\\appraisal-management-backend\\node_modules\\
.pnpm\\raw-body@2.5.3\\node_modules\\raw-body\\index.js:287:7)\n    at 
IncomingMessage.emit (node:events:524:28)\n    at endReadableNT 
(node:internal/streams/readable:1698:12)\n    at processTicksAndRejections 
(node:internal/process/task_queues:90:21)"}
2026-03-11T03:59:41.495Z WARN [App] Request completed with error {"correlationI
d":"f1217eb8-0e6c-4ede-ad83-c4dfb3b2e275","method":"POST","url":"/api/auth/logi
n","statusCode":400,"duration":"8ms"}

[90mstdout[2m | tests/integration/api.test.ts[2m > [22m[2mProduction API Server Integration Tests[2m > [22m[2mError Handling[2m > [22m[2mshould handle invalid JSON in request body
[22m[39m2026-03-11T03:59:41.494Z INFO [App] Request completed {"correlationId":"f1217eb8-0e6c-4ede-ad83-c4dfb3b2e275","method":"POST","url":"/api/auth/login","statusCode":400,"duration":"7ms"}
2026-03-11T03:59:41.494Z INFO [App] Request completed {"correlationId":"f1217eb8-0e6c-4ede-ad83-c4dfb3b2e275","method":"POST","url":"/api/auth/login","statusCode":400,"duration":"7ms"}

[90mstdout[2m | tests/integration/live-api.test.ts[2m > [22m[2mLive Production API Integration Tests[2m > [22m[2mVendor Management Integration[2m > [22m[2mshould retrieve the created vendor proving database persistence
[22m[39m2026-03-11T03:59:41.497Z INFO [App] Request completed {"correlationId":"53b007fe-f049-43e6-8319-644db6b5b3c9","method":"GET","url":"/api/vendors/1773201581214-m9fjcu45e","statusCode":200,"duration":"84ms"}
2026-03-11T03:59:41.497Z INFO [App] Request completed {"correlationId":"53b007fe-f049-43e6-8319-644db6b5b3c9","method":"GET","url":"/api/vendors/1773201581214-m9fjcu45e","statusCode":200,"duration":"84ms"}

::ffff:127.0.0.1 - - [11/Mar/2026:03:59:41 +0000] "GET /api/vendors/1773201581214-m9fjcu45e HTTP/1.1" 200 954 "-" "-"
[90mstdout[2m | tests/integration/live-api.test.ts[2m > [22m[2mLive Production API Integration Tests[2m > [22m[2mVendor Management Integration[2m > [22m[2mshould retrieve the created vendor proving database persistence
[22m[39mΓ£à Retrieved vendor from database: Integration Test Appraisals 1773201581169

[90mstdout[2m | tests/integration/production-api.test.ts[2m > [22m[2mProduction API Integration Tests[2m > [22m[2mVendor Management Workflow[2m > [22m[2mshould retrieve the created vendor by ID
[22m[39mQuery returned resources count: [33m1[39m
Found vendor: 1773201581255-ygn3gnpl9 Test Appraisal Services
Vendor has certifications: [33mfalse[39m length: [90mundefined[39m
Vendor has paymentHistory: [33mfalse[39m length: [90mundefined[39m
=== END FIND VENDOR ===



[90mstdout[2m | tests/integration/production-api.test.ts[2m > [22m[2mProduction API Integration Tests[2m > [22m[2mVendor Management Workflow[2m > [22m[2mshould retrieve the created vendor by ID
[22m[39m2026-03-11T03:59:41.504Z INFO [App] Request completed {"correlationId":"05c26aeb-c0e8-493c-94e9-d456c686250d","method":"GET","url":"/api/vendors/1773201581255-ygn3gnpl9","statusCode":200,"duration":"62ms"}
2026-03-11T03:59:41.505Z INFO [App] Request completed {"correlationId":"05c26aeb-c0e8-493c-94e9-d456c686250d","method":"GET","url":"/api/vendors/1773201581255-ygn3gnpl9","statusCode":200,"duration":"63ms"}

::ffff:127.0.0.1 - - [11/Mar/2026:03:59:41 +0000] "GET /api/vendors/1773201581255-ygn3gnpl9 HTTP/1.1" 200 911 "-" "-"
[90mstdout[2m | tests/integration/production-api.test.ts[2m > [22m[2mProduction API Integration Tests[2m > [22m[2mVendor Management Workflow[2m > [22m[2mshould retrieve the created vendor by ID
[22m[39mΓ£à Retrieved vendor: Test Appraisal Services

 [32mΓ£ô[39m tests/integration/live-api.test.ts[2m > [22mLive Production API Integration Tests[2m > [22mVendor Management Integration[2m > [22mshould create a new vendor with real database persistence[32m 238[2mms[22m[39m
 [32mΓ£ô[39m tests/integration/live-api.test.ts[2m > [22mLive Production API Integration Tests[2m > [22mVendor Management Integration[2m > [22mshould retrieve the created vendor proving database persistence[32m 97[2mms[22m[39m
[90mstdout[2m | tests/integration/performance.test.ts[2m > [22m[2mAPI Performance Tests[2m > [22m[2mLoad Tests[2m > [22m[2mshould handle rapid sequential requests
[22m[39m2026-03-11T03:59:41.509Z INFO [App] Request completed {"correlationId":"26009ed8-908f-4946-86cc-1e1735fe9ad6","method":"GET","url":"/health","statusCode":200,"duration":"71ms"}
2026-03-11T03:59:41.510Z INFO [App] Request completed {"correlationId":"26009ed8-908f-4946-86cc-1e1735fe9ad6","method":"GET","url":"/health","statusCode":200,"duration":"72ms"}

[90mstdout[2m | tests/qc-api-integration.test.ts[2m > [22m[2mQC API Endpoints Integration Tests[2m > [22m[2mQC Checklist Management[2m > [22m[2mGET /api/qc/checklists/:checklistId[2m > [22m[2mshould return 404 for non-existent checklist
[22m[39m2026-03-11T03:59:41.511Z INFO [App] Request completed {"correlationId":"0eea5f2d-6f66-4822-b76c-2877af2e4e26","method":"GET","url":"/api/qc/checklists/non-existent-id","statusCode":404,"duration":"78ms"}
2026-03-11T03:59:41.511Z INFO [App] Request completed {"correlationId":"0eea5f2d-6f66-4822-b76c-2877af2e4e26","method":"GET","url":"/api/qc/checklists/non-existent-id","statusCode":404,"duration":"78ms"}

::ffff:127.0.0.1 - - [11/Mar/2026:03:59:41 +0000] "GET /health HTTP/1.1" 200 249 "-" "-"
[90mstdout[2m | tests/comprehensive-api.test.ts[2m > [22m[2mAppraisal Management API - Comprehensive Tests[2m > [22m[2mOrder Management Endpoints[2m > [22m[2mshould get orders with filters
[22m[39m2026-03-11T03:59:41.511Z INFO [App] Incoming request {"correlationId":"1f059aff-7244-4d82-be13-919c46710d78","method":"GET","url":"/api/orders?status=pending&limit=10","ip":"::ffff:127.0.0.1"}

::ffff:127.0.0.1 - - [11/Mar/2026:03:59:41 +0000] "GET /api/qc/checklists/non-existent-id HTTP/1.1" 404 149 "-" "-"
[90mstderr[2m | tests/qc-api-integration.test.ts[2m > [22m[2mQC API 
Endpoints Integration Tests[2m > [22m[2mQC Checklist Management[2m > 
[22m[2mGET /api/qc/checklists/:checklistId[2m > [22m[2mshould return 404 
for non-existent checklist
[22m[39m2026-03-11T03:59:41.512Z WARN [App] Request completed with error {"co
rrelationId":"0eea5f2d-6f66-4822-b76c-2877af2e4e26","method":"GET","url":"/api/
qc/checklists/non-existent-id","statusCode":404,"duration":"79ms"}

[90mstdout[2m | tests/integration/live-api.test.ts[2m > [22m[2mLive Production API Integration Tests[2m > [22m[2mVendor Management Integration[2m > [22m[2mshould list vendors from real database
[22m[39m2026-03-11T03:59:41.514Z INFO [App] Incoming request {"correlationId":"932cc5b8-73cd-4838-892f-25efd6f96be3","method":"GET","url":"/api/vendors?limit=10","ip":"::ffff:127.0.0.1"}

[90mstdout[2m | tests/integration/production-api.test.ts[2m > [22m[2mProduction API Integration Tests[2m > [22m[2mVendor Management Workflow[2m > [22m[2mshould update vendor information
[22m[39m2026-03-11T03:59:41.518Z INFO [App] Incoming request {"correlationId":"c6b12170-3367-4395-bea4-41d4be2a1d37","method":"PUT","url":"/api/vendors/1773201581255-ygn3gnpl9","ip":"::ffff:127.0.0.1"}

[90mstdout[2m | tests/qc-api-integration.test.ts[2m > [22m[2mQC API Endpoints Integration Tests[2m > [22m[2mQC Checklist Management[2m > [22m[2mPUT /api/qc/checklists/:checklistId[2m > [22m[2mshould update checklist successfully
[22m[39m2026-03-11T03:59:41.523Z INFO [App] Incoming request {"correlationId":"88b40591-c92f-4be2-8505-c01ae7eaf7d6","method":"PUT","url":"/api/qc/checklists/qc_1773201575715_bpn4tllhv","ip":"::ffff:127.0.0.1"}

[90mstdout[2m | tests/integration/performance.test.ts[2m > [22m[2mAPI Performance Tests[2m > [22m[2mLoad Tests[2m > [22m[2mshould handle rapid sequential requests
[22m[39m2026-03-11T03:59:41.522Z INFO [App] Incoming request {"correlationId":"ed4158e0-f631-49a6-a9fe-a9a6433ef5f9","method":"GET","url":"/health","ip":"::ffff:127.0.0.1"}

[90mstdout[2m | tests/integration/production-api.test.ts[2m > [22m[2mProduction API Integration Tests[2m > [22m[2mVendor Management Workflow[2m > [22m[2mshould update vendor information
[22m[39m

=== FIND VENDOR BY ID ===
Looking for vendor ID: 1773201581255-ygn3gnpl9
Container: initialized
Query: {
  "query": "SELECT * FROM c WHERE c.id = @id",
  "parameters": [
    {
      "name": "@id",
      "value": "1773201581255-ygn3gnpl9"
    }
  ]
}

 [32mΓ£ô[39m tests/qc-api-integration.test.ts[2m > [22mQC API Endpoints Integration Tests[2m > [22mQC Checklist Management[2m > [22mGET /api/qc/checklists/:checklistId[2m > [22mshould retrieve specific checklist by ID[32m 98[2mms[22m[39m
 [32mΓ£ô[39m tests/qc-api-integration.test.ts[2m > [22mQC API Endpoints Integration Tests[2m > [22mQC Checklist Management[2m > [22mGET /api/qc/checklists/:checklistId[2m > [22mshould return 404 for non-existent checklist[32m 89[2mms[22m[39m
 [32mΓ£ô[39m tests/integration/production-api.test.ts[2m > [22mProduction API Integration Tests[2m > [22mVendor Management Workflow[2m > [22mshould create a new vendor[32m 210[2mms[22m[39m
 [32mΓ£ô[39m tests/integration/production-api.test.ts[2m > [22mProduction API Integration Tests[2m > [22mVendor Management Workflow[2m > [22mshould retrieve the created vendor by ID[32m 74[2mms[22m[39m
[90mstdout[2m | tests/integration/manual-api.test.ts[2m > [22m[2mProduction API Manual Tests[2m > [22m[2mVendor Management Tests[2m > [22m[2mshould create a new vendor
[22m[39m2026-03-11T03:59:41.543Z INFO [App] Vendor created successfully {"vendorId":"1773201581294-o3x9z3sut"}

[90mstdout[2m | tests/integration/manual-api.test.ts[2m > [22m[2mProduction API Manual Tests[2m > [22m[2mVendor Management Tests[2m > [22m[2mshould create a new vendor
[22m[39m2026-03-11T03:59:41.543Z INFO [VendorController] Vendor created {"vendorId":"1773201581294-o3x9z3sut"}
2026-03-11T03:59:41.544Z INFO [App] Request completed {"correlationId":"b114243b-7f12-45e1-8c99-a5c5c2bf914b","method":"POST","url":"/api/vendors","statusCode":201,"duration":"277ms"}
2026-03-11T03:59:41.544Z INFO [App] Request completed {"correlationId":"b114243b-7f12-45e1-8c99-a5c5c2bf914b","method":"POST","url":"/api/vendors","statusCode":201,"duration":"277ms"}

::ffff:127.0.0.1 - - [11/Mar/2026:03:59:41 +0000] "POST /api/vendors HTTP/1.1" 201 911 "-" "-"
[90mstdout[2m | tests/integration/manual-api.test.ts[2m > [22m[2mProduction API Manual Tests[2m > [22m[2mVendor Management Tests[2m > [22m[2mshould create a new vendor
[22m[39mΓ£à Created vendor with ID: 1773201581294-o3x9z3sut
Vendor details: {
  id: [32m'1773201581294-o3x9z3sut'[39m,
  businessName: [32m'Test Appraisal Services'[39m,
  email: [32m'alice@testappraisal.com'[39m,
  status: [32m'ACTIVE'[39m
}

 [32mΓ£ô[39m tests/comprehensive-api.test.ts[2m > [22mAppraisal Management API - Comprehensive Tests[2m > [22mAuthentication Endpoints[2m > [22mshould reject login with invalid credentials[33m 5733[2mms[22m[39m
 [31m├ù[39m tests/comprehensive-api.test.ts[2m > [22mAppraisal Management API - Comprehensive Tests[2m > [22mOrder Management Endpoints[2m > [22mshould create a new order[32m 55[2mms[22m[39m
[31m   ΓåÆ expected 400 to be 201 // Object.is equality[39m
[90mstdout[2m | tests/integration/manual-api.test.ts[2m > [22m[2mProduction API Manual Tests[2m > [22m[2mVendor Management Tests[2m > [22m[2mshould retrieve the created vendor by ID
[22m[39m2026-03-11T03:59:41.556Z INFO [App] Incoming request {"correlationId":"8d09a7ee-8cb3-4590-a7ff-1420a4047580","method":"GET","url":"/api/vendors/1773201581294-o3x9z3sut","ip":"::ffff:127.0.0.1"}

[90mstdout[2m | tests/integration/manual-api.test.ts[2m > [22m[2mProduction API Manual Tests[2m > [22m[2mVendor Management Tests[2m > [22m[2mshould retrieve the created vendor by ID
[22m[39m

=== FIND VENDOR BY ID ===
Looking for vendor ID: 1773201581294-o3x9z3sut
Container: initialized
Query: {
  "query": "SELECT * FROM c WHERE c.id = @id",
  "parameters": [
    {
      "name": "@id",
      "value": "1773201581294-o3x9z3sut"
    }
  ]
}

[90mstdout[2m | tests/integration/performance.test.ts[2m > [22m[2mAPI Performance Tests[2m > [22m[2mLoad Tests[2m > [22m[2mshould handle rapid sequential requests
[22m[39m2026-03-11T03:59:41.579Z INFO [App] Request completed {"correlationId":"ed4158e0-f631-49a6-a9fe-a9a6433ef5f9","method":"GET","url":"/health","statusCode":200,"duration":"57ms"}
2026-03-11T03:59:41.579Z INFO [App] Request completed {"correlationId":"ed4158e0-f631-49a6-a9fe-a9a6433ef5f9","method":"GET","url":"/health","statusCode":200,"duration":"57ms"}

::ffff:127.0.0.1 - - [11/Mar/2026:03:59:41 +0000] "GET /health HTTP/1.1" 200 249 "-" "-"
[90mstdout[2m | tests/integration/comprehensive-api.test.ts[2m > [22m[2mComprehensive Production API Integration Tests[2m > [22m[2mBasic API Endpoints (5 endpoints)[2m > [22m[2mPOST /api/auth/login - should handle authentication request
[22m[39m2026-03-11T03:59:41.587Z INFO [App] Request completed {"correlationId":"7c54a3ab-7bfc-4d39-8591-8d586a8bc914","method":"POST","url":"/api/auth/login","statusCode":401,"duration":"1070ms"}
2026-03-11T03:59:41.587Z INFO [App] Request completed {"correlationId":"7c54a3ab-7bfc-4d39-8591-8d586a8bc914","method":"POST","url":"/api/auth/login","statusCode":401,"duration":"1070ms"}

[90mstdout[2m | tests/integration/performance.test.ts[2m > [22m[2mAPI Performance Tests[2m > [22m[2mLoad Tests[2m > [22m[2mshould handle rapid sequential requests
[22m[39m2026-03-11T03:59:41.588Z INFO [App] Incoming request {"correlationId":"4e87f1fd-681f-4fdd-978e-14ae79b27948","method":"GET","url":"/health","ip":"::ffff:127.0.0.1"}

::ffff:127.0.0.1 - - [11/Mar/2026:03:59:41 +0000] "POST /api/auth/login HTTP/1.1" 401 60 "-" "-"
[90mstderr[2m | tests/integration/comprehensive-api.test.ts[2m > 
[22m[2mComprehensive Production API Integration Tests[2m > [22m[2mBasic 
API Endpoints (5 endpoints)[2m > [22m[2mPOST /api/auth/login - should 
handle authentication request
[22m[39m2026-03-11T03:59:41.589Z WARN [App] Request completed with error {"co
rrelationId":"7c54a3ab-7bfc-4d39-8591-8d586a8bc914","method":"POST","url":"/api
/auth/login","statusCode":401,"duration":"1072ms"}

[90mstdout[2m | tests/integration/comprehensive-api.test.ts[2m > [22m[2mComprehensive Production API Integration Tests[2m > [22m[2mBasic API Endpoints (5 endpoints)[2m > [22m[2mPOST /api/auth/login - should handle authentication request
[22m[39mΓ£à Auth endpoint accessible

[90mstdout[2m | tests/integration/comprehensive-api.test.ts[2m > [22m[2mComprehensive Production API Integration Tests[2m > [22m[2mBasic API Endpoints (5 endpoints)[2m > [22m[2mPOST /api/code/execute - should handle dynamic code execution
[22m[39m2026-03-11T03:59:41.602Z INFO [App] Incoming request {"correlationId":"7f469d68-b329-4130-822c-cf1adad4bdbb","method":"POST","url":"/api/code/execute","ip":"::ffff:127.0.0.1"}

[90mstdout[2m | tests/integration/production-api.test.ts[2m > [22m[2mProduction API Integration Tests[2m > [22m[2mVendor Management Workflow[2m > [22m[2mshould update vendor information
[22m[39mQuery returned resources count: [33m1[39m
Found vendor: 1773201581255-ygn3gnpl9 Test Appraisal Services
Vendor has certifications: [33mfalse[39m length: [90mundefined[39m
Vendor has paymentHistory: [33mfalse[39m length: [90mundefined[39m
=== END FIND VENDOR ===



[90mstdout[2m | tests/integration/comprehensive-api.test.ts[2m > [22m[2mComprehensive Production API Integration Tests[2m > [22m[2mBasic API Endpoints (5 endpoints)[2m > [22m[2mPOST /api/code/execute - should handle dynamic code execution
[22m[39m2026-03-11T03:59:41.624Z INFO [App] Request completed {"correlationId":"7f469d68-b329-4130-822c-cf1adad4bdbb","method":"POST","url":"/api/code/execute","statusCode":200,"duration":"22ms"}
2026-03-11T03:59:41.625Z INFO [App] Request completed {"correlationId":"7f469d68-b329-4130-822c-cf1adad4bdbb","method":"POST","url":"/api/code/execute","statusCode":200,"duration":"23ms"}

::ffff:127.0.0.1 - - [11/Mar/2026:03:59:41 +0000] "POST /api/code/execute HTTP/1.1" 200 134 "-" "-"
[90mstdout[2m | tests/integration/comprehensive-api.test.ts[2m > [22m[2mComprehensive Production API Integration Tests[2m > [22m[2mBasic API Endpoints (5 endpoints)[2m > [22m[2mPOST /api/code/execute - should handle dynamic code execution
[22m[39mΓ£à Code execution endpoint accessible

[90mstdout[2m | tests/integration/comprehensive-api.test.ts[2m > [22m[2mComprehensive Production API Integration Tests[2m > [22m[2mBasic API Endpoints (5 endpoints)[2m > [22m[2mGET /api/status - should return system status
[22m[39m2026-03-11T03:59:41.640Z INFO [App] Incoming request {"correlationId":"4d46fc9e-55a7-4f38-bf66-3559fddbcb32","method":"GET","url":"/api/status","ip":"::ffff:127.0.0.1"}

[90mstdout[2m | tests/integration/comprehensive-api.test.ts[2m > [22m[2mComprehensive Production API Integration Tests[2m > [22m[2mBasic API Endpoints (5 endpoints)[2m > [22m[2mGET /api/status - should return system status
[22m[39m2026-03-11T03:59:41.642Z INFO [App] Request completed {"correlationId":"4d46fc9e-55a7-4f38-bf66-3559fddbcb32","method":"GET","url":"/api/status","statusCode":200,"duration":"2ms"}
2026-03-11T03:59:41.642Z INFO [App] Request completed {"correlationId":"4d46fc9e-55a7-4f38-bf66-3559fddbcb32","method":"GET","url":"/api/status","statusCode":200,"duration":"2ms"}

::ffff:127.0.0.1 - - [11/Mar/2026:03:59:41 +0000] "GET /api/status HTTP/1.1" 200 252 "-" "-"
[90mstdout[2m | tests/integration/comprehensive-api.test.ts[2m > [22m[2mComprehensive Production API Integration Tests[2m > [22m[2mBasic API Endpoints (5 endpoints)[2m > [22m[2mGET /api/status - should return system status
[22m[39mΓ£à Status endpoint accessible

[90mstdout[2m | tests/integration/performance.test.ts[2m > [22m[2mAPI Performance Tests[2m > [22m[2mLoad Tests[2m > [22m[2mshould handle rapid sequential requests
[22m[39m2026-03-11T03:59:41.650Z INFO [App] Request completed {"correlationId":"4e87f1fd-681f-4fdd-978e-14ae79b27948","method":"GET","url":"/health","statusCode":200,"duration":"62ms"}
2026-03-11T03:59:41.650Z INFO [App] Request completed {"correlationId":"4e87f1fd-681f-4fdd-978e-14ae79b27948","method":"GET","url":"/health","statusCode":200,"duration":"62ms"}

::ffff:127.0.0.1 - - [11/Mar/2026:03:59:41 +0000] "GET /health HTTP/1.1" 200 249 "-" "-"
[90mstdout[2m | tests/integration/comprehensive-api.test.ts[2m > [22m[2mComprehensive Production API Integration Tests[2m > [22m[2mOrder Management Endpoints (5 endpoints)[2m > [22m[2mPOST /api/orders - should create new appraisal order
[22m[39m2026-03-11T03:59:41.659Z INFO [App] Incoming request {"correlationId":"eadabf3b-a125-42cb-a82d-a29d6635c6ce","method":"POST","url":"/api/orders","ip":"::ffff:127.0.0.1"}

[90mstdout[2m | tests/integration/performance.test.ts[2m > [22m[2mAPI Performance Tests[2m > [22m[2mLoad Tests[2m > [22m[2mshould handle rapid sequential requests
[22m[39m2026-03-11T03:59:41.659Z INFO [App] Incoming request {"correlationId":"a27103ea-d868-45e9-9198-4a0ab142da6b","method":"GET","url":"/health","ip":"::ffff:127.0.0.1"}

[90mstdout[2m | tests/integration/production-api.test.ts[2m > [22m[2mProduction API Integration Tests[2m > [22m[2mVendor Management Workflow[2m > [22m[2mshould update vendor information
[22m[39m2026-03-11T03:59:41.659Z INFO [VendorController] Vendor updated {"vendorId":"1773201581255-ygn3gnpl9"}
2026-03-11T03:59:41.660Z INFO [App] Request completed {"correlationId":"c6b12170-3367-4395-bea4-41d4be2a1d37","method":"PUT","url":"/api/vendors/1773201581255-ygn3gnpl9","statusCode":200,"duration":"142ms"}
2026-03-11T03:59:41.660Z INFO [App] Request completed {"correlationId":"c6b12170-3367-4395-bea4-41d4be2a1d37","method":"PUT","url":"/api/vendors/1773201581255-ygn3gnpl9","statusCode":200,"duration":"142ms"}

::ffff:127.0.0.1 - - [11/Mar/2026:03:59:41 +0000] "PUT /api/vendors/1773201581255-ygn3gnpl9 HTTP/1.1" 200 923 "-" "-"
 [32mΓ£ô[39m tests/integration/manual-api.test.ts[2m > [22mProduction API Manual Tests[2m > [22mVendor Management Tests[2m > [22mshould create a new vendor[32m 288[2mms[22m[39m
[90mstdout[2m | tests/integration/production-api.test.ts[2m > [22m[2mProduction API Integration Tests[2m > [22m[2mVendor Management Workflow[2m > [22m[2mshould update vendor information
[22m[39mΓ£à Updated vendor information

 [32mΓ£ô[39m tests/integration/api.test.ts[2m > [22mProduction API Server Integration Tests[2m > [22mDynamic Code Execution Endpoint[2m > [22mshould respect timeout limits[32m 123[2mms[22m[39m
 [32mΓ£ô[39m tests/integration/api.test.ts[2m > [22mProduction API Server Integration Tests[2m > [22mError Handling[2m > [22mshould return 404 for non-existent endpoints[32m 15[2mms[22m[39m
 [32mΓ£ô[39m tests/integration/api.test.ts[2m > [22mProduction API Server Integration Tests[2m > [22mError Handling[2m > [22mshould handle invalid JSON in request body[32m 18[2mms[22m[39m
[90mstdout[2m | tests/integration/production-api.test.ts[2m > [22m[2mProduction API Integration Tests[2m > [22m[2mVendor Management Workflow[2m > [22m[2mshould get vendor performance metrics
[22m[39m2026-03-11T03:59:41.676Z INFO [App] Incoming request {"correlationId":"934fdbc9-c982-4373-a55a-8f6b1243bad7","method":"GET","url":"/api/vendors/performance/1773201581255-ygn3gnpl9","ip":"::ffff:127.0.0.1"}

[90mstdout[2m | tests/integration/manual-api.test.ts[2m > [22m[2mProduction API Manual Tests[2m > [22m[2mVendor Management Tests[2m > [22m[2mshould retrieve the created vendor by ID
[22m[39mQuery returned resources count: [33m1[39m
Found vendor: 1773201581294-o3x9z3sut Test Appraisal Services
Vendor has certifications: [33mfalse[39m length: [90mundefined[39m
Vendor has paymentHistory: [33mfalse[39m length: [90mundefined[39m
=== END FIND VENDOR ===



[90mstdout[2m | tests/integration/manual-api.test.ts[2m > [22m[2mProduction API Manual Tests[2m > [22m[2mVendor Management Tests[2m > [22m[2mshould retrieve the created vendor by ID
[22m[39m2026-03-11T03:59:41.689Z INFO [App] Request completed {"correlationId":"8d09a7ee-8cb3-4590-a7ff-1420a4047580","method":"GET","url":"/api/vendors/1773201581294-o3x9z3sut","statusCode":200,"duration":"133ms"}
2026-03-11T03:59:41.689Z INFO [App] Request completed {"correlationId":"8d09a7ee-8cb3-4590-a7ff-1420a4047580","method":"GET","url":"/api/vendors/1773201581294-o3x9z3sut","statusCode":200,"duration":"133ms"}

::ffff:127.0.0.1 - - [11/Mar/2026:03:59:41 +0000] "GET /api/vendors/1773201581294-o3x9z3sut HTTP/1.1" 200 911 "-" "-"
[90mstdout[2m | tests/integration/manual-api.test.ts[2m > [22m[2mProduction API Manual Tests[2m > [22m[2mVendor Management Tests[2m > [22m[2mshould retrieve the created vendor by ID
[22m[39mΓ£à Retrieved vendor: Test Appraisal Services

 [32mΓ£ô[39m tests/integration/comprehensive-api.test.ts[2m > [22mComprehensive Production API Integration Tests[2m > [22mBasic API Endpoints (5 endpoints)[2m > [22mPOST /api/auth/login - should handle authentication request[33m 1085[2mms[22m[39m
 [32mΓ£ô[39m tests/integration/comprehensive-api.test.ts[2m > [22mComprehensive Production API Integration Tests[2m > [22mBasic API Endpoints (5 endpoints)[2m > [22mPOST /api/code/execute - should handle dynamic code execution[32m 39[2mms[22m[39m
 [32mΓ£ô[39m tests/integration/comprehensive-api.test.ts[2m > [22mComprehensive Production API Integration Tests[2m > [22mBasic API Endpoints (5 endpoints)[2m > [22mGET /api/status - should return system status[32m 16[2mms[22m[39m
[90mstderr[2m | tests/qc-api-integration.test.ts[2m > [22m[2mQC API 
Endpoints Integration Tests[2m > [22m[2mQC Checklist Management[2m > 
[22m[2mPUT /api/qc/checklists/:checklistId[2m > [22m[2mshould update 
checklist successfully
[22m[39m2026-03-11T03:59:41.701Z ERROR [QCChecklistManagement] Failed to 
update QC checklist {"error":"Failed to update checklist in 
database","checklistId":"qc_1773201575715_bpn4tllhv"}

[90mstderr[2m | tests/qc-api-integration.test.ts[2m > [22m[2mQC API 
Endpoints Integration Tests[2m > [22m[2mQC Checklist Management[2m > 
[22m[2mPUT /api/qc/checklists/:checklistId[2m > [22m[2mshould update 
checklist successfully
[22m[39m2026-03-11T03:59:41.701Z ERROR [QCChecklistController] Failed to 
update QC checklist {"error":"Failed to update checklist in database","checklis
tId":"qc_1773201575715_bpn4tllhv","userId":"test-user-qc-analyst"}

[90mstdout[2m | tests/qc-api-integration.test.ts[2m > [22m[2mQC API Endpoints Integration Tests[2m > [22m[2mQC Checklist Management[2m > [22m[2mPUT /api/qc/checklists/:checklistId[2m > [22m[2mshould update checklist successfully
[22m[39m2026-03-11T03:59:41.702Z INFO [App] Request completed {"correlationId":"88b40591-c92f-4be2-8505-c01ae7eaf7d6","method":"PUT","url":"/api/qc/checklists/qc_1773201575715_bpn4tllhv","statusCode":500,"duration":"179ms"}
2026-03-11T03:59:41.702Z INFO [App] Request completed {"correlationId":"88b40591-c92f-4be2-8505-c01ae7eaf7d6","method":"PUT","url":"/api/qc/checklists/qc_1773201575715_bpn4tllhv","statusCode":500,"duration":"179ms"}

::ffff:127.0.0.1 - - [11/Mar/2026:03:59:41 +0000] "PUT /api/qc/checklists/qc_1773201575715_bpn4tllhv HTTP/1.1" 500 144 "-" "-"
[90mstdout[2m | tests/integration/manual-api.test.ts[2m > [22m[2mProduction API Manual Tests[2m > [22m[2mVendor Management Tests[2m > [22m[2mshould list all vendors
[22m[39m2026-03-11T03:59:41.702Z INFO [App] Incoming request {"correlationId":"851042d2-49e4-49d9-b303-78a811048e2a","method":"GET","url":"/api/vendors?limit=10","ip":"::ffff:127.0.0.1"}

[90mstderr[2m | tests/qc-api-integration.test.ts[2m > [22m[2mQC API 
Endpoints Integration Tests[2m > [22m[2mQC Checklist Management[2m > 
[22m[2mPUT /api/qc/checklists/:checklistId[2m > [22m[2mshould update 
checklist successfully
[22m[39m2026-03-11T03:59:41.703Z WARN [App] Request completed with error {"co
rrelationId":"88b40591-c92f-4be2-8505-c01ae7eaf7d6","method":"PUT","url":"/api/
qc/checklists/qc_1773201575715_bpn4tllhv","statusCode":500,"duration":"180ms"}

[90mstdout[2m | tests/qc-api-integration.test.ts[2m > [22m[2mQC API Endpoints Integration Tests[2m > [22m[2mQC Execution Management[2m > [22m[2mPOST /api/qc/execution/execute[2m > [22m[2mshould execute QC review successfully
[22m[39m2026-03-11T03:59:41.720Z INFO [App] Incoming request {"correlationId":"c537b594-b74b-4ab4-bbe0-bfc23eb64ed3","method":"POST","url":"/api/qc/execution/execute","ip":"::ffff:127.0.0.1"}

[90mstdout[2m | tests/integration/performance.test.ts[2m > [22m[2mAPI Performance Tests[2m > [22m[2mLoad Tests[2m > [22m[2mshould handle rapid sequential requests
[22m[39m2026-03-11T03:59:41.725Z INFO [App] Request completed {"correlationId":"a27103ea-d868-45e9-9198-4a0ab142da6b","method":"GET","url":"/health","statusCode":200,"duration":"66ms"}
2026-03-11T03:59:41.726Z INFO [App] Request completed {"correlationId":"a27103ea-d868-45e9-9198-4a0ab142da6b","method":"GET","url":"/health","statusCode":200,"duration":"67ms"}

::ffff:127.0.0.1 - - [11/Mar/2026:03:59:41 +0000] "GET /health HTTP/1.1" 200 249 "-" "-"
[90mstdout[2m | tests/integration/api.test.ts[2m > [22m[2mProduction API Server Integration Tests[2m > [22m[2mError Handling[2m > [22m[2mshould handle large request bodies
[22m[39m2026-03-11T03:59:41.729Z INFO [App] Incoming request {"correlationId":"beef1ea8-d8c0-4f0f-817b-8efb28af3137","method":"POST","url":"/api/auth/login","ip":"::ffff:127.0.0.1"}

[90mstdout[2m | tests/qc-api-integration.test.ts[2m > [22m[2mQC API Endpoints Integration Tests[2m > [22m[2mQC Execution Management[2m > [22m[2mPOST /api/qc/execution/execute[2m > [22m[2mshould execute QC review successfully
[22m[39m2026-03-11T03:59:41.735Z INFO [App] Initializing Azure Cosmos DB connection with Managed Identity
2026-03-11T03:59:41.736Z INFO [App] Using Managed Identity for Cosmos DB authentication
2026-03-11T03:59:41.736Z INFO [App] Successfully connected to Azure Cosmos DB {"databaseId":"appraisal-management","endpoint":"https://appraisal-mgmt-staging-cosmos.documents.azure.com:443/"}

[90mstdout[2m | tests/qc-api-integration.test.ts[2m > [22m[2mQC API Endpoints Integration Tests[2m > [22m[2mQC Execution Management[2m > [22m[2mPOST /api/qc/execution/execute[2m > [22m[2mshould execute QC review successfully
[22m[39m2026-03-11T03:59:41.737Z INFO [QCChecklistManagement] QCChecklistManagementService initialized (lazy)

[90mstdout[2m | tests/integration/performance.test.ts[2m > [22m[2mAPI Performance Tests[2m > [22m[2mLoad Tests[2m > [22m[2mshould handle rapid sequential requests
[22m[39m2026-03-11T03:59:41.735Z INFO [App] Incoming request {"correlationId":"f608d646-8819-4095-b21c-ead789977f50","method":"GET","url":"/health","ip":"::ffff:127.0.0.1"}

 [32mΓ£ô[39m tests/integration/production-api.test.ts[2m > [22mProduction API Integration Tests[2m > [22mVendor Management Workflow[2m > [22mshould update vendor information[32m 159[2mms[22m[39m
[90mstderr[2m | tests/comprehensive-api.test.ts[2m > [22m[2mAppraisal 
Management API - Comprehensive Tests[2m > [22m[2mOrder Management 
Endpoints[2m > [22m[2mshould get orders with filters
[22m[39m2026-03-11T03:59:41.785Z WARN [OrderController] Unrecognized order 
status in DB: "pending"
2026-03-11T03:59:41.786Z WARN [OrderController] Unrecognized order status in 
DB: "pending"
2026-03-11T03:59:41.786Z WARN [OrderController] Unrecognized order status in 
DB: "pending"
2026-03-11T03:59:41.786Z WARN [OrderController] Unrecognized order status in 
DB: "pending"
2026-03-11T03:59:41.786Z WARN [OrderController] Unrecognized order status in 
DB: "pending"
2026-03-11T03:59:41.786Z WARN [OrderController] Unrecognized order status in 
DB: "pending"
2026-03-11T03:59:41.786Z WARN [OrderController] Unrecognized order status in 
DB: "pending"
2026-03-11T03:59:41.786Z WARN [OrderController] Unrecognized order status in 
DB: "pending"
2026-03-11T03:59:41.786Z WARN [OrderController] Unrecognized order status in 
DB: "pending"
2026-03-11T03:59:41.786Z WARN [OrderController] Unrecognized order status in 
DB: "pending"

[90mstdout[2m | tests/comprehensive-api.test.ts[2m > [22m[2mAppraisal Management API - Comprehensive Tests[2m > [22m[2mOrder Management Endpoints[2m > [22m[2mshould get orders with filters
[22m[39m2026-03-11T03:59:41.786Z INFO [App] Request completed {"correlationId":"1f059aff-7244-4d82-be13-919c46710d78","method":"GET","url":"/api/orders?status=pending&limit=10","statusCode":200,"duration":"275ms"}
2026-03-11T03:59:41.786Z INFO [App] Request completed {"correlationId":"1f059aff-7244-4d82-be13-919c46710d78","method":"GET","url":"/api/orders?status=pending&limit=10","statusCode":200,"duration":"275ms"}

[90mstdout[2m | tests/integration/performance.test.ts[2m > [22m[2mAPI Performance Tests[2m > [22m[2mLoad Tests[2m > [22m[2mshould handle rapid sequential requests
[22m[39m2026-03-11T03:59:41.791Z INFO [App] Request completed {"correlationId":"f608d646-8819-4095-b21c-ead789977f50","method":"GET","url":"/health","statusCode":200,"duration":"56ms"}
2026-03-11T03:59:41.791Z INFO [App] Request completed {"correlationId":"f608d646-8819-4095-b21c-ead789977f50","method":"GET","url":"/health","statusCode":200,"duration":"56ms"}

::ffff:127.0.0.1 - - [11/Mar/2026:03:59:41 +0000] "GET /health HTTP/1.1" 200 249 "-" "-"
::ffff:127.0.0.1 - - [11/Mar/2026:03:59:41 +0000] "GET /api/orders?status=pending&limit=10 HTTP/1.1" 200 - "-" "-"
[90mstdout[2m | tests/integration/performance.test.ts[2m > [22m[2mAPI Performance Tests[2m > [22m[2mLoad Tests[2m > [22m[2mshould handle rapid sequential requests
[22m[39m2026-03-11T03:59:41.799Z INFO [App] Incoming request {"correlationId":"528f9358-ce75-4a70-bfcb-8a13ca325da5","method":"GET","url":"/health","ip":"::ffff:127.0.0.1"}

 [32mΓ£ô[39m tests/integration/manual-api.test.ts[2m > [22mProduction API Manual Tests[2m > [22mVendor Management Tests[2m > [22mshould retrieve the created vendor by ID[32m 144[2mms[22m[39m
[90mstdout[2m | tests/comprehensive-api.test.ts[2m > [22m[2mAppraisal Management API - Comprehensive Tests[2m > [22m[2mProperty Intelligence Endpoints[2m > [22m[2mshould geocode an address
[22m[39m2026-03-11T03:59:41.811Z INFO [App] Incoming request {"correlationId":"cb92e02c-dfdc-4cd4-842f-ac4b86cf733c","method":"POST","url":"/api/property-intelligence/address/geocode","ip":"::ffff:127.0.0.1"}

[90mstdout[2m | tests/integration/comprehensive-api.test.ts[2m > [22m[2mComprehensive Production API Integration Tests[2m > [22m[2mOrder Management Endpoints (5 endpoints)[2m > [22m[2mPOST /api/orders - should create new appraisal order
[22m[39m2026-03-11T03:59:41.816Z INFO [App] Order created successfully {"orderId":"1773201581676-ua8k2nngr"}

[90mstdout[2m | tests/comprehensive-api.test.ts[2m > [22m[2mAppraisal Management API - Comprehensive Tests[2m > [22m[2mProperty Intelligence Endpoints[2m > [22m[2mshould geocode an address
[22m[39m2026-03-11T03:59:41.818Z INFO [App] Geocoding address request {"address":"1600 Amphitheatre Parkway, Mountain View, CA"}

 [31m├ù[39m tests/qc-api-integration.test.ts[2m > [22mQC API Endpoints Integration Tests[2m > [22mQC Checklist Management[2m > [22mPUT /api/qc/checklists/:checklistId[2m > [22mshould update checklist successfully[32m 191[2mms[22m[39m
[31m   ΓåÆ expected 200 "OK", got 500 "Internal Server Error"[39m
[90mstderr[2m | tests/integration/comprehensive-api.test.ts[2m > 
[22m[2mComprehensive Production API Integration Tests[2m > [22m[2mOrder 
Management Endpoints (5 endpoints)[2m > [22m[2mPOST /api/orders - should 
create new appraisal order
[22m[39m2026-03-11T03:59:41.817Z ERROR [App] Failed to create document in 
audit-trail {"error":{}}
2026-03-11T03:59:41.823Z ERROR [App] Failed to log audit event 
{"error":"Database not initialized","action":"order.created","resource":{"type"
:"order","id":"1773201581676-ua8k2nngr"}}

[90mstdout[2m | tests/integration/comprehensive-api.test.ts[2m > [22m[2mComprehensive Production API Integration Tests[2m > [22m[2mOrder Management Endpoints (5 endpoints)[2m > [22m[2mPOST /api/orders - should create new appraisal order
[22m[39m2026-03-11T03:59:41.816Z INFO [App] Mock Service Bus: Event published {"topic":"order-events","eventType":"ORDER_CREATED","orderId":"1773201581676-ua8k2nngr","timestamp":"2026-03-11T03:59:41.816Z"}
2026-03-11T03:59:41.818Z INFO [App] Request completed {"correlationId":"eadabf3b-a125-42cb-a82d-a29d6635c6ce","method":"POST","url":"/api/orders","statusCode":201,"duration":"159ms"}
2026-03-11T03:59:41.818Z INFO [App] Request completed {"correlationId":"eadabf3b-a125-42cb-a82d-a29d6635c6ce","method":"POST","url":"/api/orders","statusCode":201,"duration":"159ms"}
2026-03-11T03:59:41.823Z INFO [App] Order created event published {"orderId":"1773201581676-ua8k2nngr"}

::ffff:127.0.0.1 - - [11/Mar/2026:03:59:41 +0000] "POST /api/orders HTTP/1.1" 201 - "-" "-"
[90mstdout[2m | tests/integration/comprehensive-api.test.ts[2m > [22m[2mComprehensive Production API Integration Tests[2m > [22m[2mOrder Management Endpoints (5 endpoints)[2m > [22m[2mPOST /api/orders - should create new appraisal order
[22m[39mΓ£à Order created: COMP-TEST-1773201581651 (ID: 1773201581676-ua8k2nngr)

[90mstdout[2m | tests/integration/comprehensive-api.test.ts[2m > [22m[2mComprehensive Production API Integration Tests[2m > [22m[2mOrder Management Endpoints (5 endpoints)[2m > [22m[2mGET /api/orders/:id - should retrieve order by ID
[22m[39m2026-03-11T03:59:41.841Z INFO [App] Incoming request {"correlationId":"48815c21-2fdf-4b25-b57c-e1768a41e1ca","method":"GET","url":"/api/orders/1773201581676-ua8k2nngr","ip":"::ffff:127.0.0.1"}

::ffff:127.0.0.1 - - [11/Mar/2026:03:59:41 +0000] "POST /api/auth/login HTTP/1.1" 413 64 "-" "-"
[90mstderr[2m | tests/integration/api.test.ts[2m > [22m[2mProduction API 
Server Integration Tests[2m > [22m[2mError Handling[2m > [22m[2mshould 
handle large request bodies
[22m[39m2026-03-11T03:59:41.840Z ERROR [App] Unhandled API error 
{"error":"request entity too large","stack":"PayloadTooLargeError: request 
entity too large\n    at readStream (C:\\source\\appraisal-management-backend\\
node_modules\\.pnpm\\raw-body@2.5.3\\node_modules\\raw-body\\index.js:163:17)\n
    at getRawBody (C:\\source\\appraisal-management-backend\\node_modules\\.pnp
m\\raw-body@2.5.3\\node_modules\\raw-body\\index.js:116:12)\n    at read (C:\\s
ource\\appraisal-management-backend\\node_modules\\.pnpm\\body-parser@1.20.4\\n
ode_modules\\body-parser\\lib\\read.js:79:3)\n    at jsonParser (C:\\source\\ap
praisal-management-backend\\node_modules\\.pnpm\\body-parser@1.20.4\\node_modul
es\\body-parser\\lib\\types\\json.js:138:5)\n    at Layer.handle [as 
handle_request] (C:\\source\\appraisal-management-backend\\node_modules\\.pnpm\
\express@4.22.1\\node_modules\\express\\lib\\router\\layer.js:95:5)\n    at 
trim_prefix (C:\\source\\appraisal-management-backend\\node_modules\\.pnpm\\exp
ress@4.22.1\\node_modules\\express\\lib\\router\\index.js:328:13)\n    at C:\\s
ource\\appraisal-management-backend\\node_modules\\.pnpm\\express@4.22.1\\node_
modules\\express\\lib\\router\\index.js:286:9\n    at Function.process_params (
C:\\source\\appraisal-management-backend\\node_modules\\.pnpm\\express@4.22.1\\
node_modules\\express\\lib\\router\\index.js:346:12)\n    at next (C:\\source\\
appraisal-management-backend\\node_modules\\.pnpm\\express@4.22.1\\node_modules
\\express\\lib\\router\\index.js:280:10)\n    at logger (C:\\source\\appraisal-
management-backend\\node_modules\\.pnpm\\morgan@1.10.1\\node_modules\\morgan\\i
ndex.js:144:5)"}
2026-03-11T03:59:41.841Z WARN [App] Request completed with error {"correlationI
d":"beef1ea8-d8c0-4f0f-817b-8efb28af3137","method":"POST","url":"/api/auth/logi
n","statusCode":413,"duration":"112ms"}

[90mstdout[2m | tests/integration/api.test.ts[2m > [22m[2mProduction API Server Integration Tests[2m > [22m[2mError Handling[2m > [22m[2mshould handle large request bodies
[22m[39m2026-03-11T03:59:41.840Z INFO [App] Request completed {"correlationId":"beef1ea8-d8c0-4f0f-817b-8efb28af3137","method":"POST","url":"/api/auth/login","statusCode":413,"duration":"111ms"}
2026-03-11T03:59:41.840Z INFO [App] Request completed {"correlationId":"beef1ea8-d8c0-4f0f-817b-8efb28af3137","method":"POST","url":"/api/auth/login","statusCode":413,"duration":"111ms"}

[90mstdout[2m | tests/integration/performance.test.ts[2m > [22m[2mAPI Performance Tests[2m > [22m[2mLoad Tests[2m > [22m[2mshould handle rapid sequential requests
[22m[39m2026-03-11T03:59:41.848Z INFO [App] Request completed {"correlationId":"528f9358-ce75-4a70-bfcb-8a13ca325da5","method":"GET","url":"/health","statusCode":200,"duration":"49ms"}
2026-03-11T03:59:41.848Z INFO [App] Request completed {"correlationId":"528f9358-ce75-4a70-bfcb-8a13ca325da5","method":"GET","url":"/health","statusCode":200,"duration":"49ms"}

::ffff:127.0.0.1 - - [11/Mar/2026:03:59:41 +0000] "GET /health HTTP/1.1" 200 249 "-" "-"
[90mstdout[2m | tests/integration/api.test.ts[2m > [22m[2mProduction API Server Integration Tests[2m > [22m[2mSecurity Headers[2m > [22m[2mshould include security headers in responses
[22m[39m2026-03-11T03:59:41.854Z INFO [App] Incoming request {"correlationId":"09a1e1aa-e861-4cdc-a47b-2ca3abca775c","method":"GET","url":"/health","ip":"::ffff:127.0.0.1"}

[90mstdout[2m | tests/integration/performance.test.ts[2m > [22m[2mAPI Performance Tests[2m > [22m[2mLoad Tests[2m > [22m[2mshould handle rapid sequential requests
[22m[39m2026-03-11T03:59:41.856Z INFO [App] Incoming request {"correlationId":"60e498cc-3dda-4576-bc6a-77568a92dc72","method":"GET","url":"/health","ip":"::ffff:127.0.0.1"}

[90mstdout[2m | tests/integration/comprehensive-api.test.ts[2m > [22m[2mComprehensive Production API Integration Tests[2m > [22m[2mOrder Management Endpoints (5 endpoints)[2m > [22m[2mGET /api/orders/:id - should retrieve order by ID
[22m[39m2026-03-11T03:59:41.912Z INFO [App] Request completed {"correlationId":"48815c21-2fdf-4b25-b57c-e1768a41e1ca","method":"GET","url":"/api/orders/1773201581676-ua8k2nngr","statusCode":200,"duration":"71ms"}
2026-03-11T03:59:41.912Z INFO [App] Request completed {"correlationId":"48815c21-2fdf-4b25-b57c-e1768a41e1ca","method":"GET","url":"/api/orders/1773201581676-ua8k2nngr","statusCode":200,"duration":"71ms"}

 [32mΓ£ô[39m tests/comprehensive-api.test.ts[2m > [22mAppraisal Management API - Comprehensive Tests[2m > [22mOrder Management Endpoints[2m > [22mshould get orders with filters[33m 303[2mms[22m[39m
 [32mΓ£ô[39m tests/comprehensive-api.test.ts[2m > [22mAppraisal Management API - Comprehensive Tests[2m > [22mOrder Management Endpoints[2m > [22mshould get order by ID[32m 1[2mms[22m[39m
 [32mΓ£ô[39m tests/comprehensive-api.test.ts[2m > [22mAppraisal Management API - Comprehensive Tests[2m > [22mOrder Management Endpoints[2m > [22mshould update order status[32m 1[2mms[22m[39m
::ffff:127.0.0.1 - - [11/Mar/2026:03:59:41 +0000] "GET /api/orders/1773201581676-ua8k2nngr HTTP/1.1" 200 - "-" "-"
[90mstdout[2m | tests/integration/comprehensive-api.test.ts[2m > [22m[2mComprehensive Production API Integration Tests[2m > [22m[2mOrder Management Endpoints (5 endpoints)[2m > [22m[2mGET /api/orders/:id - should retrieve order by ID
[22m[39mΓ£à Order retrieved: COMP-TEST-1773201581651

[90mstdout[2m | tests/integration/comprehensive-api.test.ts[2m > [22m[2mComprehensive Production API Integration Tests[2m > [22m[2mOrder Management Endpoints (5 endpoints)[2m > [22m[2mPUT /api/orders/:id - should update order
[22m[39m2026-03-11T03:59:41.927Z INFO [App] Incoming request {"correlationId":"c1d53f6c-ac1d-4621-92d9-ef26c2237107","method":"PUT","url":"/api/orders/1773201581676-ua8k2nngr","ip":"::ffff:127.0.0.1"}

[90mstdout[2m | tests/integration/performance.test.ts[2m > [22m[2mAPI Performance Tests[2m > [22m[2mLoad Tests[2m > [22m[2mshould handle rapid sequential requests
[22m[39m2026-03-11T03:59:41.927Z INFO [App] Request completed {"correlationId":"60e498cc-3dda-4576-bc6a-77568a92dc72","method":"GET","url":"/health","statusCode":200,"duration":"71ms"}
2026-03-11T03:59:41.928Z INFO [App] Request completed {"correlationId":"60e498cc-3dda-4576-bc6a-77568a92dc72","method":"GET","url":"/health","statusCode":200,"duration":"72ms"}

::ffff:127.0.0.1 - - [11/Mar/2026:03:59:41 +0000] "GET /health HTTP/1.1" 200 249 "-" "-"
[90mstdout[2m | tests/integration/api.test.ts[2m > [22m[2mProduction API Server Integration Tests[2m > [22m[2mSecurity Headers[2m > [22m[2mshould include security headers in responses
[22m[39m2026-03-11T03:59:41.929Z INFO [App] Request completed {"correlationId":"09a1e1aa-e861-4cdc-a47b-2ca3abca775c","method":"GET","url":"/health","statusCode":200,"duration":"75ms"}
2026-03-11T03:59:41.929Z INFO [App] Request completed {"correlationId":"09a1e1aa-e861-4cdc-a47b-2ca3abca775c","method":"GET","url":"/health","statusCode":200,"duration":"75ms"}

::ffff:127.0.0.1 - - [11/Mar/2026:03:59:41 +0000] "GET /health HTTP/1.1" 200 249 "-" "-"
[90mstdout[2m | tests/integration/performance.test.ts[2m > [22m[2mAPI Performance Tests[2m > [22m[2mLoad Tests[2m > [22m[2mshould handle rapid sequential requests
[22m[39m2026-03-11T03:59:41.936Z INFO [App] Incoming request {"correlationId":"5e5e4ec2-03eb-42a9-bb07-16ffd8de5943","method":"GET","url":"/health","ip":"::ffff:127.0.0.1"}

 [32mΓ£ô[39m tests/integration/comprehensive-api.test.ts[2m > [22mComprehensive Production API Integration Tests[2m > [22mOrder Management Endpoints (5 endpoints)[2m > [22mPOST /api/orders - should create new appraisal order[32m 184[2mms[22m[39m
 [32mΓ£ô[39m tests/integration/comprehensive-api.test.ts[2m > [22mComprehensive Production API Integration Tests[2m > [22mOrder Management Endpoints (5 endpoints)[2m > [22mGET /api/orders/:id - should retrieve order by ID[32m 85[2mms[22m[39m
 [32mΓ£ô[39m tests/integration/api.test.ts[2m > [22mProduction API Server Integration Tests[2m > [22mError Handling[2m > [22mshould handle large request bodies[33m 347[2mms[22m[39m
 [32mΓ£ô[39m tests/integration/api.test.ts[2m > [22mProduction API Server Integration Tests[2m > [22mSecurity Headers[2m > [22mshould include security headers in responses[32m 87[2mms[22m[39m
 [32mΓ£ô[39m tests/integration/api.test.ts[2m > [22mProduction API Server Integration Tests[2m > [22mSecurity Headers[2m > [22mshould set CORS headers correctly[32m 9[2mms[22m[39m
[90mstdout[2m | tests/integration/api.test.ts[2m > [22m[2mProduction API Server Integration Tests[2m > [22m[2mPerformance[2m > [22m[2mshould respond to health checks quickly
[22m[39m2026-03-11T03:59:41.950Z INFO [App] Incoming request {"correlationId":"88c4df5d-17a5-4ec4-a89c-0e7babd1da01","method":"GET","url":"/health","ip":"::ffff:127.0.0.1"}

[90mstdout[2m | tests/integration/performance.test.ts[2m > [22m[2mAPI Performance Tests[2m > [22m[2mLoad Tests[2m > [22m[2mshould handle rapid sequential requests
[22m[39m2026-03-11T03:59:41.990Z INFO [App] Request completed {"correlationId":"5e5e4ec2-03eb-42a9-bb07-16ffd8de5943","method":"GET","url":"/health","statusCode":200,"duration":"54ms"}
2026-03-11T03:59:41.990Z INFO [App] Request completed {"correlationId":"5e5e4ec2-03eb-42a9-bb07-16ffd8de5943","method":"GET","url":"/health","statusCode":200,"duration":"54ms"}

::ffff:127.0.0.1 - - [11/Mar/2026:03:59:41 +0000] "GET /health HTTP/1.1" 200 249 "-" "-"
[90mstdout[2m | tests/integration/performance.test.ts[2m > [22m[2mAPI Performance Tests[2m > [22m[2mLoad Tests[2m > [22m[2mshould handle rapid sequential requests
[22m[39m2026-03-11T03:59:41.998Z INFO [App] Incoming request {"correlationId":"b90b505a-1c53-462f-9042-cd075e333ed1","method":"GET","url":"/health","ip":"::ffff:127.0.0.1"}

[90mstdout[2m | tests/integration/api.test.ts[2m > [22m[2mProduction API Server Integration Tests[2m > [22m[2mPerformance[2m > [22m[2mshould respond to health checks quickly
[22m[39m2026-03-11T03:59:42.007Z INFO [App] Request completed {"correlationId":"88c4df5d-17a5-4ec4-a89c-0e7babd1da01","method":"GET","url":"/health","statusCode":200,"duration":"57ms"}
2026-03-11T03:59:42.008Z INFO [App] Request completed {"correlationId":"88c4df5d-17a5-4ec4-a89c-0e7babd1da01","method":"GET","url":"/health","statusCode":200,"duration":"58ms"}

::ffff:127.0.0.1 - - [11/Mar/2026:03:59:42 +0000] "GET /health HTTP/1.1" 200 249 "-" "-"
[90mstderr[2m | tests/integration/comprehensive-api.test.ts[2m > 
[22m[2mComprehensive Production API Integration Tests[2m > [22m[2mOrder 
Management Endpoints (5 endpoints)[2m > [22m[2mPUT /api/orders/:id - should 
update order
[22m[39m2026-03-11T03:59:42.034Z ERROR [App] Failed to create document in 
audit-trail {"error":{}}
2026-03-11T03:59:42.036Z ERROR [App] Failed to log audit event 
{"error":"Database not initialized","action":"order.updated","resource":{"type"
:"order","id":"1773201581676-ua8k2nngr"}}

[90mstdout[2m | tests/integration/comprehensive-api.test.ts[2m > [22m[2mComprehensive Production API Integration Tests[2m > [22m[2mOrder Management Endpoints (5 endpoints)[2m > [22m[2mPUT /api/orders/:id - should update order
[22m[39m2026-03-11T03:59:42.034Z INFO [App] Request completed {"correlationId":"c1d53f6c-ac1d-4621-92d9-ef26c2237107","method":"PUT","url":"/api/orders/1773201581676-ua8k2nngr","statusCode":200,"duration":"107ms"}
2026-03-11T03:59:42.034Z INFO [App] Request completed {"correlationId":"c1d53f6c-ac1d-4621-92d9-ef26c2237107","method":"PUT","url":"/api/orders/1773201581676-ua8k2nngr","statusCode":200,"duration":"107ms"}

[90mstdout[2m | tests/comprehensive-api.test.ts[2m > [22m[2mAppraisal Management API - Comprehensive Tests[2m > [22m[2mProperty Intelligence Endpoints[2m > [22m[2mshould geocode an address
[22m[39m2026-03-11T03:59:42.035Z INFO [App] Request completed {"correlationId":"cb92e02c-dfdc-4cd4-842f-ac4b86cf733c","method":"POST","url":"/api/property-intelligence/address/geocode","statusCode":200,"duration":"224ms"}
2026-03-11T03:59:42.035Z INFO [App] Request completed {"correlationId":"cb92e02c-dfdc-4cd4-842f-ac4b86cf733c","method":"POST","url":"/api/property-intelligence/address/geocode","statusCode":200,"duration":"224ms"}

::ffff:127.0.0.1 - - [11/Mar/2026:03:59:42 +0000] "PUT /api/orders/1773201581676-ua8k2nngr HTTP/1.1" 200 - "-" "-"
::ffff:127.0.0.1 - - [11/Mar/2026:03:59:42 +0000] "POST /api/property-intelligence/address/geocode HTTP/1.1" 200 736 "-" "-"
[90mstdout[2m | tests/integration/comprehensive-api.test.ts[2m > [22m[2mComprehensive Production API Integration Tests[2m > [22m[2mOrder Management Endpoints (5 endpoints)[2m > [22m[2mPUT /api/orders/:id - should update order
[22m[39mΓ£à Order updated successfully

[90mstdout[2m | tests/comprehensive-api.test.ts[2m > [22m[2mAppraisal Management API - Comprehensive Tests[2m > [22m[2mProperty Intelligence Endpoints[2m > [22m[2mshould validate an address
[22m[39m2026-03-11T03:59:42.051Z INFO [App] Incoming request {"correlationId":"7dae5c47-bf3e-4a65-9855-974812200a5a","method":"POST","url":"/api/property-intelligence/address/validate","ip":"::ffff:127.0.0.1"}

[90mstdout[2m | tests/integration/performance.test.ts[2m > [22m[2mAPI Performance Tests[2m > [22m[2mLoad Tests[2m > [22m[2mshould handle rapid sequential requests
[22m[39m2026-03-11T03:59:42.051Z INFO [App] Request completed {"correlationId":"b90b505a-1c53-462f-9042-cd075e333ed1","method":"GET","url":"/health","statusCode":200,"duration":"53ms"}
2026-03-11T03:59:42.051Z INFO [App] Request completed {"correlationId":"b90b505a-1c53-462f-9042-cd075e333ed1","method":"GET","url":"/health","statusCode":200,"duration":"53ms"}

::ffff:127.0.0.1 - - [11/Mar/2026:03:59:42 +0000] "GET /health HTTP/1.1" 200 249 "-" "-"
[90mstdout[2m | tests/integration/comprehensive-api.test.ts[2m > [22m[2mComprehensive Production API Integration Tests[2m > [22m[2mOrder Management Endpoints (5 endpoints)[2m > [22m[2mGET /api/orders - should list orders with filters
[22m[39m2026-03-11T03:59:42.056Z INFO [App] Incoming request {"correlationId":"6af7162c-d383-4ec5-8ab9-4a80448e3236","method":"GET","url":"/api/orders?status=PENDING_ASSIGNMENT&limit=10","ip":"::ffff:127.0.0.1"}

[90mstdout[2m | tests/integration/api.test.ts[2m > [22m[2mProduction API Server Integration Tests[2m > [22m[2mPerformance[2m > [22m[2mshould handle concurrent requests
[22m[39m2026-03-11T03:59:42.056Z INFO [App] Incoming request {"correlationId":"1dae3178-083e-4cb6-9f4b-4c01662f6ade","method":"GET","url":"/health","ip":"::ffff:127.0.0.1"}

[90mstdout[2m | tests/integration/api.test.ts[2m > [22m[2mProduction API Server Integration Tests[2m > [22m[2mPerformance[2m > [22m[2mshould handle concurrent requests
[22m[39m2026-03-11T03:59:42.059Z INFO [App] Incoming request {"correlationId":"1018f637-ffb8-4551-91ac-aedfd2a482ad","method":"GET","url":"/health","ip":"::ffff:127.0.0.1"}

[90mstdout[2m | tests/integration/performance.test.ts[2m > [22m[2mAPI Performance Tests[2m > [22m[2mLoad Tests[2m > [22m[2mshould handle rapid sequential requests
[22m[39m2026-03-11T03:59:42.060Z INFO [App] Incoming request {"correlationId":"1cccd343-600c-4907-aac2-c6e7fd0e1384","method":"GET","url":"/health","ip":"::ffff:127.0.0.1"}

[90mstdout[2m | tests/integration/api.test.ts[2m > [22m[2mProduction API Server Integration Tests[2m > [22m[2mPerformance[2m > [22m[2mshould handle concurrent requests
[22m[39m2026-03-11T03:59:42.062Z INFO [App] Incoming request {"correlationId":"d667b250-d5de-4a3c-95e5-e40bb82c0870","method":"GET","url":"/health","ip":"::ffff:127.0.0.1"}

[90mstdout[2m | tests/integration/api.test.ts[2m > [22m[2mProduction API Server Integration Tests[2m > [22m[2mPerformance[2m > [22m[2mshould handle concurrent requests
[22m[39m2026-03-11T03:59:42.068Z INFO [App] Incoming request {"correlationId":"014505db-92b8-4025-91dc-7ac838bf5dd9","method":"GET","url":"/health","ip":"::ffff:127.0.0.1"}

[90mstdout[2m | tests/integration/production-api.test.ts[2m > [22m[2mProduction API Integration Tests[2m > [22m[2mVendor Management Workflow[2m > [22m[2mshould get vendor performance metrics
[22m[39m2026-03-11T03:59:42.072Z INFO [App] Request completed {"correlationId":"934fdbc9-c982-4373-a55a-8f6b1243bad7","method":"GET","url":"/api/vendors/performance/1773201581255-ygn3gnpl9","statusCode":200,"duration":"396ms"}
2026-03-11T03:59:42.072Z INFO [App] Request completed {"correlationId":"934fdbc9-c982-4373-a55a-8f6b1243bad7","method":"GET","url":"/api/vendors/performance/1773201581255-ygn3gnpl9","statusCode":200,"duration":"396ms"}

::ffff:127.0.0.1 - - [11/Mar/2026:03:59:42 +0000] "GET /api/vendors/performance/1773201581255-ygn3gnpl9 HTTP/1.1" 200 179 "-" "-"
[90mstdout[2m | tests/integration/api.test.ts[2m > [22m[2mProduction API Server Integration Tests[2m > [22m[2mPerformance[2m > [22m[2mshould handle concurrent requests
[22m[39m2026-03-11T03:59:42.074Z INFO [App] Incoming request {"correlationId":"ad4d6cc0-2230-46df-8246-0b939173ed0b","method":"GET","url":"/health","ip":"::ffff:127.0.0.1"}

[90mstdout[2m | tests/integration/production-api.test.ts[2m > [22m[2mProduction API Integration Tests[2m > [22m[2mVendor Management Workflow[2m > [22m[2mshould get vendor performance metrics
[22m[39mΓ£à Retrieved vendor performance data (status: 200)

[90mstdout[2m | tests/integration/api.test.ts[2m > [22m[2mProduction API Server Integration Tests[2m > [22m[2mPerformance[2m > [22m[2mshould handle concurrent requests
[22m[39m2026-03-11T03:59:42.080Z INFO [App] Incoming request {"correlationId":"e37c0d68-7924-4a64-a66b-ebfb438d0040","method":"GET","url":"/health","ip":"::ffff:127.0.0.1"}

[90mstdout[2m | tests/integration/production-api.test.ts[2m > [22m[2mProduction API Integration Tests[2m > [22m[2mVendor Management Workflow[2m > [22m[2mshould list all vendors
[22m[39m2026-03-11T03:59:42.085Z INFO [App] Incoming request {"correlationId":"300e6111-0735-4f43-8c7d-9162c6aca1cb","method":"GET","url":"/api/vendors?limit=10","ip":"::ffff:127.0.0.1"}

[90mstdout[2m | tests/integration/api.test.ts[2m > [22m[2mProduction API Server Integration Tests[2m > [22m[2mPerformance[2m > [22m[2mshould handle concurrent requests
[22m[39m2026-03-11T03:59:42.088Z INFO [App] Incoming request {"correlationId":"bc686e27-f7c6-4f09-88a4-1c48bd7ccefc","method":"GET","url":"/health","ip":"::ffff:127.0.0.1"}

[90mstdout[2m | tests/integration/api.test.ts[2m > [22m[2mProduction API Server Integration Tests[2m > [22m[2mPerformance[2m > [22m[2mshould handle concurrent requests
[22m[39m2026-03-11T03:59:42.093Z INFO [App] Incoming request {"correlationId":"83cc8f77-cb4d-48f7-ae6b-642c98e85692","method":"GET","url":"/health","ip":"::ffff:127.0.0.1"}

[90mstdout[2m | tests/integration/api.test.ts[2m > [22m[2mProduction API Server Integration Tests[2m > [22m[2mPerformance[2m > [22m[2mshould handle concurrent requests
[22m[39m2026-03-11T03:59:42.101Z INFO [App] Incoming request {"correlationId":"f514d551-90e7-4f5f-9a06-20febaf44eb1","method":"GET","url":"/health","ip":"::ffff:127.0.0.1"}

[90mstdout[2m | tests/integration/api.test.ts[2m > [22m[2mProduction API Server Integration Tests[2m > [22m[2mPerformance[2m > [22m[2mshould handle concurrent requests
[22m[39m2026-03-11T03:59:42.107Z INFO [App] Incoming request {"correlationId":"7d88035a-3f1e-402a-890b-5f7d3d72af14","method":"GET","url":"/health","ip":"::ffff:127.0.0.1"}

 [32mΓ£ô[39m tests/integration/api.test.ts[2m > [22mProduction API Server Integration Tests[2m > [22mPerformance[2m > [22mshould respond to health checks quickly[32m 69[2mms[22m[39m
[90mstdout[2m | tests/integration/performance.test.ts[2m > [22m[2mAPI Performance Tests[2m > [22m[2mLoad Tests[2m > [22m[2mshould handle rapid sequential requests
[22m[39m2026-03-11T03:59:42.119Z INFO [App] Request completed {"correlationId":"1cccd343-600c-4907-aac2-c6e7fd0e1384","method":"GET","url":"/health","statusCode":200,"duration":"59ms"}
2026-03-11T03:59:42.119Z INFO [App] Request completed {"correlationId":"1cccd343-600c-4907-aac2-c6e7fd0e1384","method":"GET","url":"/health","statusCode":200,"duration":"59ms"}

::ffff:127.0.0.1 - - [11/Mar/2026:03:59:42 +0000] "GET /health HTTP/1.1" 200 249 "-" "-"
[90mstdout[2m | tests/integration/performance.test.ts[2m > [22m[2mAPI Performance Tests[2m > [22m[2mLoad Tests[2m > [22m[2mshould handle rapid sequential requests
[22m[39m2026-03-11T03:59:42.127Z INFO [App] Incoming request {"correlationId":"b23cb650-117f-4cda-8b18-b8ff96e530bf","method":"GET","url":"/health","ip":"::ffff:127.0.0.1"}

[90mstdout[2m | tests/integration/api.test.ts[2m > [22m[2mProduction API Server Integration Tests[2m > [22m[2mPerformance[2m > [22m[2mshould handle concurrent requests
[22m[39m2026-03-11T03:59:42.126Z INFO [App] Request completed {"correlationId":"1dae3178-083e-4cb6-9f4b-4c01662f6ade","method":"GET","url":"/health","statusCode":200,"duration":"70ms"}
2026-03-11T03:59:42.126Z INFO [App] Request completed {"correlationId":"1dae3178-083e-4cb6-9f4b-4c01662f6ade","method":"GET","url":"/health","statusCode":200,"duration":"70ms"}

::ffff:127.0.0.1 - - [11/Mar/2026:03:59:42 +0000] "GET /health HTTP/1.1" 200 249 "-" "-"
 [32mΓ£ô[39m tests/comprehensive-api.test.ts[2m > [22mAppraisal Management API - Comprehensive Tests[2m > [22mProperty Intelligence Endpoints[2m > [22mshould geocode an address[32m 239[2mms[22m[39m
[90mstdout[2m | tests/integration/api.test.ts[2m > [22m[2mProduction API Server Integration Tests[2m > [22m[2mPerformance[2m > [22m[2mshould handle concurrent requests
[22m[39m2026-03-11T03:59:42.153Z INFO [App] Request completed {"correlationId":"1018f637-ffb8-4551-91ac-aedfd2a482ad","method":"GET","url":"/health","statusCode":200,"duration":"94ms"}
2026-03-11T03:59:42.153Z INFO [App] Request completed {"correlationId":"1018f637-ffb8-4551-91ac-aedfd2a482ad","method":"GET","url":"/health","statusCode":200,"duration":"94ms"}

::ffff:127.0.0.1 - - [11/Mar/2026:03:59:42 +0000] "GET /health HTTP/1.1" 200 249 "-" "-"
 [32mΓ£ô[39m tests/integration/comprehensive-api.test.ts[2m > [22mComprehensive Production API Integration Tests[2m > [22mOrder Management Endpoints (5 endpoints)[2m > [22mPUT /api/orders/:id - should update order[32m 126[2mms[22m[39m
[90mstdout[2m | tests/comprehensive-api.test.ts[2m > [22m[2mAppraisal Management API - Comprehensive Tests[2m > [22m[2mProperty Intelligence Endpoints[2m > [22m[2mshould validate an address
[22m[39m2026-03-11T03:59:42.157Z INFO [App] Request completed {"correlationId":"7dae5c47-bf3e-4a65-9855-974812200a5a","method":"POST","url":"/api/property-intelligence/address/validate","statusCode":200,"duration":"107ms"}
2026-03-11T03:59:42.157Z INFO [App] Request completed {"correlationId":"7dae5c47-bf3e-4a65-9855-974812200a5a","method":"POST","url":"/api/property-intelligence/address/validate","statusCode":200,"duration":"107ms"}

::ffff:127.0.0.1 - - [11/Mar/2026:03:59:42 +0000] "POST /api/property-intelligence/address/validate HTTP/1.1" 200 641 "-" "-"
[90mstdout[2m | tests/comprehensive-api.test.ts[2m > [22m[2mAppraisal Management API - Comprehensive Tests[2m > [22m[2mProperty Intelligence Endpoints[2m > [22m[2mshould perform comprehensive property analysis
[22m[39m2026-03-11T03:59:42.168Z INFO [App] Incoming request {"correlationId":"07a50d59-f429-4b04-b436-37ee41762093","method":"POST","url":"/api/property-intelligence/analyze/comprehensive","ip":"::ffff:127.0.0.1"}

[90mstdout[2m | tests/comprehensive-api.test.ts[2m > [22m[2mAppraisal Management API - Comprehensive Tests[2m > [22m[2mProperty Intelligence Endpoints[2m > [22m[2mshould perform comprehensive property analysis
[22m[39m2026-03-11T03:59:42.174Z INFO [App] Starting comprehensive property analysis {"coordinates":{"latitude":37.4224764,"longitude":-122.0842499},"strategy":"quality_first"}

[90mstderr[2m | tests/comprehensive-api.test.ts[2m > [22m[2mAppraisal 
Management API - Comprehensive Tests[2m > [22m[2mProperty Intelligence 
Endpoints[2m > [22m[2mshould perform comprehensive property analysis
[22m[39m2026-03-11T03:59:42.177Z ERROR [App] Azure Maps analysis failed {"err
or":{},"coordinates":{"latitude":37.4224764,"longitude":-122.0842499},"analysis
Type":"demographics"}

[90mstdout[2m | tests/comprehensive-api.test.ts[2m > [22m[2mAppraisal Management API - Comprehensive Tests[2m > [22m[2mProperty Intelligence Endpoints[2m > [22m[2mshould perform comprehensive property analysis
[22m[39m2026-03-11T03:59:42.175Z INFO [App] Starting comprehensive property analysis {"coordinates":{"latitude":37.4224764,"longitude":-122.0842499},"strategy":"quality_first","enabledProviders":["google","azure","openstreetmap"]}

[90mstderr[2m | tests/comprehensive-api.test.ts[2m > [22m[2mAppraisal 
Management API - Comprehensive Tests[2m > [22m[2mProperty Intelligence 
Endpoints[2m > [22m[2mshould perform comprehensive property analysis
[22m[39m2026-03-11T03:59:42.178Z ERROR [App] Provider azure failed for 
demographics {"error":{}}

[90mstderr[2m | tests/comprehensive-api.test.ts[2m > [22m[2mAppraisal 
Management API - Comprehensive Tests[2m > [22m[2mProperty Intelligence 
Endpoints[2m > [22m[2mshould perform comprehensive property analysis
[22m[39m2026-03-11T03:59:42.179Z WARN [App] Analysis step 1 failed 
{"error":{}}
2026-03-11T03:59:42.179Z WARN [App] Analysis step 2 failed {"error":{}}
2026-03-11T03:59:42.179Z WARN [App] Analysis step 3 failed {"error":{}}
2026-03-11T03:59:42.179Z WARN [App] Analysis step 4 failed {"error":{}}
2026-03-11T03:59:42.179Z WARN [App] Analysis step 5 failed {"error":{}}

[90mstdout[2m | tests/comprehensive-api.test.ts[2m > [22m[2mAppraisal Management API - Comprehensive Tests[2m > [22m[2mProperty Intelligence Endpoints[2m > [22m[2mshould perform comprehensive property analysis
[22m[39m2026-03-11T03:59:42.180Z INFO [App] Request completed {"correlationId":"07a50d59-f429-4b04-b436-37ee41762093","method":"POST","url":"/api/property-intelligence/analyze/comprehensive","statusCode":200,"duration":"12ms"}
2026-03-11T03:59:42.181Z INFO [App] Request completed {"correlationId":"07a50d59-f429-4b04-b436-37ee41762093","method":"POST","url":"/api/property-intelligence/analyze/comprehensive","statusCode":200,"duration":"13ms"}

[90mstdout[2m | tests/integration/performance.test.ts[2m > [22m[2mAPI Performance Tests[2m > [22m[2mLoad Tests[2m > [22m[2mshould handle rapid sequential requests
[22m[39m2026-03-11T03:59:42.182Z INFO [App] Request completed {"correlationId":"b23cb650-117f-4cda-8b18-b8ff96e530bf","method":"GET","url":"/health","statusCode":200,"duration":"55ms"}
2026-03-11T03:59:42.182Z INFO [App] Request completed {"correlationId":"b23cb650-117f-4cda-8b18-b8ff96e530bf","method":"GET","url":"/health","statusCode":200,"duration":"55ms"}

::ffff:127.0.0.1 - - [11/Mar/2026:03:59:42 +0000] "GET /health HTTP/1.1" 200 249 "-" "-"
::ffff:127.0.0.1 - - [11/Mar/2026:03:59:42 +0000] "POST /api/property-intelligence/analyze/comprehensive HTTP/1.1" 200 - "-" "-"
 [32mΓ£ô[39m tests/integration/production-api.test.ts[2m > [22mProduction API Integration Tests[2m > [22mVendor Management Workflow[2m > [22mshould get vendor performance metrics[33m 408[2mms[22m[39m
[90mstdout[2m | tests/integration/performance.test.ts[2m > [22m[2mAPI Performance Tests[2m > [22m[2mLoad Tests[2m > [22m[2mshould handle rapid sequential requests
[22m[39m2026-03-11T03:59:42.189Z INFO [App] Incoming request {"correlationId":"8970ca73-73fe-4da2-b7b1-7b3acf3dbf5d","method":"GET","url":"/health","ip":"::ffff:127.0.0.1"}

[90mstdout[2m | tests/integration/comprehensive-api.test.ts[2m > [22m[2mComprehensive Production API Integration Tests[2m > [22m[2mOrder Management Endpoints (5 endpoints)[2m > [22m[2mGET /api/orders - should list orders with filters
[22m[39m2026-03-11T03:59:42.191Z INFO [App] Request completed {"correlationId":"6af7162c-d383-4ec5-8ab9-4a80448e3236","method":"GET","url":"/api/orders?status=PENDING_ASSIGNMENT&limit=10","statusCode":200,"duration":"135ms"}
2026-03-11T03:59:42.192Z INFO [App] Request completed {"correlationId":"6af7162c-d383-4ec5-8ab9-4a80448e3236","method":"GET","url":"/api/orders?status=PENDING_ASSIGNMENT&limit=10","statusCode":200,"duration":"136ms"}

::ffff:127.0.0.1 - - [11/Mar/2026:03:59:42 +0000] "GET /api/orders?status=PENDING_ASSIGNMENT&limit=10 HTTP/1.1" 200 - "-" "-"
[90mstdout[2m | tests/integration/comprehensive-api.test.ts[2m > [22m[2mComprehensive Production API Integration Tests[2m > [22m[2mOrder Management Endpoints (5 endpoints)[2m > [22m[2mGET /api/orders - should list orders with filters
[22m[39mΓ£à Orders listed successfully

[90mstdout[2m | tests/comprehensive-api.test.ts[2m > [22m[2mAppraisal Management API - Comprehensive Tests[2m > [22m[2mProperty Intelligence Endpoints[2m > [22m[2mshould perform creative feature analysis
[22m[39m2026-03-11T03:59:42.201Z INFO [App] Incoming request {"correlationId":"e163f6b5-d5f7-4f7c-977b-296856619c76","method":"POST","url":"/api/property-intelligence/analyze/creative","ip":"::ffff:127.0.0.1"}

[90mstdout[2m | tests/integration/comprehensive-api.test.ts[2m > [22m[2mComprehensive Production API Integration Tests[2m > [22m[2mOrder Management Endpoints (5 endpoints)[2m > [22m[2mDELETE /api/orders/:id - should soft delete order
[22m[39m2026-03-11T03:59:42.204Z INFO [App] Incoming request {"correlationId":"f64dcd27-0704-4f39-87ca-899a8ff172c9","method":"DELETE","url":"/api/orders/1773201581676-ua8k2nngr?clientId=test-client-1773201575693","ip":"::ffff:127.0.0.1"}

[90mstdout[2m | tests/integration/comprehensive-api.test.ts[2m > [22m[2mComprehensive Production API Integration Tests[2m > [22m[2mOrder Management Endpoints (5 endpoints)[2m > [22m[2mDELETE /api/orders/:id - should soft delete order
[22m[39m2026-03-11T03:59:42.210Z INFO [App] Request completed {"correlationId":"f64dcd27-0704-4f39-87ca-899a8ff172c9","method":"DELETE","url":"/api/orders/1773201581676-ua8k2nngr?clientId=test-client-1773201575693","statusCode":404,"duration":"6ms"}
2026-03-11T03:59:42.210Z INFO [App] Request completed {"correlationId":"f64dcd27-0704-4f39-87ca-899a8ff172c9","method":"DELETE","url":"/api/orders/1773201581676-ua8k2nngr?clientId=test-client-1773201575693","statusCode":404,"duration":"6ms"}

::ffff:127.0.0.1 - - [11/Mar/2026:03:59:42 +0000] "DELETE /api/orders/1773201581676-ua8k2nngr?clientId=test-client-1773201575693 HTTP/1.1" 404 138 "-" "-"
[90mstderr[2m | tests/integration/comprehensive-api.test.ts[2m > 
[22m[2mComprehensive Production API Integration Tests[2m > [22m[2mOrder 
Management Endpoints (5 endpoints)[2m > [22m[2mDELETE /api/orders/:id - 
should soft delete order
[22m[39m2026-03-11T03:59:42.211Z WARN [App] Request completed with error {"co
rrelationId":"f64dcd27-0704-4f39-87ca-899a8ff172c9","method":"DELETE","url":"/a
pi/orders/1773201581676-ua8k2nngr?clientId=test-client-1773201575693","statusCo
de":404,"duration":"7ms"}

[90mstdout[2m | tests/comprehensive-api.test.ts[2m > [22m[2mAppraisal Management API - Comprehensive Tests[2m > [22m[2mProperty Intelligence Endpoints[2m > [22m[2mshould perform creative feature analysis
[22m[39m2026-03-11T03:59:42.211Z INFO [App] Request completed {"correlationId":"e163f6b5-d5f7-4f7c-977b-296856619c76","method":"POST","url":"/api/property-intelligence/analyze/creative","statusCode":200,"duration":"10ms"}
2026-03-11T03:59:42.211Z INFO [App] Request completed {"correlationId":"e163f6b5-d5f7-4f7c-977b-296856619c76","method":"POST","url":"/api/property-intelligence/analyze/creative","statusCode":200,"duration":"10ms"}

::ffff:127.0.0.1 - - [11/Mar/2026:03:59:42 +0000] "POST /api/property-intelligence/analyze/creative HTTP/1.1" 200 - "-" "-"
[90mstdout[2m | tests/integration/comprehensive-api.test.ts[2m > [22m[2mComprehensive Production API Integration Tests[2m > [22m[2mOrder Management Endpoints (5 endpoints)[2m > [22m[2mDELETE /api/orders/:id - should soft delete order
[22m[39mΓ£à Order deletion processed (status: 404)

[90mstdout[2m | tests/comprehensive-api.test.ts[2m > [22m[2mAppraisal Management API - Comprehensive Tests[2m > [22m[2mProperty Intelligence Endpoints[2m > [22m[2mshould perform view analysis
[22m[39m2026-03-11T03:59:42.225Z INFO [App] Incoming request {"correlationId":"cd3dd08d-ad3e-4276-89df-d7aa039af2a4","method":"POST","url":"/api/property-intelligence/analyze/view","ip":"::ffff:127.0.0.1"}

[90mstdout[2m | tests/integration/comprehensive-api.test.ts[2m > [22m[2mComprehensive Production API Integration Tests[2m > [22m[2mVendor Management Endpoints (6 endpoints)[2m > [22m[2mPOST /api/vendors - should create new vendor
[22m[39m2026-03-11T03:59:42.226Z INFO [App] Incoming request {"correlationId":"cee3e5e2-2dc0-4125-bfcb-318969e752ab","method":"POST","url":"/api/vendors","ip":"::ffff:127.0.0.1"}

[90mstdout[2m | tests/integration/performance.test.ts[2m > [22m[2mAPI Performance Tests[2m > [22m[2mLoad Tests[2m > [22m[2mshould handle rapid sequential requests
[22m[39m2026-03-11T03:59:42.251Z INFO [App] Request completed {"correlationId":"8970ca73-73fe-4da2-b7b1-7b3acf3dbf5d","method":"GET","url":"/health","statusCode":200,"duration":"62ms"}
2026-03-11T03:59:42.251Z INFO [App] Request completed {"correlationId":"8970ca73-73fe-4da2-b7b1-7b3acf3dbf5d","method":"GET","url":"/health","statusCode":200,"duration":"62ms"}

::ffff:127.0.0.1 - - [11/Mar/2026:03:59:42 +0000] "GET /health HTTP/1.1" 200 249 "-" "-"
[90mstdout[2m | tests/integration/performance.test.ts[2m > [22m[2mAPI Performance Tests[2m > [22m[2mLoad Tests[2m > [22m[2mshould handle rapid sequential requests
[22m[39m2026-03-11T03:59:42.259Z INFO [App] Incoming request {"correlationId":"36bfcb2a-0e6e-4e86-9580-8dea1d1968e1","method":"GET","url":"/health","ip":"::ffff:127.0.0.1"}

 [32mΓ£ô[39m tests/comprehensive-api.test.ts[2m > [22mAppraisal Management API - Comprehensive Tests[2m > [22mProperty Intelligence Endpoints[2m > [22mshould validate an address[32m 118[2mms[22m[39m
 [32mΓ£ô[39m tests/comprehensive-api.test.ts[2m > [22mAppraisal Management API - Comprehensive Tests[2m > [22mProperty Intelligence Endpoints[2m > [22mshould perform comprehensive property analysis[32m 31[2mms[22m[39m
 [32mΓ£ô[39m tests/comprehensive-api.test.ts[2m > [22mAppraisal Management API - Comprehensive Tests[2m > [22mProperty Intelligence Endpoints[2m > [22mshould perform creative feature analysis[32m 26[2mms[22m[39m
[90mstdout[2m | tests/integration/api.test.ts[2m > [22m[2mProduction API Server Integration Tests[2m > [22m[2mPerformance[2m > [22m[2mshould handle concurrent requests
[22m[39m2026-03-11T03:59:42.291Z INFO [App] Request completed {"correlationId":"bc686e27-f7c6-4f09-88a4-1c48bd7ccefc","method":"GET","url":"/health","statusCode":200,"duration":"203ms"}
2026-03-11T03:59:42.291Z INFO [App] Request completed {"correlationId":"bc686e27-f7c6-4f09-88a4-1c48bd7ccefc","method":"GET","url":"/health","statusCode":200,"duration":"203ms"}

::ffff:127.0.0.1 - - [11/Mar/2026:03:59:42 +0000] "GET /health HTTP/1.1" 200 250 "-" "-"
 [32mΓ£ô[39m tests/integration/comprehensive-api.test.ts[2m > [22mComprehensive Production API Integration Tests[2m > [22mOrder Management Endpoints (5 endpoints)[2m > [22mGET /api/orders - should list orders with filters[32m 153[2mms[22m[39m
 [32mΓ£ô[39m tests/integration/comprehensive-api.test.ts[2m > [22mComprehensive Production API Integration Tests[2m > [22mOrder Management Endpoints (5 endpoints)[2m > [22mDELETE /api/orders/:id - should soft delete order[32m 22[2mms[22m[39m
[90mstdout[2m | tests/integration/api.test.ts[2m > [22m[2mProduction API Server Integration Tests[2m > [22m[2mPerformance[2m > [22m[2mshould handle concurrent requests
[22m[39m2026-03-11T03:59:42.310Z INFO [App] Request completed {"correlationId":"e37c0d68-7924-4a64-a66b-ebfb438d0040","method":"GET","url":"/health","statusCode":200,"duration":"230ms"}
2026-03-11T03:59:42.310Z INFO [App] Request completed {"correlationId":"e37c0d68-7924-4a64-a66b-ebfb438d0040","method":"GET","url":"/health","statusCode":200,"duration":"230ms"}

::ffff:127.0.0.1 - - [11/Mar/2026:03:59:42 +0000] "GET /health HTTP/1.1" 200 250 "-" "-"
[90mstdout[2m | tests/integration/api.test.ts[2m > [22m[2mProduction API Server Integration Tests[2m > [22m[2mPerformance[2m > [22m[2mshould handle concurrent requests
[22m[39m2026-03-11T03:59:42.313Z INFO [App] Request completed {"correlationId":"014505db-92b8-4025-91dc-7ac838bf5dd9","method":"GET","url":"/health","statusCode":200,"duration":"245ms"}
2026-03-11T03:59:42.313Z INFO [App] Request completed {"correlationId":"014505db-92b8-4025-91dc-7ac838bf5dd9","method":"GET","url":"/health","statusCode":200,"duration":"245ms"}

::ffff:127.0.0.1 - - [11/Mar/2026:03:59:42 +0000] "GET /health HTTP/1.1" 200 250 "-" "-"
[90mstdout[2m | tests/integration/performance.test.ts[2m > [22m[2mAPI Performance Tests[2m > [22m[2mLoad Tests[2m > [22m[2mshould handle rapid sequential requests
[22m[39m2026-03-11T03:59:42.320Z INFO [App] Request completed {"correlationId":"36bfcb2a-0e6e-4e86-9580-8dea1d1968e1","method":"GET","url":"/health","statusCode":200,"duration":"61ms"}
2026-03-11T03:59:42.320Z INFO [App] Request completed {"correlationId":"36bfcb2a-0e6e-4e86-9580-8dea1d1968e1","method":"GET","url":"/health","statusCode":200,"duration":"61ms"}

::ffff:127.0.0.1 - - [11/Mar/2026:03:59:42 +0000] "GET /health HTTP/1.1" 200 249 "-" "-"
[90mstdout[2m | tests/integration/api.test.ts[2m > [22m[2mProduction API Server Integration Tests[2m > [22m[2mPerformance[2m > [22m[2mshould handle concurrent requests
[22m[39m2026-03-11T03:59:42.320Z INFO [App] Request completed {"correlationId":"d667b250-d5de-4a3c-95e5-e40bb82c0870","method":"GET","url":"/health","statusCode":200,"duration":"258ms"}
2026-03-11T03:59:42.321Z INFO [App] Request completed {"correlationId":"d667b250-d5de-4a3c-95e5-e40bb82c0870","method":"GET","url":"/health","statusCode":200,"duration":"259ms"}

::ffff:127.0.0.1 - - [11/Mar/2026:03:59:42 +0000] "GET /health HTTP/1.1" 200 250 "-" "-"
[90mstdout[2m | tests/integration/performance.test.ts[2m > [22m[2mAPI Performance Tests[2m > [22m[2mLoad Tests[2m > [22m[2mshould handle rapid sequential requests
[22m[39m2026-03-11T03:59:42.328Z INFO [App] Incoming request {"correlationId":"8bfedc3d-0414-4292-83e9-479ae38da9ab","method":"GET","url":"/health","ip":"::ffff:127.0.0.1"}

[90mstdout[2m | tests/integration/api.test.ts[2m > [22m[2mProduction API Server Integration Tests[2m > [22m[2mPerformance[2m > [22m[2mshould handle concurrent requests
[22m[39m2026-03-11T03:59:42.339Z INFO [App] Request completed {"correlationId":"83cc8f77-cb4d-48f7-ae6b-642c98e85692","method":"GET","url":"/health","statusCode":200,"duration":"246ms"}
2026-03-11T03:59:42.339Z INFO [App] Request completed {"correlationId":"83cc8f77-cb4d-48f7-ae6b-642c98e85692","method":"GET","url":"/health","statusCode":200,"duration":"246ms"}

::ffff:127.0.0.1 - - [11/Mar/2026:03:59:42 +0000] "GET /health HTTP/1.1" 200 250 "-" "-"
[90mstdout[2m | tests/integration/api.test.ts[2m > [22m[2mProduction API Server Integration Tests[2m > [22m[2mPerformance[2m > [22m[2mshould handle concurrent requests
[22m[39m2026-03-11T03:59:42.344Z INFO [App] Request completed {"correlationId":"ad4d6cc0-2230-46df-8246-0b939173ed0b","method":"GET","url":"/health","statusCode":200,"duration":"270ms"}
2026-03-11T03:59:42.344Z INFO [App] Request completed {"correlationId":"ad4d6cc0-2230-46df-8246-0b939173ed0b","method":"GET","url":"/health","statusCode":200,"duration":"270ms"}

::ffff:127.0.0.1 - - [11/Mar/2026:03:59:42 +0000] "GET /health HTTP/1.1" 200 250 "-" "-"
[90mstdout[2m | tests/integration/api.test.ts[2m > [22m[2mProduction API Server Integration Tests[2m > [22m[2mPerformance[2m > [22m[2mshould handle concurrent requests
[22m[39m2026-03-11T03:59:42.361Z INFO [App] Request completed {"correlationId":"7d88035a-3f1e-402a-890b-5f7d3d72af14","method":"GET","url":"/health","statusCode":200,"duration":"254ms"}
2026-03-11T03:59:42.362Z INFO [App] Request completed {"correlationId":"7d88035a-3f1e-402a-890b-5f7d3d72af14","method":"GET","url":"/health","statusCode":200,"duration":"255ms"}

::ffff:127.0.0.1 - - [11/Mar/2026:03:59:42 +0000] "GET /health HTTP/1.1" 200 250 "-" "-"
[90mstdout[2m | tests/integration/api.test.ts[2m > [22m[2mProduction API Server Integration Tests[2m > [22m[2mPerformance[2m > [22m[2mshould handle concurrent requests
[22m[39m2026-03-11T03:59:42.369Z INFO [App] Request completed {"correlationId":"f514d551-90e7-4f5f-9a06-20febaf44eb1","method":"GET","url":"/health","statusCode":200,"duration":"268ms"}
2026-03-11T03:59:42.370Z INFO [App] Request completed {"correlationId":"f514d551-90e7-4f5f-9a06-20febaf44eb1","method":"GET","url":"/health","statusCode":200,"duration":"269ms"}

::ffff:127.0.0.1 - - [11/Mar/2026:03:59:42 +0000] "GET /health HTTP/1.1" 200 250 "-" "-"
[90mstdout[2m | tests/integration/api.test.ts
[22m[39m≡ƒº╣ Cleaning up test environment...
Γ£à Test cleanup complete

 [32mΓ£ô[39m tests/integration/api.test.ts[2m > [22mProduction API Server Integration Tests[2m > [22mPerformance[2m > [22mshould handle concurrent requests[33m 365[2mms[22m[39m
[90mstdout[2m | tests/integration/comprehensive-api.test.ts[2m > [22m[2mComprehensive Production API Integration Tests[2m > [22m[2mVendor Management Endpoints (6 endpoints)[2m > [22m[2mPOST /api/vendors - should create new vendor
[22m[39m2026-03-11T03:59:42.390Z INFO [App] Vendor created successfully {"vendorId":"1773201582234-1tz872fp2"}

[90mstdout[2m | tests/integration/comprehensive-api.test.ts[2m > [22m[2mComprehensive Production API Integration Tests[2m > [22m[2mVendor Management Endpoints (6 endpoints)[2m > [22m[2mPOST /api/vendors - should create new vendor
[22m[39m2026-03-11T03:59:42.391Z INFO [VendorController] Vendor created {"vendorId":"1773201582234-1tz872fp2"}
2026-03-11T03:59:42.392Z INFO [App] Request completed {"correlationId":"cee3e5e2-2dc0-4125-bfcb-318969e752ab","method":"POST","url":"/api/vendors","statusCode":201,"duration":"165ms"}
2026-03-11T03:59:42.392Z INFO [App] Request completed {"correlationId":"cee3e5e2-2dc0-4125-bfcb-318969e752ab","method":"POST","url":"/api/vendors","statusCode":201,"duration":"166ms"}

[90mstdout[2m | tests/integration/performance.test.ts[2m > [22m[2mAPI Performance Tests[2m > [22m[2mLoad Tests[2m > [22m[2mshould handle rapid sequential requests
[22m[39m2026-03-11T03:59:42.392Z INFO [App] Request completed {"correlationId":"8bfedc3d-0414-4292-83e9-479ae38da9ab","method":"GET","url":"/health","statusCode":200,"duration":"64ms"}
2026-03-11T03:59:42.392Z INFO [App] Request completed {"correlationId":"8bfedc3d-0414-4292-83e9-479ae38da9ab","method":"GET","url":"/health","statusCode":200,"duration":"64ms"}

::ffff:127.0.0.1 - - [11/Mar/2026:03:59:42 +0000] "GET /health HTTP/1.1" 200 249 "-" "-"
::ffff:127.0.0.1 - - [11/Mar/2026:03:59:42 +0000] "POST /api/vendors HTTP/1.1" 201 - "-" "-"
[90mstdout[2m | tests/integration/comprehensive-api.test.ts[2m > [22m[2mComprehensive Production API Integration Tests[2m > [22m[2mVendor Management Endpoints (6 endpoints)[2m > [22m[2mPOST /api/vendors - should create new vendor
[22m[39mΓ£à Vendor created (ID: 1773201582234-1tz872fp2)

[90mstdout[2m | tests/integration/performance.test.ts[2m > [22m[2mAPI Performance Tests[2m > [22m[2mLoad Tests[2m > [22m[2mshould handle rapid sequential requests
[22m[39m2026-03-11T03:59:42.400Z INFO [App] Incoming request {"correlationId":"2f0a84f8-2aa7-486c-ab68-37fe2009c328","method":"GET","url":"/health","ip":"::ffff:127.0.0.1"}

[90mstdout[2m | tests/integration/comprehensive-api.test.ts[2m > [22m[2mComprehensive Production API Integration Tests[2m > [22m[2mVendor Management Endpoints (6 endpoints)[2m > [22m[2mGET /api/vendors/:id - should retrieve vendor by ID
[22m[39m2026-03-11T03:59:42.403Z INFO [App] Incoming request {"correlationId":"e8c9883a-4463-4b5b-91e1-c4f9166a7039","method":"GET","url":"/api/vendors/1773201582234-1tz872fp2","ip":"::ffff:127.0.0.1"}

[90mstdout[2m | tests/integration/comprehensive-api.test.ts[2m > [22m[2mComprehensive Production API Integration Tests[2m > [22m[2mVendor Management Endpoints (6 endpoints)[2m > [22m[2mGET /api/vendors/:id - should retrieve vendor by ID
[22m[39m

=== FIND VENDOR BY ID ===
Looking for vendor ID: 1773201582234-1tz872fp2
Container: initialized
Query: {
  "query": "SELECT * FROM c WHERE c.id = @id",
  "parameters": [
    {
      "name": "@id",
      "value": "1773201582234-1tz872fp2"
    }
  ]
}

[90mstdout[2m | tests/integration/performance.test.ts[2m > [22m[2mAPI Performance Tests[2m > [22m[2mLoad Tests[2m > [22m[2mshould handle rapid sequential requests
[22m[39m2026-03-11T03:59:42.449Z INFO [App] Request completed {"correlationId":"2f0a84f8-2aa7-486c-ab68-37fe2009c328","method":"GET","url":"/health","statusCode":200,"duration":"49ms"}
2026-03-11T03:59:42.450Z INFO [App] Request completed {"correlationId":"2f0a84f8-2aa7-486c-ab68-37fe2009c328","method":"GET","url":"/health","statusCode":200,"duration":"50ms"}

::ffff:127.0.0.1 - - [11/Mar/2026:03:59:42 +0000] "GET /health HTTP/1.1" 200 249 "-" "-"
[90mstdout[2m | tests/integration/comprehensive-api.test.ts[2m > [22m[2mComprehensive Production API Integration Tests[2m > [22m[2mVendor Management Endpoints (6 endpoints)[2m > [22m[2mGET /api/vendors/:id - should retrieve vendor by ID
[22m[39mQuery returned resources count: [33m1[39m
Found vendor: 1773201582234-1tz872fp2 Comprehensive Test Appraisals 1773201582221
Vendor has certifications: [33mtrue[39m length: [33m1[39m
Vendor has paymentHistory: [33mfalse[39m length: [90mundefined[39m
=== END FIND VENDOR ===



[90mstdout[2m | tests/integration/comprehensive-api.test.ts[2m > [22m[2mComprehensive Production API Integration Tests[2m > [22m[2mVendor Management Endpoints (6 endpoints)[2m > [22m[2mGET /api/vendors/:id - should retrieve vendor by ID
[22m[39m2026-03-11T03:59:42.454Z INFO [App] Request completed {"correlationId":"e8c9883a-4463-4b5b-91e1-c4f9166a7039","method":"GET","url":"/api/vendors/1773201582234-1tz872fp2","statusCode":200,"duration":"51ms"}
2026-03-11T03:59:42.455Z INFO [App] Request completed {"correlationId":"e8c9883a-4463-4b5b-91e1-c4f9166a7039","method":"GET","url":"/api/vendors/1773201582234-1tz872fp2","statusCode":200,"duration":"52ms"}

::ffff:127.0.0.1 - - [11/Mar/2026:03:59:42 +0000] "GET /api/vendors/1773201582234-1tz872fp2 HTTP/1.1" 200 - "-" "-"
[90mstdout[2m | tests/integration/comprehensive-api.test.ts[2m > [22m[2mComprehensive Production API Integration Tests[2m > [22m[2mVendor Management Endpoints (6 endpoints)[2m > [22m[2mGET /api/vendors/:id - should retrieve vendor by ID
[22m[39mΓ£à Vendor retrieved: undefined

 [32mΓ£ô[39m tests/integration/comprehensive-api.test.ts[2m > [22mComprehensive Production API Integration Tests[2m > [22mVendor Management Endpoints (6 endpoints)[2m > [22mPOST /api/vendors - should create new vendor[32m 178[2mms[22m[39m
[90mstdout[2m | tests/integration/performance.test.ts[2m > [22m[2mAPI Performance Tests[2m > [22m[2mLoad Tests[2m > [22m[2mshould handle rapid sequential requests
[22m[39m2026-03-11T03:59:42.462Z INFO [App] Incoming request {"correlationId":"4b499915-f73f-483c-8dc2-1759f87cdef2","method":"GET","url":"/health","ip":"::ffff:127.0.0.1"}

[90mstdout[2m | tests/integration/comprehensive-api.test.ts[2m > [22m[2mComprehensive Production API Integration Tests[2m > [22m[2mVendor Management Endpoints (6 endpoints)[2m > [22m[2mPUT /api/vendors/:id - should update vendor
[22m[39m2026-03-11T03:59:42.467Z INFO [App] Incoming request {"correlationId":"8d020108-c96c-490b-be36-f36d9c022afa","method":"PUT","url":"/api/vendors/1773201582234-1tz872fp2","ip":"::ffff:127.0.0.1"}

[90mstdout[2m | tests/integration/comprehensive-api.test.ts[2m > [22m[2mComprehensive Production API Integration Tests[2m > [22m[2mVendor Management Endpoints (6 endpoints)[2m > [22m[2mPUT /api/vendors/:id - should update vendor
[22m[39m

=== FIND VENDOR BY ID ===
Looking for vendor ID: 1773201582234-1tz872fp2
Container: initialized
Query: {
  "query": "SELECT * FROM c WHERE c.id = @id",
  "parameters": [
    {
      "name": "@id",
      "value": "1773201582234-1tz872fp2"
    }
  ]
}

[90mstdout[2m | tests/integration/performance.test.ts[2m > [22m[2mAPI Performance Tests[2m > [22m[2mLoad Tests[2m > [22m[2mshould handle rapid sequential requests
[22m[39m2026-03-11T03:59:42.517Z INFO [App] Request completed {"correlationId":"4b499915-f73f-483c-8dc2-1759f87cdef2","method":"GET","url":"/health","statusCode":200,"duration":"55ms"}
2026-03-11T03:59:42.518Z INFO [App] Request completed {"correlationId":"4b499915-f73f-483c-8dc2-1759f87cdef2","method":"GET","url":"/health","statusCode":200,"duration":"56ms"}

::ffff:127.0.0.1 - - [11/Mar/2026:03:59:42 +0000] "GET /health HTTP/1.1" 200 249 "-" "-"
[90mstdout[2m | tests/integration/performance.test.ts[2m > [22m[2mAPI Performance Tests[2m > [22m[2mLoad Tests[2m > [22m[2mshould handle rapid sequential requests
[22m[39m2026-03-11T03:59:42.525Z INFO [App] Incoming request {"correlationId":"e182b4fc-0282-4d4a-b2c8-157ab4b42d95","method":"GET","url":"/health","ip":"::ffff:127.0.0.1"}

[90mstdout[2m | tests/integration/comprehensive-api.test.ts[2m > [22m[2mComprehensive Production API Integration Tests[2m > [22m[2mVendor Management Endpoints (6 endpoints)[2m > [22m[2mPUT /api/vendors/:id - should update vendor
[22m[39mQuery returned resources count: [33m1[39m
Found vendor: 1773201582234-1tz872fp2 Comprehensive Test Appraisals 1773201582221
Vendor has certifications: [33mtrue[39m length: [33m1[39m
Vendor has paymentHistory: [33mfalse[39m length: [90mundefined[39m
=== END FIND VENDOR ===



 [32mΓ£ô[39m tests/integration/comprehensive-api.test.ts[2m > [22mComprehensive Production API Integration Tests[2m > [22mVendor Management Endpoints (6 endpoints)[2m > [22mGET /api/vendors/:id - should retrieve vendor by ID[32m 63[2mms[22m[39m
[90mstdout[2m | tests/integration/performance.test.ts[2m > [22m[2mAPI Performance Tests[2m > [22m[2mLoad Tests[2m > [22m[2mshould handle rapid sequential requests
[22m[39m2026-03-11T03:59:42.581Z INFO [App] Request completed {"correlationId":"e182b4fc-0282-4d4a-b2c8-157ab4b42d95","method":"GET","url":"/health","statusCode":200,"duration":"56ms"}
2026-03-11T03:59:42.581Z INFO [App] Request completed {"correlationId":"e182b4fc-0282-4d4a-b2c8-157ab4b42d95","method":"GET","url":"/health","statusCode":200,"duration":"56ms"}

::ffff:127.0.0.1 - - [11/Mar/2026:03:59:42 +0000] "GET /health HTTP/1.1" 200 249 "-" "-"
[90mstdout[2m | tests/integration/performance.test.ts[2m > [22m[2mAPI Performance Tests[2m > [22m[2mLoad Tests[2m > [22m[2mshould handle rapid sequential requests
[22m[39m2026-03-11T03:59:42.590Z INFO [App] Incoming request {"correlationId":"bb7952c8-8657-4bef-8329-19546ac88fb2","method":"GET","url":"/health","ip":"::ffff:127.0.0.1"}

[90mstdout[2m | tests/integration/comprehensive-api.test.ts[2m > [22m[2mComprehensive Production API Integration Tests[2m > [22m[2mVendor Management Endpoints (6 endpoints)[2m > [22m[2mPUT /api/vendors/:id - should update vendor
[22m[39m2026-03-11T03:59:42.602Z INFO [VendorController] Vendor updated {"vendorId":"1773201582234-1tz872fp2"}
2026-03-11T03:59:42.602Z INFO [App] Request completed {"correlationId":"8d020108-c96c-490b-be36-f36d9c022afa","method":"PUT","url":"/api/vendors/1773201582234-1tz872fp2","statusCode":200,"duration":"135ms"}
2026-03-11T03:59:42.603Z INFO [App] Request completed {"correlationId":"8d020108-c96c-490b-be36-f36d9c022afa","method":"PUT","url":"/api/vendors/1773201582234-1tz872fp2","statusCode":200,"duration":"136ms"}

::ffff:127.0.0.1 - - [11/Mar/2026:03:59:42 +0000] "PUT /api/vendors/1773201582234-1tz872fp2 HTTP/1.1" 200 - "-" "-"
[90mstdout[2m | tests/integration/comprehensive-api.test.ts[2m > [22m[2mComprehensive Production API Integration Tests[2m > [22m[2mVendor Management Endpoints (6 endpoints)[2m > [22m[2mPUT /api/vendors/:id - should update vendor
[22m[39mΓ£à Vendor updated successfully

[90mstdout[2m | tests/integration/comprehensive-api.test.ts[2m > [22m[2mComprehensive Production API Integration Tests[2m > [22m[2mVendor Management Endpoints (6 endpoints)[2m > [22m[2mGET /api/vendors - should list all vendors
[22m[39m2026-03-11T03:59:42.615Z INFO [App] Incoming request {"correlationId":"dab0978b-d544-4680-8df8-a0fbc48ca309","method":"GET","url":"/api/vendors?limit=10","ip":"::ffff:127.0.0.1"}

[90mstdout[2m | tests/integration/performance.test.ts[2m > [22m[2mAPI Performance Tests[2m > [22m[2mLoad Tests[2m > [22m[2mshould handle rapid sequential requests
[22m[39m2026-03-11T03:59:42.641Z INFO [App] Request completed {"correlationId":"bb7952c8-8657-4bef-8329-19546ac88fb2","method":"GET","url":"/health","statusCode":200,"duration":"51ms"}
2026-03-11T03:59:42.641Z INFO [App] Request completed {"correlationId":"bb7952c8-8657-4bef-8329-19546ac88fb2","method":"GET","url":"/health","statusCode":200,"duration":"51ms"}

::ffff:127.0.0.1 - - [11/Mar/2026:03:59:42 +0000] "GET /health HTTP/1.1" 200 249 "-" "-"
[90mstdout[2m | tests/integration/performance.test.ts[2m > [22m[2mAPI Performance Tests[2m > [22m[2mLoad Tests[2m > [22m[2mshould handle rapid sequential requests
[22m[39m2026-03-11T03:59:42.652Z INFO [App] Incoming request {"correlationId":"67bd1909-745f-4945-bb56-da9397af5eee","method":"GET","url":"/health","ip":"::ffff:127.0.0.1"}

 [32mΓ£ô[39m tests/integration/comprehensive-api.test.ts[2m > [22mComprehensive Production API Integration Tests[2m > [22mVendor Management Endpoints (6 endpoints)[2m > [22mPUT /api/vendors/:id - should update vendor[32m 148[2mms[22m[39m
[90mstdout[2m | tests/integration/performance.test.ts[2m > [22m[2mAPI Performance Tests[2m > [22m[2mLoad Tests[2m > [22m[2mshould handle rapid sequential requests
[22m[39m2026-03-11T03:59:42.760Z INFO [App] Request completed {"correlationId":"67bd1909-745f-4945-bb56-da9397af5eee","method":"GET","url":"/health","statusCode":200,"duration":"108ms"}
2026-03-11T03:59:42.760Z INFO [App] Request completed {"correlationId":"67bd1909-745f-4945-bb56-da9397af5eee","method":"GET","url":"/health","statusCode":200,"duration":"108ms"}

::ffff:127.0.0.1 - - [11/Mar/2026:03:59:42 +0000] "GET /health HTTP/1.1" 200 250 "-" "-"
[90mstdout[2m | tests/integration/performance.test.ts[2m > [22m[2mAPI Performance Tests[2m > [22m[2mLoad Tests[2m > [22m[2mshould handle rapid sequential requests
[22m[39mPerformance Metrics (20 requests):
  Average: 73.71ms
  Min: 56.71ms
  Max: 146.15ms

[90mstdout[2m | tests/integration/performance.test.ts[2m > [22m[2mAPI Performance Tests[2m > [22m[2mLoad Tests[2m > [22m[2mshould maintain performance under mixed load
[22m[39m2026-03-11T03:59:42.837Z INFO [App] Incoming request {"correlationId":"aac1e30e-c4ae-4f9b-bcc5-728c5af46cca","method":"GET","url":"/health","ip":"::ffff:127.0.0.1"}

[90mstdout[2m | tests/integration/performance.test.ts[2m > [22m[2mAPI Performance Tests[2m > [22m[2mLoad Tests[2m > [22m[2mshould maintain performance under mixed load
[22m[39m2026-03-11T03:59:42.840Z INFO [App] Incoming request {"correlationId":"380db2ec-b739-44b5-9b12-54bfa61a261b","method":"GET","url":"/health","ip":"::ffff:127.0.0.1"}

[90mstdout[2m | tests/integration/performance.test.ts[2m > [22m[2mAPI Performance Tests[2m > [22m[2mLoad Tests[2m > [22m[2mshould maintain performance under mixed load
[22m[39m2026-03-11T03:59:42.842Z INFO [App] Incoming request {"correlationId":"30edc5e4-5230-4ab3-b636-bf292fce654c","method":"GET","url":"/health","ip":"::ffff:127.0.0.1"}

[90mstdout[2m | tests/integration/performance.test.ts[2m > [22m[2mAPI Performance Tests[2m > [22m[2mLoad Tests[2m > [22m[2mshould maintain performance under mixed load
[22m[39m2026-03-11T03:59:42.845Z INFO [App] Incoming request {"correlationId":"725d43a4-3770-4081-bd8d-579ad94a9018","method":"GET","url":"/health","ip":"::ffff:127.0.0.1"}

[90mstdout[2m | tests/integration/performance.test.ts[2m > [22m[2mAPI Performance Tests[2m > [22m[2mLoad Tests[2m > [22m[2mshould maintain performance under mixed load
[22m[39m2026-03-11T03:59:42.848Z INFO [App] Incoming request {"correlationId":"9604ef59-94a4-478f-8df8-cfcbb2712096","method":"GET","url":"/health","ip":"::ffff:127.0.0.1"}

[90mstdout[2m | tests/integration/performance.test.ts[2m > [22m[2mAPI Performance Tests[2m > [22m[2mLoad Tests[2m > [22m[2mshould maintain performance under mixed load
[22m[39m2026-03-11T03:59:42.851Z INFO [App] Incoming request {"correlationId":"2f054380-010f-4e4c-af4d-ad92fd4e45af","method":"GET","url":"/health","ip":"::ffff:127.0.0.1"}

[90mstdout[2m | tests/integration/performance.test.ts[2m > [22m[2mAPI Performance Tests[2m > [22m[2mLoad Tests[2m > [22m[2mshould maintain performance under mixed load
[22m[39m2026-03-11T03:59:42.853Z INFO [App] Incoming request {"correlationId":"610465c6-935e-4814-979c-361ec16efa60","method":"GET","url":"/health","ip":"::ffff:127.0.0.1"}

[90mstdout[2m | tests/integration/performance.test.ts[2m > [22m[2mAPI Performance Tests[2m > [22m[2mLoad Tests[2m > [22m[2mshould maintain performance under mixed load
[22m[39m2026-03-11T03:59:42.855Z INFO [App] Incoming request {"correlationId":"0d46a097-3f7f-4f5b-88d6-53aa243c2016","method":"GET","url":"/health","ip":"::ffff:127.0.0.1"}

[90mstdout[2m | tests/integration/performance.test.ts[2m > [22m[2mAPI Performance Tests[2m > [22m[2mLoad Tests[2m > [22m[2mshould maintain performance under mixed load
[22m[39m2026-03-11T03:59:42.858Z INFO [App] Incoming request {"correlationId":"f341473e-de78-4816-8084-b52b1bb85cb3","method":"GET","url":"/health","ip":"::ffff:127.0.0.1"}

[90mstdout[2m | tests/integration/performance.test.ts[2m > [22m[2mAPI Performance Tests[2m > [22m[2mLoad Tests[2m > [22m[2mshould maintain performance under mixed load
[22m[39m2026-03-11T03:59:42.861Z INFO [App] Incoming request {"correlationId":"9f1e0d23-363e-4044-8cbc-a3d08a296fd0","method":"GET","url":"/health","ip":"::ffff:127.0.0.1"}

[90mstdout[2m | tests/integration/performance.test.ts[2m > [22m[2mAPI Performance Tests[2m > [22m[2mLoad Tests[2m > [22m[2mshould maintain performance under mixed load
[22m[39m2026-03-11T03:59:42.863Z INFO [App] Incoming request {"correlationId":"16af8f15-05cc-4cc0-b040-9c46680e9369","method":"POST","url":"/api/auth/test-token","ip":"::ffff:127.0.0.1"}

[90mstdout[2m | tests/integration/performance.test.ts[2m > [22m[2mAPI Performance Tests[2m > [22m[2mLoad Tests[2m > [22m[2mshould maintain performance under mixed load
[22m[39m2026-03-11T03:59:42.869Z INFO [App] Request completed {"correlationId":"16af8f15-05cc-4cc0-b040-9c46680e9369","method":"POST","url":"/api/auth/test-token","statusCode":200,"duration":"6ms"}
2026-03-11T03:59:42.869Z INFO [App] Request completed {"correlationId":"16af8f15-05cc-4cc0-b040-9c46680e9369","method":"POST","url":"/api/auth/test-token","statusCode":200,"duration":"6ms"}

::ffff:127.0.0.1 - - [11/Mar/2026:03:59:42 +0000] "POST /api/auth/test-token HTTP/1.1" 200 976 "-" "-"
[90mstdout[2m | tests/integration/performance.test.ts[2m > [22m[2mAPI Performance Tests[2m > [22m[2mLoad Tests[2m > [22m[2mshould maintain performance under mixed load
[22m[39m2026-03-11T03:59:42.872Z INFO [App] Incoming request {"correlationId":"9394fd76-7b88-4375-b954-9b6c61c45ae2","method":"POST","url":"/api/auth/test-token","ip":"::ffff:127.0.0.1"}

[90mstdout[2m | tests/integration/performance.test.ts[2m > [22m[2mAPI Performance Tests[2m > [22m[2mLoad Tests[2m > [22m[2mshould maintain performance under mixed load
[22m[39m2026-03-11T03:59:42.877Z INFO [App] Request completed {"correlationId":"9394fd76-7b88-4375-b954-9b6c61c45ae2","method":"POST","url":"/api/auth/test-token","statusCode":200,"duration":"6ms"}
2026-03-11T03:59:42.878Z INFO [App] Request completed {"correlationId":"9394fd76-7b88-4375-b954-9b6c61c45ae2","method":"POST","url":"/api/auth/test-token","statusCode":200,"duration":"7ms"}

::ffff:127.0.0.1 - - [11/Mar/2026:03:59:42 +0000] "POST /api/auth/test-token HTTP/1.1" 200 976 "-" "-"
[90mstdout[2m | tests/integration/performance.test.ts[2m > [22m[2mAPI Performance Tests[2m > [22m[2mLoad Tests[2m > [22m[2mshould maintain performance under mixed load
[22m[39m2026-03-11T03:59:42.880Z INFO [App] Incoming request {"correlationId":"bbb8a28b-55cc-44bf-8048-4849e12fefec","method":"POST","url":"/api/auth/test-token","ip":"::ffff:127.0.0.1"}

[90mstdout[2m | tests/integration/performance.test.ts[2m > [22m[2mAPI Performance Tests[2m > [22m[2mLoad Tests[2m > [22m[2mshould maintain performance under mixed load
[22m[39m2026-03-11T03:59:42.885Z INFO [App] Request completed {"correlationId":"bbb8a28b-55cc-44bf-8048-4849e12fefec","method":"POST","url":"/api/auth/test-token","statusCode":200,"duration":"5ms"}
2026-03-11T03:59:42.885Z INFO [App] Request completed {"correlationId":"bbb8a28b-55cc-44bf-8048-4849e12fefec","method":"POST","url":"/api/auth/test-token","statusCode":200,"duration":"5ms"}

::ffff:127.0.0.1 - - [11/Mar/2026:03:59:42 +0000] "POST /api/auth/test-token HTTP/1.1" 200 976 "-" "-"
[90mstdout[2m | tests/integration/performance.test.ts[2m > [22m[2mAPI Performance Tests[2m > [22m[2mLoad Tests[2m > [22m[2mshould maintain performance under mixed load
[22m[39m2026-03-11T03:59:42.888Z INFO [App] Incoming request {"correlationId":"00c02562-7ab7-40e2-95ab-082cfb33c8a2","method":"POST","url":"/api/code/execute","ip":"::ffff:127.0.0.1"}

[90mstdout[2m | tests/integration/performance.test.ts[2m > [22m[2mAPI Performance Tests[2m > [22m[2mLoad Tests[2m > [22m[2mshould maintain performance under mixed load
[22m[39m2026-03-11T03:59:42.899Z INFO [App] Request completed {"correlationId":"00c02562-7ab7-40e2-95ab-082cfb33c8a2","method":"POST","url":"/api/code/execute","statusCode":200,"duration":"11ms"}
2026-03-11T03:59:42.900Z INFO [App] Request completed {"correlationId":"00c02562-7ab7-40e2-95ab-082cfb33c8a2","method":"POST","url":"/api/code/execute","statusCode":200,"duration":"11ms"}

::ffff:127.0.0.1 - - [11/Mar/2026:03:59:42 +0000] "POST /api/code/execute HTTP/1.1" 200 95 "-" "-"
[90mstdout[2m | tests/integration/performance.test.ts[2m > [22m[2mAPI Performance Tests[2m > [22m[2mLoad Tests[2m > [22m[2mshould maintain performance under mixed load
[22m[39m2026-03-11T03:59:42.901Z INFO [App] Incoming request {"correlationId":"802e9b02-bcc3-4741-82e2-42f406385239","method":"POST","url":"/api/code/execute","ip":"::ffff:127.0.0.1"}

[90mstdout[2m | tests/integration/performance.test.ts[2m > [22m[2mAPI Performance Tests[2m > [22m[2mLoad Tests[2m > [22m[2mshould maintain performance under mixed load
[22m[39m2026-03-11T03:59:42.909Z INFO [App] Request completed {"correlationId":"802e9b02-bcc3-4741-82e2-42f406385239","method":"POST","url":"/api/code/execute","statusCode":200,"duration":"8ms"}
2026-03-11T03:59:42.910Z INFO [App] Request completed {"correlationId":"802e9b02-bcc3-4741-82e2-42f406385239","method":"POST","url":"/api/code/execute","statusCode":200,"duration":"9ms"}

::ffff:127.0.0.1 - - [11/Mar/2026:03:59:42 +0000] "POST /api/code/execute HTTP/1.1" 200 95 "-" "-"
 [32mΓ£ô[39m tests/integration/performance.test.ts[2m > [22mAPI Performance Tests[2m > [22mLoad Tests[2m > [22mshould handle rapid sequential requests[33m 1480[2mms[22m[39m
[90mstdout[2m | tests/integration/performance.test.ts[2m > [22m[2mAPI Performance Tests[2m > [22m[2mLoad Tests[2m > [22m[2mshould maintain performance under mixed load
[22m[39m2026-03-11T03:59:42.915Z INFO [App] Request completed {"correlationId":"aac1e30e-c4ae-4f9b-bcc5-728c5af46cca","method":"GET","url":"/health","statusCode":200,"duration":"78ms"}
2026-03-11T03:59:42.915Z INFO [App] Request completed {"correlationId":"aac1e30e-c4ae-4f9b-bcc5-728c5af46cca","method":"GET","url":"/health","statusCode":200,"duration":"78ms"}

::ffff:127.0.0.1 - - [11/Mar/2026:03:59:42 +0000] "GET /health HTTP/1.1" 200 249 "-" "-"
[90mstdout[2m | tests/integration/performance.test.ts[2m > [22m[2mAPI Performance Tests[2m > [22m[2mLoad Tests[2m > [22m[2mshould maintain performance under mixed load
[22m[39m2026-03-11T03:59:42.919Z INFO [App] Request completed {"correlationId":"380db2ec-b739-44b5-9b12-54bfa61a261b","method":"GET","url":"/health","statusCode":200,"duration":"79ms"}
2026-03-11T03:59:42.919Z INFO [App] Request completed {"correlationId":"380db2ec-b739-44b5-9b12-54bfa61a261b","method":"GET","url":"/health","statusCode":200,"duration":"79ms"}

::ffff:127.0.0.1 - - [11/Mar/2026:03:59:42 +0000] "GET /health HTTP/1.1" 200 249 "-" "-"
[90mstdout[2m | tests/integration/performance.test.ts[2m > [22m[2mAPI Performance Tests[2m > [22m[2mLoad Tests[2m > [22m[2mshould maintain performance under mixed load
[22m[39m2026-03-11T03:59:42.922Z INFO [App] Request completed {"correlationId":"610465c6-935e-4814-979c-361ec16efa60","method":"GET","url":"/health","statusCode":200,"duration":"69ms"}
2026-03-11T03:59:42.922Z INFO [App] Request completed {"correlationId":"610465c6-935e-4814-979c-361ec16efa60","method":"GET","url":"/health","statusCode":200,"duration":"69ms"}

::ffff:127.0.0.1 - - [11/Mar/2026:03:59:42 +0000] "GET /health HTTP/1.1" 200 249 "-" "-"
[90mstdout[2m | tests/integration/performance.test.ts[2m > [22m[2mAPI Performance Tests[2m > [22m[2mLoad Tests[2m > [22m[2mshould maintain performance under mixed load
[22m[39m2026-03-11T03:59:42.924Z INFO [App] Request completed {"correlationId":"0d46a097-3f7f-4f5b-88d6-53aa243c2016","method":"GET","url":"/health","statusCode":200,"duration":"69ms"}
2026-03-11T03:59:42.924Z INFO [App] Request completed {"correlationId":"0d46a097-3f7f-4f5b-88d6-53aa243c2016","method":"GET","url":"/health","statusCode":200,"duration":"69ms"}

::ffff:127.0.0.1 - - [11/Mar/2026:03:59:42 +0000] "GET /health HTTP/1.1" 200 249 "-" "-"
[90mstdout[2m | tests/integration/performance.test.ts[2m > [22m[2mAPI Performance Tests[2m > [22m[2mLoad Tests[2m > [22m[2mshould maintain performance under mixed load
[22m[39m2026-03-11T03:59:42.926Z INFO [App] Request completed {"correlationId":"725d43a4-3770-4081-bd8d-579ad94a9018","method":"GET","url":"/health","statusCode":200,"duration":"81ms"}
2026-03-11T03:59:42.926Z INFO [App] Request completed {"correlationId":"725d43a4-3770-4081-bd8d-579ad94a9018","method":"GET","url":"/health","statusCode":200,"duration":"81ms"}

::ffff:127.0.0.1 - - [11/Mar/2026:03:59:42 +0000] "GET /health HTTP/1.1" 200 249 "-" "-"
[90mstdout[2m | tests/integration/performance.test.ts[2m > [22m[2mAPI Performance Tests[2m > [22m[2mLoad Tests[2m > [22m[2mshould maintain performance under mixed load
[22m[39m2026-03-11T03:59:42.930Z INFO [App] Request completed {"correlationId":"9604ef59-94a4-478f-8df8-cfcbb2712096","method":"GET","url":"/health","statusCode":200,"duration":"82ms"}
2026-03-11T03:59:42.930Z INFO [App] Request completed {"correlationId":"9604ef59-94a4-478f-8df8-cfcbb2712096","method":"GET","url":"/health","statusCode":200,"duration":"82ms"}

::ffff:127.0.0.1 - - [11/Mar/2026:03:59:42 +0000] "GET /health HTTP/1.1" 200 249 "-" "-"
[90mstdout[2m | tests/integration/performance.test.ts[2m > [22m[2mAPI Performance Tests[2m > [22m[2mLoad Tests[2m > [22m[2mshould maintain performance under mixed load
[22m[39m2026-03-11T03:59:42.932Z INFO [App] Request completed {"correlationId":"30edc5e4-5230-4ab3-b636-bf292fce654c","method":"GET","url":"/health","statusCode":200,"duration":"90ms"}
2026-03-11T03:59:42.932Z INFO [App] Request completed {"correlationId":"30edc5e4-5230-4ab3-b636-bf292fce654c","method":"GET","url":"/health","statusCode":200,"duration":"90ms"}

::ffff:127.0.0.1 - - [11/Mar/2026:03:59:42 +0000] "GET /health HTTP/1.1" 200 249 "-" "-"
[90mstdout[2m | tests/integration/performance.test.ts[2m > [22m[2mAPI Performance Tests[2m > [22m[2mLoad Tests[2m > [22m[2mshould maintain performance under mixed load
[22m[39m2026-03-11T03:59:42.935Z INFO [App] Request completed {"correlationId":"2f054380-010f-4e4c-af4d-ad92fd4e45af","method":"GET","url":"/health","statusCode":200,"duration":"84ms"}
2026-03-11T03:59:42.935Z INFO [App] Request completed {"correlationId":"2f054380-010f-4e4c-af4d-ad92fd4e45af","method":"GET","url":"/health","statusCode":200,"duration":"84ms"}

::ffff:127.0.0.1 - - [11/Mar/2026:03:59:42 +0000] "GET /health HTTP/1.1" 200 249 "-" "-"
[90mstdout[2m | tests/integration/performance.test.ts[2m > [22m[2mAPI Performance Tests[2m > [22m[2mLoad Tests[2m > [22m[2mshould maintain performance under mixed load
[22m[39m2026-03-11T03:59:42.954Z INFO [App] Request completed {"correlationId":"9f1e0d23-363e-4044-8cbc-a3d08a296fd0","method":"GET","url":"/health","statusCode":200,"duration":"94ms"}
2026-03-11T03:59:42.954Z INFO [App] Request completed {"correlationId":"9f1e0d23-363e-4044-8cbc-a3d08a296fd0","method":"GET","url":"/health","statusCode":200,"duration":"94ms"}

::ffff:127.0.0.1 - - [11/Mar/2026:03:59:42 +0000] "GET /health HTTP/1.1" 200 249 "-" "-"
[90mstdout[2m | tests/integration/performance.test.ts[2m > [22m[2mAPI Performance Tests[2m > [22m[2mLoad Tests[2m > [22m[2mshould maintain performance under mixed load
[22m[39m2026-03-11T03:59:42.958Z INFO [App] Request completed {"correlationId":"f341473e-de78-4816-8084-b52b1bb85cb3","method":"GET","url":"/health","statusCode":200,"duration":"100ms"}
2026-03-11T03:59:42.958Z INFO [App] Request completed {"correlationId":"f341473e-de78-4816-8084-b52b1bb85cb3","method":"GET","url":"/health","statusCode":200,"duration":"100ms"}

::ffff:127.0.0.1 - - [11/Mar/2026:03:59:42 +0000] "GET /health HTTP/1.1" 200 250 "-" "-"
[90mstdout[2m | tests/integration/performance.test.ts[2m > [22m[2mAPI Performance Tests[2m > [22m[2mLoad Tests[2m > [22m[2mshould maintain performance under mixed load
[22m[39mMixed load test completed in 165.42ms

[90mstdout[2m | tests/integration/performance.test.ts[2m > [22m[2mAPI Performance Tests[2m > [22m[2mMemory and Resource Tests[2m > [22m[2mshould not leak memory during repeated requests
[22m[39m2026-03-11T03:59:42.980Z INFO [App] Incoming request {"correlationId":"f787b95c-f5d3-4652-805b-70e7b157abb4","method":"GET","url":"/health","ip":"::ffff:127.0.0.1"}

[90mstdout[2m | tests/integration/performance.test.ts[2m > [22m[2mAPI Performance Tests[2m > [22m[2mMemory and Resource Tests[2m > [22m[2mshould not leak memory during repeated requests
[22m[39m2026-03-11T03:59:43.040Z INFO [App] Request completed {"correlationId":"f787b95c-f5d3-4652-805b-70e7b157abb4","method":"GET","url":"/health","statusCode":200,"duration":"60ms"}
2026-03-11T03:59:43.041Z INFO [App] Request completed {"correlationId":"f787b95c-f5d3-4652-805b-70e7b157abb4","method":"GET","url":"/health","statusCode":200,"duration":"61ms"}

::ffff:127.0.0.1 - - [11/Mar/2026:03:59:43 +0000] "GET /health HTTP/1.1" 200 249 "-" "-"
[90mstdout[2m | tests/integration/performance.test.ts[2m > [22m[2mAPI Performance Tests[2m > [22m[2mMemory and Resource Tests[2m > [22m[2mshould not leak memory during repeated requests
[22m[39m2026-03-11T03:59:43.048Z INFO [App] Incoming request {"correlationId":"bc9be7f1-4eda-4dc0-a2f9-8847730054c6","method":"GET","url":"/health","ip":"::ffff:127.0.0.1"}

 [32mΓ£ô[39m tests/integration/performance.test.ts[2m > [22mAPI Performance Tests[2m > [22mLoad Tests[2m > [22mshould maintain performance under mixed load[32m 205[2mms[22m[39m
[90mstdout[2m | tests/integration/performance.test.ts[2m > [22m[2mAPI Performance Tests[2m > [22m[2mMemory and Resource Tests[2m > [22m[2mshould not leak memory during repeated requests
[22m[39m2026-03-11T03:59:43.097Z INFO [App] Request completed {"correlationId":"bc9be7f1-4eda-4dc0-a2f9-8847730054c6","method":"GET","url":"/health","statusCode":200,"duration":"49ms"}
2026-03-11T03:59:43.098Z INFO [App] Request completed {"correlationId":"bc9be7f1-4eda-4dc0-a2f9-8847730054c6","method":"GET","url":"/health","statusCode":200,"duration":"50ms"}

::ffff:127.0.0.1 - - [11/Mar/2026:03:59:43 +0000] "GET /health HTTP/1.1" 200 249 "-" "-"
[90mstdout[2m | tests/integration/performance.test.ts[2m > [22m[2mAPI Performance Tests[2m > [22m[2mMemory and Resource Tests[2m > [22m[2mshould not leak memory during repeated requests
[22m[39m2026-03-11T03:59:43.107Z INFO [App] Incoming request {"correlationId":"ddf17f64-f888-475a-b4ee-ef8a0b520458","method":"GET","url":"/health","ip":"::ffff:127.0.0.1"}

[90mstdout[2m | tests/integration/performance.test.ts[2m > [22m[2mAPI Performance Tests[2m > [22m[2mMemory and Resource Tests[2m > [22m[2mshould not leak memory during repeated requests
[22m[39m2026-03-11T03:59:43.151Z INFO [App] Request completed {"correlationId":"ddf17f64-f888-475a-b4ee-ef8a0b520458","method":"GET","url":"/health","statusCode":200,"duration":"45ms"}
2026-03-11T03:59:43.151Z INFO [App] Request completed {"correlationId":"ddf17f64-f888-475a-b4ee-ef8a0b520458","method":"GET","url":"/health","statusCode":200,"duration":"45ms"}

::ffff:127.0.0.1 - - [11/Mar/2026:03:59:43 +0000] "GET /health HTTP/1.1" 200 249 "-" "-"
[90mstdout[2m | tests/integration/performance.test.ts[2m > [22m[2mAPI Performance Tests[2m > [22m[2mMemory and Resource Tests[2m > [22m[2mshould not leak memory during repeated requests
[22m[39m2026-03-11T03:59:43.159Z INFO [App] Incoming request {"correlationId":"50e00be1-c71b-40bf-8853-931d13dcc864","method":"GET","url":"/health","ip":"::ffff:127.0.0.1"}

[90mstdout[2m | tests/integration/performance.test.ts[2m > [22m[2mAPI Performance Tests[2m > [22m[2mMemory and Resource Tests[2m > [22m[2mshould not leak memory during repeated requests
[22m[39m2026-03-11T03:59:43.202Z INFO [App] Request completed {"correlationId":"50e00be1-c71b-40bf-8853-931d13dcc864","method":"GET","url":"/health","statusCode":200,"duration":"43ms"}
2026-03-11T03:59:43.202Z INFO [App] Request completed {"correlationId":"50e00be1-c71b-40bf-8853-931d13dcc864","method":"GET","url":"/health","statusCode":200,"duration":"43ms"}

::ffff:127.0.0.1 - - [11/Mar/2026:03:59:43 +0000] "GET /health HTTP/1.1" 200 249 "-" "-"
[90mstdout[2m | tests/integration/performance.test.ts[2m > [22m[2mAPI Performance Tests[2m > [22m[2mMemory and Resource Tests[2m > [22m[2mshould not leak memory during repeated requests
[22m[39m2026-03-11T03:59:43.212Z INFO [App] Incoming request {"correlationId":"9304e585-cd74-4cef-8a62-4faa95ba4cbd","method":"GET","url":"/health","ip":"::ffff:127.0.0.1"}

[90mstdout[2m | tests/integration/performance.test.ts[2m > [22m[2mAPI Performance Tests[2m > [22m[2mMemory and Resource Tests[2m > [22m[2mshould not leak memory during repeated requests
[22m[39m2026-03-11T03:59:43.271Z INFO [App] Request completed {"correlationId":"9304e585-cd74-4cef-8a62-4faa95ba4cbd","method":"GET","url":"/health","statusCode":200,"duration":"59ms"}
2026-03-11T03:59:43.271Z INFO [App] Request completed {"correlationId":"9304e585-cd74-4cef-8a62-4faa95ba4cbd","method":"GET","url":"/health","statusCode":200,"duration":"59ms"}

::ffff:127.0.0.1 - - [11/Mar/2026:03:59:43 +0000] "GET /health HTTP/1.1" 200 249 "-" "-"
[90mstdout[2m | tests/integration/performance.test.ts[2m > [22m[2mAPI Performance Tests[2m > [22m[2mMemory and Resource Tests[2m > [22m[2mshould not leak memory during repeated requests
[22m[39m2026-03-11T03:59:43.280Z INFO [App] Incoming request {"correlationId":"b8e8db1d-d812-4b51-be4b-256644dff800","method":"GET","url":"/health","ip":"::ffff:127.0.0.1"}

[90mstdout[2m | tests/integration/performance.test.ts[2m > [22m[2mAPI Performance Tests[2m > [22m[2mMemory and Resource Tests[2m > [22m[2mshould not leak memory during repeated requests
[22m[39m2026-03-11T03:59:43.334Z INFO [App] Request completed {"correlationId":"b8e8db1d-d812-4b51-be4b-256644dff800","method":"GET","url":"/health","statusCode":200,"duration":"54ms"}
2026-03-11T03:59:43.334Z INFO [App] Request completed {"correlationId":"b8e8db1d-d812-4b51-be4b-256644dff800","method":"GET","url":"/health","statusCode":200,"duration":"54ms"}

::ffff:127.0.0.1 - - [11/Mar/2026:03:59:43 +0000] "GET /health HTTP/1.1" 200 249 "-" "-"
[90mstdout[2m | tests/integration/performance.test.ts[2m > [22m[2mAPI Performance Tests[2m > [22m[2mMemory and Resource Tests[2m > [22m[2mshould not leak memory during repeated requests
[22m[39m2026-03-11T03:59:43.342Z INFO [App] Incoming request {"correlationId":"aa63f1bf-8cdd-431b-a80f-f03a9549e9c8","method":"GET","url":"/health","ip":"::ffff:127.0.0.1"}

[90mstdout[2m | tests/integration/performance.test.ts[2m > [22m[2mAPI Performance Tests[2m > [22m[2mMemory and Resource Tests[2m > [22m[2mshould not leak memory during repeated requests
[22m[39m2026-03-11T03:59:43.400Z INFO [App] Request completed {"correlationId":"aa63f1bf-8cdd-431b-a80f-f03a9549e9c8","method":"GET","url":"/health","statusCode":200,"duration":"58ms"}
2026-03-11T03:59:43.400Z INFO [App] Request completed {"correlationId":"aa63f1bf-8cdd-431b-a80f-f03a9549e9c8","method":"GET","url":"/health","statusCode":200,"duration":"58ms"}

::ffff:127.0.0.1 - - [11/Mar/2026:03:59:43 +0000] "GET /health HTTP/1.1" 200 249 "-" "-"
[90mstdout[2m | tests/integration/performance.test.ts[2m > [22m[2mAPI Performance Tests[2m > [22m[2mMemory and Resource Tests[2m > [22m[2mshould not leak memory during repeated requests
[22m[39m2026-03-11T03:59:43.410Z INFO [App] Incoming request {"correlationId":"67aa270d-0466-4f9d-9961-4a7d2ae0341a","method":"GET","url":"/health","ip":"::ffff:127.0.0.1"}

[90mstdout[2m | tests/integration/performance.test.ts[2m > [22m[2mAPI Performance Tests[2m > [22m[2mMemory and Resource Tests[2m > [22m[2mshould not leak memory during repeated requests
[22m[39m2026-03-11T03:59:43.458Z INFO [App] Request completed {"correlationId":"67aa270d-0466-4f9d-9961-4a7d2ae0341a","method":"GET","url":"/health","statusCode":200,"duration":"49ms"}
2026-03-11T03:59:43.458Z INFO [App] Request completed {"correlationId":"67aa270d-0466-4f9d-9961-4a7d2ae0341a","method":"GET","url":"/health","statusCode":200,"duration":"49ms"}

::ffff:127.0.0.1 - - [11/Mar/2026:03:59:43 +0000] "GET /health HTTP/1.1" 200 249 "-" "-"
[90mstdout[2m | tests/integration/performance.test.ts[2m > [22m[2mAPI Performance Tests[2m > [22m[2mMemory and Resource Tests[2m > [22m[2mshould not leak memory during repeated requests
[22m[39m2026-03-11T03:59:43.466Z INFO [App] Incoming request {"correlationId":"2f3f1930-d32f-40b0-87b0-18c9023b3d08","method":"GET","url":"/health","ip":"::ffff:127.0.0.1"}

[90mstdout[2m | tests/integration/performance.test.ts[2m > [22m[2mAPI Performance Tests[2m > [22m[2mMemory and Resource Tests[2m > [22m[2mshould not leak memory during repeated requests
[22m[39m2026-03-11T03:59:43.518Z INFO [App] Request completed {"correlationId":"2f3f1930-d32f-40b0-87b0-18c9023b3d08","method":"GET","url":"/health","statusCode":200,"duration":"52ms"}
2026-03-11T03:59:43.518Z INFO [App] Request completed {"correlationId":"2f3f1930-d32f-40b0-87b0-18c9023b3d08","method":"GET","url":"/health","statusCode":200,"duration":"52ms"}

::ffff:127.0.0.1 - - [11/Mar/2026:03:59:43 +0000] "GET /health HTTP/1.1" 200 249 "-" "-"
[90mstdout[2m | tests/integration/performance.test.ts[2m > [22m[2mAPI Performance Tests[2m > [22m[2mMemory and Resource Tests[2m > [22m[2mshould not leak memory during repeated requests
[22m[39m2026-03-11T03:59:43.528Z INFO [App] Incoming request {"correlationId":"90216ef7-3d61-45dd-9db4-86176ccc6443","method":"GET","url":"/health","ip":"::ffff:127.0.0.1"}

[90mstdout[2m | tests/integration/performance.test.ts[2m > [22m[2mAPI Performance Tests[2m > [22m[2mMemory and Resource Tests[2m > [22m[2mshould not leak memory during repeated requests
[22m[39m2026-03-11T03:59:43.582Z INFO [App] Request completed {"correlationId":"90216ef7-3d61-45dd-9db4-86176ccc6443","method":"GET","url":"/health","statusCode":200,"duration":"54ms"}
2026-03-11T03:59:43.582Z INFO [App] Request completed {"correlationId":"90216ef7-3d61-45dd-9db4-86176ccc6443","method":"GET","url":"/health","statusCode":200,"duration":"54ms"}

::ffff:127.0.0.1 - - [11/Mar/2026:03:59:43 +0000] "GET /health HTTP/1.1" 200 249 "-" "-"
[90mstdout[2m | tests/integration/performance.test.ts[2m > [22m[2mAPI Performance Tests[2m > [22m[2mMemory and Resource Tests[2m > [22m[2mshould not leak memory during repeated requests
[22m[39m2026-03-11T03:59:43.591Z INFO [App] Incoming request {"correlationId":"e6c41aeb-27cd-4c3f-a69a-c136b3eb2084","method":"GET","url":"/health","ip":"::ffff:127.0.0.1"}

[90mstdout[2m | tests/integration/performance.test.ts[2m > [22m[2mAPI Performance Tests[2m > [22m[2mMemory and Resource Tests[2m > [22m[2mshould not leak memory during repeated requests
[22m[39m2026-03-11T03:59:43.647Z INFO [App] Request completed {"correlationId":"e6c41aeb-27cd-4c3f-a69a-c136b3eb2084","method":"GET","url":"/health","statusCode":200,"duration":"56ms"}
2026-03-11T03:59:43.647Z INFO [App] Request completed {"correlationId":"e6c41aeb-27cd-4c3f-a69a-c136b3eb2084","method":"GET","url":"/health","statusCode":200,"duration":"56ms"}

::ffff:127.0.0.1 - - [11/Mar/2026:03:59:43 +0000] "GET /health HTTP/1.1" 200 249 "-" "-"
[90mstdout[2m | tests/integration/performance.test.ts[2m > [22m[2mAPI Performance Tests[2m > [22m[2mMemory and Resource Tests[2m > [22m[2mshould not leak memory during repeated requests
[22m[39m2026-03-11T03:59:43.654Z INFO [App] Incoming request {"correlationId":"f571fb37-bd7c-48cf-bd19-391bd8e76168","method":"GET","url":"/health","ip":"::ffff:127.0.0.1"}

[90mstdout[2m | tests/integration/performance.test.ts[2m > [22m[2mAPI Performance Tests[2m > [22m[2mMemory and Resource Tests[2m > [22m[2mshould not leak memory during repeated requests
[22m[39m2026-03-11T03:59:43.705Z INFO [App] Request completed {"correlationId":"f571fb37-bd7c-48cf-bd19-391bd8e76168","method":"GET","url":"/health","statusCode":200,"duration":"51ms"}
2026-03-11T03:59:43.705Z INFO [App] Request completed {"correlationId":"f571fb37-bd7c-48cf-bd19-391bd8e76168","method":"GET","url":"/health","statusCode":200,"duration":"51ms"}

::ffff:127.0.0.1 - - [11/Mar/2026:03:59:43 +0000] "GET /health HTTP/1.1" 200 249 "-" "-"
[90mstdout[2m | tests/integration/performance.test.ts[2m > [22m[2mAPI Performance Tests[2m > [22m[2mMemory and Resource Tests[2m > [22m[2mshould not leak memory during repeated requests
[22m[39m2026-03-11T03:59:43.714Z INFO [App] Incoming request {"correlationId":"8656f358-d9be-47bf-8797-bf6712c6be68","method":"GET","url":"/health","ip":"::ffff:127.0.0.1"}

[90mstdout[2m | tests/integration/performance.test.ts[2m > [22m[2mAPI Performance Tests[2m > [22m[2mMemory and Resource Tests[2m > [22m[2mshould not leak memory during repeated requests
[22m[39m2026-03-11T03:59:43.769Z INFO [App] Request completed {"correlationId":"8656f358-d9be-47bf-8797-bf6712c6be68","method":"GET","url":"/health","statusCode":200,"duration":"55ms"}
2026-03-11T03:59:43.770Z INFO [App] Request completed {"correlationId":"8656f358-d9be-47bf-8797-bf6712c6be68","method":"GET","url":"/health","statusCode":200,"duration":"56ms"}

::ffff:127.0.0.1 - - [11/Mar/2026:03:59:43 +0000] "GET /health HTTP/1.1" 200 249 "-" "-"
[90mstdout[2m | tests/integration/performance.test.ts[2m > [22m[2mAPI Performance Tests[2m > [22m[2mMemory and Resource Tests[2m > [22m[2mshould not leak memory during repeated requests
[22m[39m2026-03-11T03:59:43.778Z INFO [App] Incoming request {"correlationId":"29c8e3a0-6a2c-423b-acfc-26f79802fcdf","method":"GET","url":"/health","ip":"::ffff:127.0.0.1"}

[90mstdout[2m | tests/integration/performance.test.ts[2m > [22m[2mAPI Performance Tests[2m > [22m[2mMemory and Resource Tests[2m > [22m[2mshould not leak memory during repeated requests
[22m[39m2026-03-11T03:59:43.828Z INFO [App] Request completed {"correlationId":"29c8e3a0-6a2c-423b-acfc-26f79802fcdf","method":"GET","url":"/health","statusCode":200,"duration":"51ms"}
2026-03-11T03:59:43.828Z INFO [App] Request completed {"correlationId":"29c8e3a0-6a2c-423b-acfc-26f79802fcdf","method":"GET","url":"/health","statusCode":200,"duration":"51ms"}

::ffff:127.0.0.1 - - [11/Mar/2026:03:59:43 +0000] "GET /health HTTP/1.1" 200 249 "-" "-"
[90mstdout[2m | tests/integration/performance.test.ts[2m > [22m[2mAPI Performance Tests[2m > [22m[2mMemory and Resource Tests[2m > [22m[2mshould not leak memory during repeated requests
[22m[39m2026-03-11T03:59:43.836Z INFO [App] Incoming request {"correlationId":"c0f9ffd1-fd97-4d3d-923d-fa0f5465fd2e","method":"GET","url":"/health","ip":"::ffff:127.0.0.1"}

[90mstdout[2m | tests/integration/performance.test.ts[2m > [22m[2mAPI Performance Tests[2m > [22m[2mMemory and Resource Tests[2m > [22m[2mshould not leak memory during repeated requests
[22m[39m2026-03-11T03:59:43.890Z INFO [App] Request completed {"correlationId":"c0f9ffd1-fd97-4d3d-923d-fa0f5465fd2e","method":"GET","url":"/health","statusCode":200,"duration":"54ms"}
2026-03-11T03:59:43.890Z INFO [App] Request completed {"correlationId":"c0f9ffd1-fd97-4d3d-923d-fa0f5465fd2e","method":"GET","url":"/health","statusCode":200,"duration":"54ms"}

::ffff:127.0.0.1 - - [11/Mar/2026:03:59:43 +0000] "GET /health HTTP/1.1" 200 249 "-" "-"
[90mstdout[2m | tests/integration/performance.test.ts[2m > [22m[2mAPI Performance Tests[2m > [22m[2mMemory and Resource Tests[2m > [22m[2mshould not leak memory during repeated requests
[22m[39m2026-03-11T03:59:43.898Z INFO [App] Incoming request {"correlationId":"515e4dee-9b38-476d-a58e-304e96e3bf38","method":"GET","url":"/health","ip":"::ffff:127.0.0.1"}

[90mstdout[2m | tests/integration/performance.test.ts[2m > [22m[2mAPI Performance Tests[2m > [22m[2mMemory and Resource Tests[2m > [22m[2mshould not leak memory during repeated requests
[22m[39m2026-03-11T03:59:43.951Z INFO [App] Request completed {"correlationId":"515e4dee-9b38-476d-a58e-304e96e3bf38","method":"GET","url":"/health","statusCode":200,"duration":"53ms"}
2026-03-11T03:59:43.951Z INFO [App] Request completed {"correlationId":"515e4dee-9b38-476d-a58e-304e96e3bf38","method":"GET","url":"/health","statusCode":200,"duration":"53ms"}

::ffff:127.0.0.1 - - [11/Mar/2026:03:59:43 +0000] "GET /health HTTP/1.1" 200 249 "-" "-"
[90mstdout[2m | tests/integration/performance.test.ts[2m > [22m[2mAPI Performance Tests[2m > [22m[2mMemory and Resource Tests[2m > [22m[2mshould not leak memory during repeated requests
[22m[39m2026-03-11T03:59:43.959Z INFO [App] Incoming request {"correlationId":"97d11670-1f5e-454a-822d-ae1fa9f29dad","method":"GET","url":"/health","ip":"::ffff:127.0.0.1"}

[90mstdout[2m | tests/integration/performance.test.ts[2m > [22m[2mAPI Performance Tests[2m > [22m[2mMemory and Resource Tests[2m > [22m[2mshould not leak memory during repeated requests
[22m[39m2026-03-11T03:59:44.010Z INFO [App] Request completed {"correlationId":"97d11670-1f5e-454a-822d-ae1fa9f29dad","method":"GET","url":"/health","statusCode":200,"duration":"51ms"}
2026-03-11T03:59:44.010Z INFO [App] Request completed {"correlationId":"97d11670-1f5e-454a-822d-ae1fa9f29dad","method":"GET","url":"/health","statusCode":200,"duration":"51ms"}

::ffff:127.0.0.1 - - [11/Mar/2026:03:59:44 +0000] "GET /health HTTP/1.1" 200 249 "-" "-"
[90mstdout[2m | tests/integration/performance.test.ts[2m > [22m[2mAPI Performance Tests[2m > [22m[2mMemory and Resource Tests[2m > [22m[2mshould not leak memory during repeated requests
[22m[39m2026-03-11T03:59:44.020Z INFO [App] Incoming request {"correlationId":"e916ddd5-370e-487c-8739-dd8d888dc5ba","method":"GET","url":"/health","ip":"::ffff:127.0.0.1"}

[90mstdout[2m | tests/integration/performance.test.ts[2m > [22m[2mAPI Performance Tests[2m > [22m[2mMemory and Resource Tests[2m > [22m[2mshould not leak memory during repeated requests
[22m[39m2026-03-11T03:59:44.068Z INFO [App] Request completed {"correlationId":"e916ddd5-370e-487c-8739-dd8d888dc5ba","method":"GET","url":"/health","statusCode":200,"duration":"48ms"}
2026-03-11T03:59:44.069Z INFO [App] Request completed {"correlationId":"e916ddd5-370e-487c-8739-dd8d888dc5ba","method":"GET","url":"/health","statusCode":200,"duration":"49ms"}

::ffff:127.0.0.1 - - [11/Mar/2026:03:59:44 +0000] "GET /health HTTP/1.1" 200 249 "-" "-"
[90mstdout[2m | tests/integration/performance.test.ts[2m > [22m[2mAPI Performance Tests[2m > [22m[2mMemory and Resource Tests[2m > [22m[2mshould not leak memory during repeated requests
[22m[39m2026-03-11T03:59:44.077Z INFO [App] Incoming request {"correlationId":"202dc31b-b67b-45a1-8679-21e28691aa20","method":"GET","url":"/health","ip":"::ffff:127.0.0.1"}

[90mstdout[2m | tests/integration/performance.test.ts[2m > [22m[2mAPI Performance Tests[2m > [22m[2mMemory and Resource Tests[2m > [22m[2mshould not leak memory during repeated requests
[22m[39m2026-03-11T03:59:44.131Z INFO [App] Request completed {"correlationId":"202dc31b-b67b-45a1-8679-21e28691aa20","method":"GET","url":"/health","statusCode":200,"duration":"54ms"}
2026-03-11T03:59:44.132Z INFO [App] Request completed {"correlationId":"202dc31b-b67b-45a1-8679-21e28691aa20","method":"GET","url":"/health","statusCode":200,"duration":"55ms"}

::ffff:127.0.0.1 - - [11/Mar/2026:03:59:44 +0000] "GET /health HTTP/1.1" 200 249 "-" "-"
[90mstdout[2m | tests/integration/performance.test.ts[2m > [22m[2mAPI Performance Tests[2m > [22m[2mMemory and Resource Tests[2m > [22m[2mshould not leak memory during repeated requests
[22m[39m2026-03-11T03:59:44.142Z INFO [App] Incoming request {"correlationId":"ebf310f2-a02f-4051-a027-771a9aeee4dd","method":"GET","url":"/health","ip":"::ffff:127.0.0.1"}

[90mstdout[2m | tests/integration/performance.test.ts[2m > [22m[2mAPI Performance Tests[2m > [22m[2mMemory and Resource Tests[2m > [22m[2mshould not leak memory during repeated requests
[22m[39m2026-03-11T03:59:44.198Z INFO [App] Request completed {"correlationId":"ebf310f2-a02f-4051-a027-771a9aeee4dd","method":"GET","url":"/health","statusCode":200,"duration":"56ms"}
2026-03-11T03:59:44.199Z INFO [App] Request completed {"correlationId":"ebf310f2-a02f-4051-a027-771a9aeee4dd","method":"GET","url":"/health","statusCode":200,"duration":"57ms"}

::ffff:127.0.0.1 - - [11/Mar/2026:03:59:44 +0000] "GET /health HTTP/1.1" 200 249 "-" "-"
[90mstdout[2m | tests/integration/performance.test.ts[2m > [22m[2mAPI Performance Tests[2m > [22m[2mMemory and Resource Tests[2m > [22m[2mshould not leak memory during repeated requests
[22m[39m2026-03-11T03:59:44.208Z INFO [App] Incoming request {"correlationId":"4136292f-7ad9-4a24-8532-50eddc4a91f3","method":"GET","url":"/health","ip":"::ffff:127.0.0.1"}

[90mstdout[2m | tests/integration/performance.test.ts[2m > [22m[2mAPI Performance Tests[2m > [22m[2mMemory and Resource Tests[2m > [22m[2mshould not leak memory during repeated requests
[22m[39m2026-03-11T03:59:44.251Z INFO [App] Request completed {"correlationId":"4136292f-7ad9-4a24-8532-50eddc4a91f3","method":"GET","url":"/health","statusCode":200,"duration":"43ms"}
2026-03-11T03:59:44.251Z INFO [App] Request completed {"correlationId":"4136292f-7ad9-4a24-8532-50eddc4a91f3","method":"GET","url":"/health","statusCode":200,"duration":"43ms"}

::ffff:127.0.0.1 - - [11/Mar/2026:03:59:44 +0000] "GET /health HTTP/1.1" 200 249 "-" "-"
[90mstdout[2m | tests/integration/performance.test.ts[2m > [22m[2mAPI Performance Tests[2m > [22m[2mMemory and Resource Tests[2m > [22m[2mshould not leak memory during repeated requests
[22m[39m2026-03-11T03:59:44.260Z INFO [App] Incoming request {"correlationId":"20d47ee3-619f-45bd-a706-653e8a5c5df2","method":"GET","url":"/health","ip":"::ffff:127.0.0.1"}

[90mstdout[2m | tests/integration/performance.test.ts[2m > [22m[2mAPI Performance Tests[2m > [22m[2mMemory and Resource Tests[2m > [22m[2mshould not leak memory during repeated requests
[22m[39m2026-03-11T03:59:44.309Z INFO [App] Request completed {"correlationId":"20d47ee3-619f-45bd-a706-653e8a5c5df2","method":"GET","url":"/health","statusCode":200,"duration":"49ms"}
2026-03-11T03:59:44.310Z INFO [App] Request completed {"correlationId":"20d47ee3-619f-45bd-a706-653e8a5c5df2","method":"GET","url":"/health","statusCode":200,"duration":"50ms"}

::ffff:127.0.0.1 - - [11/Mar/2026:03:59:44 +0000] "GET /health HTTP/1.1" 200 249 "-" "-"
[90mstdout[2m | tests/integration/performance.test.ts[2m > [22m[2mAPI Performance Tests[2m > [22m[2mMemory and Resource Tests[2m > [22m[2mshould not leak memory during repeated requests
[22m[39m2026-03-11T03:59:44.318Z INFO [App] Incoming request {"correlationId":"8ca1391f-e84a-4c94-a6d7-909584547b8e","method":"GET","url":"/health","ip":"::ffff:127.0.0.1"}

[90mstdout[2m | tests/integration/performance.test.ts[2m > [22m[2mAPI Performance Tests[2m > [22m[2mMemory and Resource Tests[2m > [22m[2mshould not leak memory during repeated requests
[22m[39m2026-03-11T03:59:44.371Z INFO [App] Request completed {"correlationId":"8ca1391f-e84a-4c94-a6d7-909584547b8e","method":"GET","url":"/health","statusCode":200,"duration":"53ms"}
2026-03-11T03:59:44.371Z INFO [App] Request completed {"correlationId":"8ca1391f-e84a-4c94-a6d7-909584547b8e","method":"GET","url":"/health","statusCode":200,"duration":"53ms"}

::ffff:127.0.0.1 - - [11/Mar/2026:03:59:44 +0000] "GET /health HTTP/1.1" 200 249 "-" "-"
[90mstdout[2m | tests/integration/performance.test.ts[2m > [22m[2mAPI Performance Tests[2m > [22m[2mMemory and Resource Tests[2m > [22m[2mshould not leak memory during repeated requests
[22m[39m2026-03-11T03:59:44.380Z INFO [App] Incoming request {"correlationId":"2f5f297f-e147-492f-b1de-e454bf7786b6","method":"GET","url":"/health","ip":"::ffff:127.0.0.1"}

[90mstdout[2m | tests/integration/performance.test.ts[2m > [22m[2mAPI Performance Tests[2m > [22m[2mMemory and Resource Tests[2m > [22m[2mshould not leak memory during repeated requests
[22m[39m2026-03-11T03:59:44.439Z INFO [App] Request completed {"correlationId":"2f5f297f-e147-492f-b1de-e454bf7786b6","method":"GET","url":"/health","statusCode":200,"duration":"60ms"}
2026-03-11T03:59:44.439Z INFO [App] Request completed {"correlationId":"2f5f297f-e147-492f-b1de-e454bf7786b6","method":"GET","url":"/health","statusCode":200,"duration":"60ms"}

::ffff:127.0.0.1 - - [11/Mar/2026:03:59:44 +0000] "GET /health HTTP/1.1" 200 249 "-" "-"
[90mstdout[2m | tests/integration/performance.test.ts[2m > [22m[2mAPI Performance Tests[2m > [22m[2mMemory and Resource Tests[2m > [22m[2mshould not leak memory during repeated requests
[22m[39m2026-03-11T03:59:44.448Z INFO [App] Incoming request {"correlationId":"fb76f452-0950-4940-9126-f9d6c3ad9f8b","method":"GET","url":"/health","ip":"::ffff:127.0.0.1"}

[90mstdout[2m | tests/integration/performance.test.ts[2m > [22m[2mAPI Performance Tests[2m > [22m[2mMemory and Resource Tests[2m > [22m[2mshould not leak memory during repeated requests
[22m[39m2026-03-11T03:59:44.499Z INFO [App] Request completed {"correlationId":"fb76f452-0950-4940-9126-f9d6c3ad9f8b","method":"GET","url":"/health","statusCode":200,"duration":"51ms"}
2026-03-11T03:59:44.500Z INFO [App] Request completed {"correlationId":"fb76f452-0950-4940-9126-f9d6c3ad9f8b","method":"GET","url":"/health","statusCode":200,"duration":"52ms"}

::ffff:127.0.0.1 - - [11/Mar/2026:03:59:44 +0000] "GET /health HTTP/1.1" 200 249 "-" "-"
[90mstdout[2m | tests/integration/performance.test.ts[2m > [22m[2mAPI Performance Tests[2m > [22m[2mMemory and Resource Tests[2m > [22m[2mshould not leak memory during repeated requests
[22m[39m2026-03-11T03:59:44.508Z INFO [App] Incoming request {"correlationId":"0725587d-36c3-4147-8e07-884f69a4ec25","method":"GET","url":"/health","ip":"::ffff:127.0.0.1"}

[90mstdout[2m | tests/integration/performance.test.ts[2m > [22m[2mAPI Performance Tests[2m > [22m[2mMemory and Resource Tests[2m > [22m[2mshould not leak memory during repeated requests
[22m[39m2026-03-11T03:59:44.558Z INFO [App] Request completed {"correlationId":"0725587d-36c3-4147-8e07-884f69a4ec25","method":"GET","url":"/health","statusCode":200,"duration":"50ms"}
2026-03-11T03:59:44.559Z INFO [App] Request completed {"correlationId":"0725587d-36c3-4147-8e07-884f69a4ec25","method":"GET","url":"/health","statusCode":200,"duration":"51ms"}

::ffff:127.0.0.1 - - [11/Mar/2026:03:59:44 +0000] "GET /health HTTP/1.1" 200 249 "-" "-"
[90mstdout[2m | tests/integration/performance.test.ts[2m > [22m[2mAPI Performance Tests[2m > [22m[2mMemory and Resource Tests[2m > [22m[2mshould not leak memory during repeated requests
[22m[39m2026-03-11T03:59:44.567Z INFO [App] Incoming request {"correlationId":"d63fc37c-3096-49f0-8662-2ae5d0dd51b6","method":"GET","url":"/health","ip":"::ffff:127.0.0.1"}

[90mstdout[2m | tests/qc-api-integration.test.ts[2m > [22m[2mQC API Endpoints Integration Tests[2m > [22m[2mQC Execution Management[2m > [22m[2mPOST /api/qc/execution/execute[2m > [22m[2mshould execute QC review successfully
[22m[39m2026-03-11T03:59:44.569Z INFO [App] Initializing Azure Cosmos DB connection with Managed Identity
2026-03-11T03:59:44.569Z INFO [App] Using Managed Identity for Cosmos DB authentication
2026-03-11T03:59:44.570Z INFO [App] Successfully connected to Azure Cosmos DB {"databaseId":"appraisal-management","endpoint":"https://appraisal-mgmt-staging-cosmos.documents.azure.com:443/"}

[90mstdout[2m | tests/integration/performance.test.ts[2m > [22m[2mAPI Performance Tests[2m > [22m[2mMemory and Resource Tests[2m > [22m[2mshould not leak memory during repeated requests
[22m[39m2026-03-11T03:59:44.619Z INFO [App] Request completed {"correlationId":"d63fc37c-3096-49f0-8662-2ae5d0dd51b6","method":"GET","url":"/health","statusCode":200,"duration":"52ms"}
2026-03-11T03:59:44.619Z INFO [App] Request completed {"correlationId":"d63fc37c-3096-49f0-8662-2ae5d0dd51b6","method":"GET","url":"/health","statusCode":200,"duration":"52ms"}

::ffff:127.0.0.1 - - [11/Mar/2026:03:59:44 +0000] "GET /health HTTP/1.1" 200 249 "-" "-"
[90mstdout[2m | tests/integration/performance.test.ts[2m > [22m[2mAPI Performance Tests[2m > [22m[2mMemory and Resource Tests[2m > [22m[2mshould not leak memory during repeated requests
[22m[39m2026-03-11T03:59:44.629Z INFO [App] Incoming request {"correlationId":"d3935d00-7238-4d67-b9bf-15fffe0252d7","method":"GET","url":"/health","ip":"::ffff:127.0.0.1"}

[90mstdout[2m | tests/integration/performance.test.ts[2m > [22m[2mAPI Performance Tests[2m > [22m[2mMemory and Resource Tests[2m > [22m[2mshould not leak memory during repeated requests
[22m[39m2026-03-11T03:59:44.677Z INFO [App] Request completed {"correlationId":"d3935d00-7238-4d67-b9bf-15fffe0252d7","method":"GET","url":"/health","statusCode":200,"duration":"48ms"}
2026-03-11T03:59:44.677Z INFO [App] Request completed {"correlationId":"d3935d00-7238-4d67-b9bf-15fffe0252d7","method":"GET","url":"/health","statusCode":200,"duration":"48ms"}

::ffff:127.0.0.1 - - [11/Mar/2026:03:59:44 +0000] "GET /health HTTP/1.1" 200 249 "-" "-"
[90mstderr[2m | tests/integration/external-services-fixed.test.ts[2m > 
[22m[2mExternal Services Integration Tests (Fixed)[2m > [22m[2mGoogle 
Places API Integration[2m > [22m[2mshould integrate Google Places via 
neighborhood analysis
[22m[39m2026-03-11T03:59:44.685Z ERROR [App] OSM community amenities 
analysis failed 
{"error":{},"coordinates":{"latitude":37.4224764,"longitude":-122.0842499}}

[90mstdout[2m | tests/integration/performance.test.ts[2m > [22m[2mAPI Performance Tests[2m > [22m[2mMemory and Resource Tests[2m > [22m[2mshould not leak memory during repeated requests
[22m[39m2026-03-11T03:59:44.687Z INFO [App] Incoming request {"correlationId":"2848df8d-88da-4b52-b1d1-8d3972592445","method":"GET","url":"/health","ip":"::ffff:127.0.0.1"}

[90mstdout[2m | tests/integration/external-services-fixed.test.ts[2m > [22m[2mExternal Services Integration Tests (Fixed)[2m > [22m[2mGoogle Places API Integration[2m > [22m[2mshould integrate Google Places via neighborhood analysis
[22m[39m2026-03-11T03:59:44.686Z INFO [App] Request completed {"correlationId":"9acfd5dd-4f62-4bbb-b72b-14ba663e78f5","method":"POST","url":"/api/property-intelligence/analyze/neighborhood","statusCode":200,"duration":"8991ms"}
2026-03-11T03:59:44.687Z INFO [App] Request completed {"correlationId":"9acfd5dd-4f62-4bbb-b72b-14ba663e78f5","method":"POST","url":"/api/property-intelligence/analyze/neighborhood","statusCode":200,"duration":"8993ms"}

::ffff:127.0.0.1 - - [11/Mar/2026:03:59:44 +0000] "POST /api/property-intelligence/analyze/neighborhood HTTP/1.1" 200 - "-" "-"
[90mstdout[2m | tests/integration/external-services-fixed.test.ts[2m > [22m[2mExternal Services Integration Tests (Fixed)[2m > [22m[2mGoogle Places API Integration[2m > [22m[2mshould integrate Google Places via neighborhood analysis
[22m[39mΓ£à Google Places API integrated via neighborhood analysis

[90mstdout[2m | tests/integration/external-services-fixed.test.ts[2m > [22m[2mExternal Services Integration Tests (Fixed)[2m > [22m[2mGoogle Places API Integration[2m > [22m[2mshould find coffee shops via creative features analysis
[22m[39m2026-03-11T03:59:44.708Z INFO [App] Incoming request {"correlationId":"9467c1df-3939-413d-af57-b535204e4334","method":"POST","url":"/api/property-intelligence/analyze/creative","ip":"::ffff:127.0.0.1"}

[90mstdout[2m | tests/integration/external-services-fixed.test.ts[2m > [22m[2mExternal Services Integration Tests (Fixed)[2m > [22m[2mGoogle Places API Integration[2m > [22m[2mshould find coffee shops via creative features analysis
[22m[39m2026-03-11T03:59:44.715Z INFO [App] Request completed {"correlationId":"9467c1df-3939-413d-af57-b535204e4334","method":"POST","url":"/api/property-intelligence/analyze/creative","statusCode":200,"duration":"7ms"}
2026-03-11T03:59:44.716Z INFO [App] Request completed {"correlationId":"9467c1df-3939-413d-af57-b535204e4334","method":"POST","url":"/api/property-intelligence/analyze/creative","statusCode":200,"duration":"8ms"}

::ffff:127.0.0.1 - - [11/Mar/2026:03:59:44 +0000] "POST /api/property-intelligence/analyze/creative HTTP/1.1" 200 - "-" "-"
[90mstdout[2m | tests/integration/external-services-fixed.test.ts[2m > [22m[2mExternal Services Integration Tests (Fixed)[2m > [22m[2mGoogle Places API Integration[2m > [22m[2mshould find coffee shops via creative features analysis
[22m[39mΓ£à Coffee shop density analysis via creative features

[90mstdout[2m | tests/integration/performance.test.ts[2m > [22m[2mAPI Performance Tests[2m > [22m[2mMemory and Resource Tests[2m > [22m[2mshould not leak memory during repeated requests
[22m[39m2026-03-11T03:59:44.731Z INFO [App] Request completed {"correlationId":"2848df8d-88da-4b52-b1d1-8d3972592445","method":"GET","url":"/health","statusCode":200,"duration":"44ms"}
2026-03-11T03:59:44.731Z INFO [App] Request completed {"correlationId":"2848df8d-88da-4b52-b1d1-8d3972592445","method":"GET","url":"/health","statusCode":200,"duration":"44ms"}

::ffff:127.0.0.1 - - [11/Mar/2026:03:59:44 +0000] "GET /health HTTP/1.1" 200 249 "-" "-"
[90mstdout[2m | tests/integration/external-services-fixed.test.ts[2m > [22m[2mExternal Services Integration Tests (Fixed)[2m > [22m[2mGoogle Places API Integration[2m > [22m[2mshould analyze transportation and walkability
[22m[39m2026-03-11T03:59:44.733Z INFO [App] Incoming request {"correlationId":"d99f3172-2640-4251-8bb7-aaa7d4ac4b9b","method":"POST","url":"/api/property-intelligence/analyze/transportation","ip":"::ffff:127.0.0.1"}

[90mstdout[2m | tests/integration/performance.test.ts[2m > [22m[2mAPI Performance Tests[2m > [22m[2mMemory and Resource Tests[2m > [22m[2mshould not leak memory during repeated requests
[22m[39m2026-03-11T03:59:44.739Z INFO [App] Incoming request {"correlationId":"951c09a9-9190-4749-82eb-9a5af035670f","method":"GET","url":"/health","ip":"::ffff:127.0.0.1"}

[90mstdout[2m | tests/integration/performance.test.ts[2m > [22m[2mAPI Performance Tests[2m > [22m[2mMemory and Resource Tests[2m > [22m[2mshould not leak memory during repeated requests
[22m[39m2026-03-11T03:59:44.792Z INFO [App] Request completed {"correlationId":"951c09a9-9190-4749-82eb-9a5af035670f","method":"GET","url":"/health","statusCode":200,"duration":"53ms"}
2026-03-11T03:59:44.792Z INFO [App] Request completed {"correlationId":"951c09a9-9190-4749-82eb-9a5af035670f","method":"GET","url":"/health","statusCode":200,"duration":"53ms"}

::ffff:127.0.0.1 - - [11/Mar/2026:03:59:44 +0000] "GET /health HTTP/1.1" 200 249 "-" "-"
[90mstdout[2m | tests/integration/performance.test.ts[2m > [22m[2mAPI Performance Tests[2m > [22m[2mMemory and Resource Tests[2m > [22m[2mshould not leak memory during repeated requests
[22m[39m2026-03-11T03:59:44.799Z INFO [App] Incoming request {"correlationId":"7f40487c-2453-4036-84e9-0e6bc5931b03","method":"GET","url":"/health","ip":"::ffff:127.0.0.1"}

 [32mΓ£ô[39m tests/integration/external-services-fixed.test.ts[2m > [22mExternal Services Integration Tests (Fixed)[2m > [22mGoogle Places API Integration[2m > [22mshould integrate Google Places via neighborhood analysis[33m 9013[2mms[22m[39m
 [32mΓ£ô[39m tests/integration/external-services-fixed.test.ts[2m > [22mExternal Services Integration Tests (Fixed)[2m > [22mGoogle Places API Integration[2m > [22mshould find coffee shops via creative features analysis[32m 24[2mms[22m[39m
[90mstdout[2m | tests/integration/performance.test.ts[2m > [22m[2mAPI Performance Tests[2m > [22m[2mMemory and Resource Tests[2m > [22m[2mshould not leak memory during repeated requests
[22m[39m2026-03-11T03:59:44.851Z INFO [App] Request completed {"correlationId":"7f40487c-2453-4036-84e9-0e6bc5931b03","method":"GET","url":"/health","statusCode":200,"duration":"52ms"}
2026-03-11T03:59:44.851Z INFO [App] Request completed {"correlationId":"7f40487c-2453-4036-84e9-0e6bc5931b03","method":"GET","url":"/health","statusCode":200,"duration":"52ms"}

::ffff:127.0.0.1 - - [11/Mar/2026:03:59:44 +0000] "GET /health HTTP/1.1" 200 249 "-" "-"
[90mstdout[2m | tests/integration/performance.test.ts[2m > [22m[2mAPI Performance Tests[2m > [22m[2mMemory and Resource Tests[2m > [22m[2mshould not leak memory during repeated requests
[22m[39m2026-03-11T03:59:44.858Z INFO [App] Incoming request {"correlationId":"4851771e-34d1-4d75-b6df-17058683a22a","method":"GET","url":"/health","ip":"::ffff:127.0.0.1"}

[90mstdout[2m | tests/integration/performance.test.ts[2m > [22m[2mAPI Performance Tests[2m > [22m[2mMemory and Resource Tests[2m > [22m[2mshould not leak memory during repeated requests
[22m[39m2026-03-11T03:59:44.902Z INFO [App] Request completed {"correlationId":"4851771e-34d1-4d75-b6df-17058683a22a","method":"GET","url":"/health","statusCode":200,"duration":"44ms"}
2026-03-11T03:59:44.903Z INFO [App] Request completed {"correlationId":"4851771e-34d1-4d75-b6df-17058683a22a","method":"GET","url":"/health","statusCode":200,"duration":"45ms"}

::ffff:127.0.0.1 - - [11/Mar/2026:03:59:44 +0000] "GET /health HTTP/1.1" 200 249 "-" "-"
[90mstdout[2m | tests/integration/performance.test.ts[2m > [22m[2mAPI Performance Tests[2m > [22m[2mMemory and Resource Tests[2m > [22m[2mshould not leak memory during repeated requests
[22m[39m2026-03-11T03:59:44.911Z INFO [App] Incoming request {"correlationId":"66d3afc3-3222-4401-8912-c6af2399720d","method":"GET","url":"/health","ip":"::ffff:127.0.0.1"}

[90mstdout[2m | tests/integration/performance.test.ts[2m > [22m[2mAPI Performance Tests[2m > [22m[2mMemory and Resource Tests[2m > [22m[2mshould not leak memory during repeated requests
[22m[39m2026-03-11T03:59:44.967Z INFO [App] Request completed {"correlationId":"66d3afc3-3222-4401-8912-c6af2399720d","method":"GET","url":"/health","statusCode":200,"duration":"56ms"}
2026-03-11T03:59:44.968Z INFO [App] Request completed {"correlationId":"66d3afc3-3222-4401-8912-c6af2399720d","method":"GET","url":"/health","statusCode":200,"duration":"57ms"}

::ffff:127.0.0.1 - - [11/Mar/2026:03:59:44 +0000] "GET /health HTTP/1.1" 200 249 "-" "-"
[90mstdout[2m | tests/integration/performance.test.ts[2m > [22m[2mAPI Performance Tests[2m > [22m[2mMemory and Resource Tests[2m > [22m[2mshould not leak memory during repeated requests
[22m[39m2026-03-11T03:59:44.975Z INFO [App] Incoming request {"correlationId":"f15d6d3d-5bce-48db-a809-69aada13d319","method":"GET","url":"/health","ip":"::ffff:127.0.0.1"}

[90mstdout[2m | tests/integration/performance.test.ts[2m > [22m[2mAPI Performance Tests[2m > [22m[2mMemory and Resource Tests[2m > [22m[2mshould not leak memory during repeated requests
[22m[39m2026-03-11T03:59:45.017Z INFO [App] Request completed {"correlationId":"f15d6d3d-5bce-48db-a809-69aada13d319","method":"GET","url":"/health","statusCode":200,"duration":"42ms"}
2026-03-11T03:59:45.018Z INFO [App] Request completed {"correlationId":"f15d6d3d-5bce-48db-a809-69aada13d319","method":"GET","url":"/health","statusCode":200,"duration":"43ms"}

::ffff:127.0.0.1 - - [11/Mar/2026:03:59:45 +0000] "GET /health HTTP/1.1" 200 249 "-" "-"
[90mstdout[2m | tests/integration/performance.test.ts[2m > [22m[2mAPI Performance Tests[2m > [22m[2mMemory and Resource Tests[2m > [22m[2mshould not leak memory during repeated requests
[22m[39m2026-03-11T03:59:45.028Z INFO [App] Incoming request {"correlationId":"b5da7ce5-6adb-411c-8402-14d0fd7400c0","method":"GET","url":"/health","ip":"::ffff:127.0.0.1"}

[90mstdout[2m | tests/integration/performance.test.ts[2m > [22m[2mAPI Performance Tests[2m > [22m[2mMemory and Resource Tests[2m > [22m[2mshould not leak memory during repeated requests
[22m[39m2026-03-11T03:59:45.081Z INFO [App] Request completed {"correlationId":"b5da7ce5-6adb-411c-8402-14d0fd7400c0","method":"GET","url":"/health","statusCode":200,"duration":"53ms"}
2026-03-11T03:59:45.081Z INFO [App] Request completed {"correlationId":"b5da7ce5-6adb-411c-8402-14d0fd7400c0","method":"GET","url":"/health","statusCode":200,"duration":"53ms"}

::ffff:127.0.0.1 - - [11/Mar/2026:03:59:45 +0000] "GET /health HTTP/1.1" 200 249 "-" "-"
[90mstdout[2m | tests/integration/external-services-fixed.test.ts[2m > [22m[2mExternal Services Integration Tests (Fixed)[2m > [22m[2mGoogle Places API Integration[2m > [22m[2mshould analyze transportation and walkability
[22m[39m2026-03-11T03:59:45.085Z INFO [App] Request completed {"correlationId":"d99f3172-2640-4251-8bb7-aaa7d4ac4b9b","method":"POST","url":"/api/property-intelligence/analyze/transportation","statusCode":200,"duration":"352ms"}
2026-03-11T03:59:45.085Z INFO [App] Request completed {"correlationId":"d99f3172-2640-4251-8bb7-aaa7d4ac4b9b","method":"POST","url":"/api/property-intelligence/analyze/transportation","statusCode":200,"duration":"352ms"}

::ffff:127.0.0.1 - - [11/Mar/2026:03:59:45 +0000] "POST /api/property-intelligence/analyze/transportation HTTP/1.1" 200 186 "-" "-"
[90mstdout[2m | tests/integration/performance.test.ts[2m > [22m[2mAPI Performance Tests[2m > [22m[2mMemory and Resource Tests[2m > [22m[2mshould not leak memory during repeated requests
[22m[39m2026-03-11T03:59:45.088Z INFO [App] Incoming request {"correlationId":"89d0ec73-c601-4c52-b423-b49fbbc55fa9","method":"GET","url":"/health","ip":"::ffff:127.0.0.1"}

[90mstdout[2m | tests/integration/external-services-fixed.test.ts[2m > [22m[2mExternal Services Integration Tests (Fixed)[2m > [22m[2mGoogle Places API Integration[2m > [22m[2mshould analyze transportation and walkability
[22m[39mΓ£à Transportation and walkability analysis completed

[90mstdout[2m | tests/integration/external-services-fixed.test.ts[2m > [22m[2mExternal Services Integration Tests (Fixed)[2m > [22m[2mUS Census Bureau Integration[2m > [22m[2mshould retrieve demographic data from Census Bureau
[22m[39m2026-03-11T03:59:45.106Z INFO [App] Incoming request {"correlationId":"7fb30109-64f2-436b-9bef-af1e99907756","method":"GET","url":"/api/property-intelligence/census/demographics?latitude=37.4224764&longitude=-122.0842499","ip":"::ffff:127.0.0.1"}

[90mstdout[2m | tests/integration/external-services-fixed.test.ts[2m > [22m[2mExternal Services Integration Tests (Fixed)[2m > [22m[2mUS Census Bureau Integration[2m > [22m[2mshould retrieve demographic data from Census Bureau
[22m[39m2026-03-11T03:59:45.111Z INFO [App] Census demographics request received {"coordinates":{"latitude":37.4224764,"longitude":-122.0842499}}
2026-03-11T03:59:45.111Z INFO [App] Fetching Census demographic intelligence {"coordinates":{"latitude":37.4224764,"longitude":-122.0842499}}

[90mstdout[2m | tests/integration/external-services-fixed.test.ts[2m > [22m[2mExternal Services Integration Tests (Fixed)[2m > [22m[2mUS Census Bureau Integration[2m > [22m[2mshould retrieve demographic data from Census Bureau
[22m[39m2026-03-11T03:59:45.112Z INFO [App] Starting Census demographic analysis {"coordinates":{"latitude":37.4224764,"longitude":-122.0842499}}

[90mstdout[2m | tests/integration/performance.test.ts[2m > [22m[2mAPI Performance Tests[2m > [22m[2mMemory and Resource Tests[2m > [22m[2mshould not leak memory during repeated requests
[22m[39m2026-03-11T03:59:45.141Z INFO [App] Request completed {"correlationId":"89d0ec73-c601-4c52-b423-b49fbbc55fa9","method":"GET","url":"/health","statusCode":200,"duration":"53ms"}
2026-03-11T03:59:45.141Z INFO [App] Request completed {"correlationId":"89d0ec73-c601-4c52-b423-b49fbbc55fa9","method":"GET","url":"/health","statusCode":200,"duration":"53ms"}

::ffff:127.0.0.1 - - [11/Mar/2026:03:59:45 +0000] "GET /health HTTP/1.1" 200 249 "-" "-"
[90mstdout[2m | tests/integration/performance.test.ts[2m > [22m[2mAPI Performance Tests[2m > [22m[2mMemory and Resource Tests[2m > [22m[2mshould not leak memory during repeated requests
[22m[39m2026-03-11T03:59:45.149Z INFO [App] Incoming request {"correlationId":"3fd11264-a8dd-4a22-ae58-6b72b1f98006","method":"GET","url":"/health","ip":"::ffff:127.0.0.1"}

 [32mΓ£ô[39m tests/integration/external-services-fixed.test.ts[2m > [22mExternal Services Integration Tests (Fixed)[2m > [22mGoogle Places API Integration[2m > [22mshould analyze transportation and walkability[33m 367[2mms[22m[39m
[90mstdout[2m | tests/integration/performance.test.ts[2m > [22m[2mAPI Performance Tests[2m > [22m[2mMemory and Resource Tests[2m > [22m[2mshould not leak memory during repeated requests
[22m[39m2026-03-11T03:59:45.200Z INFO [App] Request completed {"correlationId":"3fd11264-a8dd-4a22-ae58-6b72b1f98006","method":"GET","url":"/health","statusCode":200,"duration":"51ms"}
2026-03-11T03:59:45.201Z INFO [App] Request completed {"correlationId":"3fd11264-a8dd-4a22-ae58-6b72b1f98006","method":"GET","url":"/health","statusCode":200,"duration":"52ms"}

::ffff:127.0.0.1 - - [11/Mar/2026:03:59:45 +0000] "GET /health HTTP/1.1" 200 249 "-" "-"
[90mstdout[2m | tests/integration/performance.test.ts[2m > [22m[2mAPI Performance Tests[2m > [22m[2mMemory and Resource Tests[2m > [22m[2mshould not leak memory during repeated requests
[22m[39m2026-03-11T03:59:45.210Z INFO [App] Incoming request {"correlationId":"9fbe05a2-989b-4ca1-a9ab-886816c5196e","method":"GET","url":"/health","ip":"::ffff:127.0.0.1"}

[90mstdout[2m | tests/integration/performance.test.ts[2m > [22m[2mAPI Performance Tests[2m > [22m[2mMemory and Resource Tests[2m > [22m[2mshould not leak memory during repeated requests
[22m[39m2026-03-11T03:59:45.260Z INFO [App] Request completed {"correlationId":"9fbe05a2-989b-4ca1-a9ab-886816c5196e","method":"GET","url":"/health","statusCode":200,"duration":"50ms"}
2026-03-11T03:59:45.260Z INFO [App] Request completed {"correlationId":"9fbe05a2-989b-4ca1-a9ab-886816c5196e","method":"GET","url":"/health","statusCode":200,"duration":"50ms"}

::ffff:127.0.0.1 - - [11/Mar/2026:03:59:45 +0000] "GET /health HTTP/1.1" 200 249 "-" "-"
[90mstdout[2m | tests/integration/performance.test.ts[2m > [22m[2mAPI Performance Tests[2m > [22m[2mMemory and Resource Tests[2m > [22m[2mshould not leak memory during repeated requests
[22m[39m2026-03-11T03:59:45.268Z INFO [App] Incoming request {"correlationId":"8c0ba1a5-440c-48bd-8e7e-b9fe15b3f7ed","method":"GET","url":"/health","ip":"::ffff:127.0.0.1"}

[90mstdout[2m | tests/integration/performance.test.ts[2m > [22m[2mAPI Performance Tests[2m > [22m[2mMemory and Resource Tests[2m > [22m[2mshould not leak memory during repeated requests
[22m[39m2026-03-11T03:59:45.320Z INFO [App] Request completed {"correlationId":"8c0ba1a5-440c-48bd-8e7e-b9fe15b3f7ed","method":"GET","url":"/health","statusCode":200,"duration":"52ms"}
2026-03-11T03:59:45.321Z INFO [App] Request completed {"correlationId":"8c0ba1a5-440c-48bd-8e7e-b9fe15b3f7ed","method":"GET","url":"/health","statusCode":200,"duration":"53ms"}

::ffff:127.0.0.1 - - [11/Mar/2026:03:59:45 +0000] "GET /health HTTP/1.1" 200 249 "-" "-"
[90mstdout[2m | tests/integration/performance.test.ts[2m > [22m[2mAPI Performance Tests[2m > [22m[2mMemory and Resource Tests[2m > [22m[2mshould not leak memory during repeated requests
[22m[39m2026-03-11T03:59:45.331Z INFO [App] Incoming request {"correlationId":"9d80689f-4d92-4a6c-b17f-435eb4226ca5","method":"GET","url":"/health","ip":"::ffff:127.0.0.1"}

[90mstdout[2m | tests/integration/performance.test.ts[2m > [22m[2mAPI Performance Tests[2m > [22m[2mMemory and Resource Tests[2m > [22m[2mshould not leak memory during repeated requests
[22m[39m2026-03-11T03:59:45.393Z INFO [App] Request completed {"correlationId":"9d80689f-4d92-4a6c-b17f-435eb4226ca5","method":"GET","url":"/health","statusCode":200,"duration":"61ms"}
2026-03-11T03:59:45.393Z INFO [App] Request completed {"correlationId":"9d80689f-4d92-4a6c-b17f-435eb4226ca5","method":"GET","url":"/health","statusCode":200,"duration":"62ms"}

::ffff:127.0.0.1 - - [11/Mar/2026:03:59:45 +0000] "GET /health HTTP/1.1" 200 249 "-" "-"
[90mstdout[2m | tests/integration/performance.test.ts[2m > [22m[2mAPI Performance Tests[2m > [22m[2mMemory and Resource Tests[2m > [22m[2mshould not leak memory during repeated requests
[22m[39m2026-03-11T03:59:45.401Z INFO [App] Incoming request {"correlationId":"157e3a44-9a5a-449a-b444-17ebee6c80f8","method":"GET","url":"/health","ip":"::ffff:127.0.0.1"}

[90mstdout[2m | tests/integration/performance.test.ts[2m > [22m[2mAPI Performance Tests[2m > [22m[2mMemory and Resource Tests[2m > [22m[2mshould not leak memory during repeated requests
[22m[39m2026-03-11T03:59:45.439Z INFO [App] Request completed {"correlationId":"157e3a44-9a5a-449a-b444-17ebee6c80f8","method":"GET","url":"/health","statusCode":200,"duration":"38ms"}
2026-03-11T03:59:45.439Z INFO [App] Request completed {"correlationId":"157e3a44-9a5a-449a-b444-17ebee6c80f8","method":"GET","url":"/health","statusCode":200,"duration":"38ms"}

::ffff:127.0.0.1 - - [11/Mar/2026:03:59:45 +0000] "GET /health HTTP/1.1" 200 249 "-" "-"
[90mstdout[2m | tests/integration/performance.test.ts[2m > [22m[2mAPI Performance Tests[2m > [22m[2mMemory and Resource Tests[2m > [22m[2mshould not leak memory during repeated requests
[22m[39m2026-03-11T03:59:45.449Z INFO [App] Incoming request {"correlationId":"3610de2b-1cb0-415a-b6ab-84f899cf2c52","method":"GET","url":"/health","ip":"::ffff:127.0.0.1"}

[90mstdout[2m | tests/integration/performance.test.ts[2m > [22m[2mAPI Performance Tests[2m > [22m[2mMemory and Resource Tests[2m > [22m[2mshould not leak memory during repeated requests
[22m[39m2026-03-11T03:59:45.490Z INFO [App] Request completed {"correlationId":"3610de2b-1cb0-415a-b6ab-84f899cf2c52","method":"GET","url":"/health","statusCode":200,"duration":"41ms"}
2026-03-11T03:59:45.490Z INFO [App] Request completed {"correlationId":"3610de2b-1cb0-415a-b6ab-84f899cf2c52","method":"GET","url":"/health","statusCode":200,"duration":"41ms"}

::ffff:127.0.0.1 - - [11/Mar/2026:03:59:45 +0000] "GET /health HTTP/1.1" 200 249 "-" "-"
[90mstdout[2m | tests/integration/performance.test.ts[2m > [22m[2mAPI Performance Tests[2m > [22m[2mMemory and Resource Tests[2m > [22m[2mshould not leak memory during repeated requests
[22m[39m2026-03-11T03:59:45.499Z INFO [App] Incoming request {"correlationId":"13e94e6f-19d8-4d14-9874-b08b2cd1a605","method":"GET","url":"/health","ip":"::ffff:127.0.0.1"}

[90mstdout[2m | tests/integration/performance.test.ts[2m > [22m[2mAPI Performance Tests[2m > [22m[2mMemory and Resource Tests[2m > [22m[2mshould not leak memory during repeated requests
[22m[39m2026-03-11T03:59:45.561Z INFO [App] Request completed {"correlationId":"13e94e6f-19d8-4d14-9874-b08b2cd1a605","method":"GET","url":"/health","statusCode":200,"duration":"62ms"}
2026-03-11T03:59:45.561Z INFO [App] Request completed {"correlationId":"13e94e6f-19d8-4d14-9874-b08b2cd1a605","method":"GET","url":"/health","statusCode":200,"duration":"62ms"}

::ffff:127.0.0.1 - - [11/Mar/2026:03:59:45 +0000] "GET /health HTTP/1.1" 200 249 "-" "-"
[90mstdout[2m | tests/integration/performance.test.ts[2m > [22m[2mAPI Performance Tests[2m > [22m[2mMemory and Resource Tests[2m > [22m[2mshould not leak memory during repeated requests
[22m[39m2026-03-11T03:59:45.569Z INFO [App] Incoming request {"correlationId":"06ad718b-6b6b-4b1d-8493-0afbfffa5132","method":"GET","url":"/health","ip":"::ffff:127.0.0.1"}

[90mstdout[2m | tests/integration/performance.test.ts[2m > [22m[2mAPI Performance Tests[2m > [22m[2mMemory and Resource Tests[2m > [22m[2mshould not leak memory during repeated requests
[22m[39m2026-03-11T03:59:45.632Z INFO [App] Request completed {"correlationId":"06ad718b-6b6b-4b1d-8493-0afbfffa5132","method":"GET","url":"/health","statusCode":200,"duration":"63ms"}
2026-03-11T03:59:45.632Z INFO [App] Request completed {"correlationId":"06ad718b-6b6b-4b1d-8493-0afbfffa5132","method":"GET","url":"/health","statusCode":200,"duration":"63ms"}

::ffff:127.0.0.1 - - [11/Mar/2026:03:59:45 +0000] "GET /health HTTP/1.1" 200 249 "-" "-"
[90mstdout[2m | tests/integration/performance.test.ts[2m > [22m[2mAPI Performance Tests[2m > [22m[2mMemory and Resource Tests[2m > [22m[2mshould not leak memory during repeated requests
[22m[39m2026-03-11T03:59:45.640Z INFO [App] Incoming request {"correlationId":"01dacb65-5c98-4924-af5a-41aa885a22e0","method":"GET","url":"/health","ip":"::ffff:127.0.0.1"}

[90mstdout[2m | tests/integration/performance.test.ts[2m > [22m[2mAPI Performance Tests[2m > [22m[2mMemory and Resource Tests[2m > [22m[2mshould not leak memory during repeated requests
[22m[39m2026-03-11T03:59:45.691Z INFO [App] Request completed {"correlationId":"01dacb65-5c98-4924-af5a-41aa885a22e0","method":"GET","url":"/health","statusCode":200,"duration":"51ms"}
2026-03-11T03:59:45.692Z INFO [App] Request completed {"correlationId":"01dacb65-5c98-4924-af5a-41aa885a22e0","method":"GET","url":"/health","statusCode":200,"duration":"52ms"}

::ffff:127.0.0.1 - - [11/Mar/2026:03:59:45 +0000] "GET /health HTTP/1.1" 200 249 "-" "-"
[90mstdout[2m | tests/integration/performance.test.ts[2m > [22m[2mAPI Performance Tests[2m > [22m[2mMemory and Resource Tests[2m > [22m[2mshould not leak memory during repeated requests
[22m[39m2026-03-11T03:59:45.701Z INFO [App] Incoming request {"correlationId":"8e77e07e-7221-4c4c-8586-dda82b84a97b","method":"GET","url":"/health","ip":"::ffff:127.0.0.1"}

[90mstdout[2m | tests/integration/performance.test.ts[2m > [22m[2mAPI Performance Tests[2m > [22m[2mMemory and Resource Tests[2m > [22m[2mshould not leak memory during repeated requests
[22m[39m2026-03-11T03:59:45.762Z INFO [App] Request completed {"correlationId":"8e77e07e-7221-4c4c-8586-dda82b84a97b","method":"GET","url":"/health","statusCode":200,"duration":"61ms"}
2026-03-11T03:59:45.762Z INFO [App] Request completed {"correlationId":"8e77e07e-7221-4c4c-8586-dda82b84a97b","method":"GET","url":"/health","statusCode":200,"duration":"61ms"}

::ffff:127.0.0.1 - - [11/Mar/2026:03:59:45 +0000] "GET /health HTTP/1.1" 200 249 "-" "-"
[90mstdout[2m | tests/integration/performance.test.ts[2m > [22m[2mAPI Performance Tests[2m > [22m[2mMemory and Resource Tests[2m > [22m[2mshould not leak memory during repeated requests
[22m[39m2026-03-11T03:59:45.770Z INFO [App] Incoming request {"correlationId":"389586cc-148e-458e-b7a6-229147ffcd9d","method":"GET","url":"/health","ip":"::ffff:127.0.0.1"}

[90mstdout[2m | tests/integration/live-api.test.ts[2m > [22m[2mLive Production API Integration Tests[2m > [22m[2mVendor Management Integration[2m > [22m[2mshould list vendors from real database
[22m[39m2026-03-11T03:59:45.810Z INFO [App] Request completed {"correlationId":"932cc5b8-73cd-4838-892f-25efd6f96be3","method":"GET","url":"/api/vendors?limit=10","statusCode":200,"duration":"4296ms"}
2026-03-11T03:59:45.817Z INFO [App] Request completed {"correlationId":"932cc5b8-73cd-4838-892f-25efd6f96be3","method":"GET","url":"/api/vendors?limit=10","statusCode":200,"duration":"4303ms"}

[90mstdout[2m | tests/integration/performance.test.ts[2m > [22m[2mAPI Performance Tests[2m > [22m[2mMemory and Resource Tests[2m > [22m[2mshould not leak memory during repeated requests
[22m[39m2026-03-11T03:59:45.820Z INFO [App] Request completed {"correlationId":"389586cc-148e-458e-b7a6-229147ffcd9d","method":"GET","url":"/health","statusCode":200,"duration":"50ms"}
2026-03-11T03:59:45.821Z INFO [App] Request completed {"correlationId":"389586cc-148e-458e-b7a6-229147ffcd9d","method":"GET","url":"/health","statusCode":200,"duration":"51ms"}

::ffff:127.0.0.1 - - [11/Mar/2026:03:59:45 +0000] "GET /health HTTP/1.1" 200 249 "-" "-"
[90mstdout[2m | tests/integration/performance.test.ts[2m > [22m[2mAPI Performance Tests[2m > [22m[2mMemory and Resource Tests[2m > [22m[2mshould not leak memory during repeated requests
[22m[39m2026-03-11T03:59:45.830Z INFO [App] Incoming request {"correlationId":"1ab525c1-03e6-4f61-86ac-077c1be4f1c8","method":"GET","url":"/health","ip":"::ffff:127.0.0.1"}

::ffff:127.0.0.1 - - [11/Mar/2026:03:59:45 +0000] "GET /api/vendors?limit=10 HTTP/1.1" 200 - "-" "-"
[90mstdout[2m | tests/integration/live-api.test.ts[2m > [22m[2mLive Production API Integration Tests[2m > [22m[2mVendor Management Integration[2m > [22m[2mshould list vendors from real database
[22m[39mΓ£à Found 853 vendors in database, including our test vendor

[90mstdout[2m | tests/integration/live-api.test.ts[2m > [22m[2mLive Production API Integration Tests[2m > [22m[2mProperty Intelligence Integration[2m > [22m[2mshould check property intelligence service health
[22m[39m2026-03-11T03:59:45.865Z INFO [App] Incoming request {"correlationId":"c237d9d5-c4d7-420e-bb52-c44247bfcbeb","method":"GET","url":"/api/property-intelligence/health","ip":"::ffff:127.0.0.1"}

[90mstdout[2m | tests/integration/live-api.test.ts[2m > [22m[2mLive Production API Integration Tests[2m > [22m[2mProperty Intelligence Integration[2m > [22m[2mshould check property intelligence service health
[22m[39m2026-03-11T03:59:45.867Z INFO [App] Request completed {"correlationId":"c237d9d5-c4d7-420e-bb52-c44247bfcbeb","method":"GET","url":"/api/property-intelligence/health","statusCode":200,"duration":"2ms"}
2026-03-11T03:59:45.867Z INFO [App] Request completed {"correlationId":"c237d9d5-c4d7-420e-bb52-c44247bfcbeb","method":"GET","url":"/api/property-intelligence/health","statusCode":200,"duration":"2ms"}

::ffff:127.0.0.1 - - [11/Mar/2026:03:59:45 +0000] "GET /api/property-intelligence/health HTTP/1.1" 200 350 "-" "-"
[90mstdout[2m | tests/integration/external-services-fixed.test.ts[2m > [22m[2mExternal Services Integration Tests (Fixed)[2m > [22m[2mUS Census Bureau Integration[2m > [22m[2mshould retrieve demographic data from Census Bureau
[22m[39m2026-03-11T03:59:45.873Z INFO [App] Census demographic analysis completed {"coordinates":{"latitude":37.4224764,"longitude":-122.0842499},"score":70}

[90mstdout[2m | tests/integration/external-services-fixed.test.ts[2m > [22m[2mExternal Services Integration Tests (Fixed)[2m > [22m[2mUS Census Bureau Integration[2m > [22m[2mshould retrieve demographic data from Census Bureau
[22m[39m2026-03-11T03:59:45.874Z INFO [App] Request completed {"correlationId":"7fb30109-64f2-436b-9bef-af1e99907756","method":"GET","url":"/api/property-intelligence/census/demographics?latitude=37.4224764&longitude=-122.0842499","statusCode":200,"duration":"768ms"}
2026-03-11T03:59:45.874Z INFO [App] Request completed {"correlationId":"7fb30109-64f2-436b-9bef-af1e99907756","method":"GET","url":"/api/property-intelligence/census/demographics?latitude=37.4224764&longitude=-122.0842499","statusCode":200,"duration":"768ms"}

::ffff:127.0.0.1 - - [11/Mar/2026:03:59:45 +0000] "GET /api/property-intelligence/census/demographics?latitude=37.4224764&longitude=-122.0842499 HTTP/1.1" 200 - "-" "-"
[90mstdout[2m | tests/integration/external-services-fixed.test.ts[2m > [22m[2mExternal Services Integration Tests (Fixed)[2m > [22m[2mUS Census Bureau Integration[2m > [22m[2mshould retrieve demographic data from Census Bureau
[22m[39mΓ£à US Census Bureau demographics reachable

[90mstdout[2m | tests/integration/performance.test.ts[2m > [22m[2mAPI Performance Tests[2m > [22m[2mMemory and Resource Tests[2m > [22m[2mshould not leak memory during repeated requests
[22m[39m2026-03-11T03:59:45.881Z INFO [App] Request completed {"correlationId":"1ab525c1-03e6-4f61-86ac-077c1be4f1c8","method":"GET","url":"/health","statusCode":200,"duration":"51ms"}
2026-03-11T03:59:45.882Z INFO [App] Request completed {"correlationId":"1ab525c1-03e6-4f61-86ac-077c1be4f1c8","method":"GET","url":"/health","statusCode":200,"duration":"52ms"}

::ffff:127.0.0.1 - - [11/Mar/2026:03:59:45 +0000] "GET /health HTTP/1.1" 200 249 "-" "-"
[90mstdout[2m | tests/integration/live-api.test.ts[2m > [22m[2mLive Production API Integration Tests[2m > [22m[2mProperty Intelligence Integration[2m > [22m[2mshould geocode an address using property intelligence
[22m[39m2026-03-11T03:59:45.885Z INFO [App] Incoming request {"correlationId":"38cb7ea8-43cd-4694-ba25-9a5544aa3a81","method":"POST","url":"/api/property-intelligence/address/geocode","ip":"::ffff:127.0.0.1"}

::ffff:127.0.0.1 - - [11/Mar/2026:03:59:45 +0000] "POST /api/property-intelligence/address/geocode HTTP/1.1" 401 58 "-" "-"
[90mstdout[2m | tests/integration/performance.test.ts[2m > [22m[2mAPI Performance Tests[2m > [22m[2mMemory and Resource Tests[2m > [22m[2mshould not leak memory during repeated requests
[22m[39m2026-03-11T03:59:45.890Z INFO [App] Incoming request {"correlationId":"f6fd0205-c700-439b-bd37-5347ab56d4e4","method":"GET","url":"/health","ip":"::ffff:127.0.0.1"}

[90mstderr[2m | tests/integration/live-api.test.ts[2m > [22m[2mLive 
Production API Integration Tests[2m > [22m[2mProperty Intelligence 
Integration[2m > [22m[2mshould geocode an address using property 
intelligence
[22m[39m2026-03-11T03:59:45.890Z WARN [App] Request completed with error {"co
rrelationId":"38cb7ea8-43cd-4694-ba25-9a5544aa3a81","method":"POST","url":"/api
/property-intelligence/address/geocode","statusCode":401,"duration":"5ms"}

[90mstdout[2m | tests/integration/external-services-fixed.test.ts[2m > [22m[2mExternal Services Integration Tests (Fixed)[2m > [22m[2mUS Census Bureau Integration[2m > [22m[2mshould retrieve economic data from Census Bureau
[22m[39m2026-03-11T03:59:45.890Z INFO [App] Incoming request {"correlationId":"3770b132-b522-44c2-b169-31029da08c3e","method":"GET","url":"/api/property-intelligence/census/economics?latitude=37.4224764&longitude=-122.0842499","ip":"::ffff:127.0.0.1"}

[90mstdout[2m | tests/integration/live-api.test.ts[2m > [22m[2mLive Production API Integration Tests[2m > [22m[2mProperty Intelligence Integration[2m > [22m[2mshould geocode an address using property intelligence
[22m[39m2026-03-11T03:59:45.888Z INFO [App] Request completed {"correlationId":"38cb7ea8-43cd-4694-ba25-9a5544aa3a81","method":"POST","url":"/api/property-intelligence/address/geocode","statusCode":401,"duration":"3ms"}
2026-03-11T03:59:45.888Z INFO [App] Request completed {"correlationId":"38cb7ea8-43cd-4694-ba25-9a5544aa3a81","method":"POST","url":"/api/property-intelligence/address/geocode","statusCode":401,"duration":"3ms"}

[90mstdout[2m | tests/integration/external-services-fixed.test.ts[2m > [22m[2mExternal Services Integration Tests (Fixed)[2m > [22m[2mUS Census Bureau Integration[2m > [22m[2mshould retrieve economic data from Census Bureau
[22m[39m2026-03-11T03:59:45.895Z INFO [App] Census economics request received {"coordinates":{"latitude":37.4224764,"longitude":-122.0842499}}
2026-03-11T03:59:45.895Z INFO [App] Fetching Census economic intelligence {"coordinates":{"latitude":37.4224764,"longitude":-122.0842499}}

[90mstdout[2m | tests/integration/external-services-fixed.test.ts[2m > [22m[2mExternal Services Integration Tests (Fixed)[2m > [22m[2mUS Census Bureau Integration[2m > [22m[2mshould retrieve economic data from Census Bureau
[22m[39m2026-03-11T03:59:45.896Z INFO [App] Starting Census economic analysis {"coordinates":{"latitude":37.4224764,"longitude":-122.0842499}}

[90mstdout[2m | tests/integration/live-api.test.ts[2m > [22m[2mLive Production API Integration Tests[2m > [22m[2mProperty Intelligence Integration[2m > [22m[2mshould perform comprehensive property analysis
[22m[39m2026-03-11T03:59:45.907Z INFO [App] Incoming request {"correlationId":"b6098b71-d03a-4626-b388-383b6c98117a","method":"POST","url":"/api/property-intelligence/analyze/comprehensive","ip":"::ffff:127.0.0.1"}

::ffff:127.0.0.1 - - [11/Mar/2026:03:59:45 +0000] "POST /api/property-intelligence/analyze/comprehensive HTTP/1.1" 401 58 "-" "-"
[90mstderr[2m | tests/integration/live-api.test.ts[2m > [22m[2mLive 
Production API Integration Tests[2m > [22m[2mProperty Intelligence 
Integration[2m > [22m[2mshould perform comprehensive property analysis
[22m[39m2026-03-11T03:59:45.911Z WARN [App] Request completed with error {"co
rrelationId":"b6098b71-d03a-4626-b388-383b6c98117a","method":"POST","url":"/api
/property-intelligence/analyze/comprehensive","statusCode":401,"duration":"4ms"
}

[90mstdout[2m | tests/integration/live-api.test.ts[2m > [22m[2mLive Production API Integration Tests[2m > [22m[2mProperty Intelligence Integration[2m > [22m[2mshould perform comprehensive property analysis
[22m[39m2026-03-11T03:59:45.909Z INFO [App] Request completed {"correlationId":"b6098b71-d03a-4626-b388-383b6c98117a","method":"POST","url":"/api/property-intelligence/analyze/comprehensive","statusCode":401,"duration":"2ms"}
2026-03-11T03:59:45.909Z INFO [App] Request completed {"correlationId":"b6098b71-d03a-4626-b388-383b6c98117a","method":"POST","url":"/api/property-intelligence/analyze/comprehensive","statusCode":401,"duration":"2ms"}

[90mstdout[2m | tests/integration/live-api.test.ts[2m > [22m[2mLive Production API Integration Tests[2m > [22m[2mEnd-to-End Workflow Integration[2m > [22m[2mshould complete full appraisal workflow with database persistence
[22m[39m
=== End-to-End Workflow Test ===
Step 1: Assigning vendor to order...

[90mstdout[2m | tests/integration/live-api.test.ts[2m > [22m[2mLive Production API Integration Tests[2m > [22m[2mEnd-to-End Workflow Integration[2m > [22m[2mshould complete full appraisal workflow with database persistence
[22m[39m2026-03-11T03:59:45.926Z INFO [App] Incoming request {"correlationId":"5c730292-bc94-4282-99e4-3f9de2a97f53","method":"PUT","url":"/api/orders/1773201575710-y47hb83u0","ip":"::ffff:127.0.0.1"}

::ffff:127.0.0.1 - - [11/Mar/2026:03:59:45 +0000] "PUT /api/orders/1773201575710-y47hb83u0 HTTP/1.1" 400 65 "-" "-"
[90mstderr[2m | tests/integration/live-api.test.ts[2m > [22m[2mLive 
Production API Integration Tests[2m > [22m[2mEnd-to-End Workflow 
Integration[2m > [22m[2mshould complete full appraisal workflow with 
database persistence
[22m[39m2026-03-11T03:59:45.933Z WARN [App] Request completed with error {"co
rrelationId":"5c730292-bc94-4282-99e4-3f9de2a97f53","method":"PUT","url":"/api/
orders/1773201575710-y47hb83u0","statusCode":400,"duration":"7ms"}

[90mstdout[2m | tests/integration/live-api.test.ts[2m > [22m[2mLive Production API Integration Tests[2m > [22m[2mEnd-to-End Workflow Integration[2m > [22m[2mshould complete full appraisal workflow with database persistence
[22m[39m2026-03-11T03:59:45.931Z INFO [App] Request completed {"correlationId":"5c730292-bc94-4282-99e4-3f9de2a97f53","method":"PUT","url":"/api/orders/1773201575710-y47hb83u0","statusCode":400,"duration":"5ms"}
2026-03-11T03:59:45.932Z INFO [App] Request completed {"correlationId":"5c730292-bc94-4282-99e4-3f9de2a97f53","method":"PUT","url":"/api/orders/1773201575710-y47hb83u0","statusCode":400,"duration":"6ms"}

[90mstdout[2m | tests/integration/live-api.test.ts
[22m[39m≡ƒº╣ Cleaning up test environment...
Γ£à Test cleanup complete

[90mstdout[2m | tests/integration/performance.test.ts[2m > [22m[2mAPI Performance Tests[2m > [22m[2mMemory and Resource Tests[2m > [22m[2mshould not leak memory during repeated requests
[22m[39m2026-03-11T03:59:45.939Z INFO [App] Request completed {"correlationId":"f6fd0205-c700-439b-bd37-5347ab56d4e4","method":"GET","url":"/health","statusCode":200,"duration":"50ms"}
2026-03-11T03:59:45.939Z INFO [App] Request completed {"correlationId":"f6fd0205-c700-439b-bd37-5347ab56d4e4","method":"GET","url":"/health","statusCode":200,"duration":"50ms"}

::ffff:127.0.0.1 - - [11/Mar/2026:03:59:45 +0000] "GET /health HTTP/1.1" 200 249 "-" "-"
 [32mΓ£ô[39m tests/integration/live-api.test.ts[2m > [22mLive Production API Integration Tests[2m > [22mVendor Management Integration[2m > [22mshould list vendors from real database[33m 4354[2mms[22m[39m
 [31m├ù[39m tests/integration/live-api.test.ts[2m > [22mLive Production API Integration Tests[2m > [22mProperty Intelligence Integration[2m > [22mshould check property intelligence service health[32m 15[2mms[22m[39m
[31m   ΓåÆ expected undefined to be 'healthy' // Object.is equality[39m
 [31m├ù[39m tests/integration/live-api.test.ts[2m > [22mLive Production API Integration Tests[2m > [22mProperty Intelligence Integration[2m > [22mshould geocode an address using property intelligence[32m 23[2mms[22m[39m
[31m   ΓåÆ expected 401 to be 200 // Object.is equality[39m
 [31m├ù[39m tests/integration/live-api.test.ts[2m > [22mLive Production API Integration Tests[2m > [22mProperty Intelligence Integration[2m > [22mshould perform comprehensive property analysis[32m 19[2mms[22m[39m
[31m   ΓåÆ expected 401 to be 200 // Object.is equality[39m
 [31m├ù[39m tests/integration/live-api.test.ts[2m > [22mLive Production API Integration Tests[2m > [22mEnd-to-End Workflow Integration[2m > [22mshould complete full appraisal workflow with database persistence[32m 20[2mms[22m[39m
[31m   ΓåÆ expected 400 to be 200 // Object.is equality[39m
[90mstdout[2m | tests/integration/performance.test.ts[2m > [22m[2mAPI Performance Tests[2m > [22m[2mMemory and Resource Tests[2m > [22m[2mshould not leak memory during repeated requests
[22m[39m2026-03-11T03:59:45.951Z INFO [App] Incoming request {"correlationId":"7124416c-58b4-4fd1-ba83-5b177dc2faf1","method":"GET","url":"/health","ip":"::ffff:127.0.0.1"}

 [32mΓ£ô[39m tests/integration/external-services-fixed.test.ts[2m > [22mExternal Services Integration Tests (Fixed)[2m > [22mUS Census Bureau Integration[2m > [22mshould retrieve demographic data from Census Bureau[33m 791[2mms[22m[39m
[90mstdout[2m | tests/integration/performance.test.ts[2m > [22m[2mAPI Performance Tests[2m > [22m[2mMemory and Resource Tests[2m > [22m[2mshould not leak memory during repeated requests
[22m[39m2026-03-11T03:59:46.007Z INFO [App] Request completed {"correlationId":"7124416c-58b4-4fd1-ba83-5b177dc2faf1","method":"GET","url":"/health","statusCode":200,"duration":"56ms"}
2026-03-11T03:59:46.007Z INFO [App] Request completed {"correlationId":"7124416c-58b4-4fd1-ba83-5b177dc2faf1","method":"GET","url":"/health","statusCode":200,"duration":"56ms"}

::ffff:127.0.0.1 - - [11/Mar/2026:03:59:46 +0000] "GET /health HTTP/1.1" 200 249 "-" "-"
[90mstdout[2m | tests/integration/performance.test.ts[2m > [22m[2mAPI Performance Tests[2m > [22m[2mMemory and Resource Tests[2m > [22m[2mshould not leak memory during repeated requests
[22m[39mMemory usage:
  Initial heap: 138.22MB
  Final heap: 137.58MB
  Heap growth: -0.63MB

[90mstdout[2m | tests/integration/performance.test.ts[2m > [22m[2mAPI Performance Tests[2m > [22m[2mMemory and Resource Tests[2m > [22m[2mshould handle code execution with reasonable memory usage
[22m[39m2026-03-11T03:59:46.017Z INFO [App] Incoming request {"correlationId":"267f54b2-4254-4dab-95a1-e4d2c90db2c7","method":"POST","url":"/api/code/execute","ip":"::ffff:127.0.0.1"}

[90mstdout[2m | tests/integration/performance.test.ts[2m > [22m[2mAPI Performance Tests[2m > [22m[2mMemory and Resource Tests[2m > [22m[2mshould handle code execution with reasonable memory usage
[22m[39m2026-03-11T03:59:46.031Z INFO [App] Request completed {"correlationId":"267f54b2-4254-4dab-95a1-e4d2c90db2c7","method":"POST","url":"/api/code/execute","statusCode":200,"duration":"14ms"}
2026-03-11T03:59:46.031Z INFO [App] Request completed {"correlationId":"267f54b2-4254-4dab-95a1-e4d2c90db2c7","method":"POST","url":"/api/code/execute","statusCode":200,"duration":"14ms"}

::ffff:127.0.0.1 - - [11/Mar/2026:03:59:46 +0000] "POST /api/code/execute HTTP/1.1" 200 87 "-" "-"
[90mstdout[2m | tests/integration/manual-api.test.ts[2m > [22m[2mProduction API Manual Tests[2m > [22m[2mVendor Management Tests[2m > [22m[2mshould list all vendors
[22m[39m2026-03-11T03:59:46.023Z INFO [App] Request completed {"correlationId":"851042d2-49e4-49d9-b303-78a811048e2a","method":"GET","url":"/api/vendors?limit=10","statusCode":200,"duration":"4321ms"}
2026-03-11T03:59:46.030Z INFO [App] Request completed {"correlationId":"851042d2-49e4-49d9-b303-78a811048e2a","method":"GET","url":"/api/vendors?limit=10","statusCode":200,"duration":"4328ms"}

[90mstdout[2m | tests/integration/performance.test.ts[2m > [22m[2mAPI Performance Tests[2m > [22m[2mError Handling Performance[2m > [22m[2mshould handle authentication failures quickly
[22m[39m2026-03-11T03:59:46.041Z INFO [App] Incoming request {"correlationId":"f88b5bb7-d26c-41a5-8c94-5b733df47042","method":"POST","url":"/api/auth/login","ip":"::ffff:127.0.0.1"}

::ffff:127.0.0.1 - - [11/Mar/2026:03:59:46 +0000] "GET /api/vendors?limit=10 HTTP/1.1" 200 - "-" "-"
[90mstdout[2m | tests/integration/manual-api.test.ts[2m > [22m[2mProduction API Manual Tests[2m > [22m[2mVendor Management Tests[2m > [22m[2mshould list all vendors
[22m[39mΓ£à Found 853 total vendors
Γ£à Test vendor found in vendor list

[90mstdout[2m | tests/integration/manual-api.test.ts[2m > [22m[2mProduction API Manual Tests[2m > [22m[2mProperty Intelligence Tests[2m > [22m[2mshould check property intelligence health
[22m[39m2026-03-11T03:59:46.079Z INFO [App] Incoming request {"correlationId":"d75f1729-0779-4dd9-b3e8-fac7637d5805","method":"GET","url":"/api/property-intelligence/health","ip":"::ffff:127.0.0.1"}

[90mstdout[2m | tests/integration/manual-api.test.ts[2m > [22m[2mProduction API Manual Tests[2m > [22m[2mProperty Intelligence Tests[2m > [22m[2mshould check property intelligence health
[22m[39m2026-03-11T03:59:46.082Z INFO [App] Request completed {"correlationId":"d75f1729-0779-4dd9-b3e8-fac7637d5805","method":"GET","url":"/api/property-intelligence/health","statusCode":200,"duration":"3ms"}
2026-03-11T03:59:46.082Z INFO [App] Request completed {"correlationId":"d75f1729-0779-4dd9-b3e8-fac7637d5805","method":"GET","url":"/api/property-intelligence/health","statusCode":200,"duration":"3ms"}

::ffff:127.0.0.1 - - [11/Mar/2026:03:59:46 +0000] "GET /api/property-intelligence/health HTTP/1.1" 200 350 "-" "-"
[90mstdout[2m | tests/integration/manual-api.test.ts[2m > [22m[2mProduction API Manual Tests[2m > [22m[2mProperty Intelligence Tests[2m > [22m[2mshould check property intelligence health
[22m[39mΓ£à Property intelligence health check passed
Available services: [
  [32m'multiProvider'[39m,
  [32m'addressService'[39m,
  [32m'creativeIntelligence'[39m,
  [32m'googleMaps'[39m
]

[90mstdout[2m | tests/integration/manual-api.test.ts[2m > [22m[2mProduction API Manual Tests[2m > [22m[2mProperty Intelligence Tests[2m > [22m[2mshould geocode an address
[22m[39m2026-03-11T03:59:46.096Z INFO [App] Incoming request {"correlationId":"1c8b26fe-1a9c-46bb-bd41-4d6c64c805cb","method":"POST","url":"/api/property-intelligence/address/geocode","ip":"::ffff:127.0.0.1"}

[90mstdout[2m | tests/integration/manual-api.test.ts[2m > [22m[2mProduction API Manual Tests[2m > [22m[2mProperty Intelligence Tests[2m > [22m[2mshould geocode an address
[22m[39m2026-03-11T03:59:46.101Z INFO [App] Geocoding address request {"address":"1600 Amphitheatre Parkway, Mountain View, CA 94043"}

 [32mΓ£ô[39m tests/integration/performance.test.ts[2m > [22mAPI Performance Tests[2m > [22mMemory and Resource Tests[2m > [22mshould not leak memory during repeated requests[33m 3039[2mms[22m[39m
 [32mΓ£ô[39m tests/integration/performance.test.ts[2m > [22mAPI Performance Tests[2m > [22mMemory and Resource Tests[2m > [22mshould handle code execution with reasonable memory usage[32m 23[2mms[22m[39m
 [32mΓ£ô[39m tests/integration/manual-api.test.ts[2m > [22mProduction API Manual Tests[2m > [22mVendor Management Tests[2m > [22mshould list all vendors[33m 4377[2mms[22m[39m
 [32mΓ£ô[39m tests/integration/manual-api.test.ts[2m > [22mProduction API Manual Tests[2m > [22mProperty Intelligence Tests[2m > [22mshould check property intelligence health[32m 18[2mms[22m[39m
[90mstdout[2m | tests/integration/performance.test.ts[2m > [22m[2mAPI Performance Tests[2m > [22m[2mError Handling Performance[2m > [22m[2mshould handle authentication failures quickly
[22m[39m2026-03-11T03:59:46.202Z INFO [App] Request completed {"correlationId":"f88b5bb7-d26c-41a5-8c94-5b733df47042","method":"POST","url":"/api/auth/login","statusCode":401,"duration":"161ms"}
2026-03-11T03:59:46.202Z INFO [App] Request completed {"correlationId":"f88b5bb7-d26c-41a5-8c94-5b733df47042","method":"POST","url":"/api/auth/login","statusCode":401,"duration":"161ms"}

::ffff:127.0.0.1 - - [11/Mar/2026:03:59:46 +0000] "POST /api/auth/login HTTP/1.1" 401 60 "-" "-"
[90mstderr[2m | tests/integration/performance.test.ts[2m > [22m[2mAPI 
Performance Tests[2m > [22m[2mError Handling Performance[2m > 
[22m[2mshould handle authentication failures quickly
[22m[39m2026-03-11T03:59:46.203Z WARN [App] Request completed with error {"co
rrelationId":"f88b5bb7-d26c-41a5-8c94-5b733df47042","method":"POST","url":"/api
/auth/login","statusCode":401,"duration":"162ms"}

[90mstdout[2m | tests/integration/performance.test.ts[2m > [22m[2mAPI Performance Tests[2m > [22m[2mError Handling Performance[2m > [22m[2mshould handle 404 errors quickly
[22m[39m2026-03-11T03:59:46.211Z INFO [App] Incoming request {"correlationId":"b29b5a1c-8ecc-4775-8655-3cf157552332","method":"GET","url":"/api/nonexistent","ip":"::ffff:127.0.0.1"}

[90mstdout[2m | tests/integration/performance.test.ts[2m > [22m[2mAPI Performance Tests[2m > [22m[2mError Handling Performance[2m > [22m[2mshould handle 404 errors quickly
[22m[39m2026-03-11T03:59:46.217Z INFO [App] Request completed {"correlationId":"b29b5a1c-8ecc-4775-8655-3cf157552332","method":"GET","url":"/api/nonexistent","statusCode":404,"duration":"6ms"}
2026-03-11T03:59:46.217Z INFO [App] Request completed {"correlationId":"b29b5a1c-8ecc-4775-8655-3cf157552332","method":"GET","url":"/api/nonexistent","statusCode":404,"duration":"6ms"}

::ffff:127.0.0.1 - - [11/Mar/2026:03:59:46 +0000] "GET /api/nonexistent HTTP/1.1" 404 84 "-" "-"
[90mstderr[2m | tests/integration/performance.test.ts[2m > [22m[2mAPI 
Performance Tests[2m > [22m[2mError Handling Performance[2m > 
[22m[2mshould handle 404 errors quickly
[22m[39m2026-03-11T03:59:46.218Z WARN [App] Request completed with error {"co
rrelationId":"b29b5a1c-8ecc-4775-8655-3cf157552332","method":"GET","url":"/api/
nonexistent","statusCode":404,"duration":"7ms"}

 [32mΓ£ô[39m tests/integration/performance.test.ts[2m > [22mAPI Performance Tests[2m > [22mError Handling Performance[2m > [22mshould handle authentication failures quickly[32m 171[2mms[22m[39m
[90mstdout[2m | tests/integration/performance.test.ts[2m > [22m[2mAPI Performance Tests[2m > [22m[2mError Handling Performance[2m > [22m[2mshould handle code execution errors efficiently
[22m[39m2026-03-11T03:59:46.227Z INFO [App] Incoming request {"correlationId":"de3baabf-9e94-4548-a742-acd82ac5d695","method":"POST","url":"/api/code/execute","ip":"::ffff:127.0.0.1"}

[90mstderr[2m | tests/integration/performance.test.ts[2m > [22m[2mAPI 
Performance Tests[2m > [22m[2mError Handling Performance[2m > 
[22m[2mshould handle code execution errors efficiently
[22m[39m2026-03-11T03:59:46.234Z ERROR [DynamicCodeExecutionService] Code 
execution failed {"error":"Execution error: Intentional test 
error","executionTime":3,"codePreview":"throw new Error(\"Intentional test 
error\");"}

[90mstdout[2m | tests/integration/performance.test.ts[2m > [22m[2mAPI Performance Tests[2m > [22m[2mError Handling Performance[2m > [22m[2mshould handle code execution errors efficiently
[22m[39m2026-03-11T03:59:46.234Z INFO [App] Request completed {"correlationId":"de3baabf-9e94-4548-a742-acd82ac5d695","method":"POST","url":"/api/code/execute","statusCode":200,"duration":"7ms"}
2026-03-11T03:59:46.235Z INFO [App] Request completed {"correlationId":"de3baabf-9e94-4548-a742-acd82ac5d695","method":"POST","url":"/api/code/execute","statusCode":200,"duration":"8ms"}

::ffff:127.0.0.1 - - [11/Mar/2026:03:59:46 +0000] "POST /api/code/execute HTTP/1.1" 200 124 "-" "-"
[90mstdout[2m | tests/integration/performance.test.ts
[22m[39m≡ƒº╣ Cleaning up test environment...
Γ£à Test cleanup complete

[90mstdout[2m | tests/integration/manual-api.test.ts[2m > [22m[2mProduction API Manual Tests[2m > [22m[2mProperty Intelligence Tests[2m > [22m[2mshould geocode an address
[22m[39m2026-03-11T03:59:46.242Z INFO [App] Request completed {"correlationId":"1c8b26fe-1a9c-46bb-bd41-4d6c64c805cb","method":"POST","url":"/api/property-intelligence/address/geocode","statusCode":200,"duration":"146ms"}
2026-03-11T03:59:46.242Z INFO [App] Request completed {"correlationId":"1c8b26fe-1a9c-46bb-bd41-4d6c64c805cb","method":"POST","url":"/api/property-intelligence/address/geocode","statusCode":200,"duration":"146ms"}

::ffff:127.0.0.1 - - [11/Mar/2026:03:59:46 +0000] "POST /api/property-intelligence/address/geocode HTTP/1.1" 200 736 "-" "-"
 [32mΓ£ô[39m tests/integration/performance.test.ts[2m > [22mAPI Performance Tests[2m > [22mError Handling Performance[2m > [22mshould handle 404 errors quickly[32m 15[2mms[22m[39m
 [32mΓ£ô[39m tests/integration/performance.test.ts[2m > [22mAPI Performance Tests[2m > [22mError Handling Performance[2m > [22mshould handle code execution errors efficiently[32m 20[2mms[22m[39m
[90mstdout[2m | tests/integration/manual-api.test.ts[2m > [22m[2mProduction API Manual Tests[2m > [22m[2mProperty Intelligence Tests[2m > [22m[2mshould geocode an address
[22m[39mΓ£à Geocoded address successfully
Geocoding results: {
  address: {
    formattedAddress: [32m'Google Building 41, 1600 Amphitheatre Pkwy, Mountain View, CA 94043, USA'[39m,
    streetNumber: [32m'1600'[39m,
    streetName: [32m'Amphitheatre Parkway'[39m,
    city: [32m'Mountain View'[39m,
    county: [32m'Santa Clara County'[39m,
    state: [32m'CA'[39m,
    country: [32m'US'[39m,
    postalCode: [32m'94043'[39m
  },
  coordinates: { latitude: [33m37.4225087[39m, longitude: [33m-122.0855442[39m },
  precision: [32m'exact'[39m,
  confidence: [33m1[39m,
  provider: [32m'google'[39m,
  placeId: [32m'ChIJiSSC8QK6j4AR98Thup8mqTc'[39m,
  boundingBox: {
    northeast: { latitude: [33m37.42374153029149[39m, longitude: [33m-122.0842827697085[39m },
    southwest: { latitude: [33m37.42104356970849[39m, longitude: [33m-122.0869807302915[39m }
  }
}

[90mstdout[2m | tests/integration/manual-api.test.ts[2m > [22m[2mProduction API Manual Tests[2m > [22m[2mProperty Intelligence Tests[2m > [22m[2mshould perform comprehensive property analysis
[22m[39m2026-03-11T03:59:46.255Z INFO [App] Incoming request {"correlationId":"035ed24d-a211-437a-ae60-d6958fbb3c46","method":"POST","url":"/api/property-intelligence/analyze/comprehensive","ip":"::ffff:127.0.0.1"}

[90mstdout[2m | tests/integration/manual-api.test.ts[2m > [22m[2mProduction API Manual Tests[2m > [22m[2mProperty Intelligence Tests[2m > [22m[2mshould perform comprehensive property analysis
[22m[39m2026-03-11T03:59:46.262Z INFO [App] Starting comprehensive property analysis {"coordinates":{"latitude":37.4224764,"longitude":-122.0842499},"strategy":"quality_first"}

[90mstderr[2m | tests/integration/manual-api.test.ts[2m > 
[22m[2mProduction API Manual Tests[2m > [22m[2mProperty Intelligence 
Tests[2m > [22m[2mshould perform comprehensive property analysis
[22m[39m2026-03-11T03:59:46.265Z ERROR [App] Azure Maps analysis failed {"err
or":{},"coordinates":{"latitude":37.4224764,"longitude":-122.0842499},"analysis
Type":"demographics"}

[90mstdout[2m | tests/integration/manual-api.test.ts[2m > [22m[2mProduction API Manual Tests[2m > [22m[2mProperty Intelligence Tests[2m > [22m[2mshould perform comprehensive property analysis
[22m[39m2026-03-11T03:59:46.263Z INFO [App] Starting comprehensive property analysis {"coordinates":{"latitude":37.4224764,"longitude":-122.0842499},"strategy":"quality_first","enabledProviders":["google","azure","openstreetmap"]}

[90mstderr[2m | tests/integration/manual-api.test.ts[2m > 
[22m[2mProduction API Manual Tests[2m > [22m[2mProperty Intelligence 
Tests[2m > [22m[2mshould perform comprehensive property analysis
[22m[39m2026-03-11T03:59:46.266Z ERROR [App] Provider azure failed for 
demographics {"error":{}}

[90mstderr[2m | tests/integration/manual-api.test.ts[2m > 
[22m[2mProduction API Manual Tests[2m > [22m[2mProperty Intelligence 
Tests[2m > [22m[2mshould perform comprehensive property analysis
[22m[39m2026-03-11T03:59:46.267Z WARN [App] Analysis step 1 failed 
{"error":{}}
2026-03-11T03:59:46.267Z WARN [App] Analysis step 2 failed {"error":{}}
2026-03-11T03:59:46.267Z WARN [App] Analysis step 3 failed {"error":{}}
2026-03-11T03:59:46.267Z WARN [App] Analysis step 4 failed {"error":{}}
2026-03-11T03:59:46.267Z WARN [App] Analysis step 5 failed {"error":{}}

[90mstdout[2m | tests/integration/manual-api.test.ts[2m > [22m[2mProduction API Manual Tests[2m > [22m[2mProperty Intelligence Tests[2m > [22m[2mshould perform comprehensive property analysis
[22m[39m2026-03-11T03:59:46.268Z INFO [App] Request completed {"correlationId":"035ed24d-a211-437a-ae60-d6958fbb3c46","method":"POST","url":"/api/property-intelligence/analyze/comprehensive","statusCode":200,"duration":"13ms"}
2026-03-11T03:59:46.268Z INFO [App] Request completed {"correlationId":"035ed24d-a211-437a-ae60-d6958fbb3c46","method":"POST","url":"/api/property-intelligence/analyze/comprehensive","statusCode":200,"duration":"13ms"}

::ffff:127.0.0.1 - - [11/Mar/2026:03:59:46 +0000] "POST /api/property-intelligence/analyze/comprehensive HTTP/1.1" 200 - "-" "-"
[90mstdout[2m | tests/integration/manual-api.test.ts[2m > [22m[2mProduction API Manual Tests[2m > [22m[2mProperty Intelligence Tests[2m > [22m[2mshould perform comprehensive property analysis
[22m[39mΓ£à Comprehensive property analysis completed
Analysis included: [
  [32m'propertyId'[39m,
  [32m'address'[39m,
  [32m'coordinates'[39m,
  [32m'assessmentDate'[39m,
  [32m'viewAnalysis'[39m,
  [32m'locationCharacteristics'[39m,
  [32m'transportationAnalysis'[39m,
  [32m'proximityAnalysis'[39m,
  [32m'crimeAnalysis'[39m,
  [32m'demographicAnalysis'[39m,
  [32m'qualityOfLifeAnalysis'[39m,
  [32m'overallDesirabilityScore'[39m,
  [32m'investmentPotentialScore'[39m,
  [32m'livabilityScore'[39m,
  [32m'positiveFeatures'[39m,
  [32m'negativeFeatures'[39m,
  [32m'uniqueCharacteristics'[39m,
  [32m'investmentRecommendations'[39m
]

 [32mΓ£ô[39m tests/integration/manual-api.test.ts[2m > [22mProduction API Manual Tests[2m > [22mProperty Intelligence Tests[2m > [22mshould geocode an address[32m 162[2mms[22m[39m
[90mstdout[2m | tests/integration/manual-api.test.ts[2m > [22m[2mProduction API Manual Tests[2m > [22m[2mEnd-to-End Workflow[2m > [22m[2mshould simulate complete appraisal workflow
[22m[39m
=== Simulating Complete Appraisal Workflow ===
Step 1: Γ£à Test order and vendor available
Step 2: Assigning vendor to order...

[90mstdout[2m | tests/integration/manual-api.test.ts[2m > [22m[2mProduction API Manual Tests[2m > [22m[2mEnd-to-End Workflow[2m > [22m[2mshould simulate complete appraisal workflow
[22m[39m2026-03-11T03:59:46.286Z INFO [App] Incoming request {"correlationId":"1ffddc2d-0cc5-4d8a-ada6-c6a052dc239c","method":"POST","url":"/api/orders/1773201580654-xcpiqf6m2/assign","ip":"::ffff:127.0.0.1"}

[90mstdout[2m | tests/integration/external-services-fixed.test.ts[2m > [22m[2mExternal Services Integration Tests (Fixed)[2m > [22m[2mUS Census Bureau Integration[2m > [22m[2mshould retrieve economic data from Census Bureau
[22m[39m2026-03-11T03:59:46.289Z INFO [App] Census economic analysis completed {"coordinates":{"latitude":37.4224764,"longitude":-122.0842499},"score":69}

[90mstdout[2m | tests/integration/external-services-fixed.test.ts[2m > [22m[2mExternal Services Integration Tests (Fixed)[2m > [22m[2mUS Census Bureau Integration[2m > [22m[2mshould retrieve economic data from Census Bureau
[22m[39m2026-03-11T03:59:46.289Z INFO [App] Request completed {"correlationId":"3770b132-b522-44c2-b169-31029da08c3e","method":"GET","url":"/api/property-intelligence/census/economics?latitude=37.4224764&longitude=-122.0842499","statusCode":200,"duration":"399ms"}
2026-03-11T03:59:46.289Z INFO [App] Request completed {"correlationId":"3770b132-b522-44c2-b169-31029da08c3e","method":"GET","url":"/api/property-intelligence/census/economics?latitude=37.4224764&longitude=-122.0842499","statusCode":200,"duration":"399ms"}

::ffff:127.0.0.1 - - [11/Mar/2026:03:59:46 +0000] "GET /api/property-intelligence/census/economics?latitude=37.4224764&longitude=-122.0842499 HTTP/1.1" 200 - "-" "-"
[90mstdout[2m | tests/integration/external-services-fixed.test.ts[2m > [22m[2mExternal Services Integration Tests (Fixed)[2m > [22m[2mUS Census Bureau Integration[2m > [22m[2mshould retrieve economic data from Census Bureau
[22m[39mΓ£à US Census Bureau economics reachable

[90mstdout[2m | tests/integration/external-services-fixed.test.ts[2m > [22m[2mExternal Services Integration Tests (Fixed)[2m > [22m[2mUS Census Bureau Integration[2m > [22m[2mshould retrieve housing data from Census Bureau
[22m[39m2026-03-11T03:59:46.306Z INFO [App] Incoming request {"correlationId":"cb4397d1-2571-49f6-818c-15cae722c9ec","method":"GET","url":"/api/property-intelligence/census/housing?latitude=37.4224764&longitude=-122.0842499","ip":"::ffff:127.0.0.1"}

[90mstdout[2m | tests/integration/external-services-fixed.test.ts[2m > [22m[2mExternal Services Integration Tests (Fixed)[2m > [22m[2mUS Census Bureau Integration[2m > [22m[2mshould retrieve housing data from Census Bureau
[22m[39m2026-03-11T03:59:46.311Z INFO [App] Census housing request received {"coordinates":{"latitude":37.4224764,"longitude":-122.0842499}}
2026-03-11T03:59:46.312Z INFO [App] Fetching Census housing intelligence {"coordinates":{"latitude":37.4224764,"longitude":-122.0842499}}

[90mstdout[2m | tests/integration/external-services-fixed.test.ts[2m > [22m[2mExternal Services Integration Tests (Fixed)[2m > [22m[2mUS Census Bureau Integration[2m > [22m[2mshould retrieve housing data from Census Bureau
[22m[39m2026-03-11T03:59:46.313Z INFO [App] Starting Census housing analysis {"coordinates":{"latitude":37.4224764,"longitude":-122.0842499}}

[90mstdout[2m | tests/integration/production-api.test.ts[2m > [22m[2mProduction API Integration Tests[2m > [22m[2mVendor Management Workflow[2m > [22m[2mshould list all vendors
[22m[39m2026-03-11T03:59:46.367Z INFO [App] Request completed {"correlationId":"300e6111-0735-4f43-8c7d-9162c6aca1cb","method":"GET","url":"/api/vendors?limit=10","statusCode":200,"duration":"4282ms"}
2026-03-11T03:59:46.375Z INFO [App] Request completed {"correlationId":"300e6111-0735-4f43-8c7d-9162c6aca1cb","method":"GET","url":"/api/vendors?limit=10","statusCode":200,"duration":"4290ms"}

 [32mΓ£ô[39m tests/integration/manual-api.test.ts[2m > [22mProduction API Manual Tests[2m > [22mProperty Intelligence Tests[2m > [22mshould perform comprehensive property analysis[32m 30[2mms[22m[39m
::ffff:127.0.0.1 - - [11/Mar/2026:03:59:46 +0000] "GET /api/vendors?limit=10 HTTP/1.1" 200 - "-" "-"
 [32mΓ£ô[39m tests/integration/external-services-fixed.test.ts[2m > [22mExternal Services Integration Tests (Fixed)[2m > [22mUS Census Bureau Integration[2m > [22mshould retrieve economic data from Census Bureau[33m 414[2mms[22m[39m
[90mstdout[2m | tests/integration/production-api.test.ts[2m > [22m[2mProduction API Integration Tests[2m > [22m[2mVendor Management Workflow[2m > [22m[2mshould list all vendors
[22m[39mΓ£à Found 853 total vendors

[90mstdout[2m | tests/integration/production-api.test.ts[2m > [22m[2mProduction API Integration Tests[2m > [22m[2mProperty Intelligence Workflow[2m > [22m[2mshould check property intelligence health
[22m[39m2026-03-11T03:59:46.424Z INFO [App] Incoming request {"correlationId":"3bebe94a-7b1e-4b38-b392-fd8e01c4a68f","method":"GET","url":"/api/property-intelligence/health","ip":"::ffff:127.0.0.1"}

[90mstdout[2m | tests/integration/production-api.test.ts[2m > [22m[2mProduction API Integration Tests[2m > [22m[2mProperty Intelligence Workflow[2m > [22m[2mshould check property intelligence health
[22m[39m2026-03-11T03:59:46.425Z INFO [App] Request completed {"correlationId":"3bebe94a-7b1e-4b38-b392-fd8e01c4a68f","method":"GET","url":"/api/property-intelligence/health","statusCode":200,"duration":"1ms"}
2026-03-11T03:59:46.425Z INFO [App] Request completed {"correlationId":"3bebe94a-7b1e-4b38-b392-fd8e01c4a68f","method":"GET","url":"/api/property-intelligence/health","statusCode":200,"duration":"1ms"}

::ffff:127.0.0.1 - - [11/Mar/2026:03:59:46 +0000] "GET /api/property-intelligence/health HTTP/1.1" 200 350 "-" "-"
[90mstdout[2m | tests/integration/production-api.test.ts[2m > [22m[2mProduction API Integration Tests[2m > [22m[2mProperty Intelligence Workflow[2m > [22m[2mshould check property intelligence health
[22m[39mΓ£à Property intelligence health check passed

[90mstdout[2m | tests/integration/production-api.test.ts[2m > [22m[2mProduction API Integration Tests[2m > [22m[2mProperty Intelligence Workflow[2m > [22m[2mshould geocode an address
[22m[39m2026-03-11T03:59:46.434Z INFO [App] Incoming request {"correlationId":"7dc3a76d-ccb4-4d0e-9dde-eeea33628e31","method":"POST","url":"/api/property-intelligence/address/geocode","ip":"::ffff:127.0.0.1"}

[90mstdout[2m | tests/integration/production-api.test.ts[2m > [22m[2mProduction API Integration Tests[2m > [22m[2mProperty Intelligence Workflow[2m > [22m[2mshould geocode an address
[22m[39m2026-03-11T03:59:46.438Z INFO [App] Geocoding address request {"address":"1600 Amphitheatre Parkway, Mountain View, CA 94043"}

[90mstderr[2m | tests/integration/manual-api.test.ts[2m > 
[22m[2mProduction API Manual Tests[2m > [22m[2mEnd-to-End Workflow[2m > 
[22m[2mshould simulate complete appraisal workflow
[22m[39m2026-03-11T03:59:46.517Z ERROR [App] Failed to create document in 
audit-trail {"error":{}}
2026-03-11T03:59:46.517Z ERROR [App] Failed to find vendor 
{"error":{},"id":"1773201581294-o3x9z3sut"}
2026-03-11T03:59:46.519Z ERROR [App] Failed to log audit event 
{"error":"Database not initialized","action":"order.assigned","resource":{"type
":"order","id":"1773201580654-xcpiqf6m2"}}
2026-03-11T03:59:46.519Z WARN [OrderNotificationService] Vendor not found for 
notification lookup 
{"vendorId":"1773201581294-o3x9z3sut","orderId":"1773201580654-xcpiqf6m2"}

[90mstdout[2m | tests/integration/manual-api.test.ts[2m > [22m[2mProduction API Manual Tests[2m > [22m[2mEnd-to-End Workflow[2m > [22m[2mshould simulate complete appraisal workflow
[22m[39m2026-03-11T03:59:46.516Z INFO [App] Mock Service Bus: Event published {"topic":"order-events","eventType":"ORDER_STATUS_CHANGED","orderId":"1773201580654-xcpiqf6m2","timestamp":"2026-03-11T03:59:46.516Z"}
2026-03-11T03:59:46.518Z INFO [App] Request completed {"correlationId":"1ffddc2d-0cc5-4d8a-ada6-c6a052dc239c","method":"POST","url":"/api/orders/1773201580654-xcpiqf6m2/assign","statusCode":200,"duration":"232ms"}
2026-03-11T03:59:46.518Z INFO [App] Request completed {"correlationId":"1ffddc2d-0cc5-4d8a-ada6-c6a052dc239c","method":"POST","url":"/api/orders/1773201580654-xcpiqf6m2/assign","statusCode":200,"duration":"232ms"}
2026-03-11T03:59:46.519Z INFO [App] Order status changed event published {"orderId":"1773201580654-xcpiqf6m2","oldStatus":"NEW","newStatus":"ASSIGNED"}

 [32mΓ£ô[39m tests/integration/production-api.test.ts[2m > [22mProduction API Integration Tests[2m > [22mVendor Management Workflow[2m > [22mshould list all vendors[33m 4341[2mms[22m[39m
 [32mΓ£ô[39m tests/integration/production-api.test.ts[2m > [22mProduction API Integration Tests[2m > [22mProperty Intelligence Workflow[2m > [22mshould check property intelligence health[32m 11[2mms[22m[39m
[90mstdout[2m | tests/integration/production-api.test.ts[2m > [22m[2mProduction API Integration Tests[2m > [22m[2mProperty Intelligence Workflow[2m > [22m[2mshould geocode an address
[22m[39m2026-03-11T03:59:46.567Z INFO [App] Request completed {"correlationId":"7dc3a76d-ccb4-4d0e-9dde-eeea33628e31","method":"POST","url":"/api/property-intelligence/address/geocode","statusCode":200,"duration":"133ms"}
2026-03-11T03:59:46.568Z INFO [App] Request completed {"correlationId":"7dc3a76d-ccb4-4d0e-9dde-eeea33628e31","method":"POST","url":"/api/property-intelligence/address/geocode","statusCode":200,"duration":"134ms"}

[90mstderr[2m | tests/integration/manual-api.test.ts[2m > 
[22m[2mProduction API Manual Tests[2m > [22m[2mEnd-to-End Workflow[2m > 
[22m[2mshould simulate complete appraisal workflow
[22m[39m2026-03-11T03:59:46.569Z WARN [OrderNotificationService] Vendor has 
no email ΓÇö skipping assignment email 
{"orderId":"1773201580654-xcpiqf6m2","vendorId":"1773201581294-o3x9z3sut"}
2026-03-11T03:59:46.569Z WARN [OrderNotificationService] Vendor has no phone 
ΓÇö skipping assignment SMS 
{"orderId":"1773201580654-xcpiqf6m2","vendorId":"1773201581294-o3x9z3sut"}

::ffff:127.0.0.1 - - [11/Mar/2026:03:59:46 +0000] "POST /api/property-intelligence/address/geocode HTTP/1.1" 200 736 "-" "-"
[90mstdout[2m | tests/integration/manual-api.test.ts[2m > [22m[2mProduction API Manual Tests[2m > [22m[2mEnd-to-End Workflow[2m > [22m[2mshould simulate complete appraisal workflow
[22m[39m2026-03-11T03:59:46.570Z INFO [App] Sending Teams channel message {"teamId":"52666905-2a73-4055-874d-dafe2bf52349","channelId":"19:D3j8lYCeG39rvx8pGb0y01Tj0WReb2P9qZUzrHe7GN81@thread.tacv2","subject":"New Appraisal Assignment ΓÇö Order TEST-ORDER-1773201580579"}

[90mstdout[2m | tests/integration/production-api.test.ts[2m > [22m[2mProduction API Integration Tests[2m > [22m[2mProperty Intelligence Workflow[2m > [22m[2mshould perform comprehensive property analysis
[22m[39m2026-03-11T03:59:46.584Z INFO [App] Incoming request {"correlationId":"52cecba0-7f32-4a15-9203-30bcc7fa91e8","method":"POST","url":"/api/property-intelligence/analyze/comprehensive","ip":"::ffff:127.0.0.1"}

[90mstdout[2m | tests/integration/production-api.test.ts[2m > [22m[2mProduction API Integration Tests[2m > [22m[2mProperty Intelligence Workflow[2m > [22m[2mshould perform comprehensive property analysis
[22m[39m2026-03-11T03:59:46.588Z INFO [App] Starting comprehensive property analysis {"coordinates":{"latitude":37.4224764,"longitude":-122.0842499},"strategy":"quality_first"}

[90mstderr[2m | tests/integration/production-api.test.ts[2m > 
[22m[2mProduction API Integration Tests[2m > [22m[2mProperty Intelligence 
Workflow[2m > [22m[2mshould perform comprehensive property analysis
[22m[39m2026-03-11T03:59:46.592Z ERROR [App] Azure Maps analysis failed {"err
or":{},"coordinates":{"latitude":37.4224764,"longitude":-122.0842499},"analysis
Type":"demographics"}

[90mstdout[2m | tests/integration/production-api.test.ts[2m > [22m[2mProduction API Integration Tests[2m > [22m[2mProperty Intelligence Workflow[2m > [22m[2mshould perform comprehensive property analysis
[22m[39m2026-03-11T03:59:46.590Z INFO [App] Starting comprehensive property analysis {"coordinates":{"latitude":37.4224764,"longitude":-122.0842499},"strategy":"quality_first","enabledProviders":["google","azure","openstreetmap"]}

[90mstderr[2m | tests/integration/production-api.test.ts[2m > 
[22m[2mProduction API Integration Tests[2m > [22m[2mProperty Intelligence 
Workflow[2m > [22m[2mshould perform comprehensive property analysis
[22m[39m2026-03-11T03:59:46.593Z ERROR [App] Provider azure failed for 
demographics {"error":{}}

[90mstderr[2m | tests/integration/production-api.test.ts[2m > 
[22m[2mProduction API Integration Tests[2m > [22m[2mProperty Intelligence 
Workflow[2m > [22m[2mshould perform comprehensive property analysis
[22m[39m2026-03-11T03:59:46.594Z WARN [App] Analysis step 1 failed 
{"error":{}}
2026-03-11T03:59:46.594Z WARN [App] Analysis step 2 failed {"error":{}}
2026-03-11T03:59:46.594Z WARN [App] Analysis step 3 failed {"error":{}}
2026-03-11T03:59:46.594Z WARN [App] Analysis step 4 failed {"error":{}}
2026-03-11T03:59:46.594Z WARN [App] Analysis step 5 failed {"error":{}}

[90mstdout[2m | tests/integration/production-api.test.ts[2m > [22m[2mProduction API Integration Tests[2m > [22m[2mProperty Intelligence Workflow[2m > [22m[2mshould perform comprehensive property analysis
[22m[39m2026-03-11T03:59:46.595Z INFO [App] Request completed {"correlationId":"52cecba0-7f32-4a15-9203-30bcc7fa91e8","method":"POST","url":"/api/property-intelligence/analyze/comprehensive","statusCode":200,"duration":"11ms"}
2026-03-11T03:59:46.595Z INFO [App] Request completed {"correlationId":"52cecba0-7f32-4a15-9203-30bcc7fa91e8","method":"POST","url":"/api/property-intelligence/analyze/comprehensive","statusCode":200,"duration":"11ms"}

::ffff:127.0.0.1 - - [11/Mar/2026:03:59:46 +0000] "POST /api/property-intelligence/analyze/comprehensive HTTP/1.1" 200 - "-" "-"
[90mstdout[2m | tests/integration/production-api.test.ts[2m > [22m[2mProduction API Integration Tests[2m > [22m[2mProperty Intelligence Workflow[2m > [22m[2mshould perform comprehensive property analysis
[22m[39mΓ£à Comprehensive property analysis completed

[90mstdout[2m | tests/integration/production-api.test.ts[2m > [22m[2mProduction API Integration Tests[2m > [22m[2mEnd-to-End Workflow Integration[2m > [22m[2mshould simulate complete appraisal workflow
[22m[39m
=== Simulating Complete Appraisal Workflow ===
Step 1: Verifying test order...
Step 2: Assigning vendor to order...

::ffff:127.0.0.1 - - [11/Mar/2026:03:59:46 +0000] "POST /api/orders/1773201580654-xcpiqf6m2/assign HTTP/1.1" 200 - "-" "-"
[90mstdout[2m | tests/integration/production-api.test.ts[2m > [22m[2mProduction API Integration Tests[2m > [22m[2mEnd-to-End Workflow Integration[2m > [22m[2mshould simulate complete appraisal workflow
[22m[39m2026-03-11T03:59:46.608Z INFO [App] Incoming request {"correlationId":"43c36047-6ab3-4373-8f06-405bb3046818","method":"POST","url":"/api/orders/1773201580318-4b0okcqy4/assign","ip":"::ffff:127.0.0.1"}

[90mstdout[2m | tests/integration/manual-api.test.ts[2m > [22m[2mProduction API Manual Tests[2m > [22m[2mEnd-to-End Workflow[2m > [22m[2mshould simulate complete appraisal workflow
[22m[39mStep 2: Γ£à Vendor assignment attempted
Step 3: Analyzing property intelligence...

[90mstdout[2m | tests/integration/manual-api.test.ts[2m > [22m[2mProduction API Manual Tests[2m > [22m[2mEnd-to-End Workflow[2m > [22m[2mshould simulate complete appraisal workflow
[22m[39m2026-03-11T03:59:46.617Z INFO [App] Incoming request {"correlationId":"9269fa15-afc3-488a-8aae-39a60f8f68cb","method":"POST","url":"/api/property-intelligence/analyze/comprehensive","ip":"::ffff:127.0.0.1"}

[90mstdout[2m | tests/integration/manual-api.test.ts[2m > [22m[2mProduction API Manual Tests[2m > [22m[2mEnd-to-End Workflow[2m > [22m[2mshould simulate complete appraisal workflow
[22m[39m2026-03-11T03:59:46.621Z INFO [App] Starting comprehensive property analysis {"coordinates":{"latitude":37.4224764,"longitude":-122.0842499},"propertyId":"1773201580654-xcpiqf6m2","strategy":"quality_first"}

[90mstdout[2m | tests/integration/manual-api.test.ts[2m > [22m[2mProduction API Manual Tests[2m > [22m[2mEnd-to-End Workflow[2m > [22m[2mshould simulate complete appraisal workflow
[22m[39m2026-03-11T03:59:46.622Z INFO [App] Request completed {"correlationId":"9269fa15-afc3-488a-8aae-39a60f8f68cb","method":"POST","url":"/api/property-intelligence/analyze/comprehensive","statusCode":200,"duration":"5ms"}
2026-03-11T03:59:46.622Z INFO [App] Request completed {"correlationId":"9269fa15-afc3-488a-8aae-39a60f8f68cb","method":"POST","url":"/api/property-intelligence/analyze/comprehensive","statusCode":200,"duration":"5ms"}

::ffff:127.0.0.1 - - [11/Mar/2026:03:59:46 +0000] "POST /api/property-intelligence/analyze/comprehensive HTTP/1.1" 200 - "-" "-"
[90mstdout[2m | tests/integration/manual-api.test.ts[2m > [22m[2mProduction API Manual Tests[2m > [22m[2mEnd-to-End Workflow[2m > [22m[2mshould simulate complete appraisal workflow
[22m[39mStep 3: Γ£à Property analysis completed
Step 4: Updating order status...

[90mstdout[2m | tests/integration/manual-api.test.ts[2m > [22m[2mProduction API Manual Tests[2m > [22m[2mEnd-to-End Workflow[2m > [22m[2mshould simulate complete appraisal workflow
[22m[39m2026-03-11T03:59:46.633Z INFO [App] Incoming request {"correlationId":"4e2fa46e-8dd6-4f3b-a863-737758b7f248","method":"PUT","url":"/api/orders/1773201580654-xcpiqf6m2/status","ip":"::ffff:127.0.0.1"}

 [31m├ù[39m tests/integration/production-api.test.ts[2m > [22mProduction API Integration Tests[2m > [22mProperty Intelligence Workflow[2m > [22mshould geocode an address[32m 150[2mms[22m[39m
[31m   ΓåÆ expected undefined to be defined[39m
 [32mΓ£ô[39m tests/integration/production-api.test.ts[2m > [22mProduction API Integration Tests[2m > [22mProperty Intelligence Workflow[2m > [22mshould perform comprehensive property analysis[32m 23[2mms[22m[39m
[90mstderr[2m | tests/integration/production-api.test.ts[2m > 
[22m[2mProduction API Integration Tests[2m > [22m[2mEnd-to-End Workflow 
Integration[2m > [22m[2mshould simulate complete appraisal workflow
[22m[39m2026-03-11T03:59:46.892Z ERROR [App] Failed to create document in 
audit-trail {"error":{}}
2026-03-11T03:59:46.893Z ERROR [App] Failed to find vendor 
{"error":{},"id":"1773201581255-ygn3gnpl9"}
2026-03-11T03:59:46.894Z ERROR [App] Failed to log audit event 
{"error":"Database not initialized","action":"order.assigned","resource":{"type
":"order","id":"1773201580318-4b0okcqy4"}}
2026-03-11T03:59:46.894Z WARN [OrderNotificationService] Vendor not found for 
notification lookup 
{"vendorId":"1773201581255-ygn3gnpl9","orderId":"1773201580318-4b0okcqy4"}

[90mstdout[2m | tests/integration/production-api.test.ts[2m > [22m[2mProduction API Integration Tests[2m > [22m[2mEnd-to-End Workflow Integration[2m > [22m[2mshould simulate complete appraisal workflow
[22m[39m2026-03-11T03:59:46.892Z INFO [App] Mock Service Bus: Event published {"topic":"order-events","eventType":"ORDER_STATUS_CHANGED","orderId":"1773201580318-4b0okcqy4","timestamp":"2026-03-11T03:59:46.892Z"}
2026-03-11T03:59:46.893Z INFO [App] Request completed {"correlationId":"43c36047-6ab3-4373-8f06-405bb3046818","method":"POST","url":"/api/orders/1773201580318-4b0okcqy4/assign","statusCode":200,"duration":"285ms"}
2026-03-11T03:59:46.893Z INFO [App] Request completed {"correlationId":"43c36047-6ab3-4373-8f06-405bb3046818","method":"POST","url":"/api/orders/1773201580318-4b0okcqy4/assign","statusCode":200,"duration":"285ms"}
2026-03-11T03:59:46.894Z INFO [App] Order status changed event published {"orderId":"1773201580318-4b0okcqy4","oldStatus":"PENDING_ASSIGNMENT","newStatus":"ASSIGNED"}

[90mstdout[2m | tests/integration/external-services-fixed.test.ts[2m > [22m[2mExternal Services Integration Tests (Fixed)[2m > [22m[2mUS Census Bureau Integration[2m > [22m[2mshould retrieve housing data from Census Bureau
[22m[39m2026-03-11T03:59:46.900Z INFO [App] Census housing analysis completed {"coordinates":{"latitude":37.4224764,"longitude":-122.0842499},"score":32}

[90mstdout[2m | tests/integration/external-services-fixed.test.ts[2m > [22m[2mExternal Services Integration Tests (Fixed)[2m > [22m[2mUS Census Bureau Integration[2m > [22m[2mshould retrieve housing data from Census Bureau
[22m[39m2026-03-11T03:59:46.900Z INFO [App] Request completed {"correlationId":"cb4397d1-2571-49f6-818c-15cae722c9ec","method":"GET","url":"/api/property-intelligence/census/housing?latitude=37.4224764&longitude=-122.0842499","statusCode":200,"duration":"594ms"}
2026-03-11T03:59:46.900Z INFO [App] Request completed {"correlationId":"cb4397d1-2571-49f6-818c-15cae722c9ec","method":"GET","url":"/api/property-intelligence/census/housing?latitude=37.4224764&longitude=-122.0842499","statusCode":200,"duration":"594ms"}

[90mstdout[2m | tests/integration/manual-api.test.ts[2m > [22m[2mProduction API Manual Tests[2m > [22m[2mEnd-to-End Workflow[2m > [22m[2mshould simulate complete appraisal workflow
[22m[39m2026-03-11T03:59:46.901Z INFO [App] Mock Service Bus: Event published {"topic":"order-events","eventType":"ORDER_STATUS_CHANGED","orderId":"1773201580654-xcpiqf6m2","timestamp":"2026-03-11T03:59:46.901Z"}
2026-03-11T03:59:46.902Z INFO [App] Request completed {"correlationId":"4e2fa46e-8dd6-4f3b-a863-737758b7f248","method":"PUT","url":"/api/orders/1773201580654-xcpiqf6m2/status","statusCode":200,"duration":"269ms"}
2026-03-11T03:59:46.902Z INFO [App] Request completed {"correlationId":"4e2fa46e-8dd6-4f3b-a863-737758b7f248","method":"PUT","url":"/api/orders/1773201580654-xcpiqf6m2/status","statusCode":200,"duration":"269ms"}
2026-03-11T03:59:46.902Z INFO [App] Order status changed event published {"orderId":"1773201580654-xcpiqf6m2","oldStatus":"ASSIGNED","newStatus":"CANCELLED"}

[90mstderr[2m | tests/integration/manual-api.test.ts[2m > 
[22m[2mProduction API Manual Tests[2m > [22m[2mEnd-to-End Workflow[2m > 
[22m[2mshould simulate complete appraisal workflow
[22m[39m2026-03-11T03:59:46.901Z ERROR [App] Failed to create document in 
audit-trail {"error":{}}
2026-03-11T03:59:46.902Z ERROR [App] Failed to log audit event 
{"error":"Database not initialized","action":"order.status_changed","resource":
{"type":"order","id":"1773201580654-xcpiqf6m2"}}

::ffff:127.0.0.1 - - [11/Mar/2026:03:59:46 +0000] "PUT /api/orders/1773201580654-xcpiqf6m2/status HTTP/1.1" 200 - "-" "-"
::ffff:127.0.0.1 - - [11/Mar/2026:03:59:46 +0000] "GET /api/property-intelligence/census/housing?latitude=37.4224764&longitude=-122.0842499 HTTP/1.1" 200 - "-" "-"
[90mstdout[2m | tests/integration/comprehensive-api.test.ts[2m > [22m[2mComprehensive Production API Integration Tests[2m > [22m[2mVendor Management Endpoints (6 endpoints)[2m > [22m[2mGET /api/vendors - should list all vendors
[22m[39m2026-03-11T03:59:46.898Z INFO [App] Request completed {"correlationId":"dab0978b-d544-4680-8df8-a0fbc48ca309","method":"GET","url":"/api/vendors?limit=10","statusCode":200,"duration":"4283ms"}
2026-03-11T03:59:46.904Z INFO [App] Request completed {"correlationId":"dab0978b-d544-4680-8df8-a0fbc48ca309","method":"GET","url":"/api/vendors?limit=10","statusCode":200,"duration":"4289ms"}

[90mstdout[2m | tests/integration/manual-api.test.ts[2m > [22m[2mProduction API Manual Tests[2m > [22m[2mEnd-to-End Workflow[2m > [22m[2mshould simulate complete appraisal workflow
[22m[39mStep 4: Γ£à Order status update attempted
Γ£à Complete appraisal workflow simulation successful!
=== Workflow Complete ===


[90mstdout[2m | tests/integration/manual-api.test.ts
[22m[39m≡ƒº╣ Cleaning up test environment...
Γ£à Test cleanup complete

[90mstdout[2m | tests/integration/external-services-fixed.test.ts[2m > [22m[2mExternal Services Integration Tests (Fixed)[2m > [22m[2mUS Census Bureau Integration[2m > [22m[2mshould retrieve housing data from Census Bureau
[22m[39mΓ£à US Census Bureau housing reachable

 [32mΓ£ô[39m tests/integration/manual-api.test.ts[2m > [22mProduction API Manual Tests[2m > [22mEnd-to-End Workflow[2m > [22mshould simulate complete appraisal workflow[33m 627[2mms[22m[39m
[90mstdout[2m | tests/integration/external-services-fixed.test.ts[2m > [22m[2mExternal Services Integration Tests (Fixed)[2m > [22m[2mUS Census Bureau Integration[2m > [22m[2mshould provide comprehensive census intelligence
[22m[39m2026-03-11T03:59:46.915Z INFO [App] Incoming request {"correlationId":"4987019f-9f7d-4db7-8593-792f3f57954e","method":"GET","url":"/api/property-intelligence/census/comprehensive?latitude=37.4224764&longitude=-122.0842499","ip":"::ffff:127.0.0.1"}

[90mstdout[2m | tests/integration/external-services-fixed.test.ts[2m > [22m[2mExternal Services Integration Tests (Fixed)[2m > [22m[2mUS Census Bureau Integration[2m > [22m[2mshould provide comprehensive census intelligence
[22m[39m2026-03-11T03:59:46.919Z INFO [App] Comprehensive Census intelligence request received {"coordinates":{"latitude":37.4224764,"longitude":-122.0842499}}
2026-03-11T03:59:46.919Z INFO [App] Starting comprehensive Census intelligence analysis {"coordinates":{"latitude":37.4224764,"longitude":-122.0842499}}

[90mstdout[2m | tests/integration/external-services-fixed.test.ts[2m > [22m[2mExternal Services Integration Tests (Fixed)[2m > [22m[2mUS Census Bureau Integration[2m > [22m[2mshould provide comprehensive census intelligence
[22m[39m2026-03-11T03:59:46.920Z INFO [App] Census demographic data retrieved from cache {"coordinates":{"latitude":37.4224764,"longitude":-122.0842499}}

::ffff:127.0.0.1 - - [11/Mar/2026:03:59:46 +0000] "GET /api/vendors?limit=10 HTTP/1.1" 200 - "-" "-"
[90mstdout[2m | tests/integration/external-services-fixed.test.ts[2m > [22m[2mExternal Services Integration Tests (Fixed)[2m > [22m[2mUS Census Bureau Integration[2m > [22m[2mshould provide comprehensive census intelligence
[22m[39m2026-03-11T03:59:46.920Z INFO [App] Comprehensive Census intelligence analysis completed {"coordinates":{"latitude":37.4224764,"longitude":-122.0842499},"overallCommunityScore":58,"demographicScore":70,"economicScore":69,"housingScore":32}

[90mstdout[2m | tests/integration/external-services-fixed.test.ts[2m > [22m[2mExternal Services Integration Tests (Fixed)[2m > [22m[2mUS Census Bureau Integration[2m > [22m[2mshould provide comprehensive census intelligence
[22m[39m2026-03-11T03:59:46.920Z INFO [App] Request completed {"correlationId":"4987019f-9f7d-4db7-8593-792f3f57954e","method":"GET","url":"/api/property-intelligence/census/comprehensive?latitude=37.4224764&longitude=-122.0842499","statusCode":200,"duration":"6ms"}
2026-03-11T03:59:46.921Z INFO [App] Request completed {"correlationId":"4987019f-9f7d-4db7-8593-792f3f57954e","method":"GET","url":"/api/property-intelligence/census/comprehensive?latitude=37.4224764&longitude=-122.0842499","statusCode":200,"duration":"7ms"}

::ffff:127.0.0.1 - - [11/Mar/2026:03:59:46 +0000] "GET /api/property-intelligence/census/comprehensive?latitude=37.4224764&longitude=-122.0842499 HTTP/1.1" 200 - "-" "-"
[90mstdout[2m | tests/integration/external-services-fixed.test.ts[2m > [22m[2mExternal Services Integration Tests (Fixed)[2m > [22m[2mUS Census Bureau Integration[2m > [22m[2mshould provide comprehensive census intelligence
[22m[39mΓ£à US Census Bureau comprehensive reachable

[90mstdout[2m | tests/integration/external-services-fixed.test.ts[2m > [22m[2mExternal Services Integration Tests (Fixed)[2m > [22m[2mMulti-Provider Address Services[2m > [22m[2mshould validate addresses using geocoding service
[22m[39m2026-03-11T03:59:46.933Z INFO [App] Incoming request {"correlationId":"25f54012-fce6-4b71-a88e-ebd851ea1ac8","method":"POST","url":"/api/property-intelligence/address/geocode","ip":"::ffff:127.0.0.1"}

[90mstdout[2m | tests/integration/external-services-fixed.test.ts[2m > [22m[2mExternal Services Integration Tests (Fixed)[2m > [22m[2mMulti-Provider Address Services[2m > [22m[2mshould validate addresses using geocoding service
[22m[39m2026-03-11T03:59:46.938Z INFO [App] Geocoding address request {"address":"1600 Amphitheatre Parkway, Mountain View, CA 94043"}

[90mstderr[2m | tests/integration/production-api.test.ts[2m > 
[22m[2mProduction API Integration Tests[2m > [22m[2mEnd-to-End Workflow 
Integration[2m > [22m[2mshould simulate complete appraisal workflow
[22m[39m2026-03-11T03:59:46.938Z WARN [OrderNotificationService] Vendor has 
no email ΓÇö skipping assignment email 
{"orderId":"1773201580318-4b0okcqy4","vendorId":"1773201581255-ygn3gnpl9"}
2026-03-11T03:59:46.939Z WARN [OrderNotificationService] Vendor has no phone 
ΓÇö skipping assignment SMS 
{"orderId":"1773201580318-4b0okcqy4","vendorId":"1773201581255-ygn3gnpl9"}

[90mstdout[2m | tests/integration/comprehensive-api.test.ts[2m > [22m[2mComprehensive Production API Integration Tests[2m > [22m[2mVendor Management Endpoints (6 endpoints)[2m > [22m[2mGET /api/vendors - should list all vendors
[22m[39mΓ£à Vendors listed successfully

[90mstdout[2m | tests/integration/production-api.test.ts[2m > [22m[2mProduction API Integration Tests[2m > [22m[2mEnd-to-End Workflow Integration[2m > [22m[2mshould simulate complete appraisal workflow
[22m[39m2026-03-11T03:59:46.940Z INFO [App] Sending Teams channel message {"teamId":"52666905-2a73-4055-874d-dafe2bf52349","channelId":"19:D3j8lYCeG39rvx8pGb0y01Tj0WReb2P9qZUzrHe7GN81@thread.tacv2","subject":"New Appraisal Assignment ΓÇö Order TEST-ORDER-1773201580230"}

[90mstdout[2m | tests/integration/comprehensive-api.test.ts[2m > [22m[2mComprehensive Production API Integration Tests[2m > [22m[2mVendor Management Endpoints (6 endpoints)[2m > [22m[2mGET /api/vendors/:id/performance - should get vendor performance
[22m[39m2026-03-11T03:59:46.947Z INFO [App] Incoming request {"correlationId":"90049361-efed-4973-897e-6ff6a760e1cf","method":"GET","url":"/api/vendors/performance/1773201582234-1tz872fp2","ip":"::ffff:127.0.0.1"}

::ffff:127.0.0.1 - - [11/Mar/2026:03:59:46 +0000] "POST /api/orders/1773201580318-4b0okcqy4/assign HTTP/1.1" 200 - "-" "-"
[90mstdout[2m | tests/integration/production-api.test.ts[2m > [22m[2mProduction API Integration Tests[2m > [22m[2mEnd-to-End Workflow Integration[2m > [22m[2mshould simulate complete appraisal workflow
[22m[39mStep 3: Analyzing property intelligence...

[90mstdout[2m | tests/integration/production-api.test.ts[2m > [22m[2mProduction API Integration Tests[2m > [22m[2mEnd-to-End Workflow Integration[2m > [22m[2mshould simulate complete appraisal workflow
[22m[39m2026-03-11T03:59:46.988Z INFO [App] Incoming request {"correlationId":"3862bfe3-8301-4db0-a0de-8c91e9ee00d3","method":"POST","url":"/api/property-intelligence/analyze/comprehensive","ip":"::ffff:127.0.0.1"}

[90mstdout[2m | tests/integration/production-api.test.ts[2m > [22m[2mProduction API Integration Tests[2m > [22m[2mEnd-to-End Workflow Integration[2m > [22m[2mshould simulate complete appraisal workflow
[22m[39m2026-03-11T03:59:46.994Z INFO [App] Starting comprehensive property analysis {"coordinates":{"latitude":37.4224764,"longitude":-122.0842499},"propertyId":"1773201580318-4b0okcqy4","strategy":"quality_first"}

[90mstdout[2m | tests/integration/production-api.test.ts[2m > [22m[2mProduction API Integration Tests[2m > [22m[2mEnd-to-End Workflow Integration[2m > [22m[2mshould simulate complete appraisal workflow
[22m[39m2026-03-11T03:59:46.995Z INFO [App] Request completed {"correlationId":"3862bfe3-8301-4db0-a0de-8c91e9ee00d3","method":"POST","url":"/api/property-intelligence/analyze/comprehensive","statusCode":200,"duration":"7ms"}
2026-03-11T03:59:46.996Z INFO [App] Request completed {"correlationId":"3862bfe3-8301-4db0-a0de-8c91e9ee00d3","method":"POST","url":"/api/property-intelligence/analyze/comprehensive","statusCode":200,"duration":"8ms"}

::ffff:127.0.0.1 - - [11/Mar/2026:03:59:46 +0000] "POST /api/property-intelligence/analyze/comprehensive HTTP/1.1" 200 - "-" "-"
[90mstdout[2m | tests/integration/production-api.test.ts[2m > [22m[2mProduction API Integration Tests[2m > [22m[2mEnd-to-End Workflow Integration[2m > [22m[2mshould simulate complete appraisal workflow
[22m[39mStep 4: Attempting to progress the order...

[90mstdout[2m | tests/integration/production-api.test.ts[2m > [22m[2mProduction API Integration Tests[2m > [22m[2mEnd-to-End Workflow Integration[2m > [22m[2mshould simulate complete appraisal workflow
[22m[39m2026-03-11T03:59:47.009Z INFO [App] Incoming request {"correlationId":"23839958-c258-423d-ac5a-b9a7fe6ba8dd","method":"PUT","url":"/api/orders/1773201580318-4b0okcqy4/status","ip":"::ffff:127.0.0.1"}

 [32mΓ£ô[39m tests/integration/external-services-fixed.test.ts[2m > [22mExternal Services Integration Tests (Fixed)[2m > [22mUS Census Bureau Integration[2m > [22mshould retrieve housing data from Census Bureau[33m 611[2mms[22m[39m
 [32mΓ£ô[39m tests/integration/external-services-fixed.test.ts[2m > [22mExternal Services Integration Tests (Fixed)[2m > [22mUS Census Bureau Integration[2m > [22mshould provide comprehensive census intelligence[32m 19[2mms[22m[39m
 [32mΓ£ô[39m tests/integration/comprehensive-api.test.ts[2m > [22mComprehensive Production API Integration Tests[2m > [22mVendor Management Endpoints (6 endpoints)[2m > [22mGET /api/vendors - should list all vendors[33m 4332[2mms[22m[39m
[90mstdout[2m | tests/integration/external-services-fixed.test.ts[2m > [22m[2mExternal Services Integration Tests (Fixed)[2m > [22m[2mMulti-Provider Address Services[2m > [22m[2mshould validate addresses using geocoding service
[22m[39m2026-03-11T03:59:47.093Z INFO [App] Request completed {"correlationId":"25f54012-fce6-4b71-a88e-ebd851ea1ac8","method":"POST","url":"/api/property-intelligence/address/geocode","statusCode":200,"duration":"160ms"}
2026-03-11T03:59:47.093Z INFO [App] Request completed {"correlationId":"25f54012-fce6-4b71-a88e-ebd851ea1ac8","method":"POST","url":"/api/property-intelligence/address/geocode","statusCode":200,"duration":"160ms"}

::ffff:127.0.0.1 - - [11/Mar/2026:03:59:47 +0000] "POST /api/property-intelligence/address/geocode HTTP/1.1" 200 736 "-" "-"
[90mstdout[2m | tests/integration/external-services-fixed.test.ts[2m > [22m[2mExternal Services Integration Tests (Fixed)[2m > [22m[2mMulti-Provider Address Services[2m > [22m[2mshould validate addresses using geocoding service
[22m[39mΓ£à Multi-provider address geocoding successful

[90mstdout[2m | tests/integration/external-services-fixed.test.ts[2m > [22m[2mExternal Services Integration Tests (Fixed)[2m > [22m[2mMulti-Provider Address Services[2m > [22m[2mshould perform address validation
[22m[39m2026-03-11T03:59:47.106Z INFO [App] Incoming request {"correlationId":"2912e5ff-3592-42d7-9a4c-b9fe2fff7289","method":"POST","url":"/api/property-intelligence/address/validate","ip":"::ffff:127.0.0.1"}

[90mstdout[2m | tests/integration/external-services-fixed.test.ts[2m > [22m[2mExternal Services Integration Tests (Fixed)[2m > [22m[2mMulti-Provider Address Services[2m > [22m[2mshould perform address validation
[22m[39m2026-03-11T03:59:47.111Z INFO [App] Request completed {"correlationId":"2912e5ff-3592-42d7-9a4c-b9fe2fff7289","method":"POST","url":"/api/property-intelligence/address/validate","statusCode":200,"duration":"5ms"}
2026-03-11T03:59:47.111Z INFO [App] Request completed {"correlationId":"2912e5ff-3592-42d7-9a4c-b9fe2fff7289","method":"POST","url":"/api/property-intelligence/address/validate","statusCode":200,"duration":"5ms"}

::ffff:127.0.0.1 - - [11/Mar/2026:03:59:47 +0000] "POST /api/property-intelligence/address/validate HTTP/1.1" 200 640 "-" "-"
[90mstdout[2m | tests/integration/external-services-fixed.test.ts[2m > [22m[2mExternal Services Integration Tests (Fixed)[2m > [22m[2mMulti-Provider Address Services[2m > [22m[2mshould perform address validation
[22m[39mΓ£à Address validation completed

 [32mΓ£ô[39m tests/integration/external-services-fixed.test.ts[2m > [22mExternal Services Integration Tests (Fixed)[2m > [22mMulti-Provider Address Services[2m > [22mshould validate addresses using geocoding service[32m 173[2mms[22m[39m
[90mstdout[2m | tests/integration/external-services-fixed.test.ts[2m > [22m[2mExternal Services Integration Tests (Fixed)[2m > [22m[2mMulti-Provider Address Services[2m > [22m[2mshould perform reverse geocoding
[22m[39m2026-03-11T03:59:47.123Z INFO [App] Incoming request {"correlationId":"5bed2e23-7214-43ac-b4e5-cbe8025d1a15","method":"POST","url":"/api/property-intelligence/address/reverse-geocode","ip":"::ffff:127.0.0.1"}

 [32mΓ£ô[39m tests/integration/external-services-fixed.test.ts[2m > [22mExternal Services Integration Tests (Fixed)[2m > [22mMulti-Provider Address Services[2m > [22mshould perform address validation[32m 15[2mms[22m[39m
[90mstdout[2m | tests/integration/production-api.test.ts[2m > [22m[2mProduction API Integration Tests[2m > [22m[2mEnd-to-End Workflow Integration[2m > [22m[2mshould simulate complete appraisal workflow
[22m[39m2026-03-11T03:59:47.345Z INFO [App] Mock Service Bus: Event published {"topic":"order-events","eventType":"ORDER_STATUS_CHANGED","orderId":"1773201580318-4b0okcqy4","timestamp":"2026-03-11T03:59:47.345Z"}
2026-03-11T03:59:47.345Z INFO [App] Request completed {"correlationId":"23839958-c258-423d-ac5a-b9a7fe6ba8dd","method":"PUT","url":"/api/orders/1773201580318-4b0okcqy4/status","statusCode":200,"duration":"336ms"}
2026-03-11T03:59:47.345Z INFO [App] Request completed {"correlationId":"23839958-c258-423d-ac5a-b9a7fe6ba8dd","method":"PUT","url":"/api/orders/1773201580318-4b0okcqy4/status","statusCode":200,"duration":"336ms"}
2026-03-11T03:59:47.347Z INFO [App] Order status changed event published {"orderId":"1773201580318-4b0okcqy4","oldStatus":"ASSIGNED","newStatus":"CANCELLED"}

[90mstderr[2m | tests/integration/production-api.test.ts[2m > 
[22m[2mProduction API Integration Tests[2m > [22m[2mEnd-to-End Workflow 
Integration[2m > [22m[2mshould simulate complete appraisal workflow
[22m[39m2026-03-11T03:59:47.345Z ERROR [App] Failed to create document in 
audit-trail {"error":{}}
2026-03-11T03:59:47.347Z ERROR [App] Failed to log audit event 
{"error":"Database not initialized","action":"order.status_changed","resource":
{"type":"order","id":"1773201580318-4b0okcqy4"}}

::ffff:127.0.0.1 - - [11/Mar/2026:03:59:47 +0000] "PUT /api/orders/1773201580318-4b0okcqy4/status HTTP/1.1" 200 - "-" "-"
[90mstdout[2m | tests/integration/production-api.test.ts[2m > [22m[2mProduction API Integration Tests[2m > [22m[2mEnd-to-End Workflow Integration[2m > [22m[2mshould simulate complete appraisal workflow
[22m[39mΓ£à Complete appraisal workflow simulation successful!
=== Workflow Complete ===


[90mstdout[2m | tests/integration/production-api.test.ts[2m > [22m[2mProduction API Integration Tests
[22m[39m≡ƒº╣ Cleaning up integration tests...

[90mstdout[2m | tests/integration/external-services-fixed.test.ts[2m > [22m[2mExternal Services Integration Tests (Fixed)[2m > [22m[2mMulti-Provider Address Services[2m > [22m[2mshould perform reverse geocoding
[22m[39m2026-03-11T03:59:47.354Z INFO [App] Request completed {"correlationId":"5bed2e23-7214-43ac-b4e5-cbe8025d1a15","method":"POST","url":"/api/property-intelligence/address/reverse-geocode","statusCode":200,"duration":"231ms"}
2026-03-11T03:59:47.355Z INFO [App] Request completed {"correlationId":"5bed2e23-7214-43ac-b4e5-cbe8025d1a15","method":"POST","url":"/api/property-intelligence/address/reverse-geocode","statusCode":200,"duration":"232ms"}

::ffff:127.0.0.1 - - [11/Mar/2026:03:59:47 +0000] "POST /api/property-intelligence/address/reverse-geocode HTTP/1.1" 200 409 "-" "-"
[90mstdout[2m | tests/integration/external-services-fixed.test.ts[2m > [22m[2mExternal Services Integration Tests (Fixed)[2m > [22m[2mMulti-Provider Address Services[2m > [22m[2mshould perform reverse geocoding
[22m[39mΓ£à Reverse geocoding completed

[90mstdout[2m | tests/integration/production-api.test.ts[2m > [22m[2mProduction API Integration Tests
[22m[39m2026-03-11T03:59:47.359Z INFO [App] Incoming request {"correlationId":"10d76eeb-ce16-44c3-ac0c-a44b029e7a7f","method":"GET","url":"/api/orders/1773201580318-4b0okcqy4","ip":"::ffff:127.0.0.1"}

[90mstdout[2m | tests/integration/external-services-fixed.test.ts[2m > [22m[2mExternal Services Integration Tests (Fixed)[2m > [22m[2mSystem Health and Provider Status[2m > [22m[2mshould report external service connectivity status
[22m[39m2026-03-11T03:59:47.365Z INFO [App] Incoming request {"correlationId":"beed5da0-0d67-4208-a300-a96960baa8ca","method":"GET","url":"/api/property-intelligence/health","ip":"::ffff:127.0.0.1"}

[90mstdout[2m | tests/integration/external-services-fixed.test.ts[2m > [22m[2mExternal Services Integration Tests (Fixed)[2m > [22m[2mSystem Health and Provider Status[2m > [22m[2mshould report external service connectivity status
[22m[39m2026-03-11T03:59:47.367Z INFO [App] Request completed {"correlationId":"beed5da0-0d67-4208-a300-a96960baa8ca","method":"GET","url":"/api/property-intelligence/health","statusCode":200,"duration":"2ms"}
2026-03-11T03:59:47.367Z INFO [App] Request completed {"correlationId":"beed5da0-0d67-4208-a300-a96960baa8ca","method":"GET","url":"/api/property-intelligence/health","statusCode":200,"duration":"2ms"}

::ffff:127.0.0.1 - - [11/Mar/2026:03:59:47 +0000] "GET /api/property-intelligence/health HTTP/1.1" 200 350 "-" "-"
[90mstdout[2m | tests/integration/external-services-fixed.test.ts[2m > [22m[2mExternal Services Integration Tests (Fixed)[2m > [22m[2mSystem Health and Provider Status[2m > [22m[2mshould report external service connectivity status
[22m[39mΓ£à External service health check completed

[90mstdout[2m | tests/integration/external-services-fixed.test.ts[2m > [22m[2mExternal Services Integration Tests (Fixed)[2m > [22m[2mSystem Health and Provider Status[2m > [22m[2mshould provide provider status information
[22m[39m2026-03-11T03:59:47.376Z INFO [App] Incoming request {"correlationId":"eb98778f-0322-422f-aaa3-367ccc7c5cb1","method":"GET","url":"/api/property-intelligence/providers/status","ip":"::ffff:127.0.0.1"}

[90mstdout[2m | tests/integration/external-services-fixed.test.ts[2m > [22m[2mExternal Services Integration Tests (Fixed)[2m > [22m[2mSystem Health and Provider Status[2m > [22m[2mshould provide provider status information
[22m[39m2026-03-11T03:59:47.385Z INFO [App] Request completed {"correlationId":"eb98778f-0322-422f-aaa3-367ccc7c5cb1","method":"GET","url":"/api/property-intelligence/providers/status","statusCode":404,"duration":"9ms"}
2026-03-11T03:59:47.385Z INFO [App] Request completed {"correlationId":"eb98778f-0322-422f-aaa3-367ccc7c5cb1","method":"GET","url":"/api/property-intelligence/providers/status","statusCode":404,"duration":"9ms"}

::ffff:127.0.0.1 - - [11/Mar/2026:03:59:47 +0000] "GET /api/property-intelligence/providers/status HTTP/1.1" 404 111 "-" "-"
[90mstderr[2m | tests/integration/external-services-fixed.test.ts[2m > 
[22m[2mExternal Services Integration Tests (Fixed)[2m > [22m[2mSystem 
Health and Provider Status[2m > [22m[2mshould provide provider status 
information
[22m[39m2026-03-11T03:59:47.387Z WARN [App] Request completed with error {"co
rrelationId":"eb98778f-0322-422f-aaa3-367ccc7c5cb1","method":"GET","url":"/api/
property-intelligence/providers/status","statusCode":404,"duration":"11ms"}

[90mstdout[2m | tests/integration/external-services-fixed.test.ts[2m > [22m[2mExternal Services Integration Tests (Fixed)[2m > [22m[2mSystem Health and Provider Status[2m > [22m[2mshould provide provider status information
[22m[39mΓ£à Provider status endpoint reachable

[90mstdout[2m | tests/integration/external-services-fixed.test.ts[2m > [22m[2mExternal Services Integration Tests (Fixed)[2m > [22m[2mCreative Property Features (External Data)[2m > [22m[2mshould analyze coffee shop density using external data
[22m[39m2026-03-11T03:59:47.399Z INFO [App] Incoming request {"correlationId":"5817d322-644d-4051-b024-f464ab483232","method":"POST","url":"/api/property-intelligence/analyze/creative","ip":"::ffff:127.0.0.1"}

[90mstdout[2m | tests/integration/external-services-fixed.test.ts[2m > [22m[2mExternal Services Integration Tests (Fixed)[2m > [22m[2mCreative Property Features (External Data)[2m > [22m[2mshould analyze coffee shop density using external data
[22m[39m2026-03-11T03:59:47.403Z INFO [App] Request completed {"correlationId":"5817d322-644d-4051-b024-f464ab483232","method":"POST","url":"/api/property-intelligence/analyze/creative","statusCode":200,"duration":"4ms"}
2026-03-11T03:59:47.404Z INFO [App] Request completed {"correlationId":"5817d322-644d-4051-b024-f464ab483232","method":"POST","url":"/api/property-intelligence/analyze/creative","statusCode":200,"duration":"5ms"}

::ffff:127.0.0.1 - - [11/Mar/2026:03:59:47 +0000] "POST /api/property-intelligence/analyze/creative HTTP/1.1" 200 - "-" "-"
[90mstdout[2m | tests/integration/external-services-fixed.test.ts[2m > [22m[2mExternal Services Integration Tests (Fixed)[2m > [22m[2mCreative Property Features (External Data)[2m > [22m[2mshould analyze coffee shop density using external data
[22m[39mΓ£à Creative coffee culture analysis completed

[90mstdout[2m | tests/integration/external-services-fixed.test.ts[2m > [22m[2mExternal Services Integration Tests (Fixed)[2m > [22m[2mCreative Property Features (External Data)[2m > [22m[2mshould analyze walkability using external place data
[22m[39m2026-03-11T03:59:47.416Z INFO [App] Incoming request {"correlationId":"b148981b-ce4b-46c3-94c5-6f56468d5065","method":"POST","url":"/api/property-intelligence/analyze/creative","ip":"::ffff:127.0.0.1"}

[90mstdout[2m | tests/integration/external-services-fixed.test.ts[2m > [22m[2mExternal Services Integration Tests (Fixed)[2m > [22m[2mCreative Property Features (External Data)[2m > [22m[2mshould analyze walkability using external place data
[22m[39m2026-03-11T03:59:47.420Z INFO [App] Request completed {"correlationId":"b148981b-ce4b-46c3-94c5-6f56468d5065","method":"POST","url":"/api/property-intelligence/analyze/creative","statusCode":200,"duration":"4ms"}
2026-03-11T03:59:47.420Z INFO [App] Request completed {"correlationId":"b148981b-ce4b-46c3-94c5-6f56468d5065","method":"POST","url":"/api/property-intelligence/analyze/creative","statusCode":200,"duration":"4ms"}

::ffff:127.0.0.1 - - [11/Mar/2026:03:59:47 +0000] "POST /api/property-intelligence/analyze/creative HTTP/1.1" 200 - "-" "-"
[90mstdout[2m | tests/integration/external-services-fixed.test.ts[2m > [22m[2mExternal Services Integration Tests (Fixed)[2m > [22m[2mCreative Property Features (External Data)[2m > [22m[2mshould analyze walkability using external place data
[22m[39mΓ£à Walkability analysis using external data completed

[90mstdout[2m | tests/integration/external-services-fixed.test.ts
[22m[39m≡ƒº╣ Cleaning up test environment...
Γ£à Test cleanup complete

 [32mΓ£ô[39m tests/integration/external-services-fixed.test.ts[2m > [22mExternal Services Integration Tests (Fixed)[2m > [22mMulti-Provider Address Services[2m > [22mshould perform reverse geocoding[32m 244[2mms[22m[39m
 [32mΓ£ô[39m tests/integration/external-services-fixed.test.ts[2m > [22mExternal Services Integration Tests (Fixed)[2m > [22mSystem Health and Provider Status[2m > [22mshould report external service connectivity status[32m 12[2mms[22m[39m
 [32mΓ£ô[39m tests/integration/external-services-fixed.test.ts[2m > [22mExternal Services Integration Tests (Fixed)[2m > [22mSystem Health and Provider Status[2m > [22mshould provide provider status information[32m 20[2mms[22m[39m
 [32mΓ£ô[39m tests/integration/external-services-fixed.test.ts[2m > [22mExternal Services Integration Tests (Fixed)[2m > [22mCreative Property Features (External Data)[2m > [22mshould analyze coffee shop density using external data[32m 19[2mms[22m[39m
 [32mΓ£ô[39m tests/integration/external-services-fixed.test.ts[2m > [22mExternal Services Integration Tests (Fixed)[2m > [22mCreative Property Features (External Data)[2m > [22mshould analyze walkability using external place data[32m 16[2mms[22m[39m
[90mstdout[2m | tests/integration/production-api.test.ts[2m > [22m[2mProduction API Integration Tests
[22m[39m2026-03-11T03:59:47.430Z INFO [App] Request completed {"correlationId":"10d76eeb-ce16-44c3-ac0c-a44b029e7a7f","method":"GET","url":"/api/orders/1773201580318-4b0okcqy4","statusCode":200,"duration":"71ms"}
2026-03-11T03:59:47.430Z INFO [App] Request completed {"correlationId":"10d76eeb-ce16-44c3-ac0c-a44b029e7a7f","method":"GET","url":"/api/orders/1773201580318-4b0okcqy4","statusCode":200,"duration":"71ms"}

::ffff:127.0.0.1 - - [11/Mar/2026:03:59:47 +0000] "GET /api/orders/1773201580318-4b0okcqy4 HTTP/1.1" 200 - "-" "-"
[90mstdout[2m | tests/integration/production-api.test.ts[2m > [22m[2mProduction API Integration Tests
[22m[39m2026-03-11T03:59:47.439Z INFO [App] Incoming request {"correlationId":"0f814816-32b6-459b-aefb-6afdd148de05","method":"DELETE","url":"/api/orders/1773201580318-4b0okcqy4?clientId=test-client-1773201580230","ip":"::ffff:127.0.0.1"}

[90mstdout[2m | tests/integration/production-api.test.ts[2m > [22m[2mProduction API Integration Tests
[22m[39m2026-03-11T03:59:47.444Z INFO [App] Request completed {"correlationId":"0f814816-32b6-459b-aefb-6afdd148de05","method":"DELETE","url":"/api/orders/1773201580318-4b0okcqy4?clientId=test-client-1773201580230","statusCode":404,"duration":"5ms"}
2026-03-11T03:59:47.444Z INFO [App] Request completed {"correlationId":"0f814816-32b6-459b-aefb-6afdd148de05","method":"DELETE","url":"/api/orders/1773201580318-4b0okcqy4?clientId=test-client-1773201580230","statusCode":404,"duration":"5ms"}

::ffff:127.0.0.1 - - [11/Mar/2026:03:59:47 +0000] "DELETE /api/orders/1773201580318-4b0okcqy4?clientId=test-client-1773201580230 HTTP/1.1" 404 138 "-" "-"
[90mstderr[2m | tests/integration/production-api.test.ts[2m > 
[22m[2mProduction API Integration Tests
[22m[39m2026-03-11T03:59:47.446Z WARN [App] Request completed with error {"co
rrelationId":"0f814816-32b6-459b-aefb-6afdd148de05","method":"DELETE","url":"/a
pi/orders/1773201580318-4b0okcqy4?clientId=test-client-1773201580230","statusCo
de":404,"duration":"7ms"}

[90mstdout[2m | tests/integration/production-api.test.ts[2m > [22m[2mProduction API Integration Tests
[22m[39mΓ£à Cleaned up test order: 1773201580318-4b0okcqy4

[90mstdout[2m | tests/integration/production-api.test.ts[2m > [22m[2mProduction API Integration Tests
[22m[39m2026-03-11T03:59:47.455Z INFO [App] Incoming request {"correlationId":"c85866f4-9e38-45c8-a709-c0c5753a2c4f","method":"DELETE","url":"/api/vendors/1773201581255-ygn3gnpl9","ip":"::ffff:127.0.0.1"}

[90mstdout[2m | tests/integration/production-api.test.ts[2m > [22m[2mProduction API Integration Tests
[22m[39m

=== FIND VENDOR BY ID ===
Looking for vendor ID: 1773201581255-ygn3gnpl9
Container: initialized
Query: {
  "query": "SELECT * FROM c WHERE c.id = @id",
  "parameters": [
    {
      "name": "@id",
      "value": "1773201581255-ygn3gnpl9"
    }
  ]
}

[90mstdout[2m | tests/integration/comprehensive-api.test.ts[2m > [22m[2mComprehensive Production API Integration Tests[2m > [22m[2mVendor Management Endpoints (6 endpoints)[2m > [22m[2mGET /api/vendors/:id/performance - should get vendor performance
[22m[39m2026-03-11T03:59:47.484Z INFO [App] Request completed {"correlationId":"90049361-efed-4973-897e-6ff6a760e1cf","method":"GET","url":"/api/vendors/performance/1773201582234-1tz872fp2","statusCode":200,"duration":"537ms"}
2026-03-11T03:59:47.484Z INFO [App] Request completed {"correlationId":"90049361-efed-4973-897e-6ff6a760e1cf","method":"GET","url":"/api/vendors/performance/1773201582234-1tz872fp2","statusCode":200,"duration":"537ms"}

::ffff:127.0.0.1 - - [11/Mar/2026:03:59:47 +0000] "GET /api/vendors/performance/1773201582234-1tz872fp2 HTTP/1.1" 200 179 "-" "-"
[90mstdout[2m | tests/integration/comprehensive-api.test.ts[2m > [22m[2mComprehensive Production API Integration Tests[2m > [22m[2mVendor Management Endpoints (6 endpoints)[2m > [22m[2mGET /api/vendors/:id/performance - should get vendor performance
[22m[39mΓ£à Vendor performance reachable (status: 200)

[90mstdout[2m | tests/integration/comprehensive-api.test.ts[2m > [22m[2mComprehensive Production API Integration Tests[2m > [22m[2mVendor Management Endpoints (6 endpoints)[2m > [22m[2mDELETE /api/vendors/:id - should deactivate vendor
[22m[39m2026-03-11T03:59:47.496Z INFO [App] Incoming request {"correlationId":"17be4f23-2a10-41ef-8cb6-7973af1400f0","method":"DELETE","url":"/api/vendors/1773201582234-1tz872fp2","ip":"::ffff:127.0.0.1"}

[90mstdout[2m | tests/integration/comprehensive-api.test.ts[2m > [22m[2mComprehensive Production API Integration Tests[2m > [22m[2mVendor Management Endpoints (6 endpoints)[2m > [22m[2mDELETE /api/vendors/:id - should deactivate vendor
[22m[39m

=== FIND VENDOR BY ID ===
Looking for vendor ID: 1773201582234-1tz872fp2
Container: initialized
Query: {
  "query": "SELECT * FROM c WHERE c.id = @id",
  "parameters": [
    {
      "name": "@id",
      "value": "1773201582234-1tz872fp2"
    }
  ]
}

[90mstdout[2m | tests/integration/production-api.test.ts[2m > [22m[2mProduction API Integration Tests
[22m[39mQuery returned resources count: [33m1[39m
Found vendor: 1773201581255-ygn3gnpl9 Test Appraisal Services
Vendor has certifications: [33mfalse[39m length: [90mundefined[39m
Vendor has paymentHistory: [33mfalse[39m length: [90mundefined[39m
=== END FIND VENDOR ===



[90mstdout[2m | tests/qc-api-integration.test.ts[2m > [22m[2mQC API Endpoints Integration Tests[2m > [22m[2mQC Execution Management[2m > [22m[2mPOST /api/qc/execution/execute[2m > [22m[2mshould execute QC review successfully
[22m[39mΓä╣∩╕Å  No Axiom evaluation found for order test-appraisal-doc-123

[90mstdout[2m | tests/qc-api-integration.test.ts[2m > [22m[2mQC API Endpoints Integration Tests[2m > [22m[2mQC Execution Management[2m > [22m[2mPOST /api/qc/execution/execute[2m > [22m[2mshould execute QC review successfully
[22m[39m2026-03-11T03:59:47.533Z INFO [QCExecutionEngine] Starting QC review execution {"checklistId":"qc_1773201575715_bpn4tllhv","documentType":"appraisal_report","executionId":"qc_exec_1773201584568_4gasiago0"}

[90mstdout[2m | tests/qc-api-integration.test.ts[2m > [22m[2mQC API Endpoints Integration Tests[2m > [22m[2mQC Execution Management[2m > [22m[2mPOST /api/qc/execution/execute[2m > [22m[2mshould execute QC review successfully
[22m[39m2026-03-11T03:59:47.536Z INFO [QCExecutionEngine] Axiom bridge pre-answer rate {"executionId":"qc_exec_1773201587533_3gy1aumep","totalQuestions":1,"axiomPreAnswered":0,"llmAnswered":0,"skippedNoAiConfig":1,"preAnswerRatePct":0}
2026-03-11T03:59:47.536Z INFO [QCExecutionEngine] QC review execution completed {"executionId":"qc_exec_1773201587533_3gy1aumep","passed":false,"score":0,"criticalIssues":0}

[90mstdout[2m | tests/qc-api-integration.test.ts[2m > [22m[2mQC API Endpoints Integration Tests[2m > [22m[2mQC Execution Management[2m > [22m[2mPOST /api/qc/execution/execute[2m > [22m[2mshould execute QC review successfully
[22m[39m2026-03-11T03:59:47.537Z INFO [QCExecutionController] QC review execution completed {"sessionId":"qc_exec_1773201584568_4gasiago0","checklistId":"qc_1773201575715_bpn4tllhv","targetId":"test-appraisal-doc-123","totalIssues":1,"overallScore":0,"userId":"test-user-qc-analyst"}
2026-03-11T03:59:47.537Z INFO [App] Request completed {"correlationId":"c537b594-b74b-4ab4-bbe0-bfc23eb64ed3","method":"POST","url":"/api/qc/execution/execute","statusCode":200,"duration":"5817ms"}
2026-03-11T03:59:47.537Z INFO [App] Request completed {"correlationId":"c537b594-b74b-4ab4-bbe0-bfc23eb64ed3","method":"POST","url":"/api/qc/execution/execute","statusCode":200,"duration":"5817ms"}

::ffff:127.0.0.1 - - [11/Mar/2026:03:59:47 +0000] "POST /api/qc/execution/execute HTTP/1.1" 200 - "-" "-"
[90mstdout[2m | tests/qc-api-integration.test.ts[2m > [22m[2mQC API Endpoints Integration Tests[2m > [22m[2mQC Execution Management[2m > [22m[2mPOST /api/qc/execution/execute[2m > [22m[2mshould reject execution without required permissions
[22m[39m2026-03-11T03:59:47.566Z INFO [App] Incoming request {"correlationId":"57b1cdad-a2bf-4ae6-aec0-2ae194d94cdb","method":"POST","url":"/api/qc/execution/execute","ip":"::ffff:127.0.0.1"}

[90mstdout[2m | tests/qc-api-integration.test.ts[2m > [22m[2mQC API Endpoints Integration Tests[2m > [22m[2mQC Execution Management[2m > [22m[2mPOST /api/qc/execution/execute[2m > [22m[2mshould reject execution without required permissions
[22m[39m2026-03-11T03:59:47.574Z INFO [App] Request completed {"correlationId":"57b1cdad-a2bf-4ae6-aec0-2ae194d94cdb","method":"POST","url":"/api/qc/execution/execute","statusCode":400,"duration":"8ms"}
2026-03-11T03:59:47.574Z INFO [App] Request completed {"correlationId":"57b1cdad-a2bf-4ae6-aec0-2ae194d94cdb","method":"POST","url":"/api/qc/execution/execute","statusCode":400,"duration":"8ms"}

::ffff:127.0.0.1 - - [11/Mar/2026:03:59:47 +0000] "POST /api/qc/execution/execute HTTP/1.1" 400 251 "-" "-"
[90mstderr[2m | tests/qc-api-integration.test.ts[2m > [22m[2mQC API 
Endpoints Integration Tests[2m > [22m[2mQC Execution Management[2m > 
[22m[2mPOST /api/qc/execution/execute[2m > [22m[2mshould reject execution 
without required permissions
[22m[39m2026-03-11T03:59:47.576Z WARN [App] Request completed with error {"co
rrelationId":"57b1cdad-a2bf-4ae6-aec0-2ae194d94cdb","method":"POST","url":"/api
/qc/execution/execute","statusCode":400,"duration":"10ms"}

[90mstdout[2m | tests/integration/comprehensive-api.test.ts[2m > [22m[2mComprehensive Production API Integration Tests[2m > [22m[2mVendor Management Endpoints (6 endpoints)[2m > [22m[2mDELETE /api/vendors/:id - should deactivate vendor
[22m[39mQuery returned resources count: [33m1[39m
Found vendor: 1773201582234-1tz872fp2 Comprehensive Test Appraisals 1773201582221
Vendor has certifications: [33mtrue[39m length: [33m1[39m
Vendor has paymentHistory: [33mfalse[39m length: [90mundefined[39m
=== END FIND VENDOR ===



[90mstdout[2m | tests/qc-api-integration.test.ts[2m > [22m[2mQC API Endpoints Integration Tests[2m > [22m[2mQC Execution Management[2m > [22m[2mPOST /api/qc/execution/execute-async[2m > [22m[2mshould start async QC execution
[22m[39m2026-03-11T03:59:47.590Z INFO [App] Incoming request {"correlationId":"df77bd14-1f8e-412c-a123-cb128c45fcb1","method":"POST","url":"/api/qc/execution/execute/async","ip":"::ffff:127.0.0.1"}

 [32mΓ£ô[39m tests/integration/comprehensive-api.test.ts[2m > [22mComprehensive Production API Integration Tests[2m > [22mVendor Management Endpoints (6 endpoints)[2m > [22mGET /api/vendors/:id/performance - should get vendor performance[33m 548[2mms[22m[39m
[90mstdout[2m | tests/integration/production-api.test.ts[2m > [22m[2mProduction API Integration Tests
[22m[39m2026-03-11T03:59:47.618Z INFO [App] Request completed {"correlationId":"c85866f4-9e38-45c8-a709-c0c5753a2c4f","method":"DELETE","url":"/api/vendors/1773201581255-ygn3gnpl9","statusCode":200,"duration":"164ms"}
2026-03-11T03:59:47.619Z INFO [App] Request completed {"correlationId":"c85866f4-9e38-45c8-a709-c0c5753a2c4f","method":"DELETE","url":"/api/vendors/1773201581255-ygn3gnpl9","statusCode":200,"duration":"164ms"}

::ffff:127.0.0.1 - - [11/Mar/2026:03:59:47 +0000] "DELETE /api/vendors/1773201581255-ygn3gnpl9 HTTP/1.1" 200 60 "-" "-"
[90mstdout[2m | tests/integration/production-api.test.ts[2m > [22m[2mProduction API Integration Tests
[22m[39mΓ£à Cleaned up test vendor: 1773201581255-ygn3gnpl9
Γ£à Test cleanup complete

 [32mΓ£ô[39m tests/integration/production-api.test.ts[2m > [22mProduction API Integration Tests[2m > [22mEnd-to-End Workflow Integration[2m > [22mshould simulate complete appraisal workflow[33m 751[2mms[22m[39m
[90mstdout[2m | tests/integration/production-api.test.ts
[22m[39m≡ƒº╣ Cleaning up test environment...
Γ£à Test cleanup complete

 [32mΓ£ô[39m tests/qc-api-integration.test.ts[2m > [22mQC API Endpoints Integration Tests[2m > [22mQC Execution Management[2m > [22mPOST /api/qc/execution/execute[2m > [22mshould execute QC review successfully[33m 5848[2mms[22m[39m
 [32mΓ£ô[39m tests/qc-api-integration.test.ts[2m > [22mQC API Endpoints Integration Tests[2m > [22mQC Execution Management[2m > [22mPOST /api/qc/execution/execute[2m > [22mshould reject execution without required permissions[32m 26[2mms[22m[39m
[90mstdout[2m | tests/qc-api-integration.test.ts[2m > [22m[2mQC API Endpoints Integration Tests[2m > [22m[2mQC Execution Management[2m > [22m[2mPOST /api/qc/execution/execute-async[2m > [22m[2mshould start async QC execution
[22m[39m2026-03-11T03:59:47.663Z INFO [App] Request completed {"correlationId":"df77bd14-1f8e-412c-a123-cb128c45fcb1","method":"POST","url":"/api/qc/execution/execute/async","statusCode":202,"duration":"73ms"}
2026-03-11T03:59:47.663Z INFO [App] Request completed {"correlationId":"df77bd14-1f8e-412c-a123-cb128c45fcb1","method":"POST","url":"/api/qc/execution/execute/async","statusCode":202,"duration":"73ms"}

::ffff:127.0.0.1 - - [11/Mar/2026:03:59:47 +0000] "POST /api/qc/execution/execute/async HTTP/1.1" 202 246 "-" "-"
[90mstdout[2m | tests/qc-api-integration.test.ts[2m > [22m[2mQC API Endpoints Integration Tests[2m > [22m[2mQC Execution Management[2m > [22m[2mGET /api/qc/execution/status/:executionId[2m > [22m[2mshould retrieve execution status
[22m[39m2026-03-11T03:59:47.678Z INFO [App] Incoming request {"correlationId":"4d19ad02-18a4-4dd8-bde6-bf20b59e3178","method":"GET","url":"/api/qc/execution/sessions/qc_exec_1773201584568_4gasiago0/status","ip":"::ffff:127.0.0.1"}

[90mstdout[2m | tests/qc-api-integration.test.ts[2m > [22m[2mQC API Endpoints Integration Tests[2m > [22m[2mQC Execution Management[2m > [22m[2mGET /api/qc/execution/status/:executionId[2m > [22m[2mshould retrieve execution status
[22m[39m2026-03-11T03:59:47.687Z INFO [App] Request completed {"correlationId":"4d19ad02-18a4-4dd8-bde6-bf20b59e3178","method":"GET","url":"/api/qc/execution/sessions/qc_exec_1773201584568_4gasiago0/status","statusCode":200,"duration":"9ms"}
2026-03-11T03:59:47.687Z INFO [App] Request completed {"correlationId":"4d19ad02-18a4-4dd8-bde6-bf20b59e3178","method":"GET","url":"/api/qc/execution/sessions/qc_exec_1773201584568_4gasiago0/status","statusCode":200,"duration":"9ms"}

::ffff:127.0.0.1 - - [11/Mar/2026:03:59:47 +0000] "GET /api/qc/execution/sessions/qc_exec_1773201584568_4gasiago0/status HTTP/1.1" 200 319 "-" "-"
[90mstdout[2m | tests/integration/comprehensive-api.test.ts[2m > [22m[2mComprehensive Production API Integration Tests[2m > [22m[2mVendor Management Endpoints (6 endpoints)[2m > [22m[2mDELETE /api/vendors/:id - should deactivate vendor
[22m[39m2026-03-11T03:59:47.688Z INFO [App] Request completed {"correlationId":"17be4f23-2a10-41ef-8cb6-7973af1400f0","method":"DELETE","url":"/api/vendors/1773201582234-1tz872fp2","statusCode":200,"duration":"192ms"}
2026-03-11T03:59:47.688Z INFO [App] Request completed {"correlationId":"17be4f23-2a10-41ef-8cb6-7973af1400f0","method":"DELETE","url":"/api/vendors/1773201582234-1tz872fp2","statusCode":200,"duration":"192ms"}

::ffff:127.0.0.1 - - [11/Mar/2026:03:59:47 +0000] "DELETE /api/vendors/1773201582234-1tz872fp2 HTTP/1.1" 200 60 "-" "-"
[90mstdout[2m | tests/qc-api-integration.test.ts[2m > [22m[2mQC API Endpoints Integration Tests[2m > [22m[2mQC Execution Management[2m > [22m[2mGET /api/qc/execution/progress/:executionId[2m > [22m[2mshould retrieve execution progress
[22m[39m2026-03-11T03:59:47.697Z INFO [App] Incoming request {"correlationId":"130b8068-fc24-4b15-b16d-44e79f4759a0","method":"GET","url":"/api/qc/execution/sessions/qc_exec_1773201584568_4gasiago0/progress","ip":"::ffff:127.0.0.1"}

[90mstdout[2m | tests/integration/comprehensive-api.test.ts[2m > [22m[2mComprehensive Production API Integration Tests[2m > [22m[2mVendor Management Endpoints (6 endpoints)[2m > [22m[2mDELETE /api/vendors/:id - should deactivate vendor
[22m[39mΓ£à Vendor deactivated (status: 200)

[90mstdout[2m | tests/integration/comprehensive-api.test.ts[2m > [22m[2mComprehensive Production API Integration Tests[2m > [22m[2mProperty Intelligence Endpoints (16 endpoints)[2m > [22m[2mGET /api/property-intelligence/health - should return service health
[22m[39m2026-03-11T03:59:47.696Z INFO [App] Incoming request {"correlationId":"16b6ffe6-c789-46e5-aac2-ddede91c1bc6","method":"GET","url":"/api/property-intelligence/health","ip":"::ffff:127.0.0.1"}

[90mstdout[2m | tests/integration/comprehensive-api.test.ts[2m > [22m[2mComprehensive Production API Integration Tests[2m > [22m[2mProperty Intelligence Endpoints (16 endpoints)[2m > [22m[2mGET /api/property-intelligence/health - should return service health
[22m[39m2026-03-11T03:59:47.698Z INFO [App] Request completed {"correlationId":"16b6ffe6-c789-46e5-aac2-ddede91c1bc6","method":"GET","url":"/api/property-intelligence/health","statusCode":200,"duration":"2ms"}
2026-03-11T03:59:47.698Z INFO [App] Request completed {"correlationId":"16b6ffe6-c789-46e5-aac2-ddede91c1bc6","method":"GET","url":"/api/property-intelligence/health","statusCode":200,"duration":"2ms"}

::ffff:127.0.0.1 - - [11/Mar/2026:03:59:47 +0000] "GET /api/property-intelligence/health HTTP/1.1" 200 350 "-" "-"
[90mstdout[2m | tests/integration/comprehensive-api.test.ts[2m > [22m[2mComprehensive Production API Integration Tests[2m > [22m[2mProperty Intelligence Endpoints (16 endpoints)[2m > [22m[2mGET /api/property-intelligence/health - should return service health
[22m[39mΓ£à Property intelligence health: healthy

 [32mΓ£ô[39m tests/integration/comprehensive-api.test.ts[2m > [22mComprehensive Production API Integration Tests[2m > [22mVendor Management Endpoints (6 endpoints)[2m > [22mDELETE /api/vendors/:id - should deactivate vendor[32m 202[2mms[22m[39m
[90mstdout[2m | tests/qc-api-integration.test.ts[2m > [22m[2mQC API Endpoints Integration Tests[2m > [22m[2mQC Execution Management[2m > [22m[2mGET /api/qc/execution/progress/:executionId[2m > [22m[2mshould retrieve execution progress
[22m[39m2026-03-11T03:59:47.704Z INFO [App] Request completed {"correlationId":"130b8068-fc24-4b15-b16d-44e79f4759a0","method":"GET","url":"/api/qc/execution/sessions/qc_exec_1773201584568_4gasiago0/progress","statusCode":200,"duration":"7ms"}
2026-03-11T03:59:47.705Z INFO [App] Request completed {"correlationId":"130b8068-fc24-4b15-b16d-44e79f4759a0","method":"GET","url":"/api/qc/execution/sessions/qc_exec_1773201584568_4gasiago0/progress","statusCode":200,"duration":"8ms"}

::ffff:127.0.0.1 - - [11/Mar/2026:03:59:47 +0000] "GET /api/qc/execution/sessions/qc_exec_1773201584568_4gasiago0/progress HTTP/1.1" 200 395 "-" "-"
[90mstdout[2m | tests/integration/comprehensive-api.test.ts[2m > [22m[2mComprehensive Production API Integration Tests[2m > [22m[2mProperty Intelligence Endpoints (16 endpoints)[2m > [22m[2mPOST /api/property-intelligence/address/geocode - should geocode address
[22m[39m2026-03-11T03:59:47.707Z INFO [App] Incoming request {"correlationId":"22cf4ad0-ee41-4747-bdd2-40f920af8405","method":"POST","url":"/api/property-intelligence/address/geocode","ip":"::ffff:127.0.0.1"}

[90mstdout[2m | tests/integration/comprehensive-api.test.ts[2m > [22m[2mComprehensive Production API Integration Tests[2m > [22m[2mProperty Intelligence Endpoints (16 endpoints)[2m > [22m[2mPOST /api/property-intelligence/address/geocode - should geocode address
[22m[39m2026-03-11T03:59:47.711Z INFO [App] Geocoding address request {"address":"1600 Amphitheatre Parkway, Mountain View, CA 94043"}

[90mstdout[2m | tests/qc-api-integration.test.ts[2m > [22m[2mQC API Endpoints Integration Tests[2m > [22m[2mQC Results Management[2m > [22m[2mGET /api/qc/results/search[2m > [22m[2mshould search QC results with filters
[22m[39m2026-03-11T03:59:47.719Z INFO [App] Incoming request {"correlationId":"bfdf6e02-2a8c-46f0-bcb3-07a12e26da74","method":"GET","url":"/api/qc/results/search?checklistId=qc_1773201575715_bpn4tllhv&startDate=2024-01-01&endDate=2024-12-31&limit=20","ip":"::ffff:127.0.0.1"}

 [32mΓ£ô[39m tests/qc-api-integration.test.ts[2m > [22mQC API Endpoints Integration Tests[2m > [22mQC Execution Management[2m > [22mPOST /api/qc/execution/execute-async[2m > [22mshould start async QC execution[32m 88[2mms[22m[39m
 [32mΓ£ô[39m tests/qc-api-integration.test.ts[2m > [22mQC API Endpoints Integration Tests[2m > [22mQC Execution Management[2m > [22mGET /api/qc/execution/status/:executionId[2m > [22mshould retrieve execution status[32m 21[2mms[22m[39m
 [32mΓ£ô[39m tests/qc-api-integration.test.ts[2m > [22mQC API Endpoints Integration Tests[2m > [22mQC Execution Management[2m > [22mGET /api/qc/execution/progress/:executionId[2m > [22mshould retrieve execution progress[32m 18[2mms[22m[39m
 [32mΓ£ô[39m tests/integration/comprehensive-api.test.ts[2m > [22mComprehensive Production API Integration Tests[2m > [22mProperty Intelligence Endpoints (16 endpoints)[2m > [22mGET /api/property-intelligence/health - should return service health[32m 10[2mms[22m[39m
[90mstdout[2m | tests/qc-api-integration.test.ts[2m > [22m[2mQC API Endpoints Integration Tests[2m > [22m[2mQC Results Management[2m > [22m[2mGET /api/qc/results/search[2m > [22m[2mshould search QC results with filters
[22m[39mΓä╣∩╕Å  No Axiom evaluation found for order test-async-doc-456

[90mstdout[2m | tests/qc-api-integration.test.ts[2m > [22m[2mQC API Endpoints Integration Tests[2m > [22m[2mQC Results Management[2m > [22m[2mGET /api/qc/results/search[2m > [22m[2mshould search QC results with filters
[22m[39m2026-03-11T03:59:47.907Z INFO [QCExecutionEngine] Starting QC review execution {"checklistId":"qc_1773201575715_bpn4tllhv","documentType":"appraisal_report","executionId":"qc_exec_1773201587663_h04gk5sis"}

[90mstdout[2m | tests/qc-api-integration.test.ts[2m > [22m[2mQC API Endpoints Integration Tests[2m > [22m[2mQC Results Management[2m > [22m[2mGET /api/qc/results/search[2m > [22m[2mshould search QC results with filters
[22m[39m2026-03-11T03:59:47.908Z INFO [QCExecutionEngine] Axiom bridge pre-answer rate {"executionId":"qc_exec_1773201587907_vve72olux","totalQuestions":1,"axiomPreAnswered":0,"llmAnswered":0,"skippedNoAiConfig":1,"preAnswerRatePct":0}
2026-03-11T03:59:47.908Z INFO [QCExecutionEngine] QC review execution completed {"executionId":"qc_exec_1773201587907_vve72olux","passed":false,"score":0,"criticalIssues":0}

[90mstdout[2m | tests/qc-api-integration.test.ts[2m > [22m[2mQC API Endpoints Integration Tests[2m > [22m[2mQC Results Management[2m > [22m[2mGET /api/qc/results/search[2m > [22m[2mshould search QC results with filters
[22m[39m2026-03-11T03:59:47.908Z INFO [QCExecutionController] Background QC execution completed {"sessionId":"qc_exec_1773201587663_h04gk5sis","checklistId":"qc_1773201575715_bpn4tllhv","totalIssues":1,"overallScore":0}

[90mstdout[2m | tests/integration/comprehensive-api.test.ts[2m > [22m[2mComprehensive Production API Integration Tests[2m > [22m[2mProperty Intelligence Endpoints (16 endpoints)[2m > [22m[2mPOST /api/property-intelligence/address/geocode - should geocode address
[22m[39m2026-03-11T03:59:47.918Z INFO [App] Request completed {"correlationId":"22cf4ad0-ee41-4747-bdd2-40f920af8405","method":"POST","url":"/api/property-intelligence/address/geocode","statusCode":200,"duration":"211ms"}
2026-03-11T03:59:47.918Z INFO [App] Request completed {"correlationId":"22cf4ad0-ee41-4747-bdd2-40f920af8405","method":"POST","url":"/api/property-intelligence/address/geocode","statusCode":200,"duration":"211ms"}

::ffff:127.0.0.1 - - [11/Mar/2026:03:59:47 +0000] "POST /api/property-intelligence/address/geocode HTTP/1.1" 200 736 "-" "-"
[90mstdout[2m | tests/integration/comprehensive-api.test.ts[2m > [22m[2mComprehensive Production API Integration Tests[2m > [22m[2mProperty Intelligence Endpoints (16 endpoints)[2m > [22m[2mPOST /api/property-intelligence/address/geocode - should geocode address
[22m[39mΓ£à Address geocode reachable (status: 200)

[90mstdout[2m | tests/integration/comprehensive-api.test.ts[2m > [22m[2mComprehensive Production API Integration Tests[2m > [22m[2mProperty Intelligence Endpoints (16 endpoints)[2m > [22m[2mPOST /api/property-intelligence/address/validate - should validate address
[22m[39m2026-03-11T03:59:47.933Z INFO [App] Incoming request {"correlationId":"09b5a0b6-2b50-4ca7-8ff3-e85b97bcce28","method":"POST","url":"/api/property-intelligence/address/validate","ip":"::ffff:127.0.0.1"}

::ffff:127.0.0.1 - - [11/Mar/2026:03:59:47 +0000] "POST /api/property-intelligence/address/validate HTTP/1.1" 400 68 "-" "-"
[90mstderr[2m | tests/integration/comprehensive-api.test.ts[2m > 
[22m[2mComprehensive Production API Integration Tests[2m > 
[22m[2mProperty Intelligence Endpoints (16 endpoints)[2m > [22m[2mPOST 
/api/property-intelligence/address/validate - should validate address
[22m[39m2026-03-11T03:59:47.940Z WARN [App] Request completed with error {"co
rrelationId":"09b5a0b6-2b50-4ca7-8ff3-e85b97bcce28","method":"POST","url":"/api
/property-intelligence/address/validate","statusCode":400,"duration":"7ms"}

[90mstdout[2m | tests/integration/comprehensive-api.test.ts[2m > [22m[2mComprehensive Production API Integration Tests[2m > [22m[2mProperty Intelligence Endpoints (16 endpoints)[2m > [22m[2mPOST /api/property-intelligence/address/validate - should validate address
[22m[39m2026-03-11T03:59:47.938Z INFO [App] Request completed {"correlationId":"09b5a0b6-2b50-4ca7-8ff3-e85b97bcce28","method":"POST","url":"/api/property-intelligence/address/validate","statusCode":400,"duration":"5ms"}
2026-03-11T03:59:47.939Z INFO [App] Request completed {"correlationId":"09b5a0b6-2b50-4ca7-8ff3-e85b97bcce28","method":"POST","url":"/api/property-intelligence/address/validate","statusCode":400,"duration":"6ms"}

[90mstdout[2m | tests/integration/comprehensive-api.test.ts[2m > [22m[2mComprehensive Production API Integration Tests[2m > [22m[2mProperty Intelligence Endpoints (16 endpoints)[2m > [22m[2mPOST /api/property-intelligence/address/validate - should validate address
[22m[39mΓ£à Address validate reachable (status: 400)

[90mstdout[2m | tests/integration/comprehensive-api.test.ts[2m > [22m[2mComprehensive Production API Integration Tests[2m > [22m[2mProperty Intelligence Endpoints (16 endpoints)[2m > [22m[2mPOST /api/property-intelligence/address/standardize - should standardize address
[22m[39m2026-03-11T03:59:47.949Z INFO [App] Incoming request {"correlationId":"6f85d283-3703-4fb9-8522-6e1217c1e807","method":"POST","url":"/api/property-intelligence/address/standardize","ip":"::ffff:127.0.0.1"}

::ffff:127.0.0.1 - - [11/Mar/2026:03:59:47 +0000] "POST /api/property-intelligence/address/standardize HTTP/1.1" 404 114 "-" "-"
[90mstderr[2m | tests/integration/comprehensive-api.test.ts[2m > 
[22m[2mComprehensive Production API Integration Tests[2m > 
[22m[2mProperty Intelligence Endpoints (16 endpoints)[2m > [22m[2mPOST 
/api/property-intelligence/address/standardize - should standardize address
[22m[39m2026-03-11T03:59:47.954Z WARN [App] Request completed with error {"co
rrelationId":"6f85d283-3703-4fb9-8522-6e1217c1e807","method":"POST","url":"/api
/property-intelligence/address/standardize","statusCode":404,"duration":"5ms"}

[90mstdout[2m | tests/integration/comprehensive-api.test.ts[2m > [22m[2mComprehensive Production API Integration Tests[2m > [22m[2mProperty Intelligence Endpoints (16 endpoints)[2m > [22m[2mPOST /api/property-intelligence/address/standardize - should standardize address
[22m[39m2026-03-11T03:59:47.951Z INFO [App] Request completed {"correlationId":"6f85d283-3703-4fb9-8522-6e1217c1e807","method":"POST","url":"/api/property-intelligence/address/standardize","statusCode":404,"duration":"2ms"}
2026-03-11T03:59:47.952Z INFO [App] Request completed {"correlationId":"6f85d283-3703-4fb9-8522-6e1217c1e807","method":"POST","url":"/api/property-intelligence/address/standardize","statusCode":404,"duration":"3ms"}

[90mstdout[2m | tests/integration/comprehensive-api.test.ts[2m > [22m[2mComprehensive Production API Integration Tests[2m > [22m[2mProperty Intelligence Endpoints (16 endpoints)[2m > [22m[2mPOST /api/property-intelligence/address/standardize - should standardize address
[22m[39mΓ£à Address standardized

[90mstdout[2m | tests/integration/comprehensive-api.test.ts[2m > [22m[2mComprehensive Production API Integration Tests[2m > [22m[2mProperty Intelligence Endpoints (16 endpoints)[2m > [22m[2mPOST /api/property-intelligence/address/components - should extract address components
[22m[39m2026-03-11T03:59:47.966Z INFO [App] Incoming request {"correlationId":"df23683d-63b3-48a6-b116-7e52b9aa1286","method":"POST","url":"/api/property-intelligence/address/components","ip":"::ffff:127.0.0.1"}

::ffff:127.0.0.1 - - [11/Mar/2026:03:59:47 +0000] "POST /api/property-intelligence/address/components HTTP/1.1" 404 113 "-" "-"
[90mstderr[2m | tests/integration/comprehensive-api.test.ts[2m > 
[22m[2mComprehensive Production API Integration Tests[2m > 
[22m[2mProperty Intelligence Endpoints (16 endpoints)[2m > [22m[2mPOST 
/api/property-intelligence/address/components - should extract address 
components
[22m[39m2026-03-11T03:59:47.970Z WARN [App] Request completed with error {"co
rrelationId":"df23683d-63b3-48a6-b116-7e52b9aa1286","method":"POST","url":"/api
/property-intelligence/address/components","statusCode":404,"duration":"4ms"}

[90mstdout[2m | tests/integration/comprehensive-api.test.ts[2m > [22m[2mComprehensive Production API Integration Tests[2m > [22m[2mProperty Intelligence Endpoints (16 endpoints)[2m > [22m[2mPOST /api/property-intelligence/address/components - should extract address components
[22m[39m2026-03-11T03:59:47.968Z INFO [App] Request completed {"correlationId":"df23683d-63b3-48a6-b116-7e52b9aa1286","method":"POST","url":"/api/property-intelligence/address/components","statusCode":404,"duration":"2ms"}
2026-03-11T03:59:47.968Z INFO [App] Request completed {"correlationId":"df23683d-63b3-48a6-b116-7e52b9aa1286","method":"POST","url":"/api/property-intelligence/address/components","statusCode":404,"duration":"2ms"}

[90mstdout[2m | tests/integration/comprehensive-api.test.ts[2m > [22m[2mComprehensive Production API Integration Tests[2m > [22m[2mProperty Intelligence Endpoints (16 endpoints)[2m > [22m[2mPOST /api/property-intelligence/address/components - should extract address components
[22m[39mΓ£à Address components extracted

[90mstdout[2m | tests/integration/comprehensive-api.test.ts[2m > [22m[2mComprehensive Production API Integration Tests[2m > [22m[2mProperty Intelligence Endpoints (16 endpoints)[2m > [22m[2mPOST /api/property-intelligence/analyze/comprehensive - should perform comprehensive analysis
[22m[39m2026-03-11T03:59:47.981Z INFO [App] Incoming request {"correlationId":"21f0141a-e3ee-4b01-8676-81d2d81eb46c","method":"POST","url":"/api/property-intelligence/analyze/comprehensive","ip":"::ffff:127.0.0.1"}

[90mstdout[2m | tests/integration/comprehensive-api.test.ts[2m > [22m[2mComprehensive Production API Integration Tests[2m > [22m[2mProperty Intelligence Endpoints (16 endpoints)[2m > [22m[2mPOST /api/property-intelligence/analyze/comprehensive - should perform comprehensive analysis
[22m[39m2026-03-11T03:59:47.986Z INFO [App] Starting comprehensive property analysis {"coordinates":{"latitude":37.4224764,"longitude":-122.0842499},"strategy":"quality_first"}

[90mstderr[2m | tests/integration/comprehensive-api.test.ts[2m > 
[22m[2mComprehensive Production API Integration Tests[2m > 
[22m[2mProperty Intelligence Endpoints (16 endpoints)[2m > [22m[2mPOST 
/api/property-intelligence/analyze/comprehensive - should perform 
comprehensive analysis
[22m[39m2026-03-11T03:59:47.990Z ERROR [App] Azure Maps analysis failed {"err
or":{},"coordinates":{"latitude":37.4224764,"longitude":-122.0842499},"analysis
Type":"demographics"}

[90mstdout[2m | tests/integration/comprehensive-api.test.ts[2m > [22m[2mComprehensive Production API Integration Tests[2m > [22m[2mProperty Intelligence Endpoints (16 endpoints)[2m > [22m[2mPOST /api/property-intelligence/analyze/comprehensive - should perform comprehensive analysis
[22m[39m2026-03-11T03:59:47.988Z INFO [App] Starting comprehensive property analysis {"coordinates":{"latitude":37.4224764,"longitude":-122.0842499},"strategy":"quality_first","enabledProviders":["google","azure","openstreetmap"]}

[90mstderr[2m | tests/integration/comprehensive-api.test.ts[2m > 
[22m[2mComprehensive Production API Integration Tests[2m > 
[22m[2mProperty Intelligence Endpoints (16 endpoints)[2m > [22m[2mPOST 
/api/property-intelligence/analyze/comprehensive - should perform 
comprehensive analysis
[22m[39m2026-03-11T03:59:47.992Z ERROR [App] Provider azure failed for 
demographics {"error":{}}

[90mstderr[2m | tests/integration/comprehensive-api.test.ts[2m > 
[22m[2mComprehensive Production API Integration Tests[2m > 
[22m[2mProperty Intelligence Endpoints (16 endpoints)[2m > [22m[2mPOST 
/api/property-intelligence/analyze/comprehensive - should perform 
comprehensive analysis
[22m[39m2026-03-11T03:59:47.992Z WARN [App] Analysis step 1 failed 
{"error":{}}
2026-03-11T03:59:47.993Z WARN [App] Analysis step 2 failed {"error":{}}
2026-03-11T03:59:47.993Z WARN [App] Analysis step 3 failed {"error":{}}
2026-03-11T03:59:47.993Z WARN [App] Analysis step 4 failed {"error":{}}
2026-03-11T03:59:47.993Z WARN [App] Analysis step 5 failed {"error":{}}

[90mstdout[2m | tests/integration/comprehensive-api.test.ts[2m > [22m[2mComprehensive Production API Integration Tests[2m > [22m[2mProperty Intelligence Endpoints (16 endpoints)[2m > [22m[2mPOST /api/property-intelligence/analyze/comprehensive - should perform comprehensive analysis
[22m[39m2026-03-11T03:59:47.994Z INFO [App] Request completed {"correlationId":"21f0141a-e3ee-4b01-8676-81d2d81eb46c","method":"POST","url":"/api/property-intelligence/analyze/comprehensive","statusCode":200,"duration":"13ms"}
2026-03-11T03:59:47.995Z INFO [App] Request completed {"correlationId":"21f0141a-e3ee-4b01-8676-81d2d81eb46c","method":"POST","url":"/api/property-intelligence/analyze/comprehensive","statusCode":200,"duration":"14ms"}

::ffff:127.0.0.1 - - [11/Mar/2026:03:59:47 +0000] "POST /api/property-intelligence/analyze/comprehensive HTTP/1.1" 200 - "-" "-"
[90mstdout[2m | tests/integration/comprehensive-api.test.ts[2m > [22m[2mComprehensive Production API Integration Tests[2m > [22m[2mProperty Intelligence Endpoints (16 endpoints)[2m > [22m[2mPOST /api/property-intelligence/analyze/comprehensive - should perform comprehensive analysis
[22m[39mΓ£à Comprehensive analysis reachable (status: 200)

[90mstdout[2m | tests/integration/comprehensive-api.test.ts[2m > [22m[2mComprehensive Production API Integration Tests[2m > [22m[2mProperty Intelligence Endpoints (16 endpoints)[2m > [22m[2mPOST /api/property-intelligence/analyze/market - should perform market analysis
[22m[39m2026-03-11T03:59:48.010Z INFO [App] Incoming request {"correlationId":"1a03a763-c1ae-4f74-8717-9186613ae5a0","method":"POST","url":"/api/property-intelligence/analyze/market","ip":"::ffff:127.0.0.1"}

::ffff:127.0.0.1 - - [11/Mar/2026:03:59:48 +0000] "POST /api/property-intelligence/analyze/market HTTP/1.1" 404 109 "-" "-"
[90mstderr[2m | tests/integration/comprehensive-api.test.ts[2m > 
[22m[2mComprehensive Production API Integration Tests[2m > 
[22m[2mProperty Intelligence Endpoints (16 endpoints)[2m > [22m[2mPOST 
/api/property-intelligence/analyze/market - should perform market analysis
[22m[39m2026-03-11T03:59:48.013Z WARN [App] Request completed with error {"co
rrelationId":"1a03a763-c1ae-4f74-8717-9186613ae5a0","method":"POST","url":"/api
/property-intelligence/analyze/market","statusCode":404,"duration":"3ms"}

[90mstdout[2m | tests/integration/comprehensive-api.test.ts[2m > [22m[2mComprehensive Production API Integration Tests[2m > [22m[2mProperty Intelligence Endpoints (16 endpoints)[2m > [22m[2mPOST /api/property-intelligence/analyze/market - should perform market analysis
[22m[39m2026-03-11T03:59:48.012Z INFO [App] Request completed {"correlationId":"1a03a763-c1ae-4f74-8717-9186613ae5a0","method":"POST","url":"/api/property-intelligence/analyze/market","statusCode":404,"duration":"2ms"}
2026-03-11T03:59:48.012Z INFO [App] Request completed {"correlationId":"1a03a763-c1ae-4f74-8717-9186613ae5a0","method":"POST","url":"/api/property-intelligence/analyze/market","statusCode":404,"duration":"2ms"}

[90mstdout[2m | tests/integration/comprehensive-api.test.ts[2m > [22m[2mComprehensive Production API Integration Tests[2m > [22m[2mProperty Intelligence Endpoints (16 endpoints)[2m > [22m[2mPOST /api/property-intelligence/analyze/market - should perform market analysis
[22m[39mΓ£à Market analysis completed

[90mstdout[2m | tests/integration/comprehensive-api.test.ts[2m > [22m[2mComprehensive Production API Integration Tests[2m > [22m[2mProperty Intelligence Endpoints (16 endpoints)[2m > [22m[2mPOST /api/property-intelligence/analyze/comparable - should find comparable properties
[22m[39m2026-03-11T03:59:48.024Z INFO [App] Incoming request {"correlationId":"2e5fae85-7cad-4c51-b9ec-4395f50c32c7","method":"POST","url":"/api/property-intelligence/analyze/comparable","ip":"::ffff:127.0.0.1"}

::ffff:127.0.0.1 - - [11/Mar/2026:03:59:48 +0000] "POST /api/property-intelligence/analyze/comparable HTTP/1.1" 404 113 "-" "-"
[90mstderr[2m | tests/integration/comprehensive-api.test.ts[2m > 
[22m[2mComprehensive Production API Integration Tests[2m > 
[22m[2mProperty Intelligence Endpoints (16 endpoints)[2m > [22m[2mPOST 
/api/property-intelligence/analyze/comparable - should find comparable 
properties
[22m[39m2026-03-11T03:59:48.028Z WARN [App] Request completed with error {"co
rrelationId":"2e5fae85-7cad-4c51-b9ec-4395f50c32c7","method":"POST","url":"/api
/property-intelligence/analyze/comparable","statusCode":404,"duration":"4ms"}

[90mstdout[2m | tests/integration/comprehensive-api.test.ts[2m > [22m[2mComprehensive Production API Integration Tests[2m > [22m[2mProperty Intelligence Endpoints (16 endpoints)[2m > [22m[2mPOST /api/property-intelligence/analyze/comparable - should find comparable properties
[22m[39m2026-03-11T03:59:48.026Z INFO [App] Request completed {"correlationId":"2e5fae85-7cad-4c51-b9ec-4395f50c32c7","method":"POST","url":"/api/property-intelligence/analyze/comparable","statusCode":404,"duration":"2ms"}
2026-03-11T03:59:48.026Z INFO [App] Request completed {"correlationId":"2e5fae85-7cad-4c51-b9ec-4395f50c32c7","method":"POST","url":"/api/property-intelligence/analyze/comparable","statusCode":404,"duration":"2ms"}

 [32mΓ£ô[39m tests/integration/comprehensive-api.test.ts[2m > [22mComprehensive Production API Integration Tests[2m > [22mProperty Intelligence Endpoints (16 endpoints)[2m > [22mPOST /api/property-intelligence/address/geocode - should geocode address[32m 224[2mms[22m[39m
 [32mΓ£ô[39m tests/integration/comprehensive-api.test.ts[2m > [22mComprehensive Production API Integration Tests[2m > [22mProperty Intelligence Endpoints (16 endpoints)[2m > [22mPOST /api/property-intelligence/address/validate - should validate address[32m 18[2mms[22m[39m
 [32mΓ£ô[39m tests/integration/comprehensive-api.test.ts[2m > [22mComprehensive Production API Integration Tests[2m > [22mProperty Intelligence Endpoints (16 endpoints)[2m > [22mPOST /api/property-intelligence/address/standardize - should standardize address[32m 15[2mms[22m[39m
 [32mΓ£ô[39m tests/integration/comprehensive-api.test.ts[2m > [22mComprehensive Production API Integration Tests[2m > [22mProperty Intelligence Endpoints (16 endpoints)[2m > [22mPOST /api/property-intelligence/address/components - should extract address components[32m 15[2mms[22m[39m
 [32mΓ£ô[39m tests/integration/comprehensive-api.test.ts[2m > [22mComprehensive Production API Integration Tests[2m > [22mProperty Intelligence Endpoints (16 endpoints)[2m > [22mPOST /api/property-intelligence/analyze/comprehensive - should perform comprehensive analysis[32m 29[2mms[22m[39m
 [32mΓ£ô[39m tests/integration/comprehensive-api.test.ts[2m > [22mComprehensive Production API Integration Tests[2m > [22mProperty Intelligence Endpoints (16 endpoints)[2m > [22mPOST /api/property-intelligence/analyze/market - should perform market analysis[32m 13[2mms[22m[39m
[90mstdout[2m | tests/integration/comprehensive-api.test.ts[2m > [22m[2mComprehensive Production API Integration Tests[2m > [22m[2mProperty Intelligence Endpoints (16 endpoints)[2m > [22m[2mPOST /api/property-intelligence/analyze/comparable - should find comparable properties
[22m[39mΓ£à Comparable properties analysis completed

[90mstdout[2m | tests/integration/comprehensive-api.test.ts[2m > [22m[2mComprehensive Production API Integration Tests[2m > [22m[2mProperty Intelligence Endpoints (16 endpoints)[2m > [22m[2mPOST /api/property-intelligence/analyze/neighborhood - should analyze neighborhood
[22m[39m2026-03-11T03:59:48.040Z INFO [App] Incoming request {"correlationId":"ade3263f-cf8b-4b7f-b68b-73754c9f2466","method":"POST","url":"/api/property-intelligence/analyze/neighborhood","ip":"::ffff:127.0.0.1"}

[90mstdout[2m | tests/comprehensive-api.test.ts[2m > [22m[2mAppraisal Management API - Comprehensive Tests[2m > [22m[2mProperty Intelligence Endpoints[2m > [22m[2mshould perform view analysis
[22m[39m2026-03-11T03:59:48.082Z INFO [App] Request completed {"correlationId":"cd3dd08d-ad3e-4276-89df-d7aa039af2a4","method":"POST","url":"/api/property-intelligence/analyze/view","statusCode":200,"duration":"5857ms"}
2026-03-11T03:59:48.082Z INFO [App] Request completed {"correlationId":"cd3dd08d-ad3e-4276-89df-d7aa039af2a4","method":"POST","url":"/api/property-intelligence/analyze/view","statusCode":200,"duration":"5857ms"}

::ffff:127.0.0.1 - - [11/Mar/2026:03:59:48 +0000] "POST /api/property-intelligence/analyze/view HTTP/1.1" 200 946 "-" "-"
[90mstdout[2m | tests/comprehensive-api.test.ts[2m > [22m[2mAppraisal Management API - Comprehensive Tests[2m > [22m[2mProperty Intelligence Endpoints[2m > [22m[2mshould perform transportation analysis
[22m[39m2026-03-11T03:59:48.094Z INFO [App] Incoming request {"correlationId":"8997455d-6115-4106-8cb2-0dc2b693027a","method":"POST","url":"/api/property-intelligence/analyze/transportation","ip":"::ffff:127.0.0.1"}

 [32mΓ£ô[39m tests/integration/comprehensive-api.test.ts[2m > [22mComprehensive Production API Integration Tests[2m > [22mProperty Intelligence Endpoints (16 endpoints)[2m > [22mPOST /api/property-intelligence/analyze/comparable - should find comparable properties[32m 16[2mms[22m[39m
 [32mΓ£ô[39m tests/comprehensive-api.test.ts[2m > [22mAppraisal Management API - Comprehensive Tests[2m > [22mProperty Intelligence Endpoints[2m > [22mshould perform view analysis[33m 5869[2mms[22m[39m
[90mstdout[2m | tests/comprehensive-api.test.ts[2m > [22m[2mAppraisal Management API - Comprehensive Tests[2m > [22m[2mProperty Intelligence Endpoints[2m > [22m[2mshould perform transportation analysis
[22m[39m2026-03-11T03:59:48.424Z INFO [App] Request completed {"correlationId":"8997455d-6115-4106-8cb2-0dc2b693027a","method":"POST","url":"/api/property-intelligence/analyze/transportation","statusCode":200,"duration":"330ms"}
2026-03-11T03:59:48.425Z INFO [App] Request completed {"correlationId":"8997455d-6115-4106-8cb2-0dc2b693027a","method":"POST","url":"/api/property-intelligence/analyze/transportation","statusCode":200,"duration":"331ms"}

::ffff:127.0.0.1 - - [11/Mar/2026:03:59:48 +0000] "POST /api/property-intelligence/analyze/transportation HTTP/1.1" 200 186 "-" "-"
[90mstdout[2m | tests/comprehensive-api.test.ts[2m > [22m[2mAppraisal Management API - Comprehensive Tests[2m > [22m[2mProperty Intelligence Endpoints[2m > [22m[2mshould perform neighborhood analysis
[22m[39m2026-03-11T03:59:48.435Z INFO [App] Incoming request {"correlationId":"e7815c3c-76dd-46f4-b935-761db329ba1d","method":"POST","url":"/api/property-intelligence/analyze/neighborhood","ip":"::ffff:127.0.0.1"}

 [32mΓ£ô[39m tests/comprehensive-api.test.ts[2m > [22mAppraisal Management API - Comprehensive Tests[2m > [22mProperty Intelligence Endpoints[2m > [22mshould perform transportation analysis[33m 342[2mms[22m[39m
[90mstderr[2m | tests/comprehensive-api.test.ts[2m > [22m[2mAppraisal 
Management API - Comprehensive Tests[2m > [22m[2mProperty Intelligence 
Endpoints[2m > [22m[2mshould perform neighborhood analysis
[22m[39m2026-03-11T03:59:49.180Z ERROR [App] OSM community amenities 
analysis failed 
{"error":{},"coordinates":{"latitude":37.4224764,"longitude":-122.0842499}}

[90mstderr[2m | tests/comprehensive-api.test.ts[2m > [22m[2mAppraisal 
Management API - Comprehensive Tests[2m > [22m[2mProperty Intelligence 
Endpoints[2m > [22m[2mshould perform neighborhood analysis
[22m[39m2026-03-11T03:59:49.180Z ERROR [App] OSM green spaces analysis 
failed 
{"error":{},"coordinates":{"latitude":37.4224764,"longitude":-122.0842499}}

[90mstdout[2m | tests/qc-api-integration.test.ts[2m > [22m[2mQC API Endpoints Integration Tests[2m > [22m[2mQC Results Management[2m > [22m[2mGET /api/qc/results/search[2m > [22m[2mshould search QC results with filters
[22m[39m2026-03-11T03:59:50.238Z INFO [App] Request completed {"correlationId":"bfdf6e02-2a8c-46f0-bcb3-07a12e26da74","method":"GET","url":"/api/qc/results/search?checklistId=qc_1773201575715_bpn4tllhv&startDate=2024-01-01&endDate=2024-12-31&limit=20","statusCode":200,"duration":"2519ms"}
2026-03-11T03:59:50.238Z INFO [App] Request completed {"correlationId":"bfdf6e02-2a8c-46f0-bcb3-07a12e26da74","method":"GET","url":"/api/qc/results/search?checklistId=qc_1773201575715_bpn4tllhv&startDate=2024-01-01&endDate=2024-12-31&limit=20","statusCode":200,"duration":"2519ms"}

::ffff:127.0.0.1 - - [11/Mar/2026:03:59:50 +0000] "GET /api/qc/results/search?checklistId=qc_1773201575715_bpn4tllhv&startDate=2024-01-01&endDate=2024-12-31&limit=20 HTTP/1.1" 200 183 "-" "-"
[90mstdout[2m | tests/qc-api-integration.test.ts[2m > [22m[2mQC API Endpoints Integration Tests[2m > [22m[2mQC Results Management[2m > [22m[2mGET /api/qc/results/search[2m > [22m[2mshould validate date range parameters
[22m[39m2026-03-11T03:59:50.248Z INFO [App] Incoming request {"correlationId":"e398f543-2f71-4945-b141-38be38947477","method":"GET","url":"/api/qc/results/search?startDate=invalid-date&endDate=2024-12-31","ip":"::ffff:127.0.0.1"}

[90mstdout[2m | tests/qc-api-integration.test.ts[2m > [22m[2mQC API Endpoints Integration Tests[2m > [22m[2mQC Results Management[2m > [22m[2mGET /api/qc/results/search[2m > [22m[2mshould validate date range parameters
[22m[39m2026-03-11T03:59:50.304Z INFO [App] Request completed {"correlationId":"e398f543-2f71-4945-b141-38be38947477","method":"GET","url":"/api/qc/results/search?startDate=invalid-date&endDate=2024-12-31","statusCode":200,"duration":"56ms"}
2026-03-11T03:59:50.304Z INFO [App] Request completed {"correlationId":"e398f543-2f71-4945-b141-38be38947477","method":"GET","url":"/api/qc/results/search?startDate=invalid-date&endDate=2024-12-31","statusCode":200,"duration":"56ms"}

::ffff:127.0.0.1 - - [11/Mar/2026:03:59:50 +0000] "GET /api/qc/results/search?startDate=invalid-date&endDate=2024-12-31 HTTP/1.1" 200 183 "-" "-"
[90mstdout[2m | tests/qc-api-integration.test.ts[2m > [22m[2mQC API Endpoints Integration Tests[2m > [22m[2mQC Results Management[2m > [22m[2mGET /api/qc/results/analytics/summary[2m > [22m[2mshould retrieve QC analytics summary
[22m[39m2026-03-11T03:59:50.314Z INFO [App] Incoming request {"correlationId":"1c0832c0-1824-43f0-b853-8d9852811080","method":"GET","url":"/api/qc/results/analytics/summary?timeframe=last_30_days&category=appraisal","ip":"::ffff:127.0.0.1"}

[90mstdout[2m | tests/qc-api-integration.test.ts[2m > [22m[2mQC API Endpoints Integration Tests[2m > [22m[2mQC Results Management[2m > [22m[2mGET /api/qc/results/analytics/summary[2m > [22m[2mshould retrieve QC analytics summary
[22m[39m2026-03-11T03:59:50.320Z INFO [App] Request completed {"correlationId":"1c0832c0-1824-43f0-b853-8d9852811080","method":"GET","url":"/api/qc/results/analytics/summary?timeframe=last_30_days&category=appraisal","statusCode":200,"duration":"6ms"}
2026-03-11T03:59:50.320Z INFO [App] Request completed {"correlationId":"1c0832c0-1824-43f0-b853-8d9852811080","method":"GET","url":"/api/qc/results/analytics/summary?timeframe=last_30_days&category=appraisal","statusCode":200,"duration":"6ms"}

::ffff:127.0.0.1 - - [11/Mar/2026:03:59:50 +0000] "GET /api/qc/results/analytics/summary?timeframe=last_30_days&category=appraisal HTTP/1.1" 200 405 "-" "-"
[90mstdout[2m | tests/qc-api-integration.test.ts[2m > [22m[2mQC API Endpoints Integration Tests[2m > [22m[2mQC Results Management[2m > [22m[2mPOST /api/qc/results/reports/generate[2m > [22m[2mshould generate QC report successfully
[22m[39m2026-03-11T03:59:50.329Z INFO [App] Incoming request {"correlationId":"d92769af-45f2-4bb1-950b-69a3c1ecfe36","method":"POST","url":"/api/qc/results/reports/generate","ip":"::ffff:127.0.0.1"}

 [32mΓ£ô[39m tests/qc-api-integration.test.ts[2m > [22mQC API Endpoints Integration Tests[2m > [22mQC Results Management[2m > [22mGET /api/qc/results/search[2m > [22mshould search QC results with filters[33m 2531[2mms[22m[39m
 [32mΓ£ô[39m tests/qc-api-integration.test.ts[2m > [22mQC API Endpoints Integration Tests[2m > [22mQC Results Management[2m > [22mGET /api/qc/results/search[2m > [22mshould validate date range parameters[32m 67[2mms[22m[39m
 [32mΓ£ô[39m tests/qc-api-integration.test.ts[2m > [22mQC API Endpoints Integration Tests[2m > [22mQC Results Management[2m > [22mGET /api/qc/results/analytics/summary[2m > [22mshould retrieve QC analytics summary[32m 15[2mms[22m[39m
[90mstderr[2m | tests/qc-api-integration.test.ts[2m > [22m[2mQC API 
Endpoints Integration Tests[2m > [22m[2mQC Results Management[2m > 
[22m[2mPOST /api/qc/results/reports/generate[2m > [22m[2mshould generate 
QC report successfully
[22m[39m2026-03-11T03:59:50.482Z ERROR [App] Failed to create item 
{"error":"Message: {\"Errors\":[\"Resource Not Found. Learn more: 
https://aka.ms/cosmosdb-tsg-not-found\"]}\r\nActivityId: 
5f1dd83c-f96d-4f35-a804-9a28b1a8f9d9, Request URI: /apps/15f80cde-f23e-446c-adf
0-f5bd2f1e1d61/services/14253c30-1807-4ae7-a246-374ddcb162e4/partitions/7d4c3dc
2-9a8b-4839-894e-62601b55db63/replicas/134113041028334366s, RequestStats: , 
SDK: Microsoft.Azure.Documents.Common/2.14.0","errorCode":404,"errorBody":{"cod
e":"NotFound","message":"Message: {\"Errors\":[\"Resource Not Found. Learn 
more: https://aka.ms/cosmosdb-tsg-not-found\"]}\r\nActivityId: 
5f1dd83c-f96d-4f35-a804-9a28b1a8f9d9, Request URI: /apps/15f80cde-f23e-446c-adf
0-f5bd2f1e1d61/services/14253c30-1807-4ae7-a246-374ddcb162e4/partitions/7d4c3dc
2-9a8b-4839-894e-62601b55db63/replicas/134113041028334366s, RequestStats: , 
SDK: Microsoft.Azure.Documents.Common/2.14.0"},"containerName":"qc-reports","it
emId":"qc_report_1773201590336_26yhftw0r","hasPartitionKey":false}

[90mstdout[2m | tests/qc-api-integration.test.ts[2m > [22m[2mQC API Endpoints Integration Tests[2m > [22m[2mQC Results Management[2m > [22m[2mPOST /api/qc/results/reports/generate[2m > [22m[2mshould generate QC report successfully
[22m[39m2026-03-11T03:59:50.483Z INFO [QCResultsController] QC report generated successfully {"reportId":"qc_report_1773201590336_26yhftw0r","title":"Test QC Report","totalRecords":0,"userId":"test-user-qc-analyst"}
2026-03-11T03:59:50.483Z INFO [App] Request completed {"correlationId":"d92769af-45f2-4bb1-950b-69a3c1ecfe36","method":"POST","url":"/api/qc/results/reports/generate","statusCode":201,"duration":"154ms"}
2026-03-11T03:59:50.483Z INFO [App] Request completed {"correlationId":"d92769af-45f2-4bb1-950b-69a3c1ecfe36","method":"POST","url":"/api/qc/results/reports/generate","statusCode":201,"duration":"154ms"}

::ffff:127.0.0.1 - - [11/Mar/2026:03:59:50 +0000] "POST /api/qc/results/reports/generate HTTP/1.1" 201 661 "-" "-"
[90mstdout[2m | tests/qc-api-integration.test.ts[2m > [22m[2mQC API Endpoints Integration Tests[2m > [22m[2mQC Results Management[2m > [22m[2mGET /api/qc/results/export[2m > [22m[2mshould export QC results in specified format
[22m[39m2026-03-11T03:59:50.492Z INFO [App] Incoming request {"correlationId":"089cb9c3-1000-4b33-816c-8b1f8e217f53","method":"POST","url":"/api/qc/results/export","ip":"::ffff:127.0.0.1"}

 [32mΓ£ô[39m tests/qc-api-integration.test.ts[2m > [22mQC API Endpoints Integration Tests[2m > [22mQC Results Management[2m > [22mPOST /api/qc/results/reports/generate[2m > [22mshould generate QC report successfully[32m 163[2mms[22m[39m
[90mstdout[2m | tests/qc-api-integration.test.ts[2m > [22m[2mQC API Endpoints Integration Tests[2m > [22m[2mQC Results Management[2m > [22m[2mGET /api/qc/results/export[2m > [22m[2mshould export QC results in specified format
[22m[39m2026-03-11T03:59:50.597Z INFO [App] Request completed {"correlationId":"089cb9c3-1000-4b33-816c-8b1f8e217f53","method":"POST","url":"/api/qc/results/export","statusCode":200,"duration":"105ms"}
2026-03-11T03:59:50.597Z INFO [App] Request completed {"correlationId":"089cb9c3-1000-4b33-816c-8b1f8e217f53","method":"POST","url":"/api/qc/results/export","statusCode":200,"duration":"105ms"}

::ffff:127.0.0.1 - - [11/Mar/2026:03:59:50 +0000] "POST /api/qc/results/export HTTP/1.1" 200 338 "-" "-"
[90mstdout[2m | tests/qc-api-integration.test.ts[2m > [22m[2mQC API Endpoints Integration Tests[2m > [22m[2mQC Results Management[2m > [22m[2mGET /api/qc/results/export[2m > [22m[2mshould support JSON export format
[22m[39m2026-03-11T03:59:50.604Z INFO [App] Incoming request {"correlationId":"8237d949-06e7-49b0-819f-c441ac0dfa47","method":"POST","url":"/api/qc/results/export","ip":"::ffff:127.0.0.1"}

 [32mΓ£ô[39m tests/qc-api-integration.test.ts[2m > [22mQC API Endpoints Integration Tests[2m > [22mQC Results Management[2m > [22mGET /api/qc/results/export[2m > [22mshould export QC results in specified format[32m 113[2mms[22m[39m
[90mstdout[2m | tests/qc-api-integration.test.ts[2m > [22m[2mQC API Endpoints Integration Tests[2m > [22m[2mQC Results Management[2m > [22m[2mGET /api/qc/results/export[2m > [22m[2mshould support JSON export format
[22m[39m2026-03-11T03:59:50.712Z INFO [App] Request completed {"correlationId":"8237d949-06e7-49b0-819f-c441ac0dfa47","method":"POST","url":"/api/qc/results/export","statusCode":200,"duration":"108ms"}
2026-03-11T03:59:50.712Z INFO [App] Request completed {"correlationId":"8237d949-06e7-49b0-819f-c441ac0dfa47","method":"POST","url":"/api/qc/results/export","statusCode":200,"duration":"108ms"}

::ffff:127.0.0.1 - - [11/Mar/2026:03:59:50 +0000] "POST /api/qc/results/export HTTP/1.1" 200 341 "-" "-"
[90mstdout[2m | tests/qc-api-integration.test.ts[2m > [22m[2mQC API Endpoints Integration Tests[2m > [22m[2mAuthentication and Authorization[2m > [22m[2mshould reject requests without authentication token
[22m[39m2026-03-11T03:59:50.722Z INFO [App] Incoming request {"correlationId":"9ec42c29-b5dd-48a8-b7bb-9d479b5e82ce","method":"GET","url":"/api/qc/checklists","ip":"::ffff:127.0.0.1"}

[90mstdout[2m | tests/qc-api-integration.test.ts[2m > [22m[2mQC API Endpoints Integration Tests[2m > [22m[2mAuthentication and Authorization[2m > [22m[2mshould reject requests without authentication token
[22m[39m2026-03-11T03:59:50.723Z INFO [App] Request completed {"correlationId":"9ec42c29-b5dd-48a8-b7bb-9d479b5e82ce","method":"GET","url":"/api/qc/checklists","statusCode":401,"duration":"1ms"}
2026-03-11T03:59:50.723Z INFO [App] Request completed {"correlationId":"9ec42c29-b5dd-48a8-b7bb-9d479b5e82ce","method":"GET","url":"/api/qc/checklists","statusCode":401,"duration":"1ms"}

::ffff:127.0.0.1 - - [11/Mar/2026:03:59:50 +0000] "GET /api/qc/checklists HTTP/1.1" 401 58 "-" "-"
[90mstderr[2m | tests/qc-api-integration.test.ts[2m > [22m[2mQC API 
Endpoints Integration Tests[2m > [22m[2mAuthentication and 
Authorization[2m > [22m[2mshould reject requests without authentication 
token
[22m[39m2026-03-11T03:59:50.724Z WARN [App] Request completed with error {"co
rrelationId":"9ec42c29-b5dd-48a8-b7bb-9d479b5e82ce","method":"GET","url":"/api/
qc/checklists","statusCode":401,"duration":"2ms"}

[90mstdout[2m | tests/qc-api-integration.test.ts[2m > [22m[2mQC API Endpoints Integration Tests[2m > [22m[2mAuthentication and Authorization[2m > [22m[2mshould reject requests with invalid token
[22m[39m2026-03-11T03:59:50.732Z INFO [App] Incoming request {"correlationId":"2102586b-6bb8-49e8-bd9a-4aa15b9efe8f","method":"GET","url":"/api/qc/checklists","ip":"::ffff:127.0.0.1"}

[90mstderr[2m | tests/qc-api-integration.test.ts[2m > [22m[2mQC API 
Endpoints Integration Tests[2m > [22m[2mAuthentication and 
Authorization[2m > [22m[2mshould reject requests with invalid token
[22m[39m2026-03-11T03:59:50.734Z ERROR [App] Invalid token format - could 
not decode

[90mstdout[2m | tests/qc-api-integration.test.ts[2m > [22m[2mQC API Endpoints Integration Tests[2m > [22m[2mAuthentication and Authorization[2m > [22m[2mshould reject requests with invalid token
[22m[39m2026-03-11T03:59:50.738Z INFO [App] Request completed {"correlationId":"2102586b-6bb8-49e8-bd9a-4aa15b9efe8f","method":"GET","url":"/api/qc/checklists","statusCode":401,"duration":"6ms"}
2026-03-11T03:59:50.738Z INFO [App] Request completed {"correlationId":"2102586b-6bb8-49e8-bd9a-4aa15b9efe8f","method":"GET","url":"/api/qc/checklists","statusCode":401,"duration":"6ms"}

[90mstderr[2m | tests/qc-api-integration.test.ts[2m > [22m[2mQC API 
Endpoints Integration Tests[2m > [22m[2mAuthentication and 
Authorization[2m > [22m[2mshould reject requests with invalid token
[22m[39m2026-03-11T03:59:50.738Z ERROR [App] Azure Entra ID authentication 
failed {"errorMessage":"Invalid token 
format","errorName":"Error","errorStack":"Error: Invalid token format\n    at 
AzureEntraAuthMiddleware.validateToken (C:\\source\\appraisal-management-backen
d\\src\\middleware\\azure-entra-auth.middleware.ts:116:13)\n    at 
AzureEntraAuthMiddleware.authenticate (C:\\source\\appraisal-management-backend
\\src\\middleware\\azure-entra-auth.middleware.ts:242:34)\n    at C:\\source\\a
ppraisal-management-backend\\src\\middleware\\unified-auth.middleware.ts:118:33
\n    at Layer.handle [as handle_request] (C:\\source\\appraisal-management-bac
kend\\node_modules\\.pnpm\\express@4.22.1\\node_modules\\express\\lib\\router\\
layer.js:95:5)\n    at trim_prefix (C:\\source\\appraisal-management-backend\\n
ode_modules\\.pnpm\\express@4.22.1\\node_modules\\express\\lib\\router\\index.j
s:328:13)\n    at C:\\source\\appraisal-management-backend\\node_modules\\.pnpm
\\express@4.22.1\\node_modules\\express\\lib\\router\\index.js:286:9\n    at 
Function.process_params (C:\\source\\appraisal-management-backend\\node_modules
\\.pnpm\\express@4.22.1\\node_modules\\express\\lib\\router\\index.js:346:12)\n
    at next (C:\\source\\appraisal-management-backend\\node_modules\\.pnpm\\exp
ress@4.22.1\\node_modules\\express\\lib\\router\\index.js:280:10)\n    at 
urlencodedParser (C:\\source\\appraisal-management-backend\\node_modules\\.pnpm
\\body-parser@1.20.4\\node_modules\\body-parser\\lib\\types\\urlencoded.js:91:7
)\n    at Layer.handle [as handle_request] (C:\\source\\appraisal-management-ba
ckend\\node_modules\\.pnpm\\express@4.22.1\\node_modules\\express\\lib\\router\
\layer.js:95:5)","fullError":"{\"stack\":\"Error: Invalid token format\\n    
at AzureEntraAuthMiddleware.validateToken (C:\\\\source\\\\appraisal-management
-backend\\\\src\\\\middleware\\\\azure-entra-auth.middleware.ts:116:13)\\n    
at AzureEntraAuthMiddleware.authenticate (C:\\\\source\\\\appraisal-management-
backend\\\\src\\\\middleware\\\\azure-entra-auth.middleware.ts:242:34)\\n    
at C:\\\\source\\\\appraisal-management-backend\\\\src\\\\middleware\\\\unified
-auth.middleware.ts:118:33\\n    at Layer.handle [as handle_request] (C:\\\\sou
rce\\\\appraisal-management-backend\\\\node_modules\\\\.pnpm\\\\express@4.22.1\
\\\node_modules\\\\express\\\\lib\\\\router\\\\layer.js:95:5)\\n    at 
trim_prefix (C:\\\\source\\\\appraisal-management-backend\\\\node_modules\\\\.p
npm\\\\express@4.22.1\\\\node_modules\\\\express\\\\lib\\\\router\\\\index.js:3
28:13)\\n    at C:\\\\source\\\\appraisal-management-backend\\\\node_modules\\\
\.pnpm\\\\express@4.22.1\\\\node_modules\\\\express\\\\lib\\\\router\\\\index.j
s:286:9\\n    at Function.process_params (C:\\\\source\\\\appraisal-management-
backend\\\\node_modules\\\\.pnpm\\\\express@4.22.1\\\\node_modules\\\\express\\
\\lib\\\\router\\\\index.js:346:12)\\n    at next (C:\\\\source\\\\appraisal-ma
nagement-backend\\\\node_modules\\\\.pnpm\\\\express@4.22.1\\\\node_modules\\\\
express\\\\lib\\\\router\\\\index.js:280:10)\\n    at urlencodedParser (C:\\\\s
ource\\\\appraisal-management-backend\\\\node_modules\\\\.pnpm\\\\body-parser@1
.20.4\\\\node_modules\\\\body-parser\\\\lib\\\\types\\\\urlencoded.js:91:7)\\n 
   at Layer.handle [as handle_request] (C:\\\\source\\\\appraisal-management-ba
ckend\\\\node_modules\\\\.pnpm\\\\express@4.22.1\\\\node_modules\\\\express\\\\
lib\\\\router\\\\layer.js:95:5)\",\"message\":\"Invalid token format\"}"}

::ffff:127.0.0.1 - - [11/Mar/2026:03:59:50 +0000] "GET /api/qc/checklists HTTP/1.1" 401 87 "-" "-"
[90mstderr[2m | tests/qc-api-integration.test.ts[2m > [22m[2mQC API 
Endpoints Integration Tests[2m > [22m[2mAuthentication and 
Authorization[2m > [22m[2mshould reject requests with invalid token
[22m[39m2026-03-11T03:59:50.740Z WARN [App] Request completed with error {"co
rrelationId":"2102586b-6bb8-49e8-bd9a-4aa15b9efe8f","method":"GET","url":"/api/
qc/checklists","statusCode":401,"duration":"8ms"}

[90mstdout[2m | tests/qc-api-integration.test.ts[2m > [22m[2mQC API Endpoints Integration Tests[2m > [22m[2mAuthentication and Authorization[2m > [22m[2mshould reject requests with expired token
[22m[39m2026-03-11T03:59:50.751Z INFO [App] Incoming request {"correlationId":"2b0a6ead-54e9-4b14-b29c-d9113556f6ff","method":"GET","url":"/api/qc/checklists","ip":"::ffff:127.0.0.1"}

[90mstdout[2m | tests/qc-api-integration.test.ts[2m > [22m[2mQC API Endpoints Integration Tests[2m > [22m[2mAuthentication and Authorization[2m > [22m[2mshould reject requests with expired token
[22m[39m2026-03-11T03:59:50.754Z INFO [App] Request completed {"correlationId":"2b0a6ead-54e9-4b14-b29c-d9113556f6ff","method":"GET","url":"/api/qc/checklists","statusCode":401,"duration":"3ms"}
2026-03-11T03:59:50.754Z INFO [App] Request completed {"correlationId":"2b0a6ead-54e9-4b14-b29c-d9113556f6ff","method":"GET","url":"/api/qc/checklists","statusCode":401,"duration":"3ms"}

::ffff:127.0.0.1 - - [11/Mar/2026:03:59:50 +0000] "GET /api/qc/checklists HTTP/1.1" 401 71 "-" "-"
[90mstderr[2m | tests/qc-api-integration.test.ts[2m > [22m[2mQC API 
Endpoints Integration Tests[2m > [22m[2mAuthentication and 
Authorization[2m > [22m[2mshould reject requests with expired token
[22m[39m2026-03-11T03:59:50.755Z WARN [App] Request completed with error {"co
rrelationId":"2b0a6ead-54e9-4b14-b29c-d9113556f6ff","method":"GET","url":"/api/
qc/checklists","statusCode":401,"duration":"4ms"}

[90mstdout[2m | tests/qc-api-integration.test.ts[2m > [22m[2mQC API Endpoints Integration Tests[2m > [22m[2mAuthentication and Authorization[2m > [22m[2mshould enforce role-based permissions
[22m[39m2026-03-11T03:59:50.770Z INFO [App] Incoming request {"correlationId":"96598b66-c234-427d-b09d-6b49fd523bfb","method":"GET","url":"/api/qc/results/search","ip":"::ffff:127.0.0.1"}

 [32mΓ£ô[39m tests/qc-api-integration.test.ts[2m > [22mQC API Endpoints Integration Tests[2m > [22mQC Results Management[2m > [22mGET /api/qc/results/export[2m > [22mshould support JSON export format[32m 116[2mms[22m[39m
 [32mΓ£ô[39m tests/qc-api-integration.test.ts[2m > [22mQC API Endpoints Integration Tests[2m > [22mAuthentication and Authorization[2m > [22mshould reject requests without authentication token[32m 10[2mms[22m[39m
 [32mΓ£ô[39m tests/qc-api-integration.test.ts[2m > [22mQC API Endpoints Integration Tests[2m > [22mAuthentication and Authorization[2m > [22mshould reject requests with invalid token[32m 16[2mms[22m[39m
 [32mΓ£ô[39m tests/qc-api-integration.test.ts[2m > [22mQC API Endpoints Integration Tests[2m > [22mAuthentication and Authorization[2m > [22mshould reject requests with expired token[32m 16[2mms[22m[39m
[90mstdout[2m | tests/qc-api-integration.test.ts[2m > [22m[2mQC API Endpoints Integration Tests[2m > [22m[2mAuthentication and Authorization[2m > [22m[2mshould enforce role-based permissions
[22m[39m2026-03-11T03:59:50.902Z INFO [App] Request completed {"correlationId":"96598b66-c234-427d-b09d-6b49fd523bfb","method":"GET","url":"/api/qc/results/search","statusCode":200,"duration":"132ms"}
2026-03-11T03:59:50.902Z INFO [App] Request completed {"correlationId":"96598b66-c234-427d-b09d-6b49fd523bfb","method":"GET","url":"/api/qc/results/search","statusCode":200,"duration":"132ms"}

::ffff:127.0.0.1 - - [11/Mar/2026:03:59:50 +0000] "GET /api/qc/results/search HTTP/1.1" 200 183 "-" "-"
[90mstdout[2m | tests/qc-api-integration.test.ts[2m > [22m[2mQC API Endpoints Integration Tests[2m > [22m[2mAuthentication and Authorization[2m > [22m[2mshould enforce role-based permissions
[22m[39m2026-03-11T03:59:50.909Z INFO [App] Incoming request {"correlationId":"01e0f7fb-ec55-4916-b742-f89ab852074d","method":"POST","url":"/api/qc/execution/execute","ip":"::ffff:127.0.0.1"}

[90mstdout[2m | tests/qc-api-integration.test.ts[2m > [22m[2mQC API Endpoints Integration Tests[2m > [22m[2mAuthentication and Authorization[2m > [22m[2mshould enforce role-based permissions
[22m[39mΓä╣∩╕Å  No Axiom evaluation found for order test-doc

[90mstdout[2m | tests/qc-api-integration.test.ts[2m > [22m[2mQC API Endpoints Integration Tests[2m > [22m[2mAuthentication and Authorization[2m > [22m[2mshould enforce role-based permissions
[22m[39m2026-03-11T03:59:51.090Z INFO [QCExecutionEngine] Starting QC review execution {"checklistId":"qc_1773201575715_bpn4tllhv","documentType":"appraisal_report","executionId":"qc_exec_1773201590954_c0q0rnffd"}

[90mstdout[2m | tests/qc-api-integration.test.ts[2m > [22m[2mQC API Endpoints Integration Tests[2m > [22m[2mAuthentication and Authorization[2m > [22m[2mshould enforce role-based permissions
[22m[39m2026-03-11T03:59:51.090Z INFO [QCExecutionEngine] Axiom bridge pre-answer rate {"executionId":"qc_exec_1773201591090_jxwcgziea","totalQuestions":1,"axiomPreAnswered":0,"llmAnswered":0,"skippedNoAiConfig":1,"preAnswerRatePct":0}
2026-03-11T03:59:51.090Z INFO [QCExecutionEngine] QC review execution completed {"executionId":"qc_exec_1773201591090_jxwcgziea","passed":false,"score":0,"criticalIssues":0}

[90mstdout[2m | tests/qc-api-integration.test.ts[2m > [22m[2mQC API Endpoints Integration Tests[2m > [22m[2mAuthentication and Authorization[2m > [22m[2mshould enforce role-based permissions
[22m[39m2026-03-11T03:59:51.090Z INFO [QCExecutionController] QC review execution completed {"sessionId":"qc_exec_1773201590954_c0q0rnffd","checklistId":"qc_1773201575715_bpn4tllhv","targetId":"test-doc","totalIssues":1,"overallScore":0,"userId":"test-appraiser"}
2026-03-11T03:59:51.091Z INFO [App] Request completed {"correlationId":"01e0f7fb-ec55-4916-b742-f89ab852074d","method":"POST","url":"/api/qc/execution/execute","statusCode":200,"duration":"182ms"}
2026-03-11T03:59:51.091Z INFO [App] Request completed {"correlationId":"01e0f7fb-ec55-4916-b742-f89ab852074d","method":"POST","url":"/api/qc/execution/execute","statusCode":200,"duration":"182ms"}

::ffff:127.0.0.1 - - [11/Mar/2026:03:59:51 +0000] "POST /api/qc/execution/execute HTTP/1.1" 200 - "-" "-"
[90mstdout[2m | tests/qc-api-integration.test.ts[2m > [22m[2mQC API Endpoints Integration Tests[2m > [22m[2mInput Validation and Security[2m > [22m[2mshould sanitize malicious input
[22m[39m2026-03-11T03:59:51.099Z INFO [App] Incoming request {"correlationId":"67d161b1-beb0-42cf-9ffd-e62e4d45635a","method":"POST","url":"/api/qc/checklists","ip":"::ffff:127.0.0.1"}

[90mstdout[2m | tests/qc-api-integration.test.ts[2m > [22m[2mQC API Endpoints Integration Tests[2m > [22m[2mInput Validation and Security[2m > [22m[2mshould sanitize malicious input
[22m[39m2026-03-11T03:59:51.102Z INFO [QCChecklistManagement] Creating new QC checklist {"name":"<script>alert(\"xss\")</script>Malicious Checklist","documentType":"appraisal_report"}

[90mstderr[2m | tests/qc-api-integration.test.ts[2m > [22m[2mQC API 
Endpoints Integration Tests[2m > [22m[2mInput Validation and Security[2m > 
[22m[2mshould sanitize malicious input
[22m[39m2026-03-11T03:59:51.102Z ERROR [QCChecklistManagement] Failed to 
create QC checklist {"error":"Category 'Test' must have at least one 
subcategory","name":"<script>alert(\"xss\")</script>Malicious 
Checklist","documentType":"appraisal_report"}

[90mstdout[2m | tests/qc-api-integration.test.ts[2m > [22m[2mQC API Endpoints Integration Tests[2m > [22m[2mInput Validation and Security[2m > [22m[2mshould sanitize malicious input
[22m[39m2026-03-11T03:59:51.102Z INFO [QCChecklistController] QC checklist created successfully {"userId":"test-user-qc-analyst"}
2026-03-11T03:59:51.102Z INFO [App] Request completed {"correlationId":"67d161b1-beb0-42cf-9ffd-e62e4d45635a","method":"POST","url":"/api/qc/checklists","statusCode":201,"duration":"3ms"}
2026-03-11T03:59:51.102Z INFO [App] Request completed {"correlationId":"67d161b1-beb0-42cf-9ffd-e62e4d45635a","method":"POST","url":"/api/qc/checklists","statusCode":201,"duration":"3ms"}

::ffff:127.0.0.1 - - [11/Mar/2026:03:59:51 +0000] "POST /api/qc/checklists HTTP/1.1" 201 274 "-" "-"
[90mstdout[2m | tests/qc-api-integration.test.ts[2m > [22m[2mQC API Endpoints Integration Tests[2m > [22m[2mInput Validation and Security[2m > [22m[2mshould validate required fields
[22m[39m2026-03-11T03:59:51.108Z INFO [App] Incoming request {"correlationId":"807f252c-8e4e-4b9b-89b8-fa1c393e6489","method":"POST","url":"/api/qc/checklists","ip":"::ffff:127.0.0.1"}

[90mstdout[2m | tests/qc-api-integration.test.ts[2m > [22m[2mQC API Endpoints Integration Tests[2m > [22m[2mInput Validation and Security[2m > [22m[2mshould validate required fields
[22m[39m2026-03-11T03:59:51.111Z INFO [App] Request completed {"correlationId":"807f252c-8e4e-4b9b-89b8-fa1c393e6489","method":"POST","url":"/api/qc/checklists","statusCode":400,"duration":"3ms"}
2026-03-11T03:59:51.111Z INFO [App] Request completed {"correlationId":"807f252c-8e4e-4b9b-89b8-fa1c393e6489","method":"POST","url":"/api/qc/checklists","statusCode":400,"duration":"3ms"}

::ffff:127.0.0.1 - - [11/Mar/2026:03:59:51 +0000] "POST /api/qc/checklists HTTP/1.1" 400 239 "-" "-"
[90mstderr[2m | tests/qc-api-integration.test.ts[2m > [22m[2mQC API 
Endpoints Integration Tests[2m > [22m[2mInput Validation and Security[2m > 
[22m[2mshould validate required fields
[22m[39m2026-03-11T03:59:51.112Z WARN [App] Request completed with error {"co
rrelationId":"807f252c-8e4e-4b9b-89b8-fa1c393e6489","method":"POST","url":"/api
/qc/checklists","statusCode":400,"duration":"4ms"}

[90mstdout[2m | tests/qc-api-integration.test.ts[2m > [22m[2mQC API Endpoints Integration Tests[2m > [22m[2mInput Validation and Security[2m > [22m[2mshould enforce field length limits
[22m[39m2026-03-11T03:59:51.117Z INFO [App] Incoming request {"correlationId":"586e56c4-2390-4929-970f-5a2ef901852c","method":"POST","url":"/api/qc/checklists","ip":"::ffff:127.0.0.1"}

[90mstdout[2m | tests/qc-api-integration.test.ts[2m > [22m[2mQC API Endpoints Integration Tests[2m > [22m[2mInput Validation and Security[2m > [22m[2mshould enforce field length limits
[22m[39m2026-03-11T03:59:51.119Z INFO [QCChecklistManagement] Creating new QC checklist {"name":"AAAAAAAAAAAAAAAAAAAAAAAAAAAAAAAAAAAAAAAAAAAAAAAAAAAAAAAAAAAAAAAAAAAAAAAAAAAAAAAAAAAAAAAAAAAAAAAAAAAAAAAAAAAAAAAAAAAAAAAAAAAAAAAAAAAAAAAAAAAAAAAAAAAAAAAAAAAAAAAAAAAAAAAAAAAAAAAAAAAAAAAAAAAAAAAAAAAAAAAAAAAAAAAAAAAAAAAAAAAAAAAAAAAAAAAAAAAAAAAAAAAAAAAAAAAAAAAAAAAAAAAAAAAAAAAAAAAAAAAAAAAAAAAAAAAAAAAAAAAAAAAAAAAAAAAAAAAAAAAAAAAAAAAAAAAAAAAAAAAAAAAAAAAAAAAAAAAAAAAAAAAAAAAAAAAAAAAAAAAAAAAAAAAAAAAAAAAAAAAAAAAAAAAAAAAAAAAAAAAAAAAAAAAAAAAAAAAAAAAAAAAAAAAAAAAAAAAAAAAAAAAAAAAAAAAAAAAAAAAAAAAAAAAAAAAAAAAAAAAAAAAAAAAAAAAAAAAAAAAAAAAAAAAAAAAAAAAAAAAAAAAAAAAAAAAAAAAAAAAAAAAAAAAAAAAAAAAAAAAAAAAAAAAAAAAAAAAAAAAAAAAAAAAAAAAAAAAAAAAAAAAAAAAAAAAAAAAAAAAAAAAAAAAAAAAAAAAAAAAAAAAAAAAAAAAAAAAAAAAAAAAAAAAAAAAAAAAAAAAAAAAAAAAAAAAAAAAAAAAAAAAAAAAAAAAAAAAAAAAAAAAAAAAAAAAAAAAAAAAAAAAAAAAAAAAAAAAAAAAAAAAAAAAAAAAAAAAAAAAAAAAAAAAAAAAAAAAAAAAAAAAAAAAAAAAAAAAAAAAAAAAAAAAAAAAAAAAAAAAAAAAAAAAAAAAAAAAAAAAAAAAAAAAAAAAAAAAAAAAAAAAAAAAAAAAAAAAAAAAAAAAAAAAAAAAAAAAAAAAAAAAAAAAAAAAAAAAAAAAAAAAAAAAAAAAAAAAAAAAAAAAAAAAAAAAAAAAAAAAAA","documentType":"appraisal_report"}

[90mstderr[2m | tests/qc-api-integration.test.ts[2m > [22m[2mQC API 
Endpoints Integration Tests[2m > [22m[2mInput Validation and Security[2m > 
[22m[2mshould enforce field length limits
[22m[39m2026-03-11T03:59:51.120Z ERROR [QCChecklistManagement] Failed to 
create QC checklist {"error":"Category 'Test' must have at least one subcategor
y","name":"AAAAAAAAAAAAAAAAAAAAAAAAAAAAAAAAAAAAAAAAAAAAAAAAAAAAAAAAAAAAAAAAAAAA
AAAAAAAAAAAAAAAAAAAAAAAAAAAAAAAAAAAAAAAAAAAAAAAAAAAAAAAAAAAAAAAAAAAAAAAAAAAAAAA
AAAAAAAAAAAAAAAAAAAAAAAAAAAAAAAAAAAAAAAAAAAAAAAAAAAAAAAAAAAAAAAAAAAAAAAAAAAAAAA
AAAAAAAAAAAAAAAAAAAAAAAAAAAAAAAAAAAAAAAAAAAAAAAAAAAAAAAAAAAAAAAAAAAAAAAAAAAAAAA
AAAAAAAAAAAAAAAAAAAAAAAAAAAAAAAAAAAAAAAAAAAAAAAAAAAAAAAAAAAAAAAAAAAAAAAAAAAAAAA
AAAAAAAAAAAAAAAAAAAAAAAAAAAAAAAAAAAAAAAAAAAAAAAAAAAAAAAAAAAAAAAAAAAAAAAAAAAAAAA
AAAAAAAAAAAAAAAAAAAAAAAAAAAAAAAAAAAAAAAAAAAAAAAAAAAAAAAAAAAAAAAAAAAAAAAAAAAAAAA
AAAAAAAAAAAAAAAAAAAAAAAAAAAAAAAAAAAAAAAAAAAAAAAAAAAAAAAAAAAAAAAAAAAAAAAAAAAAAAA
AAAAAAAAAAAAAAAAAAAAAAAAAAAAAAAAAAAAAAAAAAAAAAAAAAAAAAAAAAAAAAAAAAAAAAAAAAAAAAA
AAAAAAAAAAAAAAAAAAAAAAAAAAAAAAAAAAAAAAAAAAAAAAAAAAAAAAAAAAAAAAAAAAAAAAAAAAAAAAA
AAAAAAAAAAAAAAAAAAAAAAAAAAAAAAAAAAAAAAAAAAAAAAAAAAAAAAAAAAAAAAAAAAAAAAAAAAAAAAA
AAAAAAAAAAAAAAAAAAAAAAAAAAAAAAAAAAAAAAAAAAAAAAAAAAAAAAAAAAAAAAAAAAAAAAAAAAAAAAA
AAAAAAAAAAAAAAAAAAAAAAAAAAAAAAAAAAAAAAAAAAAAAAAAAAAAAAAAAAAAAAAA","documentType
":"appraisal_report"}

[90mstdout[2m | tests/qc-api-integration.test.ts[2m > [22m[2mQC API Endpoints Integration Tests[2m > [22m[2mInput Validation and Security[2m > [22m[2mshould enforce field length limits
[22m[39m2026-03-11T03:59:51.120Z INFO [QCChecklistController] QC checklist created successfully {"userId":"test-user-qc-analyst"}
2026-03-11T03:59:51.120Z INFO [App] Request completed {"correlationId":"586e56c4-2390-4929-970f-5a2ef901852c","method":"POST","url":"/api/qc/checklists","statusCode":201,"duration":"3ms"}
2026-03-11T03:59:51.120Z INFO [App] Request completed {"correlationId":"586e56c4-2390-4929-970f-5a2ef901852c","method":"POST","url":"/api/qc/checklists","statusCode":201,"duration":"3ms"}

::ffff:127.0.0.1 - - [11/Mar/2026:03:59:51 +0000] "POST /api/qc/checklists HTTP/1.1" 201 274 "-" "-"
[90mstdout[2m | tests/qc-api-integration.test.ts[2m > [22m[2mQC API Endpoints Integration Tests[2m > [22m[2mError Handling[2m > [22m[2mshould handle database connection errors gracefully
[22m[39m2026-03-11T03:59:51.125Z INFO [App] Incoming request {"correlationId":"02d9dfbd-9f48-41c8-950e-feb2db7af72a","method":"GET","url":"/api/qc/checklists/non-existent-id","ip":"::ffff:127.0.0.1"}

[90mstdout[2m | tests/qc-api-integration.test.ts[2m > [22m[2mQC API Endpoints Integration Tests[2m > [22m[2mError Handling[2m > [22m[2mshould handle database connection errors gracefully
[22m[39m2026-03-11T03:59:51.174Z INFO [App] Request completed {"correlationId":"02d9dfbd-9f48-41c8-950e-feb2db7af72a","method":"GET","url":"/api/qc/checklists/non-existent-id","statusCode":404,"duration":"49ms"}
2026-03-11T03:59:51.174Z INFO [App] Request completed {"correlationId":"02d9dfbd-9f48-41c8-950e-feb2db7af72a","method":"GET","url":"/api/qc/checklists/non-existent-id","statusCode":404,"duration":"49ms"}

::ffff:127.0.0.1 - - [11/Mar/2026:03:59:51 +0000] "GET /api/qc/checklists/non-existent-id HTTP/1.1" 404 149 "-" "-"
[90mstderr[2m | tests/qc-api-integration.test.ts[2m > [22m[2mQC API 
Endpoints Integration Tests[2m > [22m[2mError Handling[2m > 
[22m[2mshould handle database connection errors gracefully
[22m[39m2026-03-11T03:59:51.174Z WARN [App] Request completed with error {"co
rrelationId":"02d9dfbd-9f48-41c8-950e-feb2db7af72a","method":"GET","url":"/api/
qc/checklists/non-existent-id","statusCode":404,"duration":"49ms"}

[90mstdout[2m | tests/qc-api-integration.test.ts[2m > [22m[2mQC API Endpoints Integration Tests[2m > [22m[2mError Handling[2m > [22m[2mshould return proper error format for validation failures
[22m[39m2026-03-11T03:59:51.180Z INFO [App] Incoming request {"correlationId":"435d8ae2-3cc7-4b6e-af70-18dec04d6b78","method":"POST","url":"/api/qc/checklists","ip":"::ffff:127.0.0.1"}

[90mstdout[2m | tests/qc-api-integration.test.ts[2m > [22m[2mQC API Endpoints Integration Tests[2m > [22m[2mError Handling[2m > [22m[2mshould return proper error format for validation failures
[22m[39m2026-03-11T03:59:51.182Z INFO [App] Request completed {"correlationId":"435d8ae2-3cc7-4b6e-af70-18dec04d6b78","method":"POST","url":"/api/qc/checklists","statusCode":400,"duration":"2ms"}
2026-03-11T03:59:51.182Z INFO [App] Request completed {"correlationId":"435d8ae2-3cc7-4b6e-af70-18dec04d6b78","method":"POST","url":"/api/qc/checklists","statusCode":400,"duration":"2ms"}

::ffff:127.0.0.1 - - [11/Mar/2026:03:59:51 +0000] "POST /api/qc/checklists HTTP/1.1" 400 239 "-" "-"
[90mstderr[2m | tests/qc-api-integration.test.ts[2m > [22m[2mQC API 
Endpoints Integration Tests[2m > [22m[2mError Handling[2m > 
[22m[2mshould return proper error format for validation failures
[22m[39m2026-03-11T03:59:51.183Z WARN [App] Request completed with error {"co
rrelationId":"435d8ae2-3cc7-4b6e-af70-18dec04d6b78","method":"POST","url":"/api
/qc/checklists","statusCode":400,"duration":"3ms"}

[90mstdout[2m | tests/qc-api-integration.test.ts
[22m[39m≡ƒº╣ Cleaning up test environment...
Γ£à Test cleanup complete

 [31m├ù[39m tests/qc-api-integration.test.ts[2m > [22mQC API Endpoints Integration Tests[2m > [22mAuthentication and Authorization[2m > [22mshould enforce role-based permissions[33m 337[2mms[22m[39m
[31m   ΓåÆ expected [ 400, 403 ] to include 200[39m
 [32mΓ£ô[39m tests/qc-api-integration.test.ts[2m > [22mQC API Endpoints Integration Tests[2m > [22mInput Validation and Security[2m > [22mshould sanitize malicious input[32m 9[2mms[22m[39m
 [32mΓ£ô[39m tests/qc-api-integration.test.ts[2m > [22mQC API Endpoints Integration Tests[2m > [22mInput Validation and Security[2m > [22mshould validate required fields[32m 8[2mms[22m[39m
 [32mΓ£ô[39m tests/qc-api-integration.test.ts[2m > [22mQC API Endpoints Integration Tests[2m > [22mInput Validation and Security[2m > [22mshould enforce field length limits[32m 9[2mms[22m[39m
 [32mΓ£ô[39m tests/qc-api-integration.test.ts[2m > [22mQC API Endpoints Integration Tests[2m > [22mError Handling[2m > [22mshould handle database connection errors gracefully[32m 54[2mms[22m[39m
 [32mΓ£ô[39m tests/qc-api-integration.test.ts[2m > [22mQC API Endpoints Integration Tests[2m > [22mError Handling[2m > [22mshould return proper error format for validation failures[32m 8[2mms[22m[39m
[90mstderr[2m | tests/integration/comprehensive-api.test.ts[2m > 
[22m[2mComprehensive Production API Integration Tests[2m > 
[22m[2mProperty Intelligence Endpoints (16 endpoints)[2m > [22m[2mPOST 
/api/property-intelligence/analyze/neighborhood - should analyze neighborhood
[22m[39m2026-03-11T03:59:57.959Z ERROR [App] OSM green spaces analysis 
failed 
{"error":{},"coordinates":{"latitude":37.4224764,"longitude":-122.0842499}}

[90mstdout[2m | tests/integration/comprehensive-api.test.ts[2m > [22m[2mComprehensive Production API Integration Tests[2m > [22m[2mProperty Intelligence Endpoints (16 endpoints)[2m > [22m[2mPOST /api/property-intelligence/analyze/neighborhood - should analyze neighborhood
[22m[39m2026-03-11T03:59:57.959Z INFO [App] Request completed {"correlationId":"ade3263f-cf8b-4b7f-b68b-73754c9f2466","method":"POST","url":"/api/property-intelligence/analyze/neighborhood","statusCode":200,"duration":"9919ms"}
2026-03-11T03:59:57.960Z INFO [App] Request completed {"correlationId":"ade3263f-cf8b-4b7f-b68b-73754c9f2466","method":"POST","url":"/api/property-intelligence/analyze/neighborhood","statusCode":200,"duration":"9920ms"}

::ffff:127.0.0.1 - - [11/Mar/2026:03:59:57 +0000] "POST /api/property-intelligence/analyze/neighborhood HTTP/1.1" 200 - "-" "-"
[90mstdout[2m | tests/integration/comprehensive-api.test.ts[2m > [22m[2mComprehensive Production API Integration Tests[2m > [22m[2mProperty Intelligence Endpoints (16 endpoints)[2m > [22m[2mPOST /api/property-intelligence/analyze/neighborhood - should analyze neighborhood
[22m[39mΓ£à Neighborhood analysis reachable (status: 200)

[90mstdout[2m | tests/integration/comprehensive-api.test.ts[2m > [22m[2mComprehensive Production API Integration Tests[2m > [22m[2mProperty Intelligence Endpoints (16 endpoints)[2m > [22m[2mPOST /api/property-intelligence/analyze/creative - should analyze creative features
[22m[39m2026-03-11T03:59:57.966Z INFO [App] Incoming request {"correlationId":"a5d0f3d7-889b-45e8-b140-1926b7d80c16","method":"POST","url":"/api/property-intelligence/analyze/creative","ip":"::ffff:127.0.0.1"}

[90mstdout[2m | tests/integration/comprehensive-api.test.ts[2m > [22m[2mComprehensive Production API Integration Tests[2m > [22m[2mProperty Intelligence Endpoints (16 endpoints)[2m > [22m[2mPOST /api/property-intelligence/analyze/creative - should analyze creative features
[22m[39m2026-03-11T03:59:57.969Z INFO [App] Request completed {"correlationId":"a5d0f3d7-889b-45e8-b140-1926b7d80c16","method":"POST","url":"/api/property-intelligence/analyze/creative","statusCode":200,"duration":"3ms"}
2026-03-11T03:59:57.969Z INFO [App] Request completed {"correlationId":"a5d0f3d7-889b-45e8-b140-1926b7d80c16","method":"POST","url":"/api/property-intelligence/analyze/creative","statusCode":200,"duration":"3ms"}

::ffff:127.0.0.1 - - [11/Mar/2026:03:59:57 +0000] "POST /api/property-intelligence/analyze/creative HTTP/1.1" 200 - "-" "-"
[90mstdout[2m | tests/integration/comprehensive-api.test.ts[2m > [22m[2mComprehensive Production API Integration Tests[2m > [22m[2mProperty Intelligence Endpoints (16 endpoints)[2m > [22m[2mPOST /api/property-intelligence/analyze/creative - should analyze creative features
[22m[39mΓ£à Creative features analysis reachable (status: 200)

[90mstdout[2m | tests/integration/comprehensive-api.test.ts[2m > [22m[2mComprehensive Production API Integration Tests[2m > [22m[2mProperty Intelligence Endpoints (16 endpoints)[2m > [22m[2mPOST /api/property-intelligence/analyze/risk-assessment - should perform risk assessment
[22m[39m2026-03-11T03:59:57.974Z INFO [App] Incoming request {"correlationId":"9e4d8810-12e8-4c8f-99a6-26808ea610f7","method":"POST","url":"/api/property-intelligence/analyze/risk-assessment","ip":"::ffff:127.0.0.1"}

::ffff:127.0.0.1 - - [11/Mar/2026:03:59:57 +0000] "POST /api/property-intelligence/analyze/risk-assessment HTTP/1.1" 404 118 "-" "-"
[90mstderr[2m | tests/integration/comprehensive-api.test.ts[2m > 
[22m[2mComprehensive Production API Integration Tests[2m > 
[22m[2mProperty Intelligence Endpoints (16 endpoints)[2m > [22m[2mPOST 
/api/property-intelligence/analyze/risk-assessment - should perform risk 
assessment
[22m[39m2026-03-11T03:59:57.975Z WARN [App] Request completed with error {"co
rrelationId":"9e4d8810-12e8-4c8f-99a6-26808ea610f7","method":"POST","url":"/api
/property-intelligence/analyze/risk-assessment","statusCode":404,"duration":"1m
s"}

[90mstdout[2m | tests/integration/comprehensive-api.test.ts[2m > [22m[2mComprehensive Production API Integration Tests[2m > [22m[2mProperty Intelligence Endpoints (16 endpoints)[2m > [22m[2mPOST /api/property-intelligence/analyze/risk-assessment - should perform risk assessment
[22m[39m2026-03-11T03:59:57.974Z INFO [App] Request completed {"correlationId":"9e4d8810-12e8-4c8f-99a6-26808ea610f7","method":"POST","url":"/api/property-intelligence/analyze/risk-assessment","statusCode":404,"duration":"0ms"}
2026-03-11T03:59:57.975Z INFO [App] Request completed {"correlationId":"9e4d8810-12e8-4c8f-99a6-26808ea610f7","method":"POST","url":"/api/property-intelligence/analyze/risk-assessment","statusCode":404,"duration":"1ms"}

[90mstdout[2m | tests/integration/comprehensive-api.test.ts[2m > [22m[2mComprehensive Production API Integration Tests[2m > [22m[2mProperty Intelligence Endpoints (16 endpoints)[2m > [22m[2mPOST /api/property-intelligence/analyze/risk-assessment - should perform risk assessment
[22m[39mΓ£à Risk assessment completed

[90mstdout[2m | tests/integration/comprehensive-api.test.ts[2m > [22m[2mComprehensive Production API Integration Tests[2m > [22m[2mProperty Intelligence Endpoints (16 endpoints)[2m > [22m[2mPOST /api/property-intelligence/census/demographics - should get demographic data
[22m[39m2026-03-11T03:59:57.980Z INFO [App] Incoming request {"correlationId":"e5ecd074-2f76-43e3-a21d-2c44343ed1f0","method":"GET","url":"/api/property-intelligence/census/demographics?latitude=37.4224764&longitude=-122.0842499","ip":"::ffff:127.0.0.1"}

[90mstdout[2m | tests/integration/comprehensive-api.test.ts[2m > [22m[2mComprehensive Production API Integration Tests[2m > [22m[2mProperty Intelligence Endpoints (16 endpoints)[2m > [22m[2mPOST /api/property-intelligence/census/demographics - should get demographic data
[22m[39m2026-03-11T03:59:57.982Z INFO [App] Census demographics request received {"coordinates":{"latitude":37.4224764,"longitude":-122.0842499}}
2026-03-11T03:59:57.982Z INFO [App] Fetching Census demographic intelligence {"coordinates":{"latitude":37.4224764,"longitude":-122.0842499}}

[90mstdout[2m | tests/integration/comprehensive-api.test.ts[2m > [22m[2mComprehensive Production API Integration Tests[2m > [22m[2mProperty Intelligence Endpoints (16 endpoints)[2m > [22m[2mPOST /api/property-intelligence/census/demographics - should get demographic data
[22m[39m2026-03-11T03:59:57.982Z INFO [App] Starting Census demographic analysis {"coordinates":{"latitude":37.4224764,"longitude":-122.0842499}}

 [32mΓ£ô[39m tests/integration/comprehensive-api.test.ts[2m > [22mComprehensive Production API Integration Tests[2m > [22mProperty Intelligence Endpoints (16 endpoints)[2m > [22mPOST /api/property-intelligence/analyze/neighborhood - should analyze neighborhood[33m 9930[2mms[22m[39m
 [32mΓ£ô[39m tests/integration/comprehensive-api.test.ts[2m > [22mComprehensive Production API Integration Tests[2m > [22mProperty Intelligence Endpoints (16 endpoints)[2m > [22mPOST /api/property-intelligence/analyze/creative - should analyze creative features[32m 8[2mms[22m[39m
 [32mΓ£ô[39m tests/integration/comprehensive-api.test.ts[2m > [22mComprehensive Production API Integration Tests[2m > [22mProperty Intelligence Endpoints (16 endpoints)[2m > [22mPOST /api/property-intelligence/analyze/risk-assessment - should perform risk assessment[32m 5[2mms[22m[39m
[90mstderr[2m | tests/comprehensive-api.test.ts[2m > [22m[2mAppraisal 
Management API - Comprehensive Tests[2m > [22m[2mProperty Intelligence 
Endpoints[2m > [22m[2mshould perform neighborhood analysis
[22m[39m2026-03-11T03:59:58.268Z ERROR [App] OSM public transport analysis 
failed 
{"error":{},"coordinates":{"latitude":37.4224764,"longitude":-122.0842499}}

[90mstdout[2m | tests/comprehensive-api.test.ts[2m > [22m[2mAppraisal Management API - Comprehensive Tests[2m > [22m[2mProperty Intelligence Endpoints[2m > [22m[2mshould perform neighborhood analysis
[22m[39m2026-03-11T03:59:58.268Z INFO [App] Request completed {"correlationId":"e7815c3c-76dd-46f4-b935-761db329ba1d","method":"POST","url":"/api/property-intelligence/analyze/neighborhood","statusCode":200,"duration":"9833ms"}
2026-03-11T03:59:58.268Z INFO [App] Request completed {"correlationId":"e7815c3c-76dd-46f4-b935-761db329ba1d","method":"POST","url":"/api/property-intelligence/analyze/neighborhood","statusCode":200,"duration":"9833ms"}

::ffff:127.0.0.1 - - [11/Mar/2026:03:59:58 +0000] "POST /api/property-intelligence/analyze/neighborhood HTTP/1.1" 200 660 "-" "-"
[90mstdout[2m | tests/comprehensive-api.test.ts[2m > [22m[2mAppraisal Management API - Comprehensive Tests[2m > [22m[2mProperty Intelligence Endpoints[2m > [22m[2mshould get census demographics
[22m[39m2026-03-11T03:59:58.275Z INFO [App] Incoming request {"correlationId":"cd460bf4-acc3-4767-8635-28d0e06bbb8f","method":"GET","url":"/api/property-intelligence/census/demographics?latitude=37.4224764&longitude=-122.0842499","ip":"::ffff:127.0.0.1"}

[90mstdout[2m | tests/comprehensive-api.test.ts[2m > [22m[2mAppraisal Management API - Comprehensive Tests[2m > [22m[2mProperty Intelligence Endpoints[2m > [22m[2mshould get census demographics
[22m[39m2026-03-11T03:59:58.277Z INFO [App] Census demographics request received {"coordinates":{"latitude":37.4224764,"longitude":-122.0842499}}
2026-03-11T03:59:58.277Z INFO [App] Fetching Census demographic intelligence {"coordinates":{"latitude":37.4224764,"longitude":-122.0842499}}

[90mstdout[2m | tests/comprehensive-api.test.ts[2m > [22m[2mAppraisal Management API - Comprehensive Tests[2m > [22m[2mProperty Intelligence Endpoints[2m > [22m[2mshould get census demographics
[22m[39m2026-03-11T03:59:58.277Z INFO [App] Starting Census demographic analysis {"coordinates":{"latitude":37.4224764,"longitude":-122.0842499}}

 [32mΓ£ô[39m tests/comprehensive-api.test.ts[2m > [22mAppraisal Management API - Comprehensive Tests[2m > [22mProperty Intelligence Endpoints[2m > [22mshould perform neighborhood analysis[33m 9841[2mms[22m[39m
[90mstdout[2m | tests/integration/comprehensive-api.test.ts[2m > [22m[2mComprehensive Production API Integration Tests[2m > [22m[2mProperty Intelligence Endpoints (16 endpoints)[2m > [22m[2mPOST /api/property-intelligence/census/demographics - should get demographic data
[22m[39m2026-03-11T03:59:58.707Z INFO [App] Census demographic analysis completed {"coordinates":{"latitude":37.4224764,"longitude":-122.0842499},"score":70}

[90mstdout[2m | tests/integration/comprehensive-api.test.ts[2m > [22m[2mComprehensive Production API Integration Tests[2m > [22m[2mProperty Intelligence Endpoints (16 endpoints)[2m > [22m[2mPOST /api/property-intelligence/census/demographics - should get demographic data
[22m[39m2026-03-11T03:59:58.707Z INFO [App] Request completed {"correlationId":"e5ecd074-2f76-43e3-a21d-2c44343ed1f0","method":"GET","url":"/api/property-intelligence/census/demographics?latitude=37.4224764&longitude=-122.0842499","statusCode":200,"duration":"727ms"}
2026-03-11T03:59:58.708Z INFO [App] Request completed {"correlationId":"e5ecd074-2f76-43e3-a21d-2c44343ed1f0","method":"GET","url":"/api/property-intelligence/census/demographics?latitude=37.4224764&longitude=-122.0842499","statusCode":200,"duration":"728ms"}

::ffff:127.0.0.1 - - [11/Mar/2026:03:59:58 +0000] "GET /api/property-intelligence/census/demographics?latitude=37.4224764&longitude=-122.0842499 HTTP/1.1" 200 - "-" "-"
[90mstdout[2m | tests/integration/comprehensive-api.test.ts[2m > [22m[2mComprehensive Production API Integration Tests[2m > [22m[2mProperty Intelligence Endpoints (16 endpoints)[2m > [22m[2mPOST /api/property-intelligence/census/demographics - should get demographic data
[22m[39mΓ£à Census demographics reachable (status: 200)

[90mstdout[2m | tests/integration/comprehensive-api.test.ts[2m > [22m[2mComprehensive Production API Integration Tests[2m > [22m[2mProperty Intelligence Endpoints (16 endpoints)[2m > [22m[2mPOST /api/property-intelligence/census/economics - should get economic data
[22m[39m2026-03-11T03:59:58.716Z INFO [App] Incoming request {"correlationId":"99b66c0e-a6d5-42c5-9c73-d899093917b8","method":"GET","url":"/api/property-intelligence/census/economics?latitude=37.4224764&longitude=-122.0842499","ip":"::ffff:127.0.0.1"}

[90mstdout[2m | tests/integration/comprehensive-api.test.ts[2m > [22m[2mComprehensive Production API Integration Tests[2m > [22m[2mProperty Intelligence Endpoints (16 endpoints)[2m > [22m[2mPOST /api/property-intelligence/census/economics - should get economic data
[22m[39m2026-03-11T03:59:58.720Z INFO [App] Census economics request received {"coordinates":{"latitude":37.4224764,"longitude":-122.0842499}}
2026-03-11T03:59:58.720Z INFO [App] Fetching Census economic intelligence {"coordinates":{"latitude":37.4224764,"longitude":-122.0842499}}

[90mstdout[2m | tests/integration/comprehensive-api.test.ts[2m > [22m[2mComprehensive Production API Integration Tests[2m > [22m[2mProperty Intelligence Endpoints (16 endpoints)[2m > [22m[2mPOST /api/property-intelligence/census/economics - should get economic data
[22m[39m2026-03-11T03:59:58.720Z INFO [App] Starting Census economic analysis {"coordinates":{"latitude":37.4224764,"longitude":-122.0842499}}

 [32mΓ£ô[39m tests/integration/comprehensive-api.test.ts[2m > [22mComprehensive Production API Integration Tests[2m > [22mProperty Intelligence Endpoints (16 endpoints)[2m > [22mPOST /api/property-intelligence/census/demographics - should get demographic data[33m 736[2mms[22m[39m
[90mstdout[2m | tests/comprehensive-api.test.ts[2m > [22m[2mAppraisal Management API - Comprehensive Tests[2m > [22m[2mProperty Intelligence Endpoints[2m > [22m[2mshould get census demographics
[22m[39m2026-03-11T03:59:58.945Z INFO [App] Census demographic analysis completed {"coordinates":{"latitude":37.4224764,"longitude":-122.0842499},"score":70}

[90mstdout[2m | tests/comprehensive-api.test.ts[2m > [22m[2mAppraisal Management API - Comprehensive Tests[2m > [22m[2mProperty Intelligence Endpoints[2m > [22m[2mshould get census demographics
[22m[39m2026-03-11T03:59:58.945Z INFO [App] Request completed {"correlationId":"cd460bf4-acc3-4767-8635-28d0e06bbb8f","method":"GET","url":"/api/property-intelligence/census/demographics?latitude=37.4224764&longitude=-122.0842499","statusCode":200,"duration":"670ms"}
2026-03-11T03:59:58.945Z INFO [App] Request completed {"correlationId":"cd460bf4-acc3-4767-8635-28d0e06bbb8f","method":"GET","url":"/api/property-intelligence/census/demographics?latitude=37.4224764&longitude=-122.0842499","statusCode":200,"duration":"670ms"}

::ffff:127.0.0.1 - - [11/Mar/2026:03:59:58 +0000] "GET /api/property-intelligence/census/demographics?latitude=37.4224764&longitude=-122.0842499 HTTP/1.1" 200 - "-" "-"
[90mstdout[2m | tests/comprehensive-api.test.ts[2m > [22m[2mAppraisal Management API - Comprehensive Tests[2m > [22m[2mProperty Intelligence Endpoints[2m > [22m[2mshould get census economics
[22m[39m2026-03-11T03:59:58.951Z INFO [App] Incoming request {"correlationId":"ef8db4dc-281a-4ba1-b446-a8ad5a6bcdbb","method":"GET","url":"/api/property-intelligence/census/economics?latitude=37.4224764&longitude=-122.0842499","ip":"::ffff:127.0.0.1"}

[90mstdout[2m | tests/comprehensive-api.test.ts[2m > [22m[2mAppraisal Management API - Comprehensive Tests[2m > [22m[2mProperty Intelligence Endpoints[2m > [22m[2mshould get census economics
[22m[39m2026-03-11T03:59:58.954Z INFO [App] Census economics request received {"coordinates":{"latitude":37.4224764,"longitude":-122.0842499}}
2026-03-11T03:59:58.954Z INFO [App] Fetching Census economic intelligence {"coordinates":{"latitude":37.4224764,"longitude":-122.0842499}}

[90mstdout[2m | tests/comprehensive-api.test.ts[2m > [22m[2mAppraisal Management API - Comprehensive Tests[2m > [22m[2mProperty Intelligence Endpoints[2m > [22m[2mshould get census economics
[22m[39m2026-03-11T03:59:58.954Z INFO [App] Starting Census economic analysis {"coordinates":{"latitude":37.4224764,"longitude":-122.0842499}}

[90mstdout[2m | tests/integration/comprehensive-api.test.ts[2m > [22m[2mComprehensive Production API Integration Tests[2m > [22m[2mProperty Intelligence Endpoints (16 endpoints)[2m > [22m[2mPOST /api/property-intelligence/census/economics - should get economic data
[22m[39m2026-03-11T03:59:59.046Z INFO [App] Census economic analysis completed {"coordinates":{"latitude":37.4224764,"longitude":-122.0842499},"score":69}

[90mstdout[2m | tests/integration/comprehensive-api.test.ts[2m > [22m[2mComprehensive Production API Integration Tests[2m > [22m[2mProperty Intelligence Endpoints (16 endpoints)[2m > [22m[2mPOST /api/property-intelligence/census/economics - should get economic data
[22m[39m2026-03-11T03:59:59.046Z INFO [App] Request completed {"correlationId":"99b66c0e-a6d5-42c5-9c73-d899093917b8","method":"GET","url":"/api/property-intelligence/census/economics?latitude=37.4224764&longitude=-122.0842499","statusCode":200,"duration":"330ms"}
2026-03-11T03:59:59.046Z INFO [App] Request completed {"correlationId":"99b66c0e-a6d5-42c5-9c73-d899093917b8","method":"GET","url":"/api/property-intelligence/census/economics?latitude=37.4224764&longitude=-122.0842499","statusCode":200,"duration":"330ms"}

::ffff:127.0.0.1 - - [11/Mar/2026:03:59:59 +0000] "GET /api/property-intelligence/census/economics?latitude=37.4224764&longitude=-122.0842499 HTTP/1.1" 200 - "-" "-"
[90mstdout[2m | tests/integration/comprehensive-api.test.ts[2m > [22m[2mComprehensive Production API Integration Tests[2m > [22m[2mProperty Intelligence Endpoints (16 endpoints)[2m > [22m[2mPOST /api/property-intelligence/census/economics - should get economic data
[22m[39mΓ£à Census economics reachable (status: 200)

[90mstdout[2m | tests/integration/comprehensive-api.test.ts[2m > [22m[2mComprehensive Production API Integration Tests[2m > [22m[2mProperty Intelligence Endpoints (16 endpoints)[2m > [22m[2mPOST /api/property-intelligence/census/housing - should get housing data
[22m[39m2026-03-11T03:59:59.058Z INFO [App] Incoming request {"correlationId":"78167e58-ba98-4a8b-b581-c714137e5a9f","method":"GET","url":"/api/property-intelligence/census/housing?latitude=37.4224764&longitude=-122.0842499","ip":"::ffff:127.0.0.1"}

 [32mΓ£ô[39m tests/comprehensive-api.test.ts[2m > [22mAppraisal Management API - Comprehensive Tests[2m > [22mProperty Intelligence Endpoints[2m > [22mshould get census demographics[33m 677[2mms[22m[39m
[90mstdout[2m | tests/integration/comprehensive-api.test.ts[2m > [22m[2mComprehensive Production API Integration Tests[2m > [22m[2mProperty Intelligence Endpoints (16 endpoints)[2m > [22m[2mPOST /api/property-intelligence/census/housing - should get housing data
[22m[39m2026-03-11T03:59:59.060Z INFO [App] Census housing request received {"coordinates":{"latitude":37.4224764,"longitude":-122.0842499}}
2026-03-11T03:59:59.060Z INFO [App] Fetching Census housing intelligence {"coordinates":{"latitude":37.4224764,"longitude":-122.0842499}}

[90mstdout[2m | tests/integration/comprehensive-api.test.ts[2m > [22m[2mComprehensive Production API Integration Tests[2m > [22m[2mProperty Intelligence Endpoints (16 endpoints)[2m > [22m[2mPOST /api/property-intelligence/census/housing - should get housing data
[22m[39m2026-03-11T03:59:59.061Z INFO [App] Starting Census housing analysis {"coordinates":{"latitude":37.4224764,"longitude":-122.0842499}}

 [32mΓ£ô[39m tests/integration/comprehensive-api.test.ts[2m > [22mComprehensive Production API Integration Tests[2m > [22mProperty Intelligence Endpoints (16 endpoints)[2m > [22mPOST /api/property-intelligence/census/economics - should get economic data[33m 339[2mms[22m[39m
[90mstdout[2m | tests/comprehensive-api.test.ts[2m > [22m[2mAppraisal Management API - Comprehensive Tests[2m > [22m[2mProperty Intelligence Endpoints[2m > [22m[2mshould get census economics
[22m[39m2026-03-11T03:59:59.280Z INFO [App] Census economic analysis completed {"coordinates":{"latitude":37.4224764,"longitude":-122.0842499},"score":69}

[90mstdout[2m | tests/comprehensive-api.test.ts[2m > [22m[2mAppraisal Management API - Comprehensive Tests[2m > [22m[2mProperty Intelligence Endpoints[2m > [22m[2mshould get census economics
[22m[39m2026-03-11T03:59:59.280Z INFO [App] Request completed {"correlationId":"ef8db4dc-281a-4ba1-b446-a8ad5a6bcdbb","method":"GET","url":"/api/property-intelligence/census/economics?latitude=37.4224764&longitude=-122.0842499","statusCode":200,"duration":"329ms"}
2026-03-11T03:59:59.280Z INFO [App] Request completed {"correlationId":"ef8db4dc-281a-4ba1-b446-a8ad5a6bcdbb","method":"GET","url":"/api/property-intelligence/census/economics?latitude=37.4224764&longitude=-122.0842499","statusCode":200,"duration":"329ms"}

::ffff:127.0.0.1 - - [11/Mar/2026:03:59:59 +0000] "GET /api/property-intelligence/census/economics?latitude=37.4224764&longitude=-122.0842499 HTTP/1.1" 200 - "-" "-"
[90mstdout[2m | tests/comprehensive-api.test.ts[2m > [22m[2mAppraisal Management API - Comprehensive Tests[2m > [22m[2mProperty Intelligence Endpoints[2m > [22m[2mshould get census housing data
[22m[39m2026-03-11T03:59:59.294Z INFO [App] Incoming request {"correlationId":"7875f20e-6bf1-469c-a8c6-a8f73d9ca677","method":"GET","url":"/api/property-intelligence/census/housing?latitude=37.4224764&longitude=-122.0842499","ip":"::ffff:127.0.0.1"}

[90mstdout[2m | tests/comprehensive-api.test.ts[2m > [22m[2mAppraisal Management API - Comprehensive Tests[2m > [22m[2mProperty Intelligence Endpoints[2m > [22m[2mshould get census housing data
[22m[39m2026-03-11T03:59:59.298Z INFO [App] Census housing request received {"coordinates":{"latitude":37.4224764,"longitude":-122.0842499}}
2026-03-11T03:59:59.298Z INFO [App] Fetching Census housing intelligence {"coordinates":{"latitude":37.4224764,"longitude":-122.0842499}}

[90mstdout[2m | tests/comprehensive-api.test.ts[2m > [22m[2mAppraisal Management API - Comprehensive Tests[2m > [22m[2mProperty Intelligence Endpoints[2m > [22m[2mshould get census housing data
[22m[39m2026-03-11T03:59:59.299Z INFO [App] Starting Census housing analysis {"coordinates":{"latitude":37.4224764,"longitude":-122.0842499}}

 [32mΓ£ô[39m tests/comprehensive-api.test.ts[2m > [22mAppraisal Management API - Comprehensive Tests[2m > [22mProperty Intelligence Endpoints[2m > [22mshould get census economics[33m 339[2mms[22m[39m
[90mstdout[2m | tests/integration/comprehensive-api.test.ts[2m > [22m[2mComprehensive Production API Integration Tests[2m > [22m[2mProperty Intelligence Endpoints (16 endpoints)[2m > [22m[2mPOST /api/property-intelligence/census/housing - should get housing data
[22m[39m2026-03-11T03:59:59.429Z INFO [App] Census housing analysis completed {"coordinates":{"latitude":37.4224764,"longitude":-122.0842499},"score":32}

[90mstdout[2m | tests/integration/comprehensive-api.test.ts[2m > [22m[2mComprehensive Production API Integration Tests[2m > [22m[2mProperty Intelligence Endpoints (16 endpoints)[2m > [22m[2mPOST /api/property-intelligence/census/housing - should get housing data
[22m[39m2026-03-11T03:59:59.430Z INFO [App] Request completed {"correlationId":"78167e58-ba98-4a8b-b581-c714137e5a9f","method":"GET","url":"/api/property-intelligence/census/housing?latitude=37.4224764&longitude=-122.0842499","statusCode":200,"duration":"372ms"}
2026-03-11T03:59:59.430Z INFO [App] Request completed {"correlationId":"78167e58-ba98-4a8b-b581-c714137e5a9f","method":"GET","url":"/api/property-intelligence/census/housing?latitude=37.4224764&longitude=-122.0842499","statusCode":200,"duration":"372ms"}

::ffff:127.0.0.1 - - [11/Mar/2026:03:59:59 +0000] "GET /api/property-intelligence/census/housing?latitude=37.4224764&longitude=-122.0842499 HTTP/1.1" 200 - "-" "-"
[90mstdout[2m | tests/integration/comprehensive-api.test.ts[2m > [22m[2mComprehensive Production API Integration Tests[2m > [22m[2mProperty Intelligence Endpoints (16 endpoints)[2m > [22m[2mPOST /api/property-intelligence/census/housing - should get housing data
[22m[39mΓ£à Census housing reachable (status: 200)

[90mstdout[2m | tests/integration/comprehensive-api.test.ts[2m > [22m[2mComprehensive Production API Integration Tests[2m > [22m[2mProperty Intelligence Endpoints (16 endpoints)[2m > [22m[2mPOST /api/property-intelligence/census/comprehensive - should get comprehensive census data
[22m[39m2026-03-11T03:59:59.437Z INFO [App] Incoming request {"correlationId":"b4dde1c9-7f31-4651-b139-cdad1123144e","method":"GET","url":"/api/property-intelligence/census/comprehensive?latitude=37.4224764&longitude=-122.0842499","ip":"::ffff:127.0.0.1"}

[90mstdout[2m | tests/integration/comprehensive-api.test.ts[2m > [22m[2mComprehensive Production API Integration Tests[2m > [22m[2mProperty Intelligence Endpoints (16 endpoints)[2m > [22m[2mPOST /api/property-intelligence/census/comprehensive - should get comprehensive census data
[22m[39m2026-03-11T03:59:59.440Z INFO [App] Comprehensive Census intelligence request received {"coordinates":{"latitude":37.4224764,"longitude":-122.0842499}}
2026-03-11T03:59:59.440Z INFO [App] Starting comprehensive Census intelligence analysis {"coordinates":{"latitude":37.4224764,"longitude":-122.0842499}}

[90mstdout[2m | tests/integration/comprehensive-api.test.ts[2m > [22m[2mComprehensive Production API Integration Tests[2m > [22m[2mProperty Intelligence Endpoints (16 endpoints)[2m > [22m[2mPOST /api/property-intelligence/census/comprehensive - should get comprehensive census data
[22m[39m2026-03-11T03:59:59.440Z INFO [App] Census demographic data retrieved from cache {"coordinates":{"latitude":37.4224764,"longitude":-122.0842499}}

[90mstdout[2m | tests/integration/comprehensive-api.test.ts[2m > [22m[2mComprehensive Production API Integration Tests[2m > [22m[2mProperty Intelligence Endpoints (16 endpoints)[2m > [22m[2mPOST /api/property-intelligence/census/comprehensive - should get comprehensive census data
[22m[39m2026-03-11T03:59:59.441Z INFO [App] Comprehensive Census intelligence analysis completed {"coordinates":{"latitude":37.4224764,"longitude":-122.0842499},"overallCommunityScore":58,"demographicScore":70,"economicScore":69,"housingScore":32}

[90mstdout[2m | tests/integration/comprehensive-api.test.ts[2m > [22m[2mComprehensive Production API Integration Tests[2m > [22m[2mProperty Intelligence Endpoints (16 endpoints)[2m > [22m[2mPOST /api/property-intelligence/census/comprehensive - should get comprehensive census data
[22m[39m2026-03-11T03:59:59.441Z INFO [App] Request completed {"correlationId":"b4dde1c9-7f31-4651-b139-cdad1123144e","method":"GET","url":"/api/property-intelligence/census/comprehensive?latitude=37.4224764&longitude=-122.0842499","statusCode":200,"duration":"4ms"}
2026-03-11T03:59:59.441Z INFO [App] Request completed {"correlationId":"b4dde1c9-7f31-4651-b139-cdad1123144e","method":"GET","url":"/api/property-intelligence/census/comprehensive?latitude=37.4224764&longitude=-122.0842499","statusCode":200,"duration":"4ms"}

::ffff:127.0.0.1 - - [11/Mar/2026:03:59:59 +0000] "GET /api/property-intelligence/census/comprehensive?latitude=37.4224764&longitude=-122.0842499 HTTP/1.1" 200 - "-" "-"
[90mstdout[2m | tests/integration/comprehensive-api.test.ts[2m > [22m[2mComprehensive Production API Integration Tests[2m > [22m[2mProperty Intelligence Endpoints (16 endpoints)[2m > [22m[2mPOST /api/property-intelligence/census/comprehensive - should get comprehensive census data
[22m[39mΓ£à Census comprehensive reachable (status: 200)

[90mstdout[2m | tests/integration/comprehensive-api.test.ts[2m > [22m[2mComprehensive Production API Integration Tests[2m > [22m[2mProperty Intelligence Endpoints (16 endpoints)[2m > [22m[2mPOST /api/property-intelligence/places/nearby - should find nearby places
[22m[39m2026-03-11T03:59:59.451Z INFO [App] Incoming request {"correlationId":"de2418bf-118d-47f1-bdec-fad86c718819","method":"POST","url":"/api/property-intelligence/places/nearby","ip":"::ffff:127.0.0.1"}

::ffff:127.0.0.1 - - [11/Mar/2026:03:59:59 +0000] "POST /api/property-intelligence/places/nearby HTTP/1.1" 404 108 "-" "-"
[90mstderr[2m | tests/integration/comprehensive-api.test.ts[2m > 
[22m[2mComprehensive Production API Integration Tests[2m > 
[22m[2mProperty Intelligence Endpoints (16 endpoints)[2m > [22m[2mPOST 
/api/property-intelligence/places/nearby - should find nearby places
[22m[39m2026-03-11T03:59:59.452Z WARN [App] Request completed with error {"co
rrelationId":"de2418bf-118d-47f1-bdec-fad86c718819","method":"POST","url":"/api
/property-intelligence/places/nearby","statusCode":404,"duration":"1ms"}

[90mstdout[2m | tests/integration/comprehensive-api.test.ts[2m > [22m[2mComprehensive Production API Integration Tests[2m > [22m[2mProperty Intelligence Endpoints (16 endpoints)[2m > [22m[2mPOST /api/property-intelligence/places/nearby - should find nearby places
[22m[39m2026-03-11T03:59:59.452Z INFO [App] Request completed {"correlationId":"de2418bf-118d-47f1-bdec-fad86c718819","method":"POST","url":"/api/property-intelligence/places/nearby","statusCode":404,"duration":"1ms"}
2026-03-11T03:59:59.452Z INFO [App] Request completed {"correlationId":"de2418bf-118d-47f1-bdec-fad86c718819","method":"POST","url":"/api/property-intelligence/places/nearby","statusCode":404,"duration":"1ms"}

[90mstdout[2m | tests/integration/comprehensive-api.test.ts[2m > [22m[2mComprehensive Production API Integration Tests[2m > [22m[2mProperty Intelligence Endpoints (16 endpoints)[2m > [22m[2mPOST /api/property-intelligence/places/nearby - should find nearby places
[22m[39mΓ£à Nearby places found

[90mstdout[2m | tests/integration/comprehensive-api.test.ts[2m > [22m[2mComprehensive Production API Integration Tests[2m > [22m[2mEnd-to-End Workflow Integration[2m > [22m[2mshould complete full appraisal workflow across all systems
[22m[39m
≡ƒÜÇ Starting comprehensive end-to-end workflow test...
Step 1: Creating new order...

[90mstdout[2m | tests/integration/comprehensive-api.test.ts[2m > [22m[2mComprehensive Production API Integration Tests[2m > [22m[2mEnd-to-End Workflow Integration[2m > [22m[2mshould complete full appraisal workflow across all systems
[22m[39m2026-03-11T03:59:59.460Z INFO [App] Incoming request {"correlationId":"cfd50669-93bb-46a6-9120-ffa9f22fb681","method":"POST","url":"/api/orders","ip":"::ffff:127.0.0.1"}

[90mstdout[2m | tests/integration/comprehensive-api.test.ts[2m > [22m[2mComprehensive Production API Integration Tests[2m > [22m[2mEnd-to-End Workflow Integration[2m > [22m[2mshould complete full appraisal workflow across all systems
[22m[39m2026-03-11T03:59:59.517Z INFO [App] Order created successfully {"orderId":"1773201599464-4lx4f4xxk"}

[90mstderr[2m | tests/integration/comprehensive-api.test.ts[2m > 
[22m[2mComprehensive Production API Integration Tests[2m > 
[22m[2mEnd-to-End Workflow Integration[2m > [22m[2mshould complete full 
appraisal workflow across all systems
[22m[39m2026-03-11T03:59:59.518Z ERROR [App] Failed to create document in 
audit-trail {"error":{}}
2026-03-11T03:59:59.518Z ERROR [App] Failed to log audit event 
{"error":"Database not initialized","action":"order.created","resource":{"type"
:"order","id":"1773201599464-4lx4f4xxk"}}

[90mstdout[2m | tests/integration/comprehensive-api.test.ts[2m > [22m[2mComprehensive Production API Integration Tests[2m > [22m[2mEnd-to-End Workflow Integration[2m > [22m[2mshould complete full appraisal workflow across all systems
[22m[39m2026-03-11T03:59:59.518Z INFO [App] Mock Service Bus: Event published {"topic":"order-events","eventType":"ORDER_CREATED","orderId":"1773201599464-4lx4f4xxk","timestamp":"2026-03-11T03:59:59.518Z"}
2026-03-11T03:59:59.518Z INFO [App] Request completed {"correlationId":"cfd50669-93bb-46a6-9120-ffa9f22fb681","method":"POST","url":"/api/orders","statusCode":201,"duration":"58ms"}
2026-03-11T03:59:59.518Z INFO [App] Request completed {"correlationId":"cfd50669-93bb-46a6-9120-ffa9f22fb681","method":"POST","url":"/api/orders","statusCode":201,"duration":"58ms"}
2026-03-11T03:59:59.518Z INFO [App] Order created event published {"orderId":"1773201599464-4lx4f4xxk"}

::ffff:127.0.0.1 - - [11/Mar/2026:03:59:59 +0000] "POST /api/orders HTTP/1.1" 201 - "-" "-"
[90mstdout[2m | tests/integration/comprehensive-api.test.ts[2m > [22m[2mComprehensive Production API Integration Tests[2m > [22m[2mEnd-to-End Workflow Integration[2m > [22m[2mshould complete full appraisal workflow across all systems
[22m[39mΓ£à Order created: E2E-WORKFLOW-1773201599456
Step 2: Creating vendor...

[90mstdout[2m | tests/integration/comprehensive-api.test.ts[2m > [22m[2mComprehensive Production API Integration Tests[2m > [22m[2mEnd-to-End Workflow Integration[2m > [22m[2mshould complete full appraisal workflow across all systems
[22m[39m2026-03-11T03:59:59.525Z INFO [App] Incoming request {"correlationId":"f867223f-d8eb-48e9-a396-2adc634259ff","method":"POST","url":"/api/vendors","ip":"::ffff:127.0.0.1"}

 [32mΓ£ô[39m tests/integration/comprehensive-api.test.ts[2m > [22mComprehensive Production API Integration Tests[2m > [22mProperty Intelligence Endpoints (16 endpoints)[2m > [22mPOST /api/property-intelligence/census/housing - should get housing data[33m 382[2mms[22m[39m
 [32mΓ£ô[39m tests/integration/comprehensive-api.test.ts[2m > [22mComprehensive Production API Integration Tests[2m > [22mProperty Intelligence Endpoints (16 endpoints)[2m > [22mPOST /api/property-intelligence/census/comprehensive - should get comprehensive census data[32m 11[2mms[22m[39m
 [32mΓ£ô[39m tests/integration/comprehensive-api.test.ts[2m > [22mComprehensive Production API Integration Tests[2m > [22mProperty Intelligence Endpoints (16 endpoints)[2m > [22mPOST /api/property-intelligence/places/nearby - should find nearby places[32m 10[2mms[22m[39m
[90mstdout[2m | tests/integration/comprehensive-api.test.ts[2m > [22m[2mComprehensive Production API Integration Tests[2m > [22m[2mEnd-to-End Workflow Integration[2m > [22m[2mshould complete full appraisal workflow across all systems
[22m[39m2026-03-11T03:59:59.574Z INFO [App] Vendor created successfully {"vendorId":"1773201599529-b042sisyv"}

[90mstdout[2m | tests/integration/comprehensive-api.test.ts[2m > [22m[2mComprehensive Production API Integration Tests[2m > [22m[2mEnd-to-End Workflow Integration[2m > [22m[2mshould complete full appraisal workflow across all systems
[22m[39m2026-03-11T03:59:59.574Z INFO [VendorController] Vendor created {"vendorId":"1773201599529-b042sisyv"}
2026-03-11T03:59:59.574Z INFO [App] Request completed {"correlationId":"f867223f-d8eb-48e9-a396-2adc634259ff","method":"POST","url":"/api/vendors","statusCode":201,"duration":"49ms"}
2026-03-11T03:59:59.574Z INFO [App] Request completed {"correlationId":"f867223f-d8eb-48e9-a396-2adc634259ff","method":"POST","url":"/api/vendors","statusCode":201,"duration":"49ms"}

::ffff:127.0.0.1 - - [11/Mar/2026:03:59:59 +0000] "POST /api/vendors HTTP/1.1" 201 - "-" "-"
[90mstdout[2m | tests/integration/comprehensive-api.test.ts[2m > [22m[2mComprehensive Production API Integration Tests[2m > [22m[2mEnd-to-End Workflow Integration[2m > [22m[2mshould complete full appraisal workflow across all systems
[22m[39mΓ£à Vendor created (ID: 1773201599529-b042sisyv)
Step 3: Assigning vendor to order...

[90mstdout[2m | tests/integration/comprehensive-api.test.ts[2m > [22m[2mComprehensive Production API Integration Tests[2m > [22m[2mEnd-to-End Workflow Integration[2m > [22m[2mshould complete full appraisal workflow across all systems
[22m[39m2026-03-11T03:59:59.585Z INFO [App] Incoming request {"correlationId":"db9dda2c-c2c3-4815-a1e8-f165290236ab","method":"POST","url":"/api/orders/1773201599464-4lx4f4xxk/assign","ip":"::ffff:127.0.0.1"}

[90mstdout[2m | tests/comprehensive-api.test.ts[2m > [22m[2mAppraisal Management API - Comprehensive Tests[2m > [22m[2mProperty Intelligence Endpoints[2m > [22m[2mshould get census housing data
[22m[39m2026-03-11T03:59:59.632Z INFO [App] Census housing analysis completed {"coordinates":{"latitude":37.4224764,"longitude":-122.0842499},"score":32}

[90mstdout[2m | tests/comprehensive-api.test.ts[2m > [22m[2mAppraisal Management API - Comprehensive Tests[2m > [22m[2mProperty Intelligence Endpoints[2m > [22m[2mshould get census housing data
[22m[39m2026-03-11T03:59:59.632Z INFO [App] Request completed {"correlationId":"7875f20e-6bf1-469c-a8c6-a8f73d9ca677","method":"GET","url":"/api/property-intelligence/census/housing?latitude=37.4224764&longitude=-122.0842499","statusCode":200,"duration":"338ms"}
2026-03-11T03:59:59.632Z INFO [App] Request completed {"correlationId":"7875f20e-6bf1-469c-a8c6-a8f73d9ca677","method":"GET","url":"/api/property-intelligence/census/housing?latitude=37.4224764&longitude=-122.0842499","statusCode":200,"duration":"338ms"}

::ffff:127.0.0.1 - - [11/Mar/2026:03:59:59 +0000] "GET /api/property-intelligence/census/housing?latitude=37.4224764&longitude=-122.0842499 HTTP/1.1" 200 - "-" "-"
[90mstdout[2m | tests/comprehensive-api.test.ts[2m > [22m[2mAppraisal Management API - Comprehensive Tests[2m > [22m[2mProperty Intelligence Endpoints[2m > [22m[2mshould get comprehensive census intelligence
[22m[39m2026-03-11T03:59:59.643Z INFO [App] Incoming request {"correlationId":"6ce4fe51-5a3f-4d1a-b8fe-7b264bd5c584","method":"GET","url":"/api/property-intelligence/census/comprehensive?latitude=37.4224764&longitude=-122.0842499","ip":"::ffff:127.0.0.1"}

[90mstdout[2m | tests/comprehensive-api.test.ts[2m > [22m[2mAppraisal Management API - Comprehensive Tests[2m > [22m[2mProperty Intelligence Endpoints[2m > [22m[2mshould get comprehensive census intelligence
[22m[39m2026-03-11T03:59:59.645Z INFO [App] Comprehensive Census intelligence request received {"coordinates":{"latitude":37.4224764,"longitude":-122.0842499}}
2026-03-11T03:59:59.645Z INFO [App] Starting comprehensive Census intelligence analysis {"coordinates":{"latitude":37.4224764,"longitude":-122.0842499}}

[90mstdout[2m | tests/comprehensive-api.test.ts[2m > [22m[2mAppraisal Management API - Comprehensive Tests[2m > [22m[2mProperty Intelligence Endpoints[2m > [22m[2mshould get comprehensive census intelligence
[22m[39m2026-03-11T03:59:59.646Z INFO [App] Census demographic data retrieved from cache {"coordinates":{"latitude":37.4224764,"longitude":-122.0842499}}

[90mstdout[2m | tests/comprehensive-api.test.ts[2m > [22m[2mAppraisal Management API - Comprehensive Tests[2m > [22m[2mProperty Intelligence Endpoints[2m > [22m[2mshould get comprehensive census intelligence
[22m[39m2026-03-11T03:59:59.646Z INFO [App] Comprehensive Census intelligence analysis completed {"coordinates":{"latitude":37.4224764,"longitude":-122.0842499},"overallCommunityScore":58,"demographicScore":70,"economicScore":69,"housingScore":32}

[90mstdout[2m | tests/comprehensive-api.test.ts[2m > [22m[2mAppraisal Management API - Comprehensive Tests[2m > [22m[2mProperty Intelligence Endpoints[2m > [22m[2mshould get comprehensive census intelligence
[22m[39m2026-03-11T03:59:59.646Z INFO [App] Request completed {"correlationId":"6ce4fe51-5a3f-4d1a-b8fe-7b264bd5c584","method":"GET","url":"/api/property-intelligence/census/comprehensive?latitude=37.4224764&longitude=-122.0842499","statusCode":200,"duration":"3ms"}
2026-03-11T03:59:59.646Z INFO [App] Request completed {"correlationId":"6ce4fe51-5a3f-4d1a-b8fe-7b264bd5c584","method":"GET","url":"/api/property-intelligence/census/comprehensive?latitude=37.4224764&longitude=-122.0842499","statusCode":200,"duration":"3ms"}

::ffff:127.0.0.1 - - [11/Mar/2026:03:59:59 +0000] "GET /api/property-intelligence/census/comprehensive?latitude=37.4224764&longitude=-122.0842499 HTTP/1.1" 200 - "-" "-"
[90mstdout[2m | tests/comprehensive-api.test.ts[2m > [22m[2mAppraisal Management API - Comprehensive Tests[2m > [22m[2mProperty Intelligence Endpoints[2m > [22m[2mshould check property intelligence health
[22m[39m2026-03-11T03:59:59.655Z INFO [App] Incoming request {"correlationId":"0b0f7a95-00de-4b9a-81bb-bb8131df25f9","method":"GET","url":"/api/property-intelligence/health","ip":"::ffff:127.0.0.1"}

[90mstdout[2m | tests/comprehensive-api.test.ts[2m > [22m[2mAppraisal Management API - Comprehensive Tests[2m > [22m[2mProperty Intelligence Endpoints[2m > [22m[2mshould check property intelligence health
[22m[39m2026-03-11T03:59:59.656Z INFO [App] Request completed {"correlationId":"0b0f7a95-00de-4b9a-81bb-bb8131df25f9","method":"GET","url":"/api/property-intelligence/health","statusCode":200,"duration":"1ms"}
2026-03-11T03:59:59.656Z INFO [App] Request completed {"correlationId":"0b0f7a95-00de-4b9a-81bb-bb8131df25f9","method":"GET","url":"/api/property-intelligence/health","statusCode":200,"duration":"1ms"}

::ffff:127.0.0.1 - - [11/Mar/2026:03:59:59 +0000] "GET /api/property-intelligence/health HTTP/1.1" 200 350 "-" "-"
[90mstdout[2m | tests/comprehensive-api.test.ts[2m > [22m[2mAppraisal Management API - Comprehensive Tests[2m > [22m[2mDynamic Code Execution Endpoints[2m > [22m[2mshould execute simple JavaScript code
[22m[39m2026-03-11T03:59:59.664Z INFO [App] Incoming request {"correlationId":"45189d73-73c1-4102-9636-68b4899c1e3c","method":"POST","url":"/api/code/execute","ip":"::ffff:127.0.0.1"}

[90mstdout[2m | tests/comprehensive-api.test.ts[2m > [22m[2mAppraisal Management API - Comprehensive Tests[2m > [22m[2mDynamic Code Execution Endpoints[2m > [22m[2mshould execute simple JavaScript code
[22m[39m2026-03-11T03:59:59.672Z INFO [App] Request completed {"correlationId":"45189d73-73c1-4102-9636-68b4899c1e3c","method":"POST","url":"/api/code/execute","statusCode":200,"duration":"8ms"}
2026-03-11T03:59:59.672Z INFO [App] Request completed {"correlationId":"45189d73-73c1-4102-9636-68b4899c1e3c","method":"POST","url":"/api/code/execute","statusCode":200,"duration":"8ms"}

::ffff:127.0.0.1 - - [11/Mar/2026:03:59:59 +0000] "POST /api/code/execute HTTP/1.1" 200 134 "-" "-"
[90mstdout[2m | tests/comprehensive-api.test.ts[2m > [22m[2mAppraisal Management API - Comprehensive Tests[2m > [22m[2mDynamic Code Execution Endpoints[2m > [22m[2mshould execute code with context variables
[22m[39m2026-03-11T03:59:59.678Z INFO [App] Incoming request {"correlationId":"e5a16579-7651-4ad0-88af-40242c02841e","method":"POST","url":"/api/code/execute","ip":"::ffff:127.0.0.1"}

[90mstdout[2m | tests/comprehensive-api.test.ts[2m > [22m[2mAppraisal Management API - Comprehensive Tests[2m > [22m[2mDynamic Code Execution Endpoints[2m > [22m[2mshould execute code with context variables
[22m[39m2026-03-11T03:59:59.683Z INFO [App] Request completed {"correlationId":"e5a16579-7651-4ad0-88af-40242c02841e","method":"POST","url":"/api/code/execute","statusCode":200,"duration":"5ms"}
2026-03-11T03:59:59.683Z INFO [App] Request completed {"correlationId":"e5a16579-7651-4ad0-88af-40242c02841e","method":"POST","url":"/api/code/execute","statusCode":200,"duration":"5ms"}

::ffff:127.0.0.1 - - [11/Mar/2026:03:59:59 +0000] "POST /api/code/execute HTTP/1.1" 200 162 "-" "-"
[90mstdout[2m | tests/comprehensive-api.test.ts[2m > [22m[2mAppraisal Management API - Comprehensive Tests[2m > [22m[2mDynamic Code Execution Endpoints[2m > [22m[2mshould handle code execution errors gracefully
[22m[39m2026-03-11T03:59:59.691Z INFO [App] Incoming request {"correlationId":"5947cfa1-0657-4bb3-99de-f9a40c659b8e","method":"POST","url":"/api/code/execute","ip":"::ffff:127.0.0.1"}

[90mstderr[2m | tests/comprehensive-api.test.ts[2m > [22m[2mAppraisal 
Management API - Comprehensive Tests[2m > [22m[2mDynamic Code Execution 
Endpoints[2m > [22m[2mshould handle code execution errors gracefully
[22m[39m2026-03-11T03:59:59.695Z ERROR [DynamicCodeExecutionService] Code 
execution failed {"error":"Execution error: Intentional 
error","executionTime":1,"codePreview":"throw new Error(\"Intentional 
error\");"}

[90mstdout[2m | tests/comprehensive-api.test.ts[2m > [22m[2mAppraisal Management API - Comprehensive Tests[2m > [22m[2mDynamic Code Execution Endpoints[2m > [22m[2mshould handle code execution errors gracefully
[22m[39m2026-03-11T03:59:59.696Z INFO [App] Request completed {"correlationId":"5947cfa1-0657-4bb3-99de-f9a40c659b8e","method":"POST","url":"/api/code/execute","statusCode":200,"duration":"5ms"}
2026-03-11T03:59:59.696Z INFO [App] Request completed {"correlationId":"5947cfa1-0657-4bb3-99de-f9a40c659b8e","method":"POST","url":"/api/code/execute","statusCode":200,"duration":"5ms"}

::ffff:127.0.0.1 - - [11/Mar/2026:03:59:59 +0000] "POST /api/code/execute HTTP/1.1" 200 119 "-" "-"
[90mstdout[2m | tests/comprehensive-api.test.ts[2m > [22m[2mAppraisal Management API - Comprehensive Tests[2m > [22m[2mDynamic Code Execution Endpoints[2m > [22m[2mshould respect timeout limits
[22m[39m2026-03-11T03:59:59.702Z INFO [App] Incoming request {"correlationId":"b5dab3d3-ccd6-4d98-bee6-d3f002ab2061","method":"POST","url":"/api/code/execute","ip":"::ffff:127.0.0.1"}

[90mstdout[2m | tests/integration/comprehensive-api.test.ts[2m > [22m[2mComprehensive Production API Integration Tests[2m > [22m[2mEnd-to-End Workflow Integration[2m > [22m[2mshould complete full appraisal workflow across all systems
[22m[39m2026-03-11T03:59:59.773Z INFO [App] Mock Service Bus: Event published {"topic":"order-events","eventType":"ORDER_STATUS_CHANGED","orderId":"1773201599464-4lx4f4xxk","timestamp":"2026-03-11T03:59:59.773Z"}
2026-03-11T03:59:59.773Z INFO [App] Request completed {"correlationId":"db9dda2c-c2c3-4815-a1e8-f165290236ab","method":"POST","url":"/api/orders/1773201599464-4lx4f4xxk/assign","statusCode":200,"duration":"188ms"}
2026-03-11T03:59:59.774Z INFO [App] Request completed {"correlationId":"db9dda2c-c2c3-4815-a1e8-f165290236ab","method":"POST","url":"/api/orders/1773201599464-4lx4f4xxk/assign","statusCode":200,"duration":"189ms"}
2026-03-11T03:59:59.774Z INFO [App] Order status changed event published {"orderId":"1773201599464-4lx4f4xxk","oldStatus":"NEW","newStatus":"ASSIGNED"}

[90mstderr[2m | tests/integration/comprehensive-api.test.ts[2m > 
[22m[2mComprehensive Production API Integration Tests[2m > 
[22m[2mEnd-to-End Workflow Integration[2m > [22m[2mshould complete full 
appraisal workflow across all systems
[22m[39m2026-03-11T03:59:59.773Z ERROR [App] Failed to create document in 
audit-trail {"error":{}}
2026-03-11T03:59:59.773Z ERROR [App] Failed to find vendor 
{"error":{},"id":"1773201599529-b042sisyv"}
2026-03-11T03:59:59.774Z ERROR [App] Failed to log audit event 
{"error":"Database not initialized","action":"order.assigned","resource":{"type
":"order","id":"1773201599464-4lx4f4xxk"}}
2026-03-11T03:59:59.774Z WARN [OrderNotificationService] Vendor not found for 
notification lookup 
{"vendorId":"1773201599529-b042sisyv","orderId":"1773201599464-4lx4f4xxk"}

[90mstderr[2m | tests/integration/comprehensive-api.test.ts[2m > 
[22m[2mComprehensive Production API Integration Tests[2m > 
[22m[2mEnd-to-End Workflow Integration[2m > [22m[2mshould complete full 
appraisal workflow across all systems
[22m[39m2026-03-11T03:59:59.803Z WARN [OrderNotificationService] Vendor has 
no email ΓÇö skipping assignment email 
{"orderId":"1773201599464-4lx4f4xxk","vendorId":"1773201599529-b042sisyv"}
2026-03-11T03:59:59.804Z WARN [OrderNotificationService] Vendor has no phone 
ΓÇö skipping assignment SMS 
{"orderId":"1773201599464-4lx4f4xxk","vendorId":"1773201599529-b042sisyv"}

[90mstdout[2m | tests/integration/comprehensive-api.test.ts[2m > [22m[2mComprehensive Production API Integration Tests[2m > [22m[2mEnd-to-End Workflow Integration[2m > [22m[2mshould complete full appraisal workflow across all systems
[22m[39m2026-03-11T03:59:59.804Z INFO [App] Sending Teams channel message {"teamId":"52666905-2a73-4055-874d-dafe2bf52349","channelId":"19:D3j8lYCeG39rvx8pGb0y01Tj0WReb2P9qZUzrHe7GN81@thread.tacv2","subject":"New Appraisal Assignment ΓÇö Order E2E-WORKFLOW-1773201599456"}

[90mstderr[2m | tests/comprehensive-api.test.ts[2m > [22m[2mAppraisal 
Management API - Comprehensive Tests[2m > [22m[2mDynamic Code Execution 
Endpoints[2m > [22m[2mshould respect timeout limits
[22m[39m2026-03-11T03:59:59.815Z ERROR [DynamicCodeExecutionService] Code 
execution failed {"error":"Code execution timeout after 
100ms","executionTime":110,"codePreview":"while(true) { /* infinite loop */ }"}

[90mstdout[2m | tests/comprehensive-api.test.ts[2m > [22m[2mAppraisal Management API - Comprehensive Tests[2m > [22m[2mDynamic Code Execution Endpoints[2m > [22m[2mshould respect timeout limits
[22m[39m2026-03-11T03:59:59.815Z INFO [App] Request completed {"correlationId":"b5dab3d3-ccd6-4d98-bee6-d3f002ab2061","method":"POST","url":"/api/code/execute","statusCode":200,"duration":"113ms"}
2026-03-11T03:59:59.815Z INFO [App] Request completed {"correlationId":"b5dab3d3-ccd6-4d98-bee6-d3f002ab2061","method":"POST","url":"/api/code/execute","statusCode":200,"duration":"113ms"}

::ffff:127.0.0.1 - - [11/Mar/2026:03:59:59 +0000] "POST /api/code/execute HTTP/1.1" 200 121 "-" "-"
 [32mΓ£ô[39m tests/comprehensive-api.test.ts[2m > [22mAppraisal Management API - Comprehensive Tests[2m > [22mProperty Intelligence Endpoints[2m > [22mshould get census housing data[33m 352[2mms[22m[39m
 [32mΓ£ô[39m tests/comprehensive-api.test.ts[2m > [22mAppraisal Management API - Comprehensive Tests[2m > [22mProperty Intelligence Endpoints[2m > [22mshould get comprehensive census intelligence[32m 12[2mms[22m[39m
 [32mΓ£ô[39m tests/comprehensive-api.test.ts[2m > [22mAppraisal Management API - Comprehensive Tests[2m > [22mProperty Intelligence Endpoints[2m > [22mshould check property intelligence health[32m 8[2mms[22m[39m
 [32mΓ£ô[39m tests/comprehensive-api.test.ts[2m > [22mAppraisal Management API - Comprehensive Tests[2m > [22mDynamic Code Execution Endpoints[2m > [22mshould execute simple JavaScript code[32m 15[2mms[22m[39m
 [32mΓ£ô[39m tests/comprehensive-api.test.ts[2m > [22mAppraisal Management API - Comprehensive Tests[2m > [22mDynamic Code Execution Endpoints[2m > [22mshould execute code with context variables[32m 11[2mms[22m[39m
 [32mΓ£ô[39m tests/comprehensive-api.test.ts[2m > [22mAppraisal Management API - Comprehensive Tests[2m > [22mDynamic Code Execution Endpoints[2m > [22mshould handle code execution errors gracefully[32m 13[2mms[22m[39m
[90mstdout[2m | tests/comprehensive-api.test.ts[2m > [22m[2mAppraisal Management API - Comprehensive Tests[2m > [22m[2mQC Validation Endpoints[2m > [22m[2mshould validate order QC
[22m[39m2026-03-11T03:59:59.823Z INFO [App] Incoming request {"correlationId":"01dbfd39-75a2-40b9-80b5-2003824e99c1","method":"POST","url":"/api/qc/validate/123e4567-e89b-12d3-a456-426614174000","ip":"::ffff:127.0.0.1"}

::ffff:127.0.0.1 - - [11/Mar/2026:03:59:59 +0000] "POST /api/orders/1773201599464-4lx4f4xxk/assign HTTP/1.1" 200 - "-" "-"
[90mstdout[2m | tests/integration/comprehensive-api.test.ts[2m > [22m[2mComprehensive Production API Integration Tests[2m > [22m[2mEnd-to-End Workflow Integration[2m > [22m[2mshould complete full appraisal workflow across all systems
[22m[39mΓ£à Vendor assignment attempted (status: 200)
Step 4: Performing property analysis...

[90mstdout[2m | tests/integration/comprehensive-api.test.ts[2m > [22m[2mComprehensive Production API Integration Tests[2m > [22m[2mEnd-to-End Workflow Integration[2m > [22m[2mshould complete full appraisal workflow across all systems
[22m[39m2026-03-11T03:59:59.840Z INFO [App] Incoming request {"correlationId":"e1851412-d2db-4d34-97c9-bf399f1adc14","method":"POST","url":"/api/property-intelligence/analyze/comprehensive","ip":"::ffff:127.0.0.1"}

[90mstdout[2m | tests/integration/comprehensive-api.test.ts[2m > [22m[2mComprehensive Production API Integration Tests[2m > [22m[2mEnd-to-End Workflow Integration[2m > [22m[2mshould complete full appraisal workflow across all systems
[22m[39m2026-03-11T03:59:59.842Z INFO [App] Starting comprehensive property analysis {"coordinates":{"latitude":37.4224764,"longitude":-122.0842499},"propertyId":"1773201599464-4lx4f4xxk","strategy":"quality_first"}

[90mstdout[2m | tests/integration/comprehensive-api.test.ts[2m > [22m[2mComprehensive Production API Integration Tests[2m > [22m[2mEnd-to-End Workflow Integration[2m > [22m[2mshould complete full appraisal workflow across all systems
[22m[39m2026-03-11T03:59:59.843Z INFO [App] Request completed {"correlationId":"e1851412-d2db-4d34-97c9-bf399f1adc14","method":"POST","url":"/api/property-intelligence/analyze/comprehensive","statusCode":200,"duration":"3ms"}
2026-03-11T03:59:59.843Z INFO [App] Request completed {"correlationId":"e1851412-d2db-4d34-97c9-bf399f1adc14","method":"POST","url":"/api/property-intelligence/analyze/comprehensive","statusCode":200,"duration":"3ms"}

::ffff:127.0.0.1 - - [11/Mar/2026:03:59:59 +0000] "POST /api/property-intelligence/analyze/comprehensive HTTP/1.1" 200 - "-" "-"
[90mstdout[2m | tests/integration/comprehensive-api.test.ts[2m > [22m[2mComprehensive Production API Integration Tests[2m > [22m[2mEnd-to-End Workflow Integration[2m > [22m[2mshould complete full appraisal workflow across all systems
[22m[39mΓ£à Property analysis reachable (status: 200)
Step 5: Completing order...

[90mstdout[2m | tests/integration/comprehensive-api.test.ts[2m > [22m[2mComprehensive Production API Integration Tests[2m > [22m[2mEnd-to-End Workflow Integration[2m > [22m[2mshould complete full appraisal workflow across all systems
[22m[39m2026-03-11T03:59:59.850Z INFO [App] Incoming request {"correlationId":"176f78a7-fe8e-4497-b6a4-81d978b2632c","method":"PUT","url":"/api/orders/1773201599464-4lx4f4xxk/status","ip":"::ffff:127.0.0.1"}

[90mstdout[2m | tests/comprehensive-api.test.ts[2m > [22m[2mAppraisal Management API - Comprehensive Tests[2m > [22m[2mQC Validation Endpoints[2m > [22m[2mshould validate order QC
[22m[39m2026-03-11T03:59:59.884Z INFO [App] Request completed {"correlationId":"01dbfd39-75a2-40b9-80b5-2003824e99c1","method":"POST","url":"/api/qc/validate/123e4567-e89b-12d3-a456-426614174000","statusCode":404,"duration":"61ms"}
2026-03-11T03:59:59.884Z INFO [App] Request completed {"correlationId":"01dbfd39-75a2-40b9-80b5-2003824e99c1","method":"POST","url":"/api/qc/validate/123e4567-e89b-12d3-a456-426614174000","statusCode":404,"duration":"61ms"}

::ffff:127.0.0.1 - - [11/Mar/2026:03:59:59 +0000] "POST /api/qc/validate/123e4567-e89b-12d3-a456-426614174000 HTTP/1.1" 404 52 "-" "-"
[90mstderr[2m | tests/comprehensive-api.test.ts[2m > [22m[2mAppraisal 
Management API - Comprehensive Tests[2m > [22m[2mQC Validation 
Endpoints[2m > [22m[2mshould validate order QC
[22m[39m2026-03-11T03:59:59.885Z WARN [App] Request completed with error {"co
rrelationId":"01dbfd39-75a2-40b9-80b5-2003824e99c1","method":"POST","url":"/api
/qc/validate/123e4567-e89b-12d3-a456-426614174000","statusCode":404,"duration":
"62ms"}

[90mstdout[2m | tests/comprehensive-api.test.ts[2m > [22m[2mAppraisal Management API - Comprehensive Tests[2m > [22m[2mQC Validation Endpoints[2m > [22m[2mshould get QC metrics
[22m[39m2026-03-11T03:59:59.891Z INFO [App] Incoming request {"correlationId":"c3fc3522-7c7c-4849-aff3-ee0b1b342532","method":"GET","url":"/api/qc/metrics","ip":"::ffff:127.0.0.1"}

[90mstdout[2m | tests/integration/comprehensive-api.test.ts[2m > [22m[2mComprehensive Production API Integration Tests[2m > [22m[2mEnd-to-End Workflow Integration[2m > [22m[2mshould complete full appraisal workflow across all systems
[22m[39m2026-03-11T03:59:59.898Z INFO [App] Request completed {"correlationId":"176f78a7-fe8e-4497-b6a4-81d978b2632c","method":"PUT","url":"/api/orders/1773201599464-4lx4f4xxk/status","statusCode":422,"duration":"48ms"}
2026-03-11T03:59:59.899Z INFO [App] Request completed {"correlationId":"176f78a7-fe8e-4497-b6a4-81d978b2632c","method":"PUT","url":"/api/orders/1773201599464-4lx4f4xxk/status","statusCode":422,"duration":"49ms"}

::ffff:127.0.0.1 - - [11/Mar/2026:03:59:59 +0000] "PUT /api/orders/1773201599464-4lx4f4xxk/status HTTP/1.1" 422 148 "-" "-"
[90mstderr[2m | tests/integration/comprehensive-api.test.ts[2m > 
[22m[2mComprehensive Production API Integration Tests[2m > 
[22m[2mEnd-to-End Workflow Integration[2m > [22m[2mshould complete full 
appraisal workflow across all systems
[22m[39m2026-03-11T03:59:59.899Z WARN [App] Request completed with error {"co
rrelationId":"176f78a7-fe8e-4497-b6a4-81d978b2632c","method":"PUT","url":"/api/
orders/1773201599464-4lx4f4xxk/status","statusCode":422,"duration":"49ms"}

[90mstdout[2m | tests/integration/comprehensive-api.test.ts[2m > [22m[2mComprehensive Production API Integration Tests[2m > [22m[2mEnd-to-End Workflow Integration[2m > [22m[2mshould complete full appraisal workflow across all systems
[22m[39mΓ£à Completion attempted (status: 422)
Step 6: Verifying workflow completion...

[90mstdout[2m | tests/integration/comprehensive-api.test.ts[2m > [22m[2mComprehensive Production API Integration Tests[2m > [22m[2mEnd-to-End Workflow Integration[2m > [22m[2mshould complete full appraisal workflow across all systems
[22m[39m2026-03-11T03:59:59.905Z INFO [App] Incoming request {"correlationId":"b0b31462-a275-49ff-b72a-f3c779627ac2","method":"GET","url":"/api/orders/1773201599464-4lx4f4xxk","ip":"::ffff:127.0.0.1"}

 [32mΓ£ô[39m tests/comprehensive-api.test.ts[2m > [22mAppraisal Management API - Comprehensive Tests[2m > [22mDynamic Code Execution Endpoints[2m > [22mshould respect timeout limits[32m 120[2mms[22m[39m
 [32mΓ£ô[39m tests/comprehensive-api.test.ts[2m > [22mAppraisal Management API - Comprehensive Tests[2m > [22mQC Validation Endpoints[2m > [22mshould validate order QC[32m 69[2mms[22m[39m
[90mstdout[2m | tests/integration/comprehensive-api.test.ts[2m > [22m[2mComprehensive Production API Integration Tests[2m > [22m[2mEnd-to-End Workflow Integration[2m > [22m[2mshould complete full appraisal workflow across all systems
[22m[39m2026-03-11T03:59:59.954Z INFO [App] Request completed {"correlationId":"b0b31462-a275-49ff-b72a-f3c779627ac2","method":"GET","url":"/api/orders/1773201599464-4lx4f4xxk","statusCode":200,"duration":"49ms"}
2026-03-11T03:59:59.954Z INFO [App] Request completed {"correlationId":"b0b31462-a275-49ff-b72a-f3c779627ac2","method":"GET","url":"/api/orders/1773201599464-4lx4f4xxk","statusCode":200,"duration":"49ms"}

::ffff:127.0.0.1 - - [11/Mar/2026:03:59:59 +0000] "GET /api/orders/1773201599464-4lx4f4xxk HTTP/1.1" 200 - "-" "-"
[90mstdout[2m | tests/integration/comprehensive-api.test.ts[2m > [22m[2mComprehensive Production API Integration Tests[2m > [22m[2mEnd-to-End Workflow Integration[2m > [22m[2mshould complete full appraisal workflow across all systems
[22m[39m2026-03-11T03:59:59.960Z INFO [App] Incoming request {"correlationId":"c527f7e1-7aa4-48c3-880d-f66cb665b41c","method":"DELETE","url":"/api/orders/1773201599464-4lx4f4xxk?clientId=e2e-1773201599456","ip":"::ffff:127.0.0.1"}

[90mstdout[2m | tests/integration/comprehensive-api.test.ts[2m > [22m[2mComprehensive Production API Integration Tests[2m > [22m[2mEnd-to-End Workflow Integration[2m > [22m[2mshould complete full appraisal workflow across all systems
[22m[39m2026-03-11T03:59:59.962Z INFO [App] Request completed {"correlationId":"c527f7e1-7aa4-48c3-880d-f66cb665b41c","method":"DELETE","url":"/api/orders/1773201599464-4lx4f4xxk?clientId=e2e-1773201599456","statusCode":404,"duration":"2ms"}
2026-03-11T03:59:59.962Z INFO [App] Request completed {"correlationId":"c527f7e1-7aa4-48c3-880d-f66cb665b41c","method":"DELETE","url":"/api/orders/1773201599464-4lx4f4xxk?clientId=e2e-1773201599456","statusCode":404,"duration":"2ms"}

::ffff:127.0.0.1 - - [11/Mar/2026:03:59:59 +0000] "DELETE /api/orders/1773201599464-4lx4f4xxk?clientId=e2e-1773201599456 HTTP/1.1" 404 130 "-" "-"
[90mstderr[2m | tests/integration/comprehensive-api.test.ts[2m > 
[22m[2mComprehensive Production API Integration Tests[2m > 
[22m[2mEnd-to-End Workflow Integration[2m > [22m[2mshould complete full 
appraisal workflow across all systems
[22m[39m2026-03-11T03:59:59.963Z WARN [App] Request completed with error {"co
rrelationId":"c527f7e1-7aa4-48c3-880d-f66cb665b41c","method":"DELETE","url":"/a
pi/orders/1773201599464-4lx4f4xxk?clientId=e2e-1773201599456","statusCode":404,
"duration":"3ms"}

[90mstdout[2m | tests/integration/comprehensive-api.test.ts[2m > [22m[2mComprehensive Production API Integration Tests[2m > [22m[2mEnd-to-End Workflow Integration[2m > [22m[2mshould complete full appraisal workflow across all systems
[22m[39m2026-03-11T03:59:59.967Z INFO [App] Incoming request {"correlationId":"11ae1a52-3973-4096-9352-00d07995210b","method":"DELETE","url":"/api/vendors/1773201599529-b042sisyv","ip":"::ffff:127.0.0.1"}

[90mstdout[2m | tests/integration/comprehensive-api.test.ts[2m > [22m[2mComprehensive Production API Integration Tests[2m > [22m[2mEnd-to-End Workflow Integration[2m > [22m[2mshould complete full appraisal workflow across all systems
[22m[39m

=== FIND VENDOR BY ID ===
Looking for vendor ID: 1773201599529-b042sisyv
Container: initialized
Query: {
  "query": "SELECT * FROM c WHERE c.id = @id",
  "parameters": [
    {
      "name": "@id",
      "value": "1773201599529-b042sisyv"
    }
  ]
}

[90mstdout[2m | tests/integration/comprehensive-api.test.ts[2m > [22m[2mComprehensive Production API Integration Tests[2m > [22m[2mEnd-to-End Workflow Integration[2m > [22m[2mshould complete full appraisal workflow across all systems
[22m[39mQuery returned resources count: [33m1[39m
Found vendor: 1773201599529-b042sisyv E2E Workflow Appraisals 1773201599521
Vendor has certifications: [33mfalse[39m length: [90mundefined[39m
Vendor has paymentHistory: [33mfalse[39m length: [90mundefined[39m
=== END FIND VENDOR ===



[90mstdout[2m | tests/integration/comprehensive-api.test.ts[2m > [22m[2mComprehensive Production API Integration Tests[2m > [22m[2mEnd-to-End Workflow Integration[2m > [22m[2mshould complete full appraisal workflow across all systems
[22m[39m2026-03-11T04:00:00.109Z INFO [App] Request completed {"correlationId":"11ae1a52-3973-4096-9352-00d07995210b","method":"DELETE","url":"/api/vendors/1773201599529-b042sisyv","statusCode":200,"duration":"142ms"}
2026-03-11T04:00:00.109Z INFO [App] Request completed {"correlationId":"11ae1a52-3973-4096-9352-00d07995210b","method":"DELETE","url":"/api/vendors/1773201599529-b042sisyv","statusCode":200,"duration":"142ms"}

::ffff:127.0.0.1 - - [11/Mar/2026:04:00:00 +0000] "DELETE /api/vendors/1773201599529-b042sisyv HTTP/1.1" 200 60 "-" "-"
[90mstdout[2m | tests/integration/comprehensive-api.test.ts[2m > [22m[2mComprehensive Production API Integration Tests[2m > [22m[2mEnd-to-End Workflow Integration[2m > [22m[2mshould complete full appraisal workflow across all systems
[22m[39m≡ƒÄë End-to-End Workflow Test COMPLETED SUCCESSFULLY!
Γ£à All systems integrated and working correctly


[90mstdout[2m | tests/integration/comprehensive-api.test.ts[2m > [22m[2mComprehensive Production API Integration Tests
[22m[39m≡ƒº╣ Cleaning up test response.body...

[90mstdout[2m | tests/integration/comprehensive-api.test.ts[2m > [22m[2mComprehensive Production API Integration Tests
[22m[39m2026-03-11T04:00:00.115Z INFO [App] Incoming request {"correlationId":"8db2746c-4b8f-47fa-b0d8-9c9d54cbe147","method":"DELETE","url":"/api/orders/1773201581676-ua8k2nngr?clientId=test-client-1773201575693","ip":"::ffff:127.0.0.1"}

[90mstdout[2m | tests/integration/comprehensive-api.test.ts[2m > [22m[2mComprehensive Production API Integration Tests
[22m[39m2026-03-11T04:00:00.118Z INFO [App] Request completed {"correlationId":"8db2746c-4b8f-47fa-b0d8-9c9d54cbe147","method":"DELETE","url":"/api/orders/1773201581676-ua8k2nngr?clientId=test-client-1773201575693","statusCode":404,"duration":"3ms"}
2026-03-11T04:00:00.118Z INFO [App] Request completed {"correlationId":"8db2746c-4b8f-47fa-b0d8-9c9d54cbe147","method":"DELETE","url":"/api/orders/1773201581676-ua8k2nngr?clientId=test-client-1773201575693","statusCode":404,"duration":"3ms"}

::ffff:127.0.0.1 - - [11/Mar/2026:04:00:00 +0000] "DELETE /api/orders/1773201581676-ua8k2nngr?clientId=test-client-1773201575693 HTTP/1.1" 404 138 "-" "-"
[90mstderr[2m | tests/integration/comprehensive-api.test.ts[2m > 
[22m[2mComprehensive Production API Integration Tests
[22m[39m2026-03-11T04:00:00.118Z WARN [App] Request completed with error {"co
rrelationId":"8db2746c-4b8f-47fa-b0d8-9c9d54cbe147","method":"DELETE","url":"/a
pi/orders/1773201581676-ua8k2nngr?clientId=test-client-1773201575693","statusCo
de":404,"duration":"3ms"}

[90mstdout[2m | tests/integration/comprehensive-api.test.ts[2m > [22m[2mComprehensive Production API Integration Tests
[22m[39mΓ£à Test order cleaned up

[90mstdout[2m | tests/integration/comprehensive-api.test.ts[2m > [22m[2mComprehensive Production API Integration Tests
[22m[39m2026-03-11T04:00:00.125Z INFO [App] Incoming request {"correlationId":"f4bced63-3d99-43ee-b4ca-8e5add25e303","method":"DELETE","url":"/api/vendors/1773201582234-1tz872fp2","ip":"::ffff:127.0.0.1"}

[90mstdout[2m | tests/integration/comprehensive-api.test.ts[2m > [22m[2mComprehensive Production API Integration Tests
[22m[39m

=== FIND VENDOR BY ID ===
Looking for vendor ID: 1773201582234-1tz872fp2
Container: initialized
Query: {
  "query": "SELECT * FROM c WHERE c.id = @id",
  "parameters": [
    {
      "name": "@id",
      "value": "1773201582234-1tz872fp2"
    }
  ]
}

[90mstdout[2m | tests/comprehensive-api.test.ts[2m > [22m[2mAppraisal Management API - Comprehensive Tests[2m > [22m[2mQC Validation Endpoints[2m > [22m[2mshould get QC metrics
[22m[39m2026-03-11T04:00:00.168Z INFO [App] Request completed {"correlationId":"c3fc3522-7c7c-4849-aff3-ee0b1b342532","method":"GET","url":"/api/qc/metrics","statusCode":200,"duration":"277ms"}
2026-03-11T04:00:00.168Z INFO [App] Request completed {"correlationId":"c3fc3522-7c7c-4849-aff3-ee0b1b342532","method":"GET","url":"/api/qc/metrics","statusCode":200,"duration":"277ms"}

::ffff:127.0.0.1 - - [11/Mar/2026:04:00:00 +0000] "GET /api/qc/metrics HTTP/1.1" 200 189 "-" "-"
[90mstdout[2m | tests/integration/comprehensive-api.test.ts[2m > [22m[2mComprehensive Production API Integration Tests
[22m[39mQuery returned resources count: [33m1[39m
Found vendor: 1773201582234-1tz872fp2 Comprehensive Test Appraisals 1773201582221
Vendor has certifications: [33mtrue[39m length: [33m1[39m
Vendor has paymentHistory: [33mfalse[39m length: [90mundefined[39m
=== END FIND VENDOR ===



[90mstdout[2m | tests/comprehensive-api.test.ts[2m > [22m[2mAppraisal Management API - Comprehensive Tests[2m > [22m[2mVendor Management Endpoints[2m > [22m[2mshould get vendors list
[22m[39m2026-03-11T04:00:00.174Z INFO [App] Incoming request {"correlationId":"0d765f4a-d3ce-4575-bac2-2682fe555cc3","method":"GET","url":"/api/vendors","ip":"::ffff:127.0.0.1"}

 [32mΓ£ô[39m tests/integration/comprehensive-api.test.ts[2m > [22mComprehensive Production API Integration Tests[2m > [22mEnd-to-End Workflow Integration[2m > [22mshould complete full appraisal workflow across all systems[33m 656[2mms[22m[39m
[90mstdout[2m | tests/integration/comprehensive-api.test.ts[2m > [22m[2mComprehensive Production API Integration Tests
[22m[39m2026-03-11T04:00:00.229Z INFO [App] Request completed {"correlationId":"f4bced63-3d99-43ee-b4ca-8e5add25e303","method":"DELETE","url":"/api/vendors/1773201582234-1tz872fp2","statusCode":200,"duration":"104ms"}
2026-03-11T04:00:00.229Z INFO [App] Request completed {"correlationId":"f4bced63-3d99-43ee-b4ca-8e5add25e303","method":"DELETE","url":"/api/vendors/1773201582234-1tz872fp2","statusCode":200,"duration":"104ms"}

::ffff:127.0.0.1 - - [11/Mar/2026:04:00:00 +0000] "DELETE /api/vendors/1773201582234-1tz872fp2 HTTP/1.1" 200 60 "-" "-"
[90mstdout[2m | tests/integration/comprehensive-api.test.ts[2m > [22m[2mComprehensive Production API Integration Tests
[22m[39mΓ£à Test vendor cleaned up
≡ƒÅü Comprehensive test suite completed

[90mstdout[2m | tests/integration/comprehensive-api.test.ts
[22m[39m≡ƒº╣ Cleaning up test environment...
Γ£à Test cleanup complete

 [32mΓ£ô[39m tests/comprehensive-api.test.ts[2m > [22mAppraisal Management API - Comprehensive Tests[2m > [22mQC Validation Endpoints[2m > [22mshould get QC metrics[32m 283[2mms[22m[39m
[90mstdout[2m | tests/comprehensive-api.test.ts[2m > [22m[2mAppraisal Management API - Comprehensive Tests[2m > [22m[2mVendor Management Endpoints[2m > [22m[2mshould get vendors list
[22m[39m2026-03-11T04:00:04.138Z INFO [App] Request completed {"correlationId":"0d765f4a-d3ce-4575-bac2-2682fe555cc3","method":"GET","url":"/api/vendors","statusCode":200,"duration":"3964ms"}
2026-03-11T04:00:04.147Z INFO [App] Request completed {"correlationId":"0d765f4a-d3ce-4575-bac2-2682fe555cc3","method":"GET","url":"/api/vendors","statusCode":200,"duration":"3973ms"}

::ffff:127.0.0.1 - - [11/Mar/2026:04:00:04 +0000] "GET /api/vendors HTTP/1.1" 200 - "-" "-"
[90mstdout[2m | tests/comprehensive-api.test.ts[2m > [22m[2mAppraisal Management API - Comprehensive Tests[2m > [22m[2mVendor Management Endpoints[2m > [22m[2mshould create a new vendor
[22m[39m2026-03-11T04:00:04.198Z INFO [App] Incoming request {"correlationId":"971e3e72-3823-4a2a-b0af-a0aab9d199d9","method":"POST","url":"/api/vendors","ip":"::ffff:127.0.0.1"}

[90mstdout[2m | tests/comprehensive-api.test.ts[2m > [22m[2mAppraisal Management API - Comprehensive Tests[2m > [22m[2mVendor Management Endpoints[2m > [22m[2mshould create a new vendor
[22m[39m2026-03-11T04:00:04.224Z INFO [App] Request completed {"correlationId":"971e3e72-3823-4a2a-b0af-a0aab9d199d9","method":"POST","url":"/api/vendors","statusCode":400,"duration":"26ms"}
2026-03-11T04:00:04.224Z INFO [App] Request completed {"correlationId":"971e3e72-3823-4a2a-b0af-a0aab9d199d9","method":"POST","url":"/api/vendors","statusCode":400,"duration":"26ms"}

::ffff:127.0.0.1 - - [11/Mar/2026:04:00:04 +0000] "POST /api/vendors HTTP/1.1" 400 175 "-" "-"
[90mstderr[2m | tests/comprehensive-api.test.ts[2m > [22m[2mAppraisal 
Management API - Comprehensive Tests[2m > [22m[2mVendor Management 
Endpoints[2m > [22m[2mshould create a new vendor
[22m[39m2026-03-11T04:00:04.226Z WARN [App] Request completed with error {"co
rrelationId":"971e3e72-3823-4a2a-b0af-a0aab9d199d9","method":"POST","url":"/api
/vendors","statusCode":400,"duration":"28ms"}

[90mstdout[2m | tests/comprehensive-api.test.ts[2m > [22m[2mAppraisal Management API - Comprehensive Tests[2m > [22m[2mAnalytics Endpoints[2m > [22m[2mshould get analytics overview
[22m[39m2026-03-11T04:00:04.237Z INFO [App] Incoming request {"correlationId":"84af30ad-949a-4cb1-a4e7-4ccb935ba616","method":"GET","url":"/api/analytics/overview","ip":"::ffff:127.0.0.1"}

 [32mΓ£ô[39m tests/comprehensive-api.test.ts[2m > [22mAppraisal Management API - Comprehensive Tests[2m > [22mVendor Management Endpoints[2m > [22mshould get vendors list[33m 4020[2mms[22m[39m
 [32mΓ£ô[39m tests/comprehensive-api.test.ts[2m > [22mAppraisal Management API - Comprehensive Tests[2m > [22mVendor Management Endpoints[2m > [22mshould create a new vendor[32m 39[2mms[22m[39m
[90mstderr[2m | tests/comprehensive-api.test.ts[2m > [22m[2mAppraisal 
Management API - Comprehensive Tests[2m > [22m[2mAnalytics Endpoints[2m > 
[22m[2mshould get analytics overview
[22m[39m2026-03-11T04:00:04.397Z ERROR [App] Failed to get analytics 
overview 
{"error":{"code":400,"substatus":0,"body":{"code":"BadRequest","message":"One 
of the input values is invalid.\r\nActivityId: 
5b4d664a-94dc-4c36-81ec-5d4f21651159, Windows/10.0.20348 
cosmos-netstandard-sdk/3.18.0"},"headers":{"date":"Wed, 11 Mar 2026 04:00:02 GM
T","transfer-encoding":"chunked","content-type":"application/json","x-ms-activi
ty-id":"5b4d664a-94dc-4c36-81ec-5d4f21651159","server":"Compute","x-ms-gatewayv
ersion":"2.0.0","x-ms-substatus":"0","x-ms-cosmos-correlated-activityid":"25182
fdb-578d-44e0-8a39-cfc9123950db","x-ms-throttle-retry-count":0,"x-ms-throttle-r
etry-wait-time-ms":0},"activityId":"5b4d664a-94dc-4c36-81ec-5d4f21651159","diag
nostics":{"clientSideRequestStatistics":{"requestStartTimeUTCInMs":177320160424
2,"requestDurationInMs":155,"totalRequestPayloadLengthInBytes":338,"totalRespon
sePayloadLengthInBytes":560,"locationEndpointsContacted":["https://appraisal-mg
mt-staging-cosmos-eastus.documents.azure.com:443/"],"metadataDiagnostics":{"met
adataLookups":[{"activityId":"68438b98-4c96-41c7-b03e-f539157d08fe","requestPay
loadLengthInBytes":169,"responsePayloadLengthInBytes":389,"startTimeUTCInMs":17
73201604243,"operationType":"read","resourceType":"docs","durationInMs":46,"met
aDataType":"QUERY_PLAN_LOOK_UP"}]},"retryDiagnostics":{"failedAttempts":[]},"ga
tewayStatistics":[{"activityId":"5b4d664a-94dc-4c36-81ec-5d4f21651159","correla
teActivityId":"25182fdb-578d-44e0-8a39-cfc9123950db","startTimeUTCInMs":1773201
604245,"durationInMs":151,"statusCode":400,"subStatusCode":0,"requestPayloadLen
gthInBytes":169,"responsePayloadLengthInBytes":171,"operationType":"query","res
ourceType":"docs"}]}}}}

[90mstdout[2m | tests/comprehensive-api.test.ts[2m > [22m[2mAppraisal Management API - Comprehensive Tests[2m > [22m[2mAnalytics Endpoints[2m > [22m[2mshould get analytics overview
[22m[39m2026-03-11T04:00:04.398Z INFO [App] Request completed {"correlationId":"84af30ad-949a-4cb1-a4e7-4ccb935ba616","method":"GET","url":"/api/analytics/overview","statusCode":200,"duration":"161ms"}
2026-03-11T04:00:04.398Z INFO [App] Request completed {"correlationId":"84af30ad-949a-4cb1-a4e7-4ccb935ba616","method":"GET","url":"/api/analytics/overview","statusCode":200,"duration":"161ms"}

::ffff:127.0.0.1 - - [11/Mar/2026:04:00:04 +0000] "GET /api/analytics/overview HTTP/1.1" 200 585 "-" "-"
[90mstdout[2m | tests/comprehensive-api.test.ts[2m > [22m[2mAppraisal Management API - Comprehensive Tests[2m > [22m[2mAnalytics Endpoints[2m > [22m[2mshould get performance analytics
[22m[39m2026-03-11T04:00:04.415Z INFO [App] Incoming request {"correlationId":"9e887233-0de0-47be-9c57-861fed85c7ae","method":"GET","url":"/api/analytics/performance?groupBy=day","ip":"::ffff:127.0.0.1"}

[90mstderr[2m | tests/comprehensive-api.test.ts[2m > [22m[2mAppraisal 
Management API - Comprehensive Tests[2m > [22m[2mAnalytics Endpoints[2m > 
[22m[2mshould get performance analytics
[22m[39m2026-03-11T04:00:04.452Z ERROR [App] Failed to get performance 
analytics 
{"error":{"code":400,"substatus":0,"body":{"code":"BadRequest","message":"One 
of the input values is invalid.\r\nActivityId: 
9d80658c-29f0-4e66-b575-703f6449b314, Windows/10.0.20348 
cosmos-netstandard-sdk/3.18.0"},"headers":{"date":"Wed, 11 Mar 2026 04:00:02 GM
T","transfer-encoding":"chunked","content-type":"application/json","x-ms-activi
ty-id":"9d80658c-29f0-4e66-b575-703f6449b314","server":"Compute","x-ms-gatewayv
ersion":"2.0.0","x-ms-substatus":"0","x-ms-cosmos-correlated-activityid":"ed3ae
613-6176-4e65-8609-74e9383cf81e","x-ms-throttle-retry-count":0,"x-ms-throttle-r
etry-wait-time-ms":0},"activityId":"9d80658c-29f0-4e66-b575-703f6449b314","diag
nostics":{"clientSideRequestStatistics":{"requestStartTimeUTCInMs":177320160442
2,"requestDurationInMs":29,"totalRequestPayloadLengthInBytes":255,"totalRespons
ePayloadLengthInBytes":171,"locationEndpointsContacted":["https://appraisal-mgm
t-staging-cosmos-eastus.documents.azure.com:443/"],"metadataDiagnostics":{"meta
dataLookups":[]},"retryDiagnostics":{"failedAttempts":[]},"gatewayStatistics":[
{"activityId":"9d80658c-29f0-4e66-b575-703f6449b314","correlateActivityId":"ed3
ae613-6176-4e65-8609-74e9383cf81e","startTimeUTCInMs":1773201604424,"durationIn
Ms":27,"statusCode":400,"subStatusCode":0,"requestPayloadLengthInBytes":255,"re
sponsePayloadLengthInBytes":171,"operationType":"query","resourceType":"docs"}]
}}}}

[90mstdout[2m | tests/comprehensive-api.test.ts[2m > [22m[2mAppraisal Management API - Comprehensive Tests[2m > [22m[2mAnalytics Endpoints[2m > [22m[2mshould get performance analytics
[22m[39m2026-03-11T04:00:04.452Z INFO [App] Request completed {"correlationId":"9e887233-0de0-47be-9c57-861fed85c7ae","method":"GET","url":"/api/analytics/performance?groupBy=day","statusCode":500,"duration":"37ms"}
2026-03-11T04:00:04.452Z INFO [App] Request completed {"correlationId":"9e887233-0de0-47be-9c57-861fed85c7ae","method":"GET","url":"/api/analytics/performance?groupBy=day","statusCode":500,"duration":"37ms"}

::ffff:127.0.0.1 - - [11/Mar/2026:04:00:04 +0000] "GET /api/analytics/performance?groupBy=day HTTP/1.1" 500 332 "-" "-"
[90mstderr[2m | tests/comprehensive-api.test.ts[2m > [22m[2mAppraisal 
Management API - Comprehensive Tests[2m > [22m[2mAnalytics Endpoints[2m > 
[22m[2mshould get performance analytics
[22m[39m2026-03-11T04:00:04.454Z WARN [App] Request completed with error {"co
rrelationId":"9e887233-0de0-47be-9c57-861fed85c7ae","method":"GET","url":"/api/
analytics/performance?groupBy=day","statusCode":500,"duration":"39ms"}

[90mstdout[2m | tests/comprehensive-api.test.ts[2m > [22m[2mAppraisal Management API - Comprehensive Tests[2m > [22m[2mHealth Check Endpoints[2m > [22m[2mshould return healthy status
[22m[39m2026-03-11T04:00:04.467Z INFO [App] Incoming request {"correlationId":"78492e08-1c24-4dfa-b534-1160dfda2c9e","method":"GET","url":"/health","ip":"::ffff:127.0.0.1"}

 [32mΓ£ô[39m tests/comprehensive-api.test.ts[2m > [22mAppraisal Management API - Comprehensive Tests[2m > [22mAnalytics Endpoints[2m > [22mshould get analytics overview[32m 174[2mms[22m[39m
 [32mΓ£ô[39m tests/comprehensive-api.test.ts[2m > [22mAppraisal Management API - Comprehensive Tests[2m > [22mAnalytics Endpoints[2m > [22mshould get performance analytics[32m 54[2mms[22m[39m
[90mstdout[2m | tests/comprehensive-api.test.ts[2m > [22m[2mAppraisal Management API - Comprehensive Tests[2m > [22m[2mHealth Check Endpoints[2m > [22m[2mshould return healthy status
[22m[39m2026-03-11T04:00:04.519Z INFO [App] Request completed {"correlationId":"78492e08-1c24-4dfa-b534-1160dfda2c9e","method":"GET","url":"/health","statusCode":200,"duration":"53ms"}
2026-03-11T04:00:04.519Z INFO [App] Request completed {"correlationId":"78492e08-1c24-4dfa-b534-1160dfda2c9e","method":"GET","url":"/health","statusCode":200,"duration":"53ms"}

::ffff:127.0.0.1 - - [11/Mar/2026:04:00:04 +0000] "GET /health HTTP/1.1" 200 249 "-" "-"
[90mstdout[2m | tests/comprehensive-api.test.ts[2m > [22m[2mAppraisal Management API - Comprehensive Tests[2m > [22m[2mError Handling[2m > [22m[2mshould return 401 for missing authentication
[22m[39m2026-03-11T04:00:04.531Z INFO [App] Incoming request {"correlationId":"63be8d8c-1eb8-4d51-9c4a-c2b236a259b8","method":"GET","url":"/api/orders","ip":"::ffff:127.0.0.1"}

[90mstdout[2m | tests/comprehensive-api.test.ts[2m > [22m[2mAppraisal Management API - Comprehensive Tests[2m > [22m[2mError Handling[2m > [22m[2mshould return 401 for missing authentication
[22m[39m2026-03-11T04:00:04.532Z INFO [App] Request completed {"correlationId":"63be8d8c-1eb8-4d51-9c4a-c2b236a259b8","method":"GET","url":"/api/orders","statusCode":401,"duration":"1ms"}
2026-03-11T04:00:04.533Z INFO [App] Request completed {"correlationId":"63be8d8c-1eb8-4d51-9c4a-c2b236a259b8","method":"GET","url":"/api/orders","statusCode":401,"duration":"2ms"}

::ffff:127.0.0.1 - - [11/Mar/2026:04:00:04 +0000] "GET /api/orders HTTP/1.1" 401 58 "-" "-"
[90mstderr[2m | tests/comprehensive-api.test.ts[2m > [22m[2mAppraisal 
Management API - Comprehensive Tests[2m > [22m[2mError Handling[2m > 
[22m[2mshould return 401 for missing authentication
[22m[39m2026-03-11T04:00:04.534Z WARN [App] Request completed with error {"co
rrelationId":"63be8d8c-1eb8-4d51-9c4a-c2b236a259b8","method":"GET","url":"/api/
orders","statusCode":401,"duration":"3ms"}

[90mstdout[2m | tests/comprehensive-api.test.ts[2m > [22m[2mAppraisal Management API - Comprehensive Tests[2m > [22m[2mError Handling[2m > [22m[2mshould return 400 for invalid request data
[22m[39m2026-03-11T04:00:04.558Z INFO [App] Incoming request {"correlationId":"99b0a917-27b5-4456-a9b8-2d0735708d48","method":"POST","url":"/api/orders","ip":"::ffff:127.0.0.1"}

[90mstdout[2m | tests/comprehensive-api.test.ts[2m > [22m[2mAppraisal Management API - Comprehensive Tests[2m > [22m[2mError Handling[2m > [22m[2mshould return 400 for invalid request data
[22m[39m2026-03-11T04:00:04.566Z INFO [App] Request completed {"correlationId":"99b0a917-27b5-4456-a9b8-2d0735708d48","method":"POST","url":"/api/orders","statusCode":400,"duration":"8ms"}
2026-03-11T04:00:04.567Z INFO [App] Request completed {"correlationId":"99b0a917-27b5-4456-a9b8-2d0735708d48","method":"POST","url":"/api/orders","statusCode":400,"duration":"9ms"}

::ffff:127.0.0.1 - - [11/Mar/2026:04:00:04 +0000] "POST /api/orders HTTP/1.1" 400 - "-" "-"
[90mstderr[2m | tests/comprehensive-api.test.ts[2m > [22m[2mAppraisal 
Management API - Comprehensive Tests[2m > [22m[2mError Handling[2m > 
[22m[2mshould return 400 for invalid request data
[22m[39m2026-03-11T04:00:04.571Z WARN [App] Request completed with error {"co
rrelationId":"99b0a917-27b5-4456-a9b8-2d0735708d48","method":"POST","url":"/api
/orders","statusCode":400,"duration":"13ms"}

[90mstdout[2m | tests/comprehensive-api.test.ts[2m > [22m[2mAppraisal Management API - Comprehensive Tests[2m > [22m[2mError Handling[2m > [22m[2mshould return 404 for non-existent endpoints
[22m[39m2026-03-11T04:00:04.583Z INFO [App] Incoming request {"correlationId":"7b2226d4-4192-4ad5-899a-6b2dedf158b2","method":"GET","url":"/api/nonexistent","ip":"::ffff:127.0.0.1"}

[90mstdout[2m | tests/comprehensive-api.test.ts[2m > [22m[2mAppraisal Management API - Comprehensive Tests[2m > [22m[2mError Handling[2m > [22m[2mshould return 404 for non-existent endpoints
[22m[39m2026-03-11T04:00:04.587Z INFO [App] Request completed {"correlationId":"7b2226d4-4192-4ad5-899a-6b2dedf158b2","method":"GET","url":"/api/nonexistent","statusCode":404,"duration":"4ms"}
2026-03-11T04:00:04.588Z INFO [App] Request completed {"correlationId":"7b2226d4-4192-4ad5-899a-6b2dedf158b2","method":"GET","url":"/api/nonexistent","statusCode":404,"duration":"5ms"}

::ffff:127.0.0.1 - - [11/Mar/2026:04:00:04 +0000] "GET /api/nonexistent HTTP/1.1" 404 84 "-" "-"
[90mstderr[2m | tests/comprehensive-api.test.ts[2m > [22m[2mAppraisal 
Management API - Comprehensive Tests[2m > [22m[2mError Handling[2m > 
[22m[2mshould return 404 for non-existent endpoints
[22m[39m2026-03-11T04:00:04.589Z WARN [App] Request completed with error {"co
rrelationId":"7b2226d4-4192-4ad5-899a-6b2dedf158b2","method":"GET","url":"/api/
nonexistent","statusCode":404,"duration":"6ms"}

[90mstdout[2m | tests/comprehensive-api.test.ts
[22m[39m≡ƒº╣ Cleaning up test environment...
Γ£à Test cleanup complete

 [32mΓ£ô[39m tests/comprehensive-api.test.ts[2m > [22mAppraisal Management API - Comprehensive Tests[2m > [22mHealth Check Endpoints[2m > [22mshould return healthy status[32m 65[2mms[22m[39m
 [32mΓ£ô[39m tests/comprehensive-api.test.ts[2m > [22mAppraisal Management API - Comprehensive Tests[2m > [22mError Handling[2m > [22mshould return 401 for missing authentication[32m 14[2mms[22m[39m
 [32mΓ£ô[39m tests/comprehensive-api.test.ts[2m > [22mAppraisal Management API - Comprehensive Tests[2m > [22mError Handling[2m > [22mshould return 400 for invalid request data[32m 39[2mms[22m[39m
 [32mΓ£ô[39m tests/comprehensive-api.test.ts[2m > [22mAppraisal Management API - Comprehensive Tests[2m > [22mError Handling[2m > [22mshould return 404 for non-existent endpoints[32m 15[2mms[22m[39m

[31mΓÄ»ΓÄ»ΓÄ»ΓÄ»ΓÄ»ΓÄ»[39m[1m[41m Failed Tests 30 
[49m[22m[31mΓÄ»ΓÄ»ΓÄ»ΓÄ»ΓÄ»ΓÄ»ΓÄ»[39m

[41m[1m FAIL [22m[49m tests/comprehensive-api.test.ts[2m > [22mAppraisal 
Management API - Comprehensive Tests[2m > [22mOrder Management Endpoints[2m 
> [22mshould create a new order
[31m[1mAssertionError[22m: expected 400 to be 201 // Object.is equality[39m

[32m- Expected[39m
[31m+ Received[39m

[32m- 201[39m
[31m+ 400[39m

[36m [2mΓ¥»[22m tests/comprehensive-api.test.ts:[2m75:31[22m[39m
    [90m 73| [39m        })[33m;[39m
    [90m 74| [39m
    [90m 75| [39m      [34mexpect[39m(response[33m.[39mstatus)[33m.[39m
[34mtoBe[39m([34m201[39m)[33m;[39m
    [90m   | [39m                              [31m^[39m
    [90m 76| [39m      [34mexpect[39m(response[33m.[39mbody)[33m.[39m[
34mtoHaveProperty[39m([32m'id'[39m)[33m;[39m
    [90m 77| [39m      orderId [33m=[39m 
response[33m.[39mbody[33m.[39mid[33m;[39m

[31m[2mΓÄ»ΓÄ»ΓÄ»ΓÄ»ΓÄ»ΓÄ»ΓÄ»ΓÄ»ΓÄ»ΓÄ»ΓÄ»ΓÄ»ΓÄ»ΓÄ»ΓÄ»ΓÄ»ΓÄ»ΓÄ»ΓÄ»ΓÄ»ΓÄ»ΓÄ»ΓÄ»[
1/30]ΓÄ»[22m[39m

[41m[1m FAIL [22m[49m tests/qc-api-integration.test.ts[2m > [22mQC API 
Endpoints Integration Tests[2m > [22mQC Checklist Management[2m > [22mGET 
/api/qc/checklists[2m > [22mshould return empty results for non-existent 
category
[31m[1mAssertionError[22m: expected [ { ΓÇª(18) } ] to have a length of +0 
but got 1[39m

[32m- Expected[39m
[31m+ Received[39m

[32m- 0[39m
[31m+ 1[39m

[36m [2mΓ¥»[22m tests/qc-api-integration.test.ts:[2m151:47[22m[39m
    [90m149| [39m          
[33m.[39m[34mexpect[39m([34m200[39m)[33m;[39m
    [90m150| [39m
    [90m151| [39m        [34mexpect[39m(response[33m.[39mbody[33m.[39md
ata[33m.[39mchecklists)[33m.[39m[34mtoHaveLength[39m([34m0[39m)[33m;[
39m
    [90m   | [39m                                              [31m^[39m
    [90m152| [39m      })[33m;[39m
    [90m153| [39m    })[33m;[39m

[31m[2mΓÄ»ΓÄ»ΓÄ»ΓÄ»ΓÄ»ΓÄ»ΓÄ»ΓÄ»ΓÄ»ΓÄ»ΓÄ»ΓÄ»ΓÄ»ΓÄ»ΓÄ»ΓÄ»ΓÄ»ΓÄ»ΓÄ»ΓÄ»ΓÄ»ΓÄ»ΓÄ»[
2/30]ΓÄ»[22m[39m

[41m[1m FAIL [22m[49m tests/qc-api-integration.test.ts[2m > [22mQC API 
Endpoints Integration Tests[2m > [22mQC Checklist Management[2m > [22mPUT 
/api/qc/checklists/:checklistId[2m > [22mshould update checklist successfully
[31m[1mError[22m: expected 200 "OK", got 500 "Internal Server Error"[39m
[36m [2mΓ¥»[22m tests/qc-api-integration.test.ts:[2m195:12[22m[39m
    [90m193| [39m          
[33m.[39m[35mset[39m([32m'Authorization'[39m[33m,[39m [32m`Bearer 
[39m[36m${[39mauthToken[36m}[39m[32m`[39m)
    [90m194| [39m          [33m.[39m[34msend[39m(updateData)
    [90m195| [39m          
[33m.[39m[34mexpect[39m([34m200[39m)[33m;[39m
    [90m   | [39m           [31m^[39m
    [90m196| [39m
    [90m197| [39m        [34mexpect[39m(response[33m.[39mbody[33m.[39ms
uccess)[33m.[39m[34mtoBe[39m([35mtrue[39m)[33m;[39m
[90m [2mΓ¥»[22m Test._assertStatus node_modules/.pnpm/supertest@6.3.4/node_m
odules/supertest/lib/test.js:[2m252:14[22m[39m
[90m [2mΓ¥»[22m node_modules/.pnpm/supertest@6.3.4/node_modules/supertest/li
b/test.js:[2m308:13[22m[39m
[90m [2mΓ¥»[22m Test._assertFunction node_modules/.pnpm/supertest@6.3.4/node
_modules/supertest/lib/test.js:[2m285:13[22m[39m
[90m [2mΓ¥»[22m Test.assert node_modules/.pnpm/supertest@6.3.4/node_modules/
supertest/lib/test.js:[2m164:23[22m[39m
[90m [2mΓ¥»[22m Server.localAssert node_modules/.pnpm/supertest@6.3.4/node_m
odules/supertest/lib/test.js:[2m120:14[22m[39m

[31m[2mΓÄ»ΓÄ»ΓÄ»ΓÄ»ΓÄ»ΓÄ»ΓÄ»ΓÄ»ΓÄ»ΓÄ»ΓÄ»ΓÄ»ΓÄ»ΓÄ»ΓÄ»ΓÄ»ΓÄ»ΓÄ»ΓÄ»ΓÄ»ΓÄ»ΓÄ»ΓÄ»[
3/30]ΓÄ»[22m[39m

[41m[1m FAIL [22m[49m tests/qc-api-integration.test.ts[2m > [22mQC API 
Endpoints Integration Tests[2m > [22mAuthentication and Authorization[2m > 
[22mshould enforce role-based permissions
[31m[1mAssertionError[22m: expected [ 400, 403 ] to include 200[39m
[36m [2mΓ¥»[22m tests/qc-api-integration.test.ts:[2m495:10[22m[39m
    [90m493| [39m        
[33m.[39m[35mset[39m([32m'Authorization'[39m[33m,[39m [32m`Bearer 
[39m[36m${[39mappraiserToken[36m}[39m[32m`[39m)
    [90m494| [39m        .send({ checklistId: testChecklistId, targetId: 
'test-doc', doΓÇª
    [90m495| [39m        [33m.[39m[34mexpect[39m(res [33m=>[39m {
    [90m   | [39m         [31m^[39m
    [90m496| [39m          [34mexpect[39m([[34m400[39m[33m,[39m 
[34m403[39m])[33m.[39m[34mtoContain[39m(res[33m.[39mstatus)[33m;[39m
    [90m497| [39m        })[33m;[39m
[90m [2mΓ¥»[22m tests/qc-api-integration.test.ts:[2m496:30[22m[39m
[90m [2mΓ¥»[22m node_modules/.pnpm/supertest@6.3.4/node_modules/supertest/li
b/test.js:[2m308:13[22m[39m
[90m [2mΓ¥»[22m Test._assertFunction node_modules/.pnpm/supertest@6.3.4/node
_modules/supertest/lib/test.js:[2m285:13[22m[39m
[90m [2mΓ¥»[22m Test.assert node_modules/.pnpm/supertest@6.3.4/node_modules/
supertest/lib/test.js:[2m164:23[22m[39m
[90m [2mΓ¥»[22m Server.localAssert node_modules/.pnpm/supertest@6.3.4/node_m
odules/supertest/lib/test.js:[2m120:14[22m[39m

[31m[2mΓÄ»ΓÄ»ΓÄ»ΓÄ»ΓÄ»ΓÄ»ΓÄ»ΓÄ»ΓÄ»ΓÄ»ΓÄ»ΓÄ»ΓÄ»ΓÄ»ΓÄ»ΓÄ»ΓÄ»ΓÄ»ΓÄ»ΓÄ»ΓÄ»ΓÄ»ΓÄ»[
4/30]ΓÄ»[22m[39m

[41m[1m FAIL [22m[49m tests/integration/database-real.test.ts[2m > 
[22mCosmos DB Real Integration Tests[2m > [22mDatabase Connection & 
Health[2m > [22mshould pass health check with valid latency
[31m[1mAssertionError[22m: expected 7397 to be less than 5000[39m
[36m [2mΓ¥»[22m tests/integration/database-real.test.ts:[2m68:30[22m[39m
    [90m 66| [39m      [34mexpect[39m([35mtypeof[39m 
health[33m.[39mlatency)[33m.[39m[34mtoBe[39m([32m'number'[39m)
    [90m 67| [39m      [34mexpect[39m(health[33m.[39mlatency)[33m.[39m
[34mtoBeGreaterThan[39m([34m0[39m)
    [90m 68| [39m      expect(health.latency).toBeLessThan(5000) // Should 
be under 5 sΓÇª
    [90m   | [39m                             [31m^[39m
    [90m 69| [39m      
    [90m 70| [39m      console.log(`≡ƒÆÜ Health check passed - Latency: 
${health.latency}ΓÇª

[31m[2mΓÄ»ΓÄ»ΓÄ»ΓÄ»ΓÄ»ΓÄ»ΓÄ»ΓÄ»ΓÄ»ΓÄ»ΓÄ»ΓÄ»ΓÄ»ΓÄ»ΓÄ»ΓÄ»ΓÄ»ΓÄ»ΓÄ»ΓÄ»ΓÄ»ΓÄ»ΓÄ»[
5/30]ΓÄ»[22m[39m

[41m[1m FAIL [22m[49m tests/integration/external-services.test.ts[2m > 
[22mExternal Services Integration Tests[2m > [22mFEMA Flood Risk 
Integration[2m > [22mshould integrate with FEMA flood zone data via risk 
assessment
[31m[1mAssertionError[22m: expected 401 to be 200 // Object.is equality[39m

[32m- Expected[39m
[31m+ Received[39m

[32m- 200[39m
[31m+ 401[39m

[36m [2mΓ¥»[22m 
tests/integration/external-services.test.ts:[2m46:31[22m[39m
    [90m 44| [39m        [33m.[39m[34msend[39m(riskData)[33m;[39m
    [90m 45| [39m
    [90m 46| [39m      [34mexpect[39m(response[33m.[39mstatus)[33m.[39m
[34mtoBe[39m([34m200[39m)[33m;[39m
    [90m   | [39m                              [31m^[39m
    [90m 47| [39m      
    [90m 48| [39m      [35mconst[39m result [33m=[39m [35mawait[39m 
response[33m.[39m[34mjson[39m()[33m;[39m

[31m[2mΓÄ»ΓÄ»ΓÄ»ΓÄ»ΓÄ»ΓÄ»ΓÄ»ΓÄ»ΓÄ»ΓÄ»ΓÄ»ΓÄ»ΓÄ»ΓÄ»ΓÄ»ΓÄ»ΓÄ»ΓÄ»ΓÄ»ΓÄ»ΓÄ»ΓÄ»ΓÄ»[
6/30]ΓÄ»[22m[39m

[41m[1m FAIL [22m[49m tests/integration/external-services.test.ts[2m > 
[22mExternal Services Integration Tests[2m > [22mFEMA Flood Risk 
Integration[2m > [22mshould provide flood insurance requirement assessment
[31m[1mAssertionError[22m: expected 401 to be 200 // Object.is equality[39m

[32m- Expected[39m
[31m+ Received[39m

[32m- 200[39m
[31m+ 401[39m

[36m [2mΓ¥»[22m 
tests/integration/external-services.test.ts:[2m72:31[22m[39m
    [90m 70| [39m        [33m.[39m[34msend[39m(analysisData)[33m;[39m
    [90m 71| [39m
    [90m 72| [39m      [34mexpect[39m(response[33m.[39mstatus)[33m.[39m
[34mtoBe[39m([34m200[39m)[33m;[39m
    [90m   | [39m                              [31m^[39m
    [90m 73| [39m      
    [90m 74| [39m      [35mconst[39m result [33m=[39m [35mawait[39m 
response[33m.[39m[34mjson[39m()[33m;[39m

[31m[2mΓÄ»ΓÄ»ΓÄ»ΓÄ»ΓÄ»ΓÄ»ΓÄ»ΓÄ»ΓÄ»ΓÄ»ΓÄ»ΓÄ»ΓÄ»ΓÄ»ΓÄ»ΓÄ»ΓÄ»ΓÄ»ΓÄ»ΓÄ»ΓÄ»ΓÄ»ΓÄ»[
7/30]ΓÄ»[22m[39m

[41m[1m FAIL [22m[49m tests/integration/external-services.test.ts[2m > 
[22mExternal Services Integration Tests[2m > [22mGoogle Places API 
Integration[2m > [22mshould search nearby places using Google Places API
[31m[1mAssertionError[22m: expected 404 to be 200 // Object.is equality[39m

[32m- Expected[39m
[31m+ Received[39m

[32m- 200[39m
[31m+ 404[39m

[36m [2mΓ¥»[22m 
tests/integration/external-services.test.ts:[2m94:31[22m[39m
    [90m 92| [39m        [33m.[39m[34msend[39m(placesData)[33m;[39m
    [90m 93| [39m
    [90m 94| [39m      [34mexpect[39m(response[33m.[39mstatus)[33m.[39m
[34mtoBe[39m([34m200[39m)[33m;[39m
    [90m   | [39m                              [31m^[39m
    [90m 95| [39m      
    [90m 96| [39m      [35mconst[39m result [33m=[39m [35mawait[39m 
response[33m.[39m[34mjson[39m()[33m;[39m

[31m[2mΓÄ»ΓÄ»ΓÄ»ΓÄ»ΓÄ»ΓÄ»ΓÄ»ΓÄ»ΓÄ»ΓÄ»ΓÄ»ΓÄ»ΓÄ»ΓÄ»ΓÄ»ΓÄ»ΓÄ»ΓÄ»ΓÄ»ΓÄ»ΓÄ»ΓÄ»ΓÄ»[
8/30]ΓÄ»[22m[39m

[41m[1m FAIL [22m[49m tests/integration/external-services.test.ts[2m > 
[22mExternal Services Integration Tests[2m > [22mGoogle Places API 
Integration[2m > [22mshould find specific establishment types (Starbucks 
test)
[31m[1mAssertionError[22m: expected 404 to be 200 // Object.is equality[39m

[32m- Expected[39m
[31m+ Received[39m

[32m- 200[39m
[31m+ 404[39m

[36m [2mΓ¥»[22m 
tests/integration/external-services.test.ts:[2m126:31[22m[39m
    [90m124| [39m        [33m.[39m[34msend[39m(starbucksData)[33m;[39m
    [90m125| [39m
    [90m126| [39m      [34mexpect[39m(response[33m.[39mstatus)[33m.[39m
[34mtoBe[39m([34m200[39m)[33m;[39m
    [90m   | [39m                              [31m^[39m
    [90m127| [39m      
    [90m128| [39m      [35mconst[39m result [33m=[39m [35mawait[39m 
response[33m.[39m[34mjson[39m()[33m;[39m

[31m[2mΓÄ»ΓÄ»ΓÄ»ΓÄ»ΓÄ»ΓÄ»ΓÄ»ΓÄ»ΓÄ»ΓÄ»ΓÄ»ΓÄ»ΓÄ»ΓÄ»ΓÄ»ΓÄ»ΓÄ»ΓÄ»ΓÄ»ΓÄ»ΓÄ»ΓÄ»ΓÄ»[
9/30]ΓÄ»[22m[39m

[41m[1m FAIL [22m[49m tests/integration/external-services.test.ts[2m > 
[22mExternal Services Integration Tests[2m > [22mGoogle Places API 
Integration[2m > [22mshould provide detailed place information
[31m[1mAssertionError[22m: expected 404 to be 200 // Object.is equality[39m

[32m- Expected[39m
[31m+ Received[39m

[32m- 200[39m
[31m+ 404[39m

[36m [2mΓ¥»[22m 
tests/integration/external-services.test.ts:[2m147:31[22m[39m
    [90m145| [39m        [33m.[39m[34msend[39m(placesData)[33m;[39m
    [90m146| [39m
    [90m147| [39m      [34mexpect[39m(response[33m.[39mstatus)[33m.[39m
[34mtoBe[39m([34m200[39m)[33m;[39m
    [90m   | [39m                              [31m^[39m
    [90m148| [39m      
    [90m149| [39m      [35mconst[39m result [33m=[39m [35mawait[39m 
response[33m.[39m[34mjson[39m()[33m;[39m

[31m[2mΓÄ»ΓÄ»ΓÄ»ΓÄ»ΓÄ»ΓÄ»ΓÄ»ΓÄ»ΓÄ»ΓÄ»ΓÄ»ΓÄ»ΓÄ»ΓÄ»ΓÄ»ΓÄ»ΓÄ»ΓÄ»ΓÄ»ΓÄ»ΓÄ»ΓÄ»[10/
30]ΓÄ»[22m[39m

[41m[1m FAIL [22m[49m tests/integration/external-services.test.ts[2m > 
[22mExternal Services Integration Tests[2m > [22mUS Census Bureau 
Integration[2m > [22mshould retrieve demographic data from Census Bureau
[31m[1mAssertionError[22m: expected 404 to be 200 // Object.is equality[39m

[32m- Expected[39m
[31m+ Received[39m

[32m- 200[39m
[31m+ 404[39m

[36m [2mΓ¥»[22m 
tests/integration/external-services.test.ts:[2m168:31[22m[39m
    [90m166| [39m        [33m.[39m[34msend[39m(censusData)[33m;[39m
    [90m167| [39m
    [90m168| [39m      [34mexpect[39m(response[33m.[39mstatus)[33m.[39m
[34mtoBe[39m([34m200[39m)[33m;[39m
    [90m   | [39m                              [31m^[39m
    [90m169| [39m      
    [90m170| [39m      [35mconst[39m result [33m=[39m [35mawait[39m 
response[33m.[39m[34mjson[39m()[33m;[39m

[31m[2mΓÄ»ΓÄ»ΓÄ»ΓÄ»ΓÄ»ΓÄ»ΓÄ»ΓÄ»ΓÄ»ΓÄ»ΓÄ»ΓÄ»ΓÄ»ΓÄ»ΓÄ»ΓÄ»ΓÄ»ΓÄ»ΓÄ»ΓÄ»ΓÄ»ΓÄ»[11/
30]ΓÄ»[22m[39m

[41m[1m FAIL [22m[49m tests/integration/external-services.test.ts[2m > 
[22mExternal Services Integration Tests[2m > [22mUS Census Bureau 
Integration[2m > [22mshould retrieve economic data from Census Bureau
[31m[1mAssertionError[22m: expected 404 to be 200 // Object.is equality[39m

[32m- Expected[39m
[31m+ Received[39m

[32m- 200[39m
[31m+ 404[39m

[36m [2mΓ¥»[22m 
tests/integration/external-services.test.ts:[2m200:31[22m[39m
    [90m198| [39m        [33m.[39m[34msend[39m(economicData)[33m;[39m
    [90m199| [39m
    [90m200| [39m      [34mexpect[39m(response[33m.[39mstatus)[33m.[39m
[34mtoBe[39m([34m200[39m)[33m;[39m
    [90m   | [39m                              [31m^[39m
    [90m201| [39m      
    [90m202| [39m      [35mconst[39m result [33m=[39m [35mawait[39m 
response[33m.[39m[34mjson[39m()[33m;[39m

[31m[2mΓÄ»ΓÄ»ΓÄ»ΓÄ»ΓÄ»ΓÄ»ΓÄ»ΓÄ»ΓÄ»ΓÄ»ΓÄ»ΓÄ»ΓÄ»ΓÄ»ΓÄ»ΓÄ»ΓÄ»ΓÄ»ΓÄ»ΓÄ»ΓÄ»ΓÄ»[12/
30]ΓÄ»[22m[39m

[41m[1m FAIL [22m[49m tests/integration/external-services.test.ts[2m > 
[22mExternal Services Integration Tests[2m > [22mUS Census Bureau 
Integration[2m > [22mshould retrieve housing data from Census Bureau
[31m[1mAssertionError[22m: expected 404 to be 200 // Object.is equality[39m

[32m- Expected[39m
[31m+ Received[39m

[32m- 200[39m
[31m+ 404[39m

[36m [2mΓ¥»[22m 
tests/integration/external-services.test.ts:[2m229:31[22m[39m
    [90m227| [39m        [33m.[39m[34msend[39m(housingData)[33m;[39m
    [90m228| [39m
    [90m229| [39m      [34mexpect[39m(response[33m.[39mstatus)[33m.[39m
[34mtoBe[39m([34m200[39m)[33m;[39m
    [90m   | [39m                              [31m^[39m
    [90m230| [39m      
    [90m231| [39m      [35mconst[39m result [33m=[39m [35mawait[39m 
response[33m.[39m[34mjson[39m()[33m;[39m

[31m[2mΓÄ»ΓÄ»ΓÄ»ΓÄ»ΓÄ»ΓÄ»ΓÄ»ΓÄ»ΓÄ»ΓÄ»ΓÄ»ΓÄ»ΓÄ»ΓÄ»ΓÄ»ΓÄ»ΓÄ»ΓÄ»ΓÄ»ΓÄ»ΓÄ»ΓÄ»[13/
30]ΓÄ»[22m[39m

[41m[1m FAIL [22m[49m tests/integration/external-services.test.ts[2m > 
[22mExternal Services Integration Tests[2m > [22mUS Census Bureau 
Integration[2m > [22mshould provide comprehensive census intelligence
[31m[1mAssertionError[22m: expected 404 to be 200 // Object.is equality[39m

[32m- Expected[39m
[31m+ Received[39m

[32m- 200[39m
[31m+ 404[39m

[36m [2mΓ¥»[22m 
tests/integration/external-services.test.ts:[2m260:31[22m[39m
    [90m258| [39m        
[33m.[39m[34msend[39m(comprehensiveData)[33m;[39m
    [90m259| [39m
    [90m260| [39m      [34mexpect[39m(response[33m.[39mstatus)[33m.[39m
[34mtoBe[39m([34m200[39m)[33m;[39m
    [90m   | [39m                              [31m^[39m
    [90m261| [39m      
    [90m262| [39m      [35mconst[39m result [33m=[39m [35mawait[39m 
response[33m.[39m[34mjson[39m()[33m;[39m

[31m[2mΓÄ»ΓÄ»ΓÄ»ΓÄ»ΓÄ»ΓÄ»ΓÄ»ΓÄ»ΓÄ»ΓÄ»ΓÄ»ΓÄ»ΓÄ»ΓÄ»ΓÄ»ΓÄ»ΓÄ»ΓÄ»ΓÄ»ΓÄ»ΓÄ»ΓÄ»[14/
30]ΓÄ»[22m[39m

[41m[1m FAIL [22m[49m tests/integration/external-services.test.ts[2m > 
[22mExternal Services Integration Tests[2m > [22mMulti-Provider Address 
Services[2m > [22mshould validate addresses using multiple providers
[31m[1mAssertionError[22m: expected 401 to be 200 // Object.is equality[39m

[32m- Expected[39m
[31m+ Received[39m

[32m- 200[39m
[31m+ 401[39m

[36m [2mΓ¥»[22m 
tests/integration/external-services.test.ts:[2m286:31[22m[39m
    [90m284| [39m        [33m.[39m[34msend[39m(addressData)[33m;[39m
    [90m285| [39m
    [90m286| [39m      [34mexpect[39m(response[33m.[39mstatus)[33m.[39m
[34mtoBe[39m([34m200[39m)[33m;[39m
    [90m   | [39m                              [31m^[39m
    [90m287| [39m      
    [90m288| [39m      [35mconst[39m result [33m=[39m [35mawait[39m 
response[33m.[39m[34mjson[39m()[33m;[39m

[31m[2mΓÄ»ΓÄ»ΓÄ»ΓÄ»ΓÄ»ΓÄ»ΓÄ»ΓÄ»ΓÄ»ΓÄ»ΓÄ»ΓÄ»ΓÄ»ΓÄ»ΓÄ»ΓÄ»ΓÄ»ΓÄ»ΓÄ»ΓÄ»ΓÄ»ΓÄ»[15/
30]ΓÄ»[22m[39m

[41m[1m FAIL [22m[49m tests/integration/external-services.test.ts[2m > 
[22mExternal Services Integration Tests[2m > [22mMulti-Provider Address 
Services[2m > [22mshould standardize addresses using SmartyStreets/USPS
[31m[1mAssertionError[22m: expected 404 to be 200 // Object.is equality[39m

[32m- Expected[39m
[31m+ Received[39m

[32m- 200[39m
[31m+ 404[39m

[36m [2mΓ¥»[22m 
tests/integration/external-services.test.ts:[2m311:31[22m[39m
    [90m309| [39m        [33m.[39m[34msend[39m(addressData)[33m;[39m
    [90m310| [39m
    [90m311| [39m      [34mexpect[39m(response[33m.[39mstatus)[33m.[39m
[34mtoBe[39m([34m200[39m)[33m;[39m
    [90m   | [39m                              [31m^[39m
    [90m312| [39m      
    [90m313| [39m      [35mconst[39m result [33m=[39m [35mawait[39m 
response[33m.[39m[34mjson[39m()[33m;[39m

[31m[2mΓÄ»ΓÄ»ΓÄ»ΓÄ»ΓÄ»ΓÄ»ΓÄ»ΓÄ»ΓÄ»ΓÄ»ΓÄ»ΓÄ»ΓÄ»ΓÄ»ΓÄ»ΓÄ»ΓÄ»ΓÄ»ΓÄ»ΓÄ»ΓÄ»ΓÄ»[16/
30]ΓÄ»[22m[39m

[41m[1m FAIL [22m[49m tests/integration/external-services.test.ts[2m > 
[22mExternal Services Integration Tests[2m > [22mMulti-Provider Address 
Services[2m > [22mshould extract detailed address components
[31m[1mAssertionError[22m: expected 404 to be 200 // Object.is equality[39m

[32m- Expected[39m
[31m+ Received[39m

[32m- 200[39m
[31m+ 404[39m

[36m [2mΓ¥»[22m 
tests/integration/external-services.test.ts:[2m334:31[22m[39m
    [90m332| [39m        [33m.[39m[34msend[39m(addressData)[33m;[39m
    [90m333| [39m
    [90m334| [39m      [34mexpect[39m(response[33m.[39mstatus)[33m.[39m
[34mtoBe[39m([34m200[39m)[33m;[39m
    [90m   | [39m                              [31m^[39m
    [90m335| [39m      
    [90m336| [39m      [35mconst[39m result [33m=[39m [35mawait[39m 
response[33m.[39m[34mjson[39m()[33m;[39m

[31m[2mΓÄ»ΓÄ»ΓÄ»ΓÄ»ΓÄ»ΓÄ»ΓÄ»ΓÄ»ΓÄ»ΓÄ»ΓÄ»ΓÄ»ΓÄ»ΓÄ»ΓÄ»ΓÄ»ΓÄ»ΓÄ»ΓÄ»ΓÄ»ΓÄ»ΓÄ»[17/
30]ΓÄ»[22m[39m

[41m[1m FAIL [22m[49m tests/integration/external-services.test.ts[2m > 
[22mExternal Services Integration Tests[2m > [22mGeospatial Risk Assessment 
Services[2m > [22mshould assess environmental hazards using multiple data 
sources
[31m[1mAssertionError[22m: expected 404 to be 200 // Object.is equality[39m

[32m- Expected[39m
[31m+ Received[39m

[32m- 200[39m
[31m+ 404[39m

[36m [2mΓ¥»[22m 
tests/integration/external-services.test.ts:[2m370:31[22m[39m
    [90m368| [39m        [33m.[39m[34msend[39m(riskData)[33m;[39m
    [90m369| [39m
    [90m370| [39m      [34mexpect[39m(response[33m.[39mstatus)[33m.[39m
[34mtoBe[39m([34m200[39m)[33m;[39m
    [90m   | [39m                              [31m^[39m
    [90m371| [39m      
    [90m372| [39m      [35mconst[39m result [33m=[39m [35mawait[39m 
response[33m.[39m[34mjson[39m()[33m;[39m

[31m[2mΓÄ»ΓÄ»ΓÄ»ΓÄ»ΓÄ»ΓÄ»ΓÄ»ΓÄ»ΓÄ»ΓÄ»ΓÄ»ΓÄ»ΓÄ»ΓÄ»ΓÄ»ΓÄ»ΓÄ»ΓÄ»ΓÄ»ΓÄ»ΓÄ»ΓÄ»[18/
30]ΓÄ»[22m[39m

[41m[1m FAIL [22m[49m tests/integration/external-services.test.ts[2m > 
[22mExternal Services Integration Tests[2m > [22mGeospatial Risk Assessment 
Services[2m > [22mshould provide detailed earthquake risk using USGS data
[31m[1mAssertionError[22m: expected 404 to be 200 // Object.is equality[39m

[32m- Expected[39m
[31m+ Received[39m

[32m- 200[39m
[31m+ 404[39m

[36m [2mΓ¥»[22m 
tests/integration/external-services.test.ts:[2m402:31[22m[39m
    [90m400| [39m        [33m.[39m[34msend[39m(earthquakeData)[33m;[39m
    [90m401| [39m
    [90m402| [39m      [34mexpect[39m(response[33m.[39mstatus)[33m.[39m
[34mtoBe[39m([34m200[39m)[33m;[39m
    [90m   | [39m                              [31m^[39m
    [90m403| [39m      
    [90m404| [39m      [35mconst[39m result [33m=[39m [35mawait[39m 
response[33m.[39m[34mjson[39m()[33m;[39m

[31m[2mΓÄ»ΓÄ»ΓÄ»ΓÄ»ΓÄ»ΓÄ»ΓÄ»ΓÄ»ΓÄ»ΓÄ»ΓÄ»ΓÄ»ΓÄ»ΓÄ»ΓÄ»ΓÄ»ΓÄ»ΓÄ»ΓÄ»ΓÄ»ΓÄ»ΓÄ»[19/
30]ΓÄ»[22m[39m

[41m[1m FAIL [22m[49m tests/integration/external-services.test.ts[2m > 
[22mExternal Services Integration Tests[2m > [22mProperty Intelligence 
Service Health[2m > [22mshould report external service connectivity status
[31m[1mTypeError[22m: response.json is not a function[39m
[36m [2mΓ¥»[22m 
tests/integration/external-services.test.ts:[2m417:37[22m[39m
    [90m415| [39m      [34mexpect[39m(response[33m.[39mstatus)[33m.[39m
[34mtoBe[39m([34m200[39m)[33m;[39m
    [90m416| [39m      
    [90m417| [39m      [35mconst[39m result [33m=[39m [35mawait[39m 
response[33m.[39m[34mjson[39m()[33m;[39m
    [90m   | [39m                                    [31m^[39m
    [90m418| [39m      [34mexpect[39m(response[33m.[39mbody[33m.[39msta
tus)[33m.[39m[34mtoBe[39m([32m'healthy'[39m)[33m;[39m
    [90m419| [39m      [34mexpect[39m(response[33m.[39mbody[33m.[39mser
vices)[33m.[39m[34mtoBeDefined[39m()[33m;[39m

[31m[2mΓÄ»ΓÄ»ΓÄ»ΓÄ»ΓÄ»ΓÄ»ΓÄ»ΓÄ»ΓÄ»ΓÄ»ΓÄ»ΓÄ»ΓÄ»ΓÄ»ΓÄ»ΓÄ»ΓÄ»ΓÄ»ΓÄ»ΓÄ»ΓÄ»ΓÄ»[20/
30]ΓÄ»[22m[39m

[41m[1m FAIL [22m[49m tests/integration/external-services.test.ts[2m > 
[22mExternal Services Integration Tests[2m > [22mCreative Property Features 
(External Data)[2m > [22mshould analyze coffee shop density using Google 
Places
[31m[1mAssertionError[22m: expected 404 to be 200 // Object.is equality[39m

[32m- Expected[39m
[31m+ Received[39m

[32m- 200[39m
[31m+ 404[39m

[36m [2mΓ¥»[22m 
tests/integration/external-services.test.ts:[2m462:31[22m[39m
    [90m460| [39m        [33m.[39m[34msend[39m(coffeeData)[33m;[39m
    [90m461| [39m
    [90m462| [39m      [34mexpect[39m(response[33m.[39mstatus)[33m.[39m
[34mtoBe[39m([34m200[39m)[33m;[39m
    [90m   | [39m                              [31m^[39m
    [90m463| [39m      
    [90m464| [39m      [35mconst[39m result [33m=[39m [35mawait[39m 
response[33m.[39m[34mjson[39m()[33m;[39m

[31m[2mΓÄ»ΓÄ»ΓÄ»ΓÄ»ΓÄ»ΓÄ»ΓÄ»ΓÄ»ΓÄ»ΓÄ»ΓÄ»ΓÄ»ΓÄ»ΓÄ»ΓÄ»ΓÄ»ΓÄ»ΓÄ»ΓÄ»ΓÄ»ΓÄ»ΓÄ»[21/
30]ΓÄ»[22m[39m

[41m[1m FAIL [22m[49m tests/integration/external-services.test.ts[2m > 
[22mExternal Services Integration Tests[2m > [22mCreative Property Features 
(External Data)[2m > [22mshould analyze walkability using external place data
[31m[1mAssertionError[22m: expected 404 to be 200 // Object.is equality[39m

[32m- Expected[39m
[31m+ Received[39m

[32m- 200[39m
[31m+ 404[39m

[36m [2mΓ¥»[22m 
tests/integration/external-services.test.ts:[2m490:31[22m[39m
    [90m488| [39m        
[33m.[39m[34msend[39m(walkabilityData)[33m;[39m
    [90m489| [39m
    [90m490| [39m      [34mexpect[39m(response[33m.[39mstatus)[33m.[39m
[34mtoBe[39m([34m200[39m)[33m;[39m
    [90m   | [39m                              [31m^[39m
    [90m491| [39m      
    [90m492| [39m      [35mconst[39m result [33m=[39m [35mawait[39m 
response[33m.[39m[34mjson[39m()[33m;[39m

[31m[2mΓÄ»ΓÄ»ΓÄ»ΓÄ»ΓÄ»ΓÄ»ΓÄ»ΓÄ»ΓÄ»ΓÄ»ΓÄ»ΓÄ»ΓÄ»ΓÄ»ΓÄ»ΓÄ»ΓÄ»ΓÄ»ΓÄ»ΓÄ»ΓÄ»ΓÄ»[22/
30]ΓÄ»[22m[39m

[41m[1m FAIL [22m[49m tests/integration/live-api.test.ts[2m > [22mLive 
Production API Integration Tests[2m > [22mOrder Management Integration[2m > 
[22mshould update the order and persist changes
[31m[1mAssertionError[22m: expected 400 to be 200 // Object.is equality[39m

[32m- Expected[39m
[31m+ Received[39m

[32m- 200[39m
[31m+ 400[39m

[36m [2mΓ¥»[22m tests/integration/live-api.test.ts:[2m133:31[22m[39m
    [90m131| [39m        [33m.[39m[34msend[39m(updateData)[33m;[39m
    [90m132| [39m
    [90m133| [39m      [34mexpect[39m(response[33m.[39mstatus)[33m.[39m
[34mtoBe[39m([34m200[39m)[33m;[39m
    [90m   | [39m                              [31m^[39m
    [90m134| [39m
    [90m135| [39m      [34mexpect[39m(response[33m.[39mbody[33m.[39msta
tus)[33m.[39m[34mtoBe[39m([33mOrderStatus[39m[33m.[39m[33mIN_PROGRESS
[39m)[33m;[39m

[31m[2mΓÄ»ΓÄ»ΓÄ»ΓÄ»ΓÄ»ΓÄ»ΓÄ»ΓÄ»ΓÄ»ΓÄ»ΓÄ»ΓÄ»ΓÄ»ΓÄ»ΓÄ»ΓÄ»ΓÄ»ΓÄ»ΓÄ»ΓÄ»ΓÄ»ΓÄ»[23/
30]ΓÄ»[22m[39m

[41m[1m FAIL [22m[49m tests/integration/live-api.test.ts[2m > [22mLive 
Production API Integration Tests[2m > [22mOrder Management Integration[2m > 
[22mshould list orders with filters from real database
[31m[1mAssertionError[22m: expected undefined to be defined[39m
[36m [2mΓ¥»[22m tests/integration/live-api.test.ts:[2m151:25[22m[39m
    [90m149| [39m      [90m// Our test order should be in the results[39m
    [90m150| [39m      const testOrder = response.body.orders.find((order: 
any) => ordeΓÇª
    [90m151| [39m      
[34mexpect[39m(testOrder)[33m.[39m[34mtoBeDefined[39m()[33m;[39m
    [90m   | [39m                        [31m^[39m
    [90m152| [39m      [34mexpect[39m(testOrder[33m.[39mstatus)[33m.[39
m[34mtoBe[39m([33mOrderStatus[39m[33m.[39m[33mIN_PROGRESS[39m)[33m;[3
9m
    [90m153| [39m

[31m[2mΓÄ»ΓÄ»ΓÄ»ΓÄ»ΓÄ»ΓÄ»ΓÄ»ΓÄ»ΓÄ»ΓÄ»ΓÄ»ΓÄ»ΓÄ»ΓÄ»ΓÄ»ΓÄ»ΓÄ»ΓÄ»ΓÄ»ΓÄ»ΓÄ»ΓÄ»[24/
30]ΓÄ»[22m[39m

[41m[1m FAIL [22m[49m tests/integration/live-api.test.ts[2m > [22mLive 
Production API Integration Tests[2m > [22mProperty Intelligence 
Integration[2m > [22mshould check property intelligence service health
[31m[1mAssertionError[22m: expected undefined to be 'healthy' // Object.is 
equality[39m

[32m- Expected:[39m 
"healthy"

[31m+ Received:[39m 
undefined

[36m [2mΓ¥»[22m tests/integration/live-api.test.ts:[2m223:36[22m[39m
    [90m221| [39m      [34mexpect[39m(response[33m.[39mstatus)[33m.[39m
[34mtoBe[39m([34m200[39m)[33m;[39m
    [90m222| [39m
    [90m223| [39m      [34mexpect[39m(response[33m.[39mbody[33m.[39msta
tus)[33m.[39m[34mtoBe[39m([32m'healthy'[39m)[33m;[39m
    [90m   | [39m                                   [31m^[39m
    [90m224| [39m      [34mexpect[39m(response[33m.[39mbody[33m.[39mser
vices)[33m.[39m[34mtoBeDefined[39m()[33m;[39m
    [90m225| [39m

[31m[2mΓÄ»ΓÄ»ΓÄ»ΓÄ»ΓÄ»ΓÄ»ΓÄ»ΓÄ»ΓÄ»ΓÄ»ΓÄ»ΓÄ»ΓÄ»ΓÄ»ΓÄ»ΓÄ»ΓÄ»ΓÄ»ΓÄ»ΓÄ»ΓÄ»ΓÄ»[25/
30]ΓÄ»[22m[39m

[41m[1m FAIL [22m[49m tests/integration/live-api.test.ts[2m > [22mLive 
Production API Integration Tests[2m > [22mProperty Intelligence 
Integration[2m > [22mshould geocode an address using property intelligence
[31m[1mAssertionError[22m: expected 401 to be 200 // Object.is equality[39m

[32m- Expected[39m
[31m+ Received[39m

[32m- 200[39m
[31m+ 401[39m

[36m [2mΓ¥»[22m tests/integration/live-api.test.ts:[2m239:31[22m[39m
    [90m237| [39m        [33m.[39m[34msend[39m(addressData)[33m;[39m
    [90m238| [39m
    [90m239| [39m      [34mexpect[39m(response[33m.[39mstatus)[33m.[39m
[34mtoBe[39m([34m200[39m)[33m;[39m
    [90m   | [39m                              [31m^[39m
    [90m240| [39m
    [90m241| [39m      [34mexpect[39m(response[33m.[39mbody[33m.[39msuc
cess)[33m.[39m[34mtoBe[39m([35mtrue[39m)[33m;[39m

[31m[2mΓÄ»ΓÄ»ΓÄ»ΓÄ»ΓÄ»ΓÄ»ΓÄ»ΓÄ»ΓÄ»ΓÄ»ΓÄ»ΓÄ»ΓÄ»ΓÄ»ΓÄ»ΓÄ»ΓÄ»ΓÄ»ΓÄ»ΓÄ»ΓÄ»ΓÄ»[26/
30]ΓÄ»[22m[39m

[41m[1m FAIL [22m[49m tests/integration/live-api.test.ts[2m > [22mLive 
Production API Integration Tests[2m > [22mProperty Intelligence 
Integration[2m > [22mshould perform comprehensive property analysis
[31m[1mAssertionError[22m: expected 401 to be 200 // Object.is equality[39m

[32m- Expected[39m
[31m+ Received[39m

[32m- 200[39m
[31m+ 401[39m

[36m [2mΓ¥»[22m tests/integration/live-api.test.ts:[2m258:31[22m[39m
    [90m256| [39m        [33m.[39m[34msend[39m(analysisData)[33m;[39m
    [90m257| [39m
    [90m258| [39m      [34mexpect[39m(response[33m.[39mstatus)[33m.[39m
[34mtoBe[39m([34m200[39m)[33m;[39m
    [90m   | [39m                              [31m^[39m
    [90m259| [39m
    [90m260| [39m      [34mexpect[39m(response[33m.[39mbody[33m.[39msuc
cess)[33m.[39m[34mtoBe[39m([35mtrue[39m)[33m;[39m

[31m[2mΓÄ»ΓÄ»ΓÄ»ΓÄ»ΓÄ»ΓÄ»ΓÄ»ΓÄ»ΓÄ»ΓÄ»ΓÄ»ΓÄ»ΓÄ»ΓÄ»ΓÄ»ΓÄ»ΓÄ»ΓÄ»ΓÄ»ΓÄ»ΓÄ»ΓÄ»[27/
30]ΓÄ»[22m[39m

[41m[1m FAIL [22m[49m tests/integration/live-api.test.ts[2m > [22mLive 
Production API Integration Tests[2m > [22mEnd-to-End Workflow 
Integration[2m > [22mshould complete full appraisal workflow with database 
persistence
[31m[1mAssertionError[22m: expected 400 to be 200 // Object.is equality[39m

[32m- Expected[39m
[31m+ Received[39m

[32m- 200[39m
[31m+ 400[39m

[36m [2mΓ¥»[22m tests/integration/live-api.test.ts:[2m289:37[22m[39m
    [90m287| [39m        [33m.[39m[34msend[39m(assignmentData)[33m;[39m
    [90m288| [39m
    [90m289| [39m      [34mexpect[39m(assignResponse[33m.[39mstatus)[33m
.[39m[34mtoBe[39m([34m200[39m)[33m;[39m
    [90m   | [39m                                    [31m^[39m
    [90m290| [39m      [34mexpect[39m(assignResponse[33m.[39mbody[33m.[
39massignedVendorId)[33m.[39m[34mtoBe[39m(testVendorId)[33m;[39m
    [90m291| [39m      [34mexpect[39m(assignResponse[33m.[39mbody[33m.[
39mstatus)[33m.[39m[34mtoBe[39m([33mOrderStatus[39m[33m.[39m[33mASSIGN
ED[39m)[33m;[39m

[31m[2mΓÄ»ΓÄ»ΓÄ»ΓÄ»ΓÄ»ΓÄ»ΓÄ»ΓÄ»ΓÄ»ΓÄ»ΓÄ»ΓÄ»ΓÄ»ΓÄ»ΓÄ»ΓÄ»ΓÄ»ΓÄ»ΓÄ»ΓÄ»ΓÄ»ΓÄ»[28/
30]ΓÄ»[22m[39m

[41m[1m FAIL [22m[49m tests/integration/manual-api.test.ts[2m > 
[22mProduction API Manual Tests[2m > [22mOrder Management Tests[2m > 
[22mshould update the order status
[31m[1mAssertionError[22m: expected 400 to be 200 // Object.is equality[39m

[32m- Expected[39m
[31m+ Received[39m

[32m- 200[39m
[31m+ 400[39m

[36m [2mΓ¥»[22m tests/integration/manual-api.test.ts:[2m160:31[22m[39m
    [90m158| [39m        [33m.[39m[34msend[39m(updateData)[33m;[39m
    [90m159| [39m
    [90m160| [39m      [34mexpect[39m(response[33m.[39mstatus)[33m.[39m
[34mtoBe[39m([34m200[39m)[33m;[39m
    [90m   | [39m                              [31m^[39m
    [90m161| [39m      [34mexpect[39m(response[33m.[39mbody[33m.[39msta
tus)[33m.[39m[34mtoBe[39m([33mOrderStatus[39m[33m.[39m[33mIN_PROGRESS
[39m)[33m;[39m
    [90m162| [39m

[31m[2mΓÄ»ΓÄ»ΓÄ»ΓÄ»ΓÄ»ΓÄ»ΓÄ»ΓÄ»ΓÄ»ΓÄ»ΓÄ»ΓÄ»ΓÄ»ΓÄ»ΓÄ»ΓÄ»ΓÄ»ΓÄ»ΓÄ»ΓÄ»ΓÄ»ΓÄ»[29/
30]ΓÄ»[22m[39m

[41m[1m FAIL [22m[49m tests/integration/production-api.test.ts[2m > 
[22mProduction API Integration Tests[2m > [22mProperty Intelligence 
Workflow[2m > [22mshould geocode an address
[31m[1mAssertionError[22m: expected undefined to be defined[39m
[36m [2mΓ¥»[22m 
tests/integration/production-api.test.ts:[2m333:56[22m[39m
    [90m331| [39m      [35mif[39m 
(response[33m.[39mbody[33m.[39mdata[33m.[39mlength [33m>[39m 
[34m0[39m) {
    [90m332| [39m        [34mexpect[39m(response[33m.[39mbody[33m.[39md
ata[[34m0[39m][33m.[39mcoordinates)[33m.[39m[34mtoBeDefined[39m()[33m;
[39m
    [90m333| [39m        [34mexpect[39m(response[33m.[39mbody[33m.[39md
ata[[34m0[39m][33m.[39mformattedAddress)[33m.[39m[34mtoBeDefined[39m()
[33m;[39m
    [90m   | [39m                                                       
[31m^[39m
    [90m334| [39m      }
    [90m335| [39m

[31m[2mΓÄ»ΓÄ»ΓÄ»ΓÄ»ΓÄ»ΓÄ»ΓÄ»ΓÄ»ΓÄ»ΓÄ»ΓÄ»ΓÄ»ΓÄ»ΓÄ»ΓÄ»ΓÄ»ΓÄ»ΓÄ»ΓÄ»ΓÄ»ΓÄ»ΓÄ»[30/
30]ΓÄ»[22m[39m


[2m Test Files [22m [1m[31m7 failed[39m[22m[2m | [22m[1m[32m19 passed[39m[22m[90m (26)[39m
[2m      Tests [22m [1m[31m30 failed[39m[22m[2m | [22m[1m[32m471 passed[39m[22m[2m | [22m[33m1 skipped[39m[90m (502)[39m
[2m   Start at [22m 23:59:09
[2m   Duration [22m 55.46s[2m (transform 16.40s, setup 4.66s, collect 359.59s, tests 221.97s, environment 18ms, prepare 19.30s)[22m

JSON report written to C:/source/appraisal-management-backend/coverage/test-results.json
[1m[7m[35m HTML [39m[27m[22m [35mReport is generated[39m
[2m       You can run [22m[1mnpx vite preview --outDir coverage[22m[2m to see the test results.[22m
